2026-10-07T06:37:16.7428308Z Current runner version: '2.337.0'
2026-10-07T06:37:16.7450483Z ##[group]Runner Image Provisioner
2026-10-07T06:37:16.7451294Z Hosted Compute Agent
2026-10-07T06:37:16.7451797Z Version: 20260901.588
2026-10-07T06:37:16.7452340Z Commit: f88ec8081b781fac6c440065ac7ff9e710ce3d0b
2026-10-07T06:37:16.7452998Z Build Date: 2026-09-01T19:56:44Z
2026-10-07T06:37:16.7453552Z Worker ID: {7f97a30a-5ec0-42f3-bb5f-396e73d37f7a}
2026-10-07T06:37:16.7454347Z Azure Region: westus3
2026-10-07T06:37:16.7454833Z ##[endgroup]
2026-10-07T06:37:16.7456050Z ##[group]Operating System
2026-10-07T06:37:16.7456621Z Ubuntu
2026-10-07T06:37:16.7457120Z 24.04.5
2026-10-07T06:37:16.7457557Z LTS
2026-10-07T06:37:16.7458046Z ##[endgroup]
2026-10-07T06:37:16.7458532Z ##[group]Runner Image
2026-10-07T06:37:16.7459073Z Image: ubuntu-24.04
2026-10-07T06:37:16.7459541Z Version: 20260927.320.1
2026-10-07T06:37:16.7460645Z Included Software: https://github.com/actions/runner-images/blob/ubuntu24/20260927.320/images/ubuntu/Ubuntu2404-Readme.md
2026-10-07T06:37:16.7461918Z Image Release: https://github.com/actions/runner-images/releases/tag/ubuntu24%2F20260927.320
2026-10-07T06:37:16.7463053Z ##[endgroup]
2026-10-07T06:37:16.7464189Z ##[group]GITHUB_TOKEN Permissions
2026-10-07T06:37:16.7466025Z Contents: read
2026-10-07T06:37:16.7466514Z Metadata: read
2026-10-07T06:37:16.7466967Z ##[endgroup]
2026-10-07T06:37:16.7468819Z Secret source: Actions
2026-10-07T06:37:16.7469607Z Cache mode: write
2026-10-07T06:37:16.7470275Z Prepare workflow directory
2026-10-07T06:37:16.7759940Z Prepare all required actions
2026-10-07T06:37:16.7811782Z Getting action download info
2026-10-07T06:37:17.0607147Z Download action repository 'actions/checkout@v4' (SHA:11d5960a326750d5838078e36cf38b85af677262)
2026-10-07T06:37:17.1669809Z Download action repository 'actions/setup-node@v4' (SHA:49933ea5288caeca8642d1e84afbd3f7d6820020)
2026-10-07T06:37:17.2704468Z Download action repository 'actions/upload-artifact@v4' (SHA:ea165f8d65b6e75b540449e92b4886f43607fa02)
2026-10-07T06:37:17.5539854Z Complete job name: browser
2026-10-07T06:37:17.6185503Z ##[group]Run actions/checkout@v4
2026-10-07T06:37:17.6186166Z with:
2026-10-07T06:37:17.6186515Z   repository: Hubujiu/arca-ui
2026-10-07T06:37:17.6189990Z   token: ***
2026-10-07T06:37:17.6190341Z   ssh-strict: true
2026-10-07T06:37:17.6190700Z   ssh-user: git
2026-10-07T06:37:17.6191052Z   persist-credentials: true
2026-10-07T06:37:17.6191440Z   clean: true
2026-10-07T06:37:17.6191794Z   sparse-checkout-cone-mode: true
2026-10-07T06:37:17.6192203Z   fetch-depth: 1
2026-10-07T06:37:17.6192550Z   fetch-tags: false
2026-10-07T06:37:17.6192902Z   show-progress: true
2026-10-07T06:37:17.6193257Z   lfs: false
2026-10-07T06:37:17.6193586Z   submodules: false
2026-10-07T06:37:17.6194060Z   set-safe-directory: true
2026-10-07T06:37:17.6194460Z   allow-unsafe-pr-checkout: false
2026-10-07T06:37:17.6195083Z ##[endgroup]
2026-10-07T06:37:17.7020644Z Syncing repository: Hubujiu/arca-ui
2026-10-07T06:37:17.7022756Z ##[group]Getting Git version info
2026-10-07T06:37:17.7023894Z Working directory is '/home/runner/work/arca-ui/arca-ui'
2026-10-07T06:37:17.7025118Z [command]/usr/bin/git version
2026-10-07T06:37:17.7666779Z git version 2.55.0
2026-10-07T06:37:17.7686655Z ##[endgroup]
2026-10-07T06:37:17.7704609Z Temporarily overriding HOME='/home/runner/work/_temp/d5a98698-eee8-49ea-9709-94d182101eb8' before making global git config changes
2026-10-07T06:37:17.7706772Z Adding repository directory to the temporary git global config as a safe directory
2026-10-07T06:37:17.7707968Z [command]/usr/bin/git config --global --add safe.directory /home/runner/work/arca-ui/arca-ui
2026-10-07T06:37:17.7760910Z Deleting the contents of '/home/runner/work/arca-ui/arca-ui'
2026-10-07T06:37:17.7764892Z ##[group]Initializing the repository
2026-10-07T06:37:17.7768798Z [command]/usr/bin/git init /home/runner/work/arca-ui/arca-ui
2026-10-07T06:37:17.8472970Z hint: Using 'master' as the name for the initial branch. This default branch name
2026-10-07T06:37:17.8474097Z hint: will change to "main" in Git 3.0. To configure the initial branch name
2026-10-07T06:37:17.8475226Z hint: to use in all of your new repositories, which will suppress this warning,
2026-10-07T06:37:17.8475809Z hint: call:
2026-10-07T06:37:17.8476134Z hint:
2026-10-07T06:37:17.8476565Z hint: 	git config --global init.defaultBranch <name>
2026-10-07T06:37:17.8477063Z hint:
2026-10-07T06:37:17.8477539Z hint: Names commonly chosen instead of 'master' are 'main', 'trunk' and
2026-10-07T06:37:17.8478268Z hint: 'development'. The just-created branch can be renamed via this command:
2026-10-07T06:37:17.8478841Z hint:
2026-10-07T06:37:17.8479172Z hint: 	git branch -m <name>
2026-10-07T06:37:17.8479542Z hint:
2026-10-07T06:37:17.8480036Z hint: Disable this message with "git config set advice.defaultBranchName false"
2026-10-07T06:37:17.8480785Z Initialized empty Git repository in /home/runner/work/arca-ui/arca-ui/.git/
2026-10-07T06:37:17.8492034Z [command]/usr/bin/git remote add origin https://github.com/Hubujiu/arca-ui
2026-10-07T06:37:17.8542945Z ##[endgroup]
2026-10-07T06:37:17.8544098Z ##[group]Disabling automatic garbage collection
2026-10-07T06:37:17.8547434Z [command]/usr/bin/git config --local gc.auto 0
2026-10-07T06:37:17.8580464Z ##[endgroup]
2026-10-07T06:37:17.8581394Z ##[group]Setting up auth
2026-10-07T06:37:17.8586985Z [command]/usr/bin/git config --local --name-only --get-regexp core\.sshCommand
2026-10-07T06:37:17.8618602Z [command]/usr/bin/git submodule foreach --recursive sh -c "git config --local --name-only --get-regexp 'core\.sshCommand' && git config --local --unset-all 'core.sshCommand' || :"
2026-10-07T06:37:17.8935018Z [command]/usr/bin/git config --local --name-only --get-regexp http\.https\:\/\/github\.com\/\.extraheader
2026-10-07T06:37:17.8968439Z [command]/usr/bin/git submodule foreach --recursive sh -c "git config --local --name-only --get-regexp 'http\.https\:\/\/github\.com\/\.extraheader' && git config --local --unset-all 'http.https://github.com/.extraheader' || :"
2026-10-07T06:37:17.9159189Z [command]/usr/bin/git config --local --name-only --get-regexp ^includeIf\.gitdir:
2026-10-07T06:37:17.9191567Z [command]/usr/bin/git submodule foreach --recursive git config --local --show-origin --name-only --get-regexp remote.origin.url
2026-10-07T06:37:17.9388383Z [command]/usr/bin/git config --local http.https://github.com/.extraheader AUTHORIZATION: basic ***
2026-10-07T06:37:17.9425228Z ##[endgroup]
2026-10-07T06:37:17.9425890Z ##[group]Fetching the repository
2026-10-07T06:37:17.9432742Z [command]/usr/bin/git -c protocol.version=2 fetch --no-tags --prune --no-recurse-submodules --depth=1 origin +d5aa0abf11485e71dc5da0c9433035b1dfab2e54:refs/remotes/origin/task/V030-042-weaveos-components
2026-10-07T06:37:19.1076526Z From https://github.com/Hubujiu/arca-ui
2026-10-07T06:37:19.1077806Z  * [new ref]         d5aa0abf11485e71dc5da0c9433035b1dfab2e54 -> origin/task/V030-042-weaveos-components
2026-10-07T06:37:19.1085771Z ##[endgroup]
2026-10-07T06:37:19.1087723Z ##[group]Determining the checkout info
2026-10-07T06:37:19.1088623Z ##[endgroup]
2026-10-07T06:37:19.1106182Z [command]/usr/bin/git sparse-checkout disable
2026-10-07T06:37:19.1160582Z [command]/usr/bin/git config --local --unset-all extensions.worktreeConfig
2026-10-07T06:37:19.1194643Z ##[group]Checking out the ref
2026-10-07T06:37:19.1198604Z [command]/usr/bin/git checkout --progress --force -B task/V030-042-weaveos-components refs/remotes/origin/task/V030-042-weaveos-components
2026-10-07T06:37:19.1785953Z Switched to a new branch 'task/V030-042-weaveos-components'
2026-10-07T06:37:19.2933483Z branch 'task/V030-042-weaveos-components' set up to track 'origin/task/V030-042-weaveos-components'.
2026-10-07T06:37:19.2938741Z ##[endgroup]
2026-10-07T06:37:19.3051014Z [command]/usr/bin/git log -1 --format=%H
2026-10-07T06:37:19.3078530Z d5aa0abf11485e71dc5da0c9433035b1dfab2e54
2026-10-07T06:37:19.3447748Z ##[group]Run actions/setup-node@v4
2026-10-07T06:37:19.3448725Z with:
2026-10-07T06:37:19.3449467Z   node-version: 24.19.0
2026-10-07T06:37:19.3450281Z   cache: npm
2026-10-07T06:37:19.3451207Z   always-auth: false
2026-10-07T06:37:19.3452006Z   check-latest: false
2026-10-07T06:37:19.3458970Z   token: ***
2026-10-07T06:37:19.3459713Z ##[endgroup]
2026-10-07T06:37:19.4585536Z Attempting to download 24.19.0...
2026-10-07T06:37:19.4672018Z (node:2096) [DEP0040] DeprecationWarning: The `punycode` module is deprecated. Please use a userland alternative instead.
2026-10-07T06:37:19.4674228Z (Use `node --trace-deprecation ...` to show where the warning was created)
2026-10-07T06:37:20.4738686Z Acquiring 24.19.0 - x64 from https://github.com/actions/node-versions/releases/download/24.19.0-30872449280/node-24.19.0-linux-x64.tar.gz
2026-10-07T06:37:21.0382418Z Extracting ...
2026-10-07T06:37:21.0488935Z [command]/usr/bin/tar xz --strip 1 --warning=no-unknown-keyword --overwrite -C /home/runner/work/_temp/e26abeaf-0f45-4eeb-8c73-3107aecaa3eb -f /home/runner/work/_temp/993c77ad-12ee-45fa-bada-a139c618d12e
2026-10-07T06:37:22.0834069Z Adding to the cache ...
2026-10-07T06:37:30.2068256Z ##[group]Environment details
2026-10-07T06:37:30.5547804Z node: v24.19.0
2026-10-07T06:37:30.5548152Z npm: 11.17.0
2026-10-07T06:37:30.5548508Z yarn: 1.22.22
2026-10-07T06:37:30.5549102Z ##[endgroup]
2026-10-07T06:37:30.5562058Z [command]/opt/hostedtoolcache/node/24.19.0/x64/bin/npm config get cache
2026-10-07T06:37:30.6370257Z /home/runner/.npm
2026-10-07T06:37:31.1364607Z Cache hit for: node-cache-Linux-x64-npm-e49477bd2ac87adee467bcfea498780880a69ec42aeb10ad505d060aeecf5f10
2026-10-07T06:37:31.1456244Z (node:2096) [DEP0169] DeprecationWarning: `url.parse()` behavior is not standardized and prone to errors that have security implications. Use the WHATWG URL API instead. CVEs are not issued for `url.parse()` vulnerabilities.
2026-10-07T06:37:32.3683202Z Received 33554432 of 123576884 (27.2%), 31.9 MBs/sec
2026-10-07T06:37:32.9087037Z Received 123576884 of 123576884 (100.0%), 76.4 MBs/sec
2026-10-07T06:37:32.9088709Z Cache Size: ~118 MB (123576884 B)
2026-10-07T06:37:32.9186932Z [command]/usr/bin/tar -xf /home/runner/work/_temp/166ec856-ec13-4682-8e59-fdb78934baf9/cache.tzst -P -C /home/runner/work/arca-ui/arca-ui --use-compress-program unzstd
2026-10-07T06:37:33.1371083Z Cache restored successfully
2026-10-07T06:37:33.1429829Z Cache restored from key: node-cache-Linux-x64-npm-e49477bd2ac87adee467bcfea498780880a69ec42aeb10ad505d060aeecf5f10
2026-10-07T06:37:33.1607644Z ##[group]Run npm ci --ignore-scripts
2026-10-07T06:37:33.1607979Z [36;1mnpm ci --ignore-scripts[0m
2026-10-07T06:37:33.2540187Z shell: /usr/bin/bash -e {0}
2026-10-07T06:37:33.2540496Z ##[endgroup]
2026-10-07T06:37:43.5989802Z 
2026-10-07T06:37:43.5998078Z added 517 packages, and audited 518 packages in 10s
2026-10-07T06:37:43.5998497Z 
2026-10-07T06:37:43.5998739Z 163 packages are looking for funding
2026-10-07T06:37:43.5999142Z   run `npm fund` for details
2026-10-07T06:37:43.6048199Z 
2026-10-07T06:37:43.6048636Z 8 high severity vulnerabilities
2026-10-07T06:37:43.6064833Z 
2026-10-07T06:37:43.6065218Z To address issues that do not require attention, run:
2026-10-07T06:37:43.6065678Z   npm audit fix
2026-10-07T06:37:43.6065934Z 
2026-10-07T06:37:43.6066561Z To address all issues (including breaking changes), run:
2026-10-07T06:37:43.6067026Z   npm audit fix --force
2026-10-07T06:37:43.6067205Z 
2026-10-07T06:37:43.6067365Z Run `npm audit` for details.
2026-10-07T06:37:43.7006253Z ##[group]Run npx playwright install --with-deps chromium
2026-10-07T06:37:43.7006619Z [36;1mnpx playwright install --with-deps chromium[0m
2026-10-07T06:37:43.7077753Z shell: /usr/bin/bash -e {0}
2026-10-07T06:37:43.7078019Z ##[endgroup]
2026-10-07T06:37:44.3623970Z Installing dependencies...
2026-10-07T06:37:44.3692621Z Switching to root user to install dependencies...
2026-10-07T06:37:44.4760110Z Get:1 file:/etc/apt/apt-mirrors.txt Mirrorlist [144 B]
2026-10-07T06:37:44.5065680Z Get:6 https://packages.microsoft.com/ubuntu/24.04/prod noble InRelease [3600 B]
2026-10-07T06:37:44.7265325Z Hit:2 http://azure.archive.ubuntu.com/ubuntu noble InRelease
2026-10-07T06:37:44.7308481Z Get:3 http://azure.archive.ubuntu.com/ubuntu noble-updates InRelease [126 kB]
2026-10-07T06:37:44.7345398Z Get:4 http://azure.archive.ubuntu.com/ubuntu noble-backports InRelease [126 kB]
2026-10-07T06:37:44.7361981Z Get:5 http://azure.archive.ubuntu.com/ubuntu noble-security InRelease [126 kB]
2026-10-07T06:37:44.7888994Z Get:7 https://packages.microsoft.com/ubuntu/24.04/prod noble/main armhf Packages [12.6 kB]
2026-10-07T06:37:44.7989309Z Get:8 https://packages.microsoft.com/ubuntu/24.04/prod noble/main amd64 Packages [519 kB]
2026-10-07T06:37:44.8083020Z Get:9 https://packages.microsoft.com/ubuntu/24.04/prod noble/main arm64 Packages [463 kB]
2026-10-07T06:37:44.8933997Z Get:10 http://azure.archive.ubuntu.com/ubuntu noble-updates/main amd64 Packages [1375 kB]
2026-10-07T06:37:44.8994745Z Get:11 http://azure.archive.ubuntu.com/ubuntu noble-updates/main Translation-en [306 kB]
2026-10-07T06:37:44.9041101Z Get:12 http://azure.archive.ubuntu.com/ubuntu noble-updates/main amd64 Components [181 kB]
2026-10-07T06:37:44.9075285Z Get:13 http://azure.archive.ubuntu.com/ubuntu noble-updates/universe amd64 Packages [1701 kB]
2026-10-07T06:37:44.9118484Z Get:14 http://azure.archive.ubuntu.com/ubuntu noble-updates/universe Translation-en [341 kB]
2026-10-07T06:37:44.9170157Z Get:15 http://azure.archive.ubuntu.com/ubuntu noble-updates/universe amd64 Components [388 kB]
2026-10-07T06:37:44.9205421Z Get:16 http://azure.archive.ubuntu.com/ubuntu noble-updates/restricted amd64 Packages [1730 kB]
2026-10-07T06:37:44.9254868Z Get:17 http://azure.archive.ubuntu.com/ubuntu noble-updates/restricted Translation-en [396 kB]
2026-10-07T06:37:44.9304820Z Get:18 http://azure.archive.ubuntu.com/ubuntu noble-updates/multiverse Translation-en [13.3 kB]
2026-10-07T06:37:44.9314938Z Get:19 http://azure.archive.ubuntu.com/ubuntu noble-updates/multiverse amd64 Components [940 B]
2026-10-07T06:37:45.0072158Z Get:20 http://azure.archive.ubuntu.com/ubuntu noble-backports/main amd64 Components [5752 B]
2026-10-07T06:37:45.0105032Z Get:21 http://azure.archive.ubuntu.com/ubuntu noble-backports/universe amd64 Components [12.6 kB]
2026-10-07T06:37:45.0245991Z Get:22 http://azure.archive.ubuntu.com/ubuntu noble-security/main amd64 Packages [1073 kB]
2026-10-07T06:37:45.0283058Z Get:23 http://azure.archive.ubuntu.com/ubuntu noble-security/main Translation-en [223 kB]
2026-10-07T06:37:45.0303969Z Get:24 http://azure.archive.ubuntu.com/ubuntu noble-security/main amd64 Components [46.4 kB]
2026-10-07T06:37:45.0344740Z Get:25 http://azure.archive.ubuntu.com/ubuntu noble-security/universe amd64 Packages [1218 kB]
2026-10-07T06:37:45.0411434Z Get:26 http://azure.archive.ubuntu.com/ubuntu noble-security/universe Translation-en [245 kB]
2026-10-07T06:37:45.0434787Z Get:27 http://azure.archive.ubuntu.com/ubuntu noble-security/universe amd64 Components [76.3 kB]
2026-10-07T06:37:45.0476533Z Get:28 http://azure.archive.ubuntu.com/ubuntu noble-security/restricted amd64 Packages [1566 kB]
2026-10-07T06:37:45.0514728Z Get:29 http://azure.archive.ubuntu.com/ubuntu noble-security/restricted Translation-en [361 kB]
2026-10-07T06:37:45.0538750Z Get:30 http://azure.archive.ubuntu.com/ubuntu noble-security/multiverse Translation-en [11.6 kB]
2026-10-07T06:37:55.1343425Z Fetched 12.6 MB in 1s (9005 kB/s)
2026-10-07T06:37:55.8176095Z Reading package lists...
2026-10-07T06:37:55.8388762Z Reading package lists...
2026-10-07T06:37:56.0269818Z Building dependency tree...
2026-10-07T06:37:56.0276947Z Reading state information...
2026-10-07T06:37:56.1828451Z libasound2t64 is already the newest version (1.2.11-1ubuntu0.3).
2026-10-07T06:37:56.1829188Z libasound2t64 set to manually installed.
2026-10-07T06:37:56.1829794Z libatk-bridge2.0-0t64 is already the newest version (2.52.0-1build1).
2026-10-07T06:37:56.1830376Z libatk-bridge2.0-0t64 set to manually installed.
2026-10-07T06:37:56.1830949Z libatk1.0-0t64 is already the newest version (2.52.0-1build1).
2026-10-07T06:37:56.1831461Z libatk1.0-0t64 set to manually installed.
2026-10-07T06:37:56.1832000Z libatspi2.0-0t64 is already the newest version (2.52.0-1build1).
2026-10-07T06:37:56.1833072Z libatspi2.0-0t64 set to manually installed.
2026-10-07T06:37:56.1833618Z libcairo2 is already the newest version (1.18.0-3build1).
2026-10-07T06:37:56.1834350Z libcairo2 set to manually installed.
2026-10-07T06:37:56.1835035Z libcups2t64 is already the newest version (2.4.7-1.2ubuntu7.14).
2026-10-07T06:37:56.1835624Z libcups2t64 set to manually installed.
2026-10-07T06:37:56.1836201Z libdbus-1-3 is already the newest version (1.14.10-4ubuntu4.1).
2026-10-07T06:37:56.1836755Z libdbus-1-3 set to manually installed.
2026-10-07T06:37:56.1837315Z libdrm2 is already the newest version (2.4.125-1ubuntu0.1~24.04.2).
2026-10-07T06:37:56.1837822Z libdrm2 set to manually installed.
2026-10-07T06:37:56.1838291Z libglib2.0-0t64 is already the newest version (2.80.0-6ubuntu3.9).
2026-10-07T06:37:56.1838753Z libglib2.0-0t64 set to manually installed.
2026-10-07T06:37:56.1839128Z libnspr4 is already the newest version (2:4.35-1.1build1).
2026-10-07T06:37:56.1839439Z libnspr4 set to manually installed.
2026-10-07T06:37:56.1839759Z libnss3 is already the newest version (2:3.98-1ubuntu0.2).
2026-10-07T06:37:56.1840053Z libnss3 set to manually installed.
2026-10-07T06:37:56.1840447Z libpango-1.0-0 is already the newest version (1.52.1+ds-1build1).
2026-10-07T06:37:56.1840789Z libpango-1.0-0 set to manually installed.
2026-10-07T06:37:56.1841108Z libx11-6 is already the newest version (2:1.8.7-1build1).
2026-10-07T06:37:56.1841397Z libx11-6 set to manually installed.
2026-10-07T06:37:56.1841688Z libxcb1 is already the newest version (1.15-1ubuntu2).
2026-10-07T06:37:56.1841972Z libxcb1 set to manually installed.
2026-10-07T06:37:56.1842347Z libxcomposite1 is already the newest version (1:0.4.5-1build3).
2026-10-07T06:37:56.1842806Z libxcomposite1 set to manually installed.
2026-10-07T06:37:56.1843135Z libxdamage1 is already the newest version (1:1.1.6-1build1).
2026-10-07T06:37:56.1843452Z libxdamage1 set to manually installed.
2026-10-07T06:37:56.1843939Z libxext6 is already the newest version (2:1.3.4-1build2).
2026-10-07T06:37:56.1844265Z libxext6 set to manually installed.
2026-10-07T06:37:56.1844790Z libxfixes3 is already the newest version (1:6.0.0-2build1).
2026-10-07T06:37:56.1845110Z libxfixes3 set to manually installed.
2026-10-07T06:37:56.1845436Z libxkbcommon0 is already the newest version (1.6.0-1build1).
2026-10-07T06:37:56.1845751Z libxkbcommon0 set to manually installed.
2026-10-07T06:37:56.1846071Z libxrandr2 is already the newest version (2:1.5.2-2build1).
2026-10-07T06:37:56.1846504Z libxrandr2 set to manually installed.
2026-10-07T06:37:56.1846946Z xvfb is already the newest version (2:21.1.12-1ubuntu1.8).
2026-10-07T06:37:56.1847607Z fonts-noto-color-emoji is already the newest version (2.047-0ubuntu0.24.04.1).
2026-10-07T06:37:56.1848295Z libfontconfig1 is already the newest version (2.15.0-1.1ubuntu2).
2026-10-07T06:37:56.1848793Z libfontconfig1 set to manually installed.
2026-10-07T06:37:56.1849215Z fonts-liberation is already the newest version (1:2.1.5-3).
2026-10-07T06:37:56.1849560Z fonts-liberation set to manually installed.
2026-10-07T06:37:56.1849881Z The following additional packages will be installed:
2026-10-07T06:37:56.1850414Z   libgl1-mesa-dri libglx-mesa0 mesa-libgallium xfonts-encodings xfonts-utils
2026-10-07T06:37:56.1851182Z Recommended packages:
2026-10-07T06:37:56.1851530Z   fonts-ipafont-mincho fonts-tlwg-loma
2026-10-07T06:37:56.2083606Z The following NEW packages will be installed:
2026-10-07T06:37:56.2084537Z   fonts-freefont-ttf fonts-ipafont-gothic fonts-tlwg-loma-otf fonts-unifont
2026-10-07T06:37:56.2089812Z   fonts-wqy-zenhei xfonts-cyrillic xfonts-encodings xfonts-scalable
2026-10-07T06:37:56.2090349Z   xfonts-utils
2026-10-07T06:37:56.2093841Z The following packages will be upgraded:
2026-10-07T06:37:56.2097912Z   libfreetype6 libgbm1 libgl1-mesa-dri libglx-mesa0 mesa-libgallium
2026-10-07T06:37:56.2248257Z 5 upgraded, 9 newly installed, 0 to remove and 24 not upgraded.
2026-10-07T06:37:56.2248838Z Need to get 32.5 MB of archives.
2026-10-07T06:37:56.2249759Z After this operation, 79.5 MB of additional disk space will be used.
2026-10-07T06:37:56.2250420Z Get:1 file:/etc/apt/apt-mirrors.txt Mirrorlist [144 B]
2026-10-07T06:37:56.3052888Z Get:2 http://azure.archive.ubuntu.com/ubuntu noble/universe amd64 fonts-ipafont-gothic all 00303-21ubuntu1 [3513 kB]
2026-10-07T06:37:56.4408225Z Get:3 http://azure.archive.ubuntu.com/ubuntu noble/main amd64 fonts-freefont-ttf all 20211204+svn4273-2 [5641 kB]
2026-10-07T06:37:56.6230244Z Get:4 http://azure.archive.ubuntu.com/ubuntu noble/universe amd64 fonts-tlwg-loma-otf all 1:0.7.3-1 [107 kB]
2026-10-07T06:37:56.6885453Z Get:5 http://azure.archive.ubuntu.com/ubuntu noble/universe amd64 fonts-unifont all 1:15.1.01-1build1 [2993 kB]
2026-10-07T06:37:56.8111568Z Get:6 http://azure.archive.ubuntu.com/ubuntu noble/universe amd64 fonts-wqy-zenhei all 0.9.45-8 [7472 kB]
2026-10-07T06:37:57.0233589Z Get:7 http://azure.archive.ubuntu.com/ubuntu noble-updates/main amd64 libfreetype6 amd64 2.13.2+dfsg-1ubuntu0.2 [403 kB]
2026-10-07T06:37:57.0930042Z Get:8 http://azure.archive.ubuntu.com/ubuntu noble-updates/main amd64 libgl1-mesa-dri amd64 25.2.8-0ubuntu0.24.04.4 [38.0 kB]
2026-10-07T06:37:57.1560814Z Get:9 http://azure.archive.ubuntu.com/ubuntu noble-updates/main amd64 libglx-mesa0 amd64 25.2.8-0ubuntu0.24.04.4 [110 kB]
2026-10-07T06:37:57.2202523Z Get:10 http://azure.archive.ubuntu.com/ubuntu noble-updates/main amd64 libgbm1 amd64 25.2.8-0ubuntu0.24.04.4 [34.2 kB]
2026-10-07T06:37:57.2841199Z Get:11 http://azure.archive.ubuntu.com/ubuntu noble-updates/main amd64 mesa-libgallium amd64 25.2.8-0ubuntu0.24.04.4 [10.8 MB]
2026-10-07T06:37:57.5611247Z Get:12 http://azure.archive.ubuntu.com/ubuntu noble/main amd64 xfonts-encodings all 1:1.0.5-0ubuntu2 [578 kB]
2026-10-07T06:37:57.6345820Z Get:13 http://azure.archive.ubuntu.com/ubuntu noble/main amd64 xfonts-utils amd64 1:7.7+6build3 [94.4 kB]
2026-10-07T06:37:57.6980375Z Get:14 http://azure.archive.ubuntu.com/ubuntu noble/universe amd64 xfonts-cyrillic all 1:1.0.5+nmu1 [384 kB]
2026-10-07T06:37:57.7693123Z Get:15 http://azure.archive.ubuntu.com/ubuntu noble/main amd64 xfonts-scalable all 1:1.0.3-1.3 [304 kB]
2026-10-07T06:37:58.0370187Z Fetched 32.5 MB in 2s (20.8 MB/s)
2026-10-07T06:37:58.4088597Z Selecting previously unselected package fonts-ipafont-gothic.
2026-10-07T06:37:58.5875798Z (Reading database ... 
2026-10-07T06:37:58.5876151Z (Reading database ... 5%
2026-10-07T06:37:58.5876403Z (Reading database ... 10%
2026-10-07T06:37:58.5876621Z (Reading database ... 15%
2026-10-07T06:37:58.5876823Z (Reading database ... 20%
2026-10-07T06:37:58.5877024Z (Reading database ... 25%
2026-10-07T06:37:58.5877723Z (Reading database ... 30%
2026-10-07T06:37:58.5878041Z (Reading database ... 35%
2026-10-07T06:37:58.5878349Z (Reading database ... 40%
2026-10-07T06:37:58.5878623Z (Reading database ... 45%
2026-10-07T06:37:58.5878819Z (Reading database ... 50%
2026-10-07T06:37:58.9322009Z (Reading database ... 55%
2026-10-07T06:37:59.4462884Z (Reading database ... 60%
2026-10-07T06:38:00.0608757Z (Reading database ... 65%
2026-10-07T06:38:00.6555337Z (Reading database ... 70%
2026-10-07T06:38:00.8412339Z (Reading database ... 75%
2026-10-07T06:38:01.0036427Z (Reading database ... 80%
2026-10-07T06:38:01.2960770Z (Reading database ... 85%
2026-10-07T06:38:01.6457926Z (Reading database ... 90%
2026-10-07T06:38:01.8192681Z (Reading database ... 95%
2026-10-07T06:38:01.8193127Z (Reading database ... 100%
2026-10-07T06:38:01.8193841Z (Reading database ... 202296 files and directories currently installed.)
2026-10-07T06:38:01.8236281Z Preparing to unpack .../00-fonts-ipafont-gothic_00303-21ubuntu1_all.deb ...
2026-10-07T06:38:01.8310708Z Unpacking fonts-ipafont-gothic (00303-21ubuntu1) ...
2026-10-07T06:38:02.0998040Z Selecting previously unselected package fonts-freefont-ttf.
2026-10-07T06:38:02.1110711Z Preparing to unpack .../01-fonts-freefont-ttf_20211204+svn4273-2_all.deb ...
2026-10-07T06:38:02.1116758Z Unpacking fonts-freefont-ttf (20211204+svn4273-2) ...
2026-10-07T06:38:02.3508583Z Selecting previously unselected package fonts-tlwg-loma-otf.
2026-10-07T06:38:02.3622071Z Preparing to unpack .../02-fonts-tlwg-loma-otf_1%3a0.7.3-1_all.deb ...
2026-10-07T06:38:02.3627290Z Unpacking fonts-tlwg-loma-otf (1:0.7.3-1) ...
2026-10-07T06:38:02.3833156Z Selecting previously unselected package fonts-unifont.
2026-10-07T06:38:02.3943766Z Preparing to unpack .../03-fonts-unifont_1%3a15.1.01-1build1_all.deb ...
2026-10-07T06:38:02.3949115Z Unpacking fonts-unifont (1:15.1.01-1build1) ...
2026-10-07T06:38:02.6297172Z Selecting previously unselected package fonts-wqy-zenhei.
2026-10-07T06:38:02.6409986Z Preparing to unpack .../04-fonts-wqy-zenhei_0.9.45-8_all.deb ...
2026-10-07T06:38:02.6500412Z Unpacking fonts-wqy-zenhei (0.9.45-8) ...
2026-10-07T06:38:03.2010826Z Preparing to unpack .../05-libfreetype6_2.13.2+dfsg-1ubuntu0.2_amd64.deb ...
2026-10-07T06:38:03.2038654Z Unpacking libfreetype6:amd64 (2.13.2+dfsg-1ubuntu0.2) over (2.13.2+dfsg-1ubuntu0.1) ...
2026-10-07T06:38:03.2711751Z Preparing to unpack .../06-libgl1-mesa-dri_25.2.8-0ubuntu0.24.04.4_amd64.deb ...
2026-10-07T06:38:03.2841103Z Unpacking libgl1-mesa-dri:amd64 (25.2.8-0ubuntu0.24.04.4) over (25.2.8-0ubuntu0.24.04.2) ...
2026-10-07T06:38:03.3325829Z Preparing to unpack .../07-libglx-mesa0_25.2.8-0ubuntu0.24.04.4_amd64.deb ...
2026-10-07T06:38:03.3345246Z Unpacking libglx-mesa0:amd64 (25.2.8-0ubuntu0.24.04.4) over (25.2.8-0ubuntu0.24.04.2) ...
2026-10-07T06:38:03.3662859Z Preparing to unpack .../08-libgbm1_25.2.8-0ubuntu0.24.04.4_amd64.deb ...
2026-10-07T06:38:03.3682225Z Unpacking libgbm1:amd64 (25.2.8-0ubuntu0.24.04.4) over (25.2.8-0ubuntu0.24.04.2) ...
2026-10-07T06:38:03.4245916Z Preparing to unpack .../09-mesa-libgallium_25.2.8-0ubuntu0.24.04.4_amd64.deb ...
2026-10-07T06:38:03.4401673Z Unpacking mesa-libgallium:amd64 (25.2.8-0ubuntu0.24.04.4) over (25.2.8-0ubuntu0.24.04.2) ...
2026-10-07T06:38:03.9120036Z Selecting previously unselected package xfonts-encodings.
2026-10-07T06:38:03.9235866Z Preparing to unpack .../10-xfonts-encodings_1%3a1.0.5-0ubuntu2_all.deb ...
2026-10-07T06:38:03.9296722Z Unpacking xfonts-encodings (1:1.0.5-0ubuntu2) ...
2026-10-07T06:38:03.9530233Z Selecting previously unselected package xfonts-utils.
2026-10-07T06:38:03.9643785Z Preparing to unpack .../11-xfonts-utils_1%3a7.7+6build3_amd64.deb ...
2026-10-07T06:38:03.9649064Z Unpacking xfonts-utils (1:7.7+6build3) ...
2026-10-07T06:38:04.0136831Z Selecting previously unselected package xfonts-cyrillic.
2026-10-07T06:38:04.0249001Z Preparing to unpack .../12-xfonts-cyrillic_1%3a1.0.5+nmu1_all.deb ...
2026-10-07T06:38:04.0254208Z Unpacking xfonts-cyrillic (1:1.0.5+nmu1) ...
2026-10-07T06:38:04.0757400Z Selecting previously unselected package xfonts-scalable.
2026-10-07T06:38:04.0879573Z Preparing to unpack .../13-xfonts-scalable_1%3a1.0.3-1.3_all.deb ...
2026-10-07T06:38:04.1235871Z Unpacking xfonts-scalable (1:1.0.3-1.3) ...
2026-10-07T06:38:04.1661424Z Setting up mesa-libgallium:amd64 (25.2.8-0ubuntu0.24.04.4) ...
2026-10-07T06:38:04.1679030Z Setting up libgbm1:amd64 (25.2.8-0ubuntu0.24.04.4) ...
2026-10-07T06:38:04.1693243Z Setting up libgl1-mesa-dri:amd64 (25.2.8-0ubuntu0.24.04.4) ...
2026-10-07T06:38:04.1768887Z Setting up fonts-wqy-zenhei (0.9.45-8) ...
2026-10-07T06:38:04.1862307Z Setting up fonts-freefont-ttf (20211204+svn4273-2) ...
2026-10-07T06:38:04.1879160Z Setting up fonts-tlwg-loma-otf (1:0.7.3-1) ...
2026-10-07T06:38:04.1901366Z Setting up libfreetype6:amd64 (2.13.2+dfsg-1ubuntu0.2) ...
2026-10-07T06:38:04.1915815Z Setting up xfonts-encodings (1:1.0.5-0ubuntu2) ...
2026-10-07T06:38:04.2020304Z Setting up fonts-ipafont-gothic (00303-21ubuntu1) ...
2026-10-07T06:38:04.2077023Z update-alternatives: using /usr/share/fonts/opentype/ipafont-gothic/ipag.ttf to provide /usr/share/fonts/truetype/fonts-japanese-gothic.ttf (fonts-japanese-gothic.ttf) in auto mode
2026-10-07T06:38:04.2088724Z Setting up fonts-unifont (1:15.1.01-1build1) ...
2026-10-07T06:38:04.2102509Z Setting up libglx-mesa0:amd64 (25.2.8-0ubuntu0.24.04.4) ...
2026-10-07T06:38:04.2703513Z Setting up xfonts-utils (1:7.7+6build3) ...
2026-10-07T06:38:04.2739029Z Setting up xfonts-cyrillic (1:1.0.5+nmu1) ...
2026-10-07T06:38:04.2976391Z Setting up xfonts-scalable (1:1.0.3-1.3) ...
2026-10-07T06:38:04.3534635Z Processing triggers for libc-bin (2.39-0ubuntu8.9) ...
2026-10-07T06:38:04.7295071Z Processing triggers for man-db (2.12.0-4build2) ...
2026-10-07T06:38:04.7312684Z Not building database; man-db/auto-update is not 'true'.
2026-10-07T06:38:04.7322408Z Processing triggers for fontconfig (2.15.0-1.1ubuntu2) ...
2026-10-07T06:38:05.6311256Z 
2026-10-07T06:38:05.6311893Z Running kernel seems to be up-to-date.
2026-10-07T06:38:05.6312141Z 
2026-10-07T06:38:05.6312248Z Restarting services...
2026-10-07T06:38:05.6387617Z  systemctl restart php8.3-fpm.service
2026-10-07T06:38:05.7534783Z 
2026-10-07T06:38:05.7544855Z No containers need to be restarted.
2026-10-07T06:38:05.7545152Z 
2026-10-07T06:38:05.7545320Z No user sessions are running outdated binaries.
2026-10-07T06:38:05.7545516Z 
2026-10-07T06:38:05.7545794Z No VM guests are running outdated hypervisor (qemu) binaries on this host.
2026-10-07T06:38:06.7082186Z Downloading Chrome for Testing 153.0.8010.12 (playwright chromium v1243) from https://cdn.playwright.dev/builds/cft/153.0.8010.12/linux64/chrome-linux64.zip
2026-10-07T06:38:07.0705424Z |                                                                                |   0% of 186.8 MiB
2026-10-07T06:38:07.2520292Z |■■■■■■■■                                                                        |  10% of 186.8 MiB
2026-10-07T06:38:07.3213039Z |■■■■■■■■■■■■■■■■                                                                |  20% of 186.8 MiB
2026-10-07T06:38:07.4071303Z |■■■■■■■■■■■■■■■■■■■■■■■■                                                        |  30% of 186.8 MiB
2026-10-07T06:38:07.4690059Z |■■■■■■■■■■■■■■■■■■■■■■■■■■■■■■■■                                                |  40% of 186.8 MiB
2026-10-07T06:38:07.5335371Z |■■■■■■■■■■■■■■■■■■■■■■■■■■■■■■■■■■■■■■■■                                        |  50% of 186.8 MiB
2026-10-07T06:38:07.6025406Z |■■■■■■■■■■■■■■■■■■■■■■■■■■■■■■■■■■■■■■■■■■■■■■■■                                |  60% of 186.8 MiB
2026-10-07T06:38:07.6669015Z |■■■■■■■■■■■■■■■■■■■■■■■■■■■■■■■■■■■■■■■■■■■■■■■■■■■■■■■■                        |  70% of 186.8 MiB
2026-10-07T06:38:07.7682996Z |■■■■■■■■■■■■■■■■■■■■■■■■■■■■■■■■■■■■■■■■■■■■■■■■■■■■■■■■■■■■■■■■                |  80% of 186.8 MiB
2026-10-07T06:38:07.8303887Z |■■■■■■■■■■■■■■■■■■■■■■■■■■■■■■■■■■■■■■■■■■■■■■■■■■■■■■■■■■■■■■■■■■■■■■■■        |  90% of 186.8 MiB
2026-10-07T06:38:07.9090688Z |■■■■■■■■■■■■■■■■■■■■■■■■■■■■■■■■■■■■■■■■■■■■■■■■■■■■■■■■■■■■■■■■■■■■■■■■■■■■■■■■| 100% of 186.8 MiB
2026-10-07T06:38:10.3245321Z Chrome for Testing 153.0.8010.12 (playwright chromium v1243) downloaded to /home/runner/.cache/ms-playwright/chromium-1243
2026-10-07T06:38:10.3249234Z Downloading FFmpeg (playwright ffmpeg v1011) from https://cdn.playwright.dev/dbazure/download/playwright/builds/ffmpeg/1011/ffmpeg-linux.zip
2026-10-07T06:38:10.6293323Z |                                                                                |   0% of 2.3 MiB
2026-10-07T06:38:10.6320725Z |■■■■■■■■                                                                        |  10% of 2.3 MiB
2026-10-07T06:38:10.6338308Z |■■■■■■■■■■■■■■■■                                                                |  20% of 2.3 MiB
2026-10-07T06:38:10.6360338Z |■■■■■■■■■■■■■■■■■■■■■■■■                                                        |  30% of 2.3 MiB
2026-10-07T06:38:10.6379121Z |■■■■■■■■■■■■■■■■■■■■■■■■■■■■■■■■                                                |  40% of 2.3 MiB
2026-10-07T06:38:10.6388109Z |■■■■■■■■■■■■■■■■■■■■■■■■■■■■■■■■■■■■■■■■                                        |  50% of 2.3 MiB
2026-10-07T06:38:10.6397446Z |■■■■■■■■■■■■■■■■■■■■■■■■■■■■■■■■■■■■■■■■■■■■■■■■                                |  60% of 2.3 MiB
2026-10-07T06:38:10.6407766Z |■■■■■■■■■■■■■■■■■■■■■■■■■■■■■■■■■■■■■■■■■■■■■■■■■■■■■■■■                        |  70% of 2.3 MiB
2026-10-07T06:38:10.6418054Z |■■■■■■■■■■■■■■■■■■■■■■■■■■■■■■■■■■■■■■■■■■■■■■■■■■■■■■■■■■■■■■■■                |  80% of 2.3 MiB
2026-10-07T06:38:10.6429650Z |■■■■■■■■■■■■■■■■■■■■■■■■■■■■■■■■■■■■■■■■■■■■■■■■■■■■■■■■■■■■■■■■■■■■■■■■        |  90% of 2.3 MiB
2026-10-07T06:38:10.6437622Z |■■■■■■■■■■■■■■■■■■■■■■■■■■■■■■■■■■■■■■■■■■■■■■■■■■■■■■■■■■■■■■■■■■■■■■■■■■■■■■■■| 100% of 2.3 MiB
2026-10-07T06:38:10.6890377Z FFmpeg (playwright ffmpeg v1011) downloaded to /home/runner/.cache/ms-playwright/ffmpeg-1011
2026-10-07T06:38:10.6893302Z Downloading Chrome Headless Shell 153.0.8010.12 (playwright chromium-headless-shell v1243) from https://cdn.playwright.dev/builds/cft/153.0.8010.12/linux64/chrome-headless-shell-linux64.zip
2026-10-07T06:38:11.0398404Z |                                                                                |   0% of 114.3 MiB
2026-10-07T06:38:11.2234389Z |■■■■■■■■                                                                        |  10% of 114.3 MiB
2026-10-07T06:38:11.2852262Z |■■■■■■■■■■■■■■■■                                                                |  20% of 114.3 MiB
2026-10-07T06:38:11.3305530Z |■■■■■■■■■■■■■■■■■■■■■■■■                                                        |  30% of 114.3 MiB
2026-10-07T06:38:11.3744443Z |■■■■■■■■■■■■■■■■■■■■■■■■■■■■■■■■                                                |  40% of 114.3 MiB
2026-10-07T06:38:11.4324765Z |■■■■■■■■■■■■■■■■■■■■■■■■■■■■■■■■■■■■■■■■                                        |  50% of 114.3 MiB
2026-10-07T06:38:11.4642744Z |■■■■■■■■■■■■■■■■■■■■■■■■■■■■■■■■■■■■■■■■■■■■■■■■                                |  60% of 114.3 MiB
2026-10-07T06:38:11.5046466Z |■■■■■■■■■■■■■■■■■■■■■■■■■■■■■■■■■■■■■■■■■■■■■■■■■■■■■■■■                        |  70% of 114.3 MiB
2026-10-07T06:38:11.5575718Z |■■■■■■■■■■■■■■■■■■■■■■■■■■■■■■■■■■■■■■■■■■■■■■■■■■■■■■■■■■■■■■■■                |  80% of 114.3 MiB
2026-10-07T06:38:11.5915240Z |■■■■■■■■■■■■■■■■■■■■■■■■■■■■■■■■■■■■■■■■■■■■■■■■■■■■■■■■■■■■■■■■■■■■■■■■        |  90% of 114.3 MiB
2026-10-07T06:38:11.6293559Z |■■■■■■■■■■■■■■■■■■■■■■■■■■■■■■■■■■■■■■■■■■■■■■■■■■■■■■■■■■■■■■■■■■■■■■■■■■■■■■■■| 100% of 114.3 MiB
2026-10-07T06:38:13.3433561Z Chrome Headless Shell 153.0.8010.12 (playwright chromium-headless-shell v1243) downloaded to /home/runner/.cache/ms-playwright/chromium_headless_shell-1243
2026-10-07T06:38:13.4644820Z ##[group]Run sudo apt-get install -y fonts-noto-cjk
2026-10-07T06:38:13.4645186Z [36;1msudo apt-get install -y fonts-noto-cjk[0m
2026-10-07T06:38:13.4701430Z shell: /usr/bin/bash -e {0}
2026-10-07T06:38:13.4701652Z ##[endgroup]
2026-10-07T06:38:13.5410562Z Reading package lists...
2026-10-07T06:38:13.7337806Z Building dependency tree...
2026-10-07T06:38:13.7344222Z Reading state information...
2026-10-07T06:38:13.8691888Z Suggested packages:
2026-10-07T06:38:13.8692166Z   fonts-noto-cjk-extra
2026-10-07T06:38:13.8825243Z The following NEW packages will be installed:
2026-10-07T06:38:13.8831586Z   fonts-noto-cjk
2026-10-07T06:38:13.8990381Z 0 upgraded, 1 newly installed, 0 to remove and 24 not upgraded.
2026-10-07T06:38:13.8990947Z Need to get 61.2 MB of archives.
2026-10-07T06:38:13.8991309Z After this operation, 93.2 MB of additional disk space will be used.
2026-10-07T06:38:13.8991738Z Get:1 file:/etc/apt/apt-mirrors.txt Mirrorlist [144 B]
2026-10-07T06:38:13.9943481Z Get:2 http://azure.archive.ubuntu.com/ubuntu noble/main amd64 fonts-noto-cjk all 1:20230817+repack1-3 [61.2 MB]
2026-10-07T06:38:15.6798661Z Fetched 61.2 MB in 2s (39.0 MB/s)
2026-10-07T06:38:15.7114955Z Selecting previously unselected package fonts-noto-cjk.
2026-10-07T06:38:15.7168451Z (Reading database ... 
2026-10-07T06:38:15.7169000Z (Reading database ... 5%
2026-10-07T06:38:15.7169371Z (Reading database ... 10%
2026-10-07T06:38:15.7169736Z (Reading database ... 15%
2026-10-07T06:38:15.7170088Z (Reading database ... 20%
2026-10-07T06:38:15.7170421Z (Reading database ... 25%
2026-10-07T06:38:15.7170746Z (Reading database ... 30%
2026-10-07T06:38:15.7171084Z (Reading database ... 35%
2026-10-07T06:38:15.7171414Z (Reading database ... 40%
2026-10-07T06:38:15.7171788Z (Reading database ... 45%
2026-10-07T06:38:15.7172120Z (Reading database ... 50%
2026-10-07T06:38:15.7178831Z (Reading database ... 55%
2026-10-07T06:38:15.7280967Z (Reading database ... 60%
2026-10-07T06:38:15.7307302Z (Reading database ... 65%
2026-10-07T06:38:15.7329793Z (Reading database ... 70%
2026-10-07T06:38:15.7365529Z (Reading database ... 75%
2026-10-07T06:38:15.7400365Z (Reading database ... 80%
2026-10-07T06:38:15.7428190Z (Reading database ... 85%
2026-10-07T06:38:15.7597747Z (Reading database ... 90%
2026-10-07T06:38:15.7865741Z (Reading database ... 95%
2026-10-07T06:38:15.7866153Z (Reading database ... 100%
2026-10-07T06:38:15.7866710Z (Reading database ... 202563 files and directories currently installed.)
2026-10-07T06:38:15.7907022Z Preparing to unpack .../fonts-noto-cjk_1%3a20230817+repack1-3_all.deb ...
2026-10-07T06:38:15.7965875Z Unpacking fonts-noto-cjk (1:20230817+repack1-3) ...
2026-10-07T06:38:17.0164391Z Setting up fonts-noto-cjk (1:20230817+repack1-3) ...
2026-10-07T06:38:17.0218889Z Processing triggers for fontconfig (2.15.0-1.1ubuntu2) ...
2026-10-07T06:38:17.5016425Z 
2026-10-07T06:38:17.5017155Z Running kernel seems to be up-to-date.
2026-10-07T06:38:17.5017468Z 
2026-10-07T06:38:17.5017707Z No services need to be restarted.
2026-10-07T06:38:17.5017936Z 
2026-10-07T06:38:17.5018112Z No containers need to be restarted.
2026-10-07T06:38:17.5018338Z 
2026-10-07T06:38:17.5018557Z No user sessions are running outdated binaries.
2026-10-07T06:38:17.5018796Z 
2026-10-07T06:38:17.5019153Z No VM guests are running outdated hypervisor (qemu) binaries on this host.
2026-10-07T06:38:18.4567514Z ##[group]Run npm run test:weaveos:unit
2026-10-07T06:38:18.4567791Z [36;1mnpm run test:weaveos:unit[0m
2026-10-07T06:38:18.4624591Z shell: /usr/bin/bash -e {0}
2026-10-07T06:38:18.4624818Z ##[endgroup]
2026-10-07T06:38:18.5437820Z 
2026-10-07T06:38:18.5438529Z > arca-ui@0.0.1 test:weaveos:unit
2026-10-07T06:38:18.6645696Z > node --test tests/weaveos/geometry.test.mjs tests/weaveos/pagination.test.mjs tests/weaveos/filter-model.test.mjs
2026-10-07T06:38:18.6646928Z 
2026-10-07T06:38:18.6647692Z ✔ AND and OR compose without flattening or changing meaning (0.940682ms)
2026-10-07T06:38:18.6674780Z ✔ text supports only equal or not equal, numeric supports all six (0.46636ms)
2026-10-07T06:38:18.6704847Z ✔ depth three is valid and depth four is rejected (0.168269ms)
2026-10-07T06:38:18.6729710Z ✔ condition budget is twenty, independent of grouping (0.214618ms)
2026-10-07T06:38:18.6743021Z ✔ unknown fields, operators, empty groups and malformed leaves fail closed (0.205184ms)
2026-10-07T06:38:18.6805517Z ✔ empty text is an explicit valid equality, exact decimal strings remain unchanged (0.158365ms)
2026-10-07T06:38:18.6826265Z ✔ oversized and cyclic filters are rejected without throwing (0.207878ms)
2026-10-07T06:38:18.6861424Z ✔ opening starts at the source center with its size (1.768348ms)
2026-10-07T06:38:18.6884972Z ✔ each distinct source yields its own trajectory (0.201027ms)
2026-10-07T06:38:18.6949974Z ✔ absent source uses no displacement (0.194027ms)
2026-10-07T06:38:18.6951558Z ✔ invalid or zero rectangles fall back safely (0.214698ms)
2026-10-07T06:38:18.6977679Z ✔ no division by zero from an unmeasured panel (0.12186ms)
2026-10-07T06:38:18.7025203Z ✔ small pages list exact pages; large totals use bounded windows (1.705535ms)
2026-10-07T06:38:18.7035800Z ✔ first and last pages retain nearby navigation without enumerating total (0.259884ms)
2026-10-07T06:38:18.7042586Z ✔ page input accepts only in-range integers, not coercions or partial numbers (0.313273ms)
2026-10-07T06:38:18.7043635Z ✔ invalid page metadata cannot produce navigable links (0.474883ms)
2026-10-07T06:38:18.7044448Z ℹ tests 16
2026-10-07T06:38:18.7044970Z ℹ suites 0
2026-10-07T06:38:18.7045590Z ℹ pass 16
2026-10-07T06:38:18.7046111Z ℹ fail 0
2026-10-07T06:38:18.7046669Z ℹ cancelled 0
2026-10-07T06:38:18.7047238Z ℹ skipped 0
2026-10-07T06:38:18.7047973Z ℹ todo 0
2026-10-07T06:38:18.7048728Z ℹ duration_ms 127.716481
2026-10-07T06:38:18.7188854Z ##[group]Run npx eslint src/weaveos
2026-10-07T06:38:18.7189294Z [36;1mnpx eslint src/weaveos[0m
2026-10-07T06:38:18.7269156Z shell: /usr/bin/bash -e {0}
2026-10-07T06:38:18.7269452Z ##[endgroup]
2026-10-07T06:38:21.5027182Z ##[group]Run npx tsc -b
2026-10-07T06:38:21.5027418Z [36;1mnpx tsc -b[0m
2026-10-07T06:38:21.5083099Z shell: /usr/bin/bash -e {0}
2026-10-07T06:38:21.5083320Z ##[endgroup]
2026-10-07T06:38:28.2412994Z ##[group]Run npm run build:weaveos
2026-10-07T06:38:28.2413411Z [36;1mnpm run build:weaveos[0m
2026-10-07T06:38:28.2493109Z shell: /usr/bin/bash -e {0}
2026-10-07T06:38:28.2493455Z ##[endgroup]
2026-10-07T06:38:28.3366336Z 
2026-10-07T06:38:28.3366943Z > arca-ui@0.0.1 build:weaveos
2026-10-07T06:38:28.3367337Z > vite build --config vite.weaveos.config.ts
2026-10-07T06:38:28.3367517Z 
2026-10-07T06:38:28.5747845Z [36mvite v8.3.0 [32mbuilding client environment for production...[36m[39m
2026-10-07T06:38:28.5832453Z transforming...
2026-10-07T06:38:28.7838741Z ✓ 2641 modules transformed.
2026-10-07T06:38:28.8402419Z rendering chunks...
2026-10-07T06:38:28.9165183Z computing gzip size...
2026-10-07T06:38:28.9232423Z dist-weaveos/weaveos.html                                            0.37 kB │ gzip:   0.29 kB
2026-10-07T06:38:28.9232981Z dist-weaveos/assets/geist-cyrillic-ext-wght-normal-DjL33-gN.woff2    7.42 kB
2026-10-07T06:38:28.9244725Z dist-weaveos/assets/geist-vietnamese-wght-normal-6IgcOCM7.woff2      8.00 kB
2026-10-07T06:38:28.9245442Z dist-weaveos/assets/geist-cyrillic-wght-normal-BEAKL7Jp.woff2       15.08 kB
2026-10-07T06:38:28.9245923Z dist-weaveos/assets/geist-latin-ext-wght-normal-DC-KSUi6.woff2      16.51 kB
2026-10-07T06:38:28.9246411Z dist-weaveos/assets/geist-latin-wght-normal-BgDaEnEv.woff2          29.40 kB
2026-10-07T06:38:28.9247033Z dist-weaveos/assets/weaveos-Cn14Axnm.css                            49.32 kB │ gzip:  10.69 kB
2026-10-07T06:38:28.9247631Z dist-weaveos/assets/weaveos-DybwogyS.js                            628.23 kB │ gzip: 204.64 kB
2026-10-07T06:38:28.9248172Z 
2026-10-07T06:38:28.9276840Z [33m[plugin builtin:vite-reporter] 
2026-10-07T06:38:28.9277492Z (!) Some chunks are larger than 500 kB after minification. Consider:
2026-10-07T06:38:28.9278173Z - Using dynamic import() to code-split the application
2026-10-07T06:38:28.9279007Z - Use build.rolldownOptions.output.codeSplitting to improve chunking: https://rolldown.rs/reference/OutputOptions.codeSplitting
2026-10-07T06:38:28.9279843Z - Adjust chunk size limit for this warning via build.chunkSizeWarningLimit.[39m
2026-10-07T06:38:28.9362964Z [32m✓ built in 361ms[39m
2026-10-07T06:38:28.9718859Z ##[group]Run npm run build:weaveos:library
2026-10-07T06:38:28.9719157Z [36;1mnpm run build:weaveos:library[0m
2026-10-07T06:38:28.9774829Z shell: /usr/bin/bash -e {0}
2026-10-07T06:38:28.9775056Z ##[endgroup]
2026-10-07T06:38:29.0589542Z 
2026-10-07T06:38:29.0590265Z > arca-ui@0.0.1 build:weaveos:library
2026-10-07T06:38:29.0591399Z > vite build --config vite.weaveos-library.config.ts && tsc -p tsconfig.weaveos-library.json && node scripts/weaveos/package.mjs
2026-10-07T06:38:29.0592110Z 
2026-10-07T06:38:29.1987566Z [36mvite v8.3.0 [32mbuilding client environment for production...[36m[39m
2026-10-07T06:38:29.2084939Z transforming...
2026-10-07T06:38:29.2143247Z ✓ 27 modules transformed.
2026-10-07T06:38:29.2189475Z rendering chunks...
2026-10-07T06:38:29.2245513Z computing gzip size...
2026-10-07T06:38:29.2255097Z dist-library/index.js  51.21 kB │ gzip: 13.10 kB
2026-10-07T06:38:29.2255455Z 
2026-10-07T06:38:29.2268562Z [32m✓ built in 27ms[39m
2026-10-07T06:38:31.0548659Z Prepared private/unpublished component artifact at dist-library
2026-10-07T06:38:31.0682426Z ##[group]Run npm run test:weaveos:package
2026-10-07T06:38:31.0682886Z [36;1mnpm run test:weaveos:package[0m
2026-10-07T06:38:31.0761736Z shell: /usr/bin/bash -e {0}
2026-10-07T06:38:31.0762069Z ##[endgroup]
2026-10-07T06:38:31.1587267Z 
2026-10-07T06:38:31.1587940Z > arca-ui@0.0.1 test:weaveos:package
2026-10-07T06:38:31.1588545Z > node --test tests/weaveos/package.test.mjs
2026-10-07T06:38:31.1588819Z 
2026-10-07T06:38:31.6429533Z ✔ consumer artifact exports controls, theme and source-aware dialog (0.786125ms)
2026-10-07T06:38:31.6435269Z ✔ package has typed exports, explicit React peers and safe unpublished metadata (0.243901ms)
2026-10-07T06:38:31.6436534Z ✔ artifact has no source aliases or demo app and CSS stays scoped (0.393933ms)
2026-10-07T06:38:31.6437557Z ✔ distributed license and source attribution accompany components (0.152566ms)
2026-10-07T06:38:31.6743387Z ℹ tests 4
2026-10-07T06:38:31.6743985Z ℹ suites 0
2026-10-07T06:38:31.6744276Z ℹ pass 4
2026-10-07T06:38:31.6744658Z ℹ fail 0
2026-10-07T06:38:31.6744943Z ℹ cancelled 0
2026-10-07T06:38:31.6745243Z ℹ skipped 0
2026-10-07T06:38:31.6745530Z ℹ todo 0
2026-10-07T06:38:31.6745845Z ℹ duration_ms 485.164924
2026-10-07T06:38:31.6860505Z ##[group]Run npm run test:weaveos
2026-10-07T06:38:31.6860772Z [36;1mnpm run test:weaveos[0m
2026-10-07T06:38:31.6918029Z shell: /usr/bin/bash -e {0}
2026-10-07T06:38:31.6918284Z ##[endgroup]
2026-10-07T06:38:31.7726129Z 
2026-10-07T06:38:31.7726713Z > arca-ui@0.0.1 test:weaveos
2026-10-07T06:38:31.7727141Z > playwright test -c playwright.weaveos.config.ts
2026-10-07T06:38:31.7727348Z 
2026-10-07T06:38:33.0475983Z ✔ AND and OR compose without flattening or changing meaning (1.379743ms)
2026-10-07T06:38:33.0535951Z ✔ text supports only equal or not equal, numeric supports all six (0.578076ms)
2026-10-07T06:38:33.0581139Z ✔ depth three is valid and depth four is rejected (0.232294ms)
2026-10-07T06:38:33.0640483Z ✔ condition budget is twenty, independent of grouping (0.253776ms)
2026-10-07T06:38:33.0647701Z ✔ unknown fields, operators, empty groups and malformed leaves fail closed (2.595293ms)
2026-10-07T06:38:33.0675080Z ✔ empty text is an explicit valid equality, exact decimal strings remain unchanged (0.186306ms)
2026-10-07T06:38:33.0694394Z ✔ oversized and cyclic filters are rejected without throwing (0.243781ms)
2026-10-07T06:38:33.0725375Z ✔ opening starts at the source center with its size (1.306976ms)
2026-10-07T06:38:33.0738879Z ✔ each distinct source yields its own trajectory (0.288037ms)
2026-10-07T06:38:33.0774804Z ✔ absent source uses no displacement (0.211664ms)
2026-10-07T06:38:33.0780165Z ✔ invalid or zero rectangles fall back safely (0.172536ms)
2026-10-07T06:38:33.0781240Z ✔ no division by zero from an unmeasured panel (0.131194ms)
2026-10-07T06:38:33.6745536Z ✔ consumer artifact exports controls, theme and source-aware dialog (0.272143ms)
2026-10-07T06:38:33.6748787Z ✔ package has typed exports, explicit React peers and safe unpublished metadata (0.265463ms)
2026-10-07T06:38:33.6753148Z ✔ artifact has no source aliases or demo app and CSS stays scoped (0.423968ms)
2026-10-07T06:38:33.6755115Z ✔ distributed license and source attribution accompany components (0.133848ms)
2026-10-07T06:38:33.6851045Z ✔ small pages list exact pages; large totals use bounded windows (0.315978ms)
2026-10-07T06:38:33.6852109Z ✔ first and last pages retain nearby navigation without enumerating total (0.144725ms)
2026-10-07T06:38:33.6855194Z ✔ page input accepts only in-range integers, not coercions or partial numbers (0.202219ms)
2026-10-07T06:38:33.6857084Z ✔ invalid page metadata cannot produce navigable links (0.162461ms)
2026-10-07T06:38:33.7194790Z 
2026-10-07T06:38:33.7195581Z Running 45 tests using 2 workers
2026-10-07T06:38:33.7195903Z 
2026-10-07T06:38:36.1386780Z   ✓   1 [chromium] › tests/weaveos/data-workspace.spec.ts:5:1 › table renders only the current supplied page despite a large server total (1.5s)
2026-10-07T06:38:36.9726189Z   ✓   2 [chromium] › tests/weaveos/data-workspace.spec.ts:11:1 › arbitrary page jump emits controlled request and waits for returned page (2.3s)
2026-10-07T06:38:38.0259639Z   ✓   3 [chromium] › tests/weaveos/data-workspace.spec.ts:19:1 › text has no normal sort while numerical sorting is server-controlled (1.9s)
2026-10-07T06:38:40.2412966Z   ✓   4 [chromium] › tests/weaveos/data-workspace.spec.ts:27:1 › hide a column changes display without clearing sort or issuing a query (3.2s)
2026-10-07T06:38:40.7287989Z   ✓   5 [chromium] › tests/weaveos/data-workspace.spec.ts:38:1 › related data change requires refresh and refresh requests page one (2.7s)
2026-10-07T06:38:42.1836121Z   ✓   6 [chromium] › tests/weaveos/data-workspace.spec.ts:46:1 › only current page selection is controlled and filtering does not happen locally (1.9s)
2026-10-07T06:38:43.8446263Z   ✓   7 [chromium] › tests/weaveos/data-workspace.spec.ts:51:1 › table workspace passes settled accessibility and captures actual desktop UI (3.1s)
2026-10-07T06:38:44.9453916Z   ✓   8 [chromium] › tests/weaveos/data-workspace.spec.ts:56:1 › page-size change is a controlled request that resets to first page (2.7s)
2026-10-07T06:38:45.1060601Z   ✓   9 [chromium] › tests/weaveos/data-workspace.spec.ts:63:1 › invalid arbitrary page never emits a coerced query (1.2s)
2026-10-07T06:38:46.3959807Z   ✓  11 [chromium] › tests/weaveos/feedback.spec.ts:3:1 › tooltip opens from keyboard focus, escapes and preserves trigger focus (1.3s)
2026-10-07T06:38:47.3972933Z   ✓  10 [chromium] › tests/weaveos/data-workspace.spec.ts:69:1 › failed response keeps previous confirmed page and exposes an explicit retry (2.4s)
2026-10-07T06:38:47.8806325Z   ✓  12 [chromium] › tests/weaveos/feedback.spec.ts:4:1 › progress distinguishes confirmed numeric value from indeterminate waiting (1.5s)
2026-10-07T06:38:49.1868516Z   ✓  14 [chromium] › tests/weaveos/field-basics.spec.ts:4:1 › decimal string retains every digit and trailing zero through edits and blur (1.3s)
2026-10-07T06:38:49.9248980Z   ✓  13 [chromium] › tests/weaveos/feedback.spec.ts:5:1 › skeleton is decorative and dark feedback controls remain accessible (2.5s)
2026-10-07T06:38:50.6004807Z   ✓  15 [chromium] › tests/weaveos/field-basics.spec.ts:10:1 › decimal zero remains a string while clearing produces explicit null (1.4s)
2026-10-07T06:38:51.3202173Z   ✓  16 [chromium] › tests/weaveos/field-basics.spec.ts:14:1 › nullable Boolean keeps null false and true separate (1.4s)
2026-10-07T06:38:51.9249022Z   ✓  17 [chromium] › tests/weaveos/field-basics.spec.ts:21:1 › readonly fields cannot emit edits, including Boolean pointer and keyboard (1.3s)
2026-10-07T06:38:52.5249507Z   ✓  18 [chromium] › tests/weaveos/field-basics.spec.ts:28:1 › multiline text preserves Unicode newlines and intentional empty text (1.2s)
2026-10-07T06:38:53.9266404Z   ✓  19 [chromium] › tests/weaveos/field-basics.spec.ts:33:1 › field errors are associated with inputs and settled controls remain accessible (2.0s)
2026-10-07T06:38:56.9381297Z   ✓  20 [chromium] › tests/weaveos/filter-manager.spec.ts:4:1 › opens saved-filter management first, with only one preset applied (4.4s)
2026-10-07T06:38:57.4071994Z   ✓  21 [chromium] › tests/weaveos/filter-manager.spec.ts:14:1 › constructs AND with an OR subgroup and persists exact conditions (3.5s)
2026-10-07T06:39:00.0008754Z   ✓  22 [chromium] › tests/weaveos/filter-manager.spec.ts:27:1 › failed persistence retains editor and never reports saved (3.1s)
2026-10-07T06:39:00.4266641Z   ✓  23 [chromium] › tests/weaveos/filter-manager.spec.ts:36:1 › dirty Escape asks before discarding and restores source focus (3.0s)
2026-10-07T06:39:02.6956135Z   ✓  25 [chromium] › tests/weaveos/filter-manager.spec.ts:53:1 › applying a preset emits a page-one host query without client-side table filtering (2.3s)
2026-10-07T06:39:03.3715361Z   ✓  24 [chromium] › tests/weaveos/filter-manager.spec.ts:44:1 › text comparisons exclude range operators and editor is accessible (3.4s)
2026-10-07T06:39:05.5550616Z   ✓  27 [chromium] › tests/weaveos/filter-manager.spec.ts:66:1 › deleting a preset requires confirmation and cancellation preserves it (2.2s)
2026-10-07T06:39:05.9101027Z   ✓  26 [chromium] › tests/weaveos/filter-manager.spec.ts:59:1 › editing a saved preset preserves identity, saving alone does not apply (3.2s)
2026-10-07T06:39:09.4256141Z V042_OPENING_GEOMETRY {"count":26,"widths":[440,94.7471923828125,97.9400634765625,103.7552490234375,142.1160888671875,184.9837646484375,225.96295166015625,353.4056396484375,414.60675048828125,435.3309326171875,439.6574401855469,439.9999694824219,440,440.0000305175781,440,440,440,440,440,440,440,440,440,440,440,440],"expanded":440}
2026-10-07T06:39:09.5954083Z   ✓  28 [chromium] › tests/weaveos/origin-motion.spec.ts:3:1 › window geometry really travels from and returns toward the trigger (4.0s)
2026-10-07T06:39:10.2772889Z   ✓  29 [chromium] › tests/weaveos/origin-motion.spec.ts:29:1 › successful save returns the window toward its source too (4.3s)
2026-10-07T06:39:12.1828189Z   ✓  31 [chromium] › tests/weaveos/studio.spec.ts:6:1 › shell uses collapsible icon rail and edge-to-edge content card (1.9s)
2026-10-07T06:39:13.8681657Z   ✓  30 [chromium] › tests/weaveos/preview.spec.ts:3:1 › capture component studio review images (4.2s)
2026-10-07T06:39:14.5844094Z   ✓  32 [chromium] › tests/weaveos/studio.spec.ts:19:1 › source dialog has accessible title, focus isolation and restores origin (2.4s)
2026-10-07T06:39:16.2182729Z   ✓  33 [chromium] › tests/weaveos/studio.spec.ts:34:1 › second source restores its own focus (2.4s)
2026-10-07T06:39:19.3612357Z   ✓  34 [chromium] › tests/weaveos/studio.spec.ts:41:1 › close during opening and repeat never leaves an overlay or locked page (4.8s)
2026-10-07T06:39:20.9183072Z   ✓  35 [chromium] › tests/weaveos/studio.spec.ts:49:1 › save feedback waits for result and errors retain editable input (4.7s)
2026-10-07T06:39:22.2435998Z   ✓  36 [chromium] › tests/weaveos/studio.spec.ts:65:1 › nested select Escape dismisses only the list, then dialog (2.9s)
2026-10-07T06:39:23.0052504Z   ✓  37 [chromium] › tests/weaveos/studio.spec.ts:74:1 › reduced motion preserves usable modal without scale displacement (2.1s)
2026-10-07T06:39:24.4988874Z   ✓  39 [chromium] › tests/weaveos/studio.spec.ts:92:1 › theme controls, basic controls and component navigation work (1.5s)
2026-10-07T06:39:25.0351505Z   ✓  38 [chromium] › tests/weaveos/studio.spec.ts:83:1 › mobile view fits viewport and dialog remains operable (2.8s)
2026-10-07T06:39:26.0893036Z   ✓  41 [chromium] › tests/weaveos/workspace-tabs.spec.ts:3:1 › workspace tabs keep pinned labels clean and nonclosable (1.0s)
2026-10-07T06:39:27.3535236Z   ✓  42 [chromium] › tests/weaveos/workspace-tabs.spec.ts:4:1 › workspace tabs use arrow Home End navigation and skip disabled tabs (1.3s)
2026-10-07T06:39:27.8045966Z   ✓  40 [chromium] › tests/weaveos/studio.spec.ts:102:1 › studio and open modal have no serious accessibility violations (3.3s)
2026-10-07T06:39:28.8135669Z   ✓  43 [chromium] › tests/weaveos/workspace-tabs.spec.ts:5:1 › workspace tab switch is controlled and never optimistically accepts a refused request (1.4s)
2026-10-07T06:39:29.2140372Z   ✓  44 [chromium] › tests/weaveos/workspace-tabs.spec.ts:6:1 › workspace close only requests removal until its owner confirms (1.4s)
2026-10-07T06:39:30.7690220Z   ✘  45 [chromium] › tests/weaveos/workspace-tabs.spec.ts:7:1 › workspace tabs have accessible dark panels and reduced-motion presentation (1.8s)
2026-10-07T06:39:30.8441663Z 
2026-10-07T06:39:30.8445650Z 
2026-10-07T06:39:30.8454725Z   1) [chromium] › tests/weaveos/workspace-tabs.spec.ts:7:1 › workspace tabs have accessible dark panels and reduced-motion presentation 
2026-10-07T06:39:30.8455388Z 
2026-10-07T06:39:30.8455605Z     Error: expect(received).toEqual(expected) // deep equality
2026-10-07T06:39:30.8455823Z 
2026-10-07T06:39:30.8455912Z     - Expected  -  1
2026-10-07T06:39:30.8456244Z     + Received  + 62
2026-10-07T06:39:30.8456405Z 
2026-10-07T06:39:30.8456525Z     - Array []
2026-10-07T06:39:30.8456784Z     + Array [
2026-10-07T06:39:30.8457439Z     +   Object {
2026-10-07T06:39:30.8457989Z     +     "description": "Ensure elements with an ARIA role that require child roles contain them",
2026-10-07T06:39:30.8458713Z     +     "help": "Certain ARIA roles must contain particular children",
2026-10-07T06:39:30.8459589Z     +     "helpUrl": "https://dequeuniversity.com/rules/axe/4.13/aria-required-children?application=playwright",
2026-10-07T06:39:30.8460322Z     +     "id": "aria-required-children",
2026-10-07T06:39:30.8460712Z     +     "impact": "critical",
2026-10-07T06:39:30.8461027Z     +     "nodes": Array [
2026-10-07T06:39:30.8461312Z     +       Object {
2026-10-07T06:39:30.8461612Z     +         "all": Array [],
2026-10-07T06:39:30.8461917Z     +         "any": Array [
2026-10-07T06:39:30.8462207Z     +           Object {
2026-10-07T06:39:30.8462537Z     +             "data": Object {
2026-10-07T06:39:30.8462921Z     +               "messageKey": "unallowed",
2026-10-07T06:39:30.8463349Z     +               "values": "button[aria-label]",
2026-10-07T06:39:30.8463618Z     +             },
2026-10-07T06:39:30.8464013Z     +             "id": "aria-required-children",
2026-10-07T06:39:30.8464274Z     +             "impact": "critical",
2026-10-07T06:39:30.8464648Z     +             "message": "Element has children which are not allowed: button[aria-label]",
2026-10-07T06:39:30.8464999Z     +             "relatedNodes": Array [
2026-10-07T06:39:30.8465224Z     +               Object {
2026-10-07T06:39:30.8465756Z     +                 "html": "<button class=\"wo-tabs-close\" type=\"button\" aria-label=\"关闭人事管理\">",
2026-10-07T06:39:30.8466130Z     +                 "target": Array [
2026-10-07T06:39:30.8466437Z     +                   "button[aria-label=\"关闭人事管理\"]",
2026-10-07T06:39:30.8466687Z     +                 ],
2026-10-07T06:39:30.8466867Z     +               },
2026-10-07T06:39:30.8467057Z     +               Object {
2026-10-07T06:39:30.8467521Z     +                 "html": "<button class=\"wo-tabs-close\" type=\"button\" aria-label=\"关闭客户管理\" disabled=\"\">",
2026-10-07T06:39:30.8467930Z     +                 "target": Array [
2026-10-07T06:39:30.8468226Z     +                   "button[aria-label=\"关闭客户管理\"]",
2026-10-07T06:39:30.8468458Z     +                 ],
2026-10-07T06:39:30.8468641Z     +               },
2026-10-07T06:39:30.8468818Z     +               Object {
2026-10-07T06:39:30.8469222Z     +                 "html": "<button class=\"wo-tabs-close\" type=\"button\" aria-label=\"关闭财务管理\">",
2026-10-07T06:39:30.8469578Z     +                 "target": Array [
2026-10-07T06:39:30.8469879Z     +                   "button[aria-label=\"关闭财务管理\"]",
2026-10-07T06:39:30.8470122Z     +                 ],
2026-10-07T06:39:30.8470321Z     +               },
2026-10-07T06:39:30.8470498Z     +             ],
2026-10-07T06:39:30.8470676Z     +           },
2026-10-07T06:39:30.8471042Z     +         ],
2026-10-07T06:39:30.8471283Z     +         "failureSummary": "Fix any of the following:
2026-10-07T06:39:30.8471649Z     +   Element has children which are not allowed: button[aria-label]",
2026-10-07T06:39:30.8472700Z     +         "html": "<div data-orientation=\"horizontal\" data-activation-dire...=\"right\" role=\"tablist\" data-slot=\"tabs-list\" data-variant=\"default\" aria-label=\"应用标签页\" class=\"cn-tabs-list group/t...\">",
2026-10-07T06:39:30.8473344Z     +         "impact": "critical",
2026-10-07T06:39:30.8473579Z     +         "none": Array [],
2026-10-07T06:39:30.8473983Z     +         "target": Array [
2026-10-07T06:39:30.8474199Z     +           ".cn-tabs-list",
2026-10-07T06:39:30.8474408Z     +         ],
2026-10-07T06:39:30.8474586Z     +       },
2026-10-07T06:39:30.8474753Z     +     ],
2026-10-07T06:39:30.8474922Z     +     "tags": Array [
2026-10-07T06:39:30.8475113Z     +       "cat.aria",
2026-10-07T06:39:30.8475305Z     +       "wcag2a",
2026-10-07T06:39:30.8475492Z     +       "wcag131",
2026-10-07T06:39:30.8475674Z     +       "EN-301-549",
2026-10-07T06:39:30.8475871Z     +       "EN-9.1.3.1",
2026-10-07T06:39:30.8476061Z     +       "RGAAv4",
2026-10-07T06:39:30.8476236Z     +       "RGAA-9.3.1",
2026-10-07T06:39:30.8476509Z     +     ],
2026-10-07T06:39:30.8476671Z     +   },
2026-10-07T06:39:30.8476833Z     + ]
2026-10-07T06:39:30.8476932Z 
2026-10-07T06:39:30.8479444Z       5 | test('workspace tab switch is controlled and never optimistically accepts a refused request',async({page})=>{const list=page.getByRole('tablist',{name:'应用标签页'});await page.getByRole('checkbox',{name:'暂不接受切换'}).check();await list.getByRole('tab',{name:'人事管理',exact:true}).click();await expect(list.getByRole('tab',{name:'工作台',exact:true})).toHaveAttribute('aria-selected','true');await expect(page.getByRole('tabpanel',{name:'工作台',exact:true})).toBeVisible();await page.getByRole('checkbox',{name:'暂不接受切换'}).uncheck();await list.getByRole('tab',{name:'人事管理',exact:true}).click();await expect(page.getByRole('tabpanel',{name:'人事管理',exact:true})).toBeVisible();await expect(page.getByRole('tabpanel',{name:'工作台',exact:true})).toBeHidden()});
2026-10-07T06:39:30.8483001Z       6 | test('workspace close only requests removal until its owner confirms',async({page})=>{const list=page.getByRole('tablist',{name:'应用标签页'});await list.getByRole('button',{name:'关闭人事管理'}).click();await expect(list.getByRole('tab',{name:'人事管理',exact:true})).toBeVisible();await expect(page.getByRole('status',{name:'标签操作'})).toHaveText('请求关闭：人事管理');await page.getByRole('button',{name:'确认移除标签'}).click();await expect(list.getByRole('tab',{name:'人事管理',exact:true})).toHaveCount(0);await expect(list.getByRole('tab',{name:'工作台',exact:true})).toBeVisible()});
2026-10-07T06:39:30.8486848Z     > 7 | test('workspace tabs have accessible dark panels and reduced-motion presentation',async({page})=>{await page.emulateMedia({reducedMotion:'reduce'});await page.getByRole('button',{name:'深色模式',exact:true}).click();const section=page.getByRole('region',{name:'工作区标签页'});await section.scrollIntoViewIfNeeded();await section.getByRole('tab',{name:'财务管理',exact:true}).click();await expect(page.getByRole('tabpanel',{name:'财务管理',exact:true})).toContainText('报销与费用');const results=await new AxeBuilder({page}).include('[data-testid="workspace-tabs-demo"]').analyze();expect(results.violations).toEqual([]);await page.screenshot({path:'test-results/weaveos-workspace-tabs-dark.png'})});
2026-10-07T06:39:30.8489515Z         |                                                                                                                                                                                                                                                                                                                                                                                                                                                                                                                                                                                                           ^
2026-10-07T06:39:30.8490264Z       8 |
2026-10-07T06:39:30.8490588Z         at /home/runner/work/arca-ui/arca-ui/tests/weaveos/workspace-tabs.spec.ts:7:587
2026-10-07T06:39:30.8490959Z 
2026-10-07T06:39:30.8491301Z     attachment #1: screenshot (image/png) ──────────────────────────────────────────────────────────
2026-10-07T06:39:30.8491906Z     test-results/workspace-tabs-workspace-t-34066-reduced-motion-presentation-chromium/test-failed-1.png
2026-10-07T06:39:30.8492530Z     ────────────────────────────────────────────────────────────────────────────────────────────────
2026-10-07T06:39:30.8492757Z 
2026-10-07T06:39:30.8493119Z     Error Context: test-results/workspace-tabs-workspace-t-34066-reduced-motion-presentation-chromium/error-context.md
2026-10-07T06:39:30.8493501Z 
2026-10-07T06:39:30.8494424Z     attachment #3: trace (application/zip) ─────────────────────────────────────────────────────────
2026-10-07T06:39:30.8495055Z     test-results/workspace-tabs-workspace-t-34066-reduced-motion-presentation-chromium/trace.zip
2026-10-07T06:39:30.8495467Z     Usage:
2026-10-07T06:39:30.8495563Z 
2026-10-07T06:39:30.8495970Z         npx playwright show-trace test-results/workspace-tabs-workspace-t-34066-reduced-motion-presentation-chromium/trace.zip
2026-10-07T06:39:30.8496389Z 
2026-10-07T06:39:30.8496707Z     ────────────────────────────────────────────────────────────────────────────────────────────────
2026-10-07T06:39:30.8496938Z 
2026-10-07T06:39:30.8497019Z   1 failed
2026-10-07T06:39:30.8497571Z     [chromium] › tests/weaveos/workspace-tabs.spec.ts:7:1 › workspace tabs have accessible dark panels and reduced-motion presentation 
2026-10-07T06:39:30.8498202Z   44 passed (58.6s)
2026-10-07T06:39:30.8835301Z ##[error]Process completed with exit code 1.
2026-10-07T06:39:30.8909486Z ##[group]Run actions/upload-artifact@v4
2026-10-07T06:39:30.8909750Z with:
2026-10-07T06:39:30.8909930Z   name: weaveos-browser-evidence
2026-10-07T06:39:30.8910150Z   path: test-results/
2026-10-07T06:39:30.8910345Z   retention-days: 14
2026-10-07T06:39:30.8910535Z   if-no-files-found: warn
2026-10-07T06:39:30.8910733Z   compression-level: 6
2026-10-07T06:39:30.8910952Z   overwrite: false
2026-10-07T06:39:30.8911144Z   include-hidden-files: false
2026-10-07T06:39:30.8911342Z ##[endgroup]
2026-10-07T06:39:31.0235094Z (node:4173) [DEP0040] DeprecationWarning: The `punycode` module is deprecated. Please use a userland alternative instead.
2026-10-07T06:39:31.0235788Z (Use `node --trace-deprecation ...` to show where the warning was created)
2026-10-07T06:39:31.0306778Z With the provided path, there will be 10 files uploaded
2026-10-07T06:39:31.0311245Z Artifact name is valid!
2026-10-07T06:39:31.0312391Z Root directory input is valid!
2026-10-07T06:39:31.3441732Z Beginning upload of artifact content to blob storage
2026-10-07T06:39:31.4417140Z (node:4173) [DEP0169] DeprecationWarning: `url.parse()` behavior is not standardized and prone to errors that have security implications. Use the WHATWG URL API instead. CVEs are not issued for `url.parse()` vulnerabilities.
2026-10-07T06:39:32.0177354Z Uploaded bytes 2502446
2026-10-07T06:39:32.0740339Z Finished uploading artifact content to blob storage!
2026-10-07T06:39:32.0741196Z SHA256 digest of uploaded artifact zip is 304d47398048fb0b2b28fd1bae764f2bf5fb0aa9fabbd064b82a50f60b84256d
2026-10-07T06:39:32.0741956Z Finalizing artifact upload
2026-10-07T06:39:32.3569452Z Artifact weaveos-browser-evidence.zip successfully finalized. Artifact ID 11465240783
2026-10-07T06:39:32.3570611Z Artifact weaveos-browser-evidence has been successfully uploaded! Final size is 2502446 bytes. Artifact ID is 11465240783
2026-10-07T06:39:32.3576561Z Artifact download URL: https://github.com/Hubujiu/arca-ui/actions/runs/37582513369/artifacts/11465240783
2026-10-07T06:39:32.3768268Z Post job cleanup.
2026-10-07T06:39:32.4480020Z [command]/usr/bin/git version
2026-10-07T06:39:32.4518994Z git version 2.55.0
2026-10-07T06:39:32.4553764Z Temporarily overriding HOME='/home/runner/work/_temp/bbbee45d-bab2-4569-a407-92c513a5e23b' before making global git config changes
2026-10-07T06:39:32.4554840Z Adding repository directory to the temporary git global config as a safe directory
2026-10-07T06:39:32.4558943Z [command]/usr/bin/git config --global --add safe.directory /home/runner/work/arca-ui/arca-ui
2026-10-07T06:39:32.4598035Z [command]/usr/bin/git config --local --name-only --get-regexp core\.sshCommand
2026-10-07T06:39:32.4629592Z [command]/usr/bin/git submodule foreach --recursive sh -c "git config --local --name-only --get-regexp 'core\.sshCommand' && git config --local --unset-all 'core.sshCommand' || :"
2026-10-07T06:39:32.4845287Z [command]/usr/bin/git config --local --name-only --get-regexp http\.https\:\/\/github\.com\/\.extraheader
2026-10-07T06:39:32.6611237Z http.https://github.com/.extraheader
2026-10-07T06:39:32.6621431Z [command]/usr/bin/git config --local --unset-all http.https://github.com/.extraheader
2026-10-07T06:39:32.6658761Z [command]/usr/bin/git submodule foreach --recursive sh -c "git config --local --name-only --get-regexp 'http\.https\:\/\/github\.com\/\.extraheader' && git config --local --unset-all 'http.https://github.com/.extraheader' || :"
2026-10-07T06:39:32.6853604Z [command]/usr/bin/git config --local --name-only --get-regexp ^includeIf\.gitdir:
2026-10-07T06:39:32.6883139Z [command]/usr/bin/git submodule foreach --recursive git config --local --show-origin --name-only --get-regexp remote.origin.url
2026-10-07T06:39:32.7530239Z Cleaning up orphan processes
2026-10-07T06:39:32.7828826Z ##[warning]Node.js 20 is deprecated. The following actions target Node.js 20 but are being forced to run on Node.js 24: actions/checkout@v4, actions/setup-node@v4, actions/upload-artifact@v4. For more information see: https://github.blog/changelog/2025-09-19-deprecation-of-node-20-on-github-actions-runners/

