2026-10-07T06:44:15.9688917Z Current runner version: '2.337.0'
2026-10-07T06:44:15.9726862Z ##[group]Runner Image Provisioner
2026-10-07T06:44:15.9728172Z Hosted Compute Agent
2026-10-07T06:44:15.9729161Z Version: 20260901.588
2026-10-07T06:44:15.9730167Z Commit: f88ec8081b781fac6c440065ac7ff9e710ce3d0b
2026-10-07T06:44:15.9731654Z Build Date: 2026-09-01T19:56:44Z
2026-10-07T06:44:15.9732949Z Worker ID: {5cd5cbc6-0e4c-431c-a43d-064938b63fa9}
2026-10-07T06:44:15.9734299Z Azure Region: centralus
2026-10-07T06:44:15.9735658Z ##[endgroup]
2026-10-07T06:44:15.9738644Z ##[group]Operating System
2026-10-07T06:44:15.9739787Z Ubuntu
2026-10-07T06:44:15.9740596Z 24.04.5
2026-10-07T06:44:15.9741424Z LTS
2026-10-07T06:44:15.9742505Z ##[endgroup]
2026-10-07T06:44:15.9743495Z ##[group]Runner Image
2026-10-07T06:44:15.9744772Z Image: ubuntu-24.04
2026-10-07T06:44:15.9746073Z Version: 20260927.320.1
2026-10-07T06:44:15.9748387Z Included Software: https://github.com/actions/runner-images/blob/ubuntu24/20260927.320/images/ubuntu/Ubuntu2404-Readme.md
2026-10-07T06:44:15.9751219Z Image Release: https://github.com/actions/runner-images/releases/tag/ubuntu24%2F20260927.320
2026-10-07T06:44:15.9753616Z ##[endgroup]
2026-10-07T06:44:15.9755711Z ##[group]GITHUB_TOKEN Permissions
2026-10-07T06:44:15.9758849Z Contents: read
2026-10-07T06:44:15.9759876Z Metadata: read
2026-10-07T06:44:15.9760869Z ##[endgroup]
2026-10-07T06:44:15.9764320Z Secret source: Actions
2026-10-07T06:44:15.9766331Z Cache mode: write
2026-10-07T06:44:15.9768033Z Prepare workflow directory
2026-10-07T06:44:16.0131741Z Prepare all required actions
2026-10-07T06:44:16.0203825Z Getting action download info
2026-10-07T06:44:16.2711520Z Download action repository 'actions/checkout@v4' (SHA:11d5960a326750d5838078e36cf38b85af677262)
2026-10-07T06:44:16.3750300Z Download action repository 'actions/setup-node@v4' (SHA:49933ea5288caeca8642d1e84afbd3f7d6820020)
2026-10-07T06:44:16.5103045Z Download action repository 'actions/upload-artifact@v4' (SHA:ea165f8d65b6e75b540449e92b4886f43607fa02)
2026-10-07T06:44:16.7306478Z Complete job name: browser
2026-10-07T06:44:16.8103181Z ##[group]Run actions/checkout@v4
2026-10-07T06:44:16.8104053Z with:
2026-10-07T06:44:16.8104498Z   repository: Hubujiu/arca-ui
2026-10-07T06:44:16.8108335Z   token: ***
2026-10-07T06:44:16.8108768Z   ssh-strict: true
2026-10-07T06:44:16.8109196Z   ssh-user: git
2026-10-07T06:44:16.8109630Z   persist-credentials: true
2026-10-07T06:44:16.8110192Z   clean: true
2026-10-07T06:44:16.8110637Z   sparse-checkout-cone-mode: true
2026-10-07T06:44:16.8111148Z   fetch-depth: 1
2026-10-07T06:44:16.8111579Z   fetch-tags: false
2026-10-07T06:44:16.8112015Z   show-progress: true
2026-10-07T06:44:16.8112454Z   lfs: false
2026-10-07T06:44:16.8112875Z   submodules: false
2026-10-07T06:44:16.8113322Z   set-safe-directory: true
2026-10-07T06:44:16.8113844Z   allow-unsafe-pr-checkout: false
2026-10-07T06:44:16.8114664Z ##[endgroup]
2026-10-07T06:44:16.9159536Z Syncing repository: Hubujiu/arca-ui
2026-10-07T06:44:16.9161505Z ##[group]Getting Git version info
2026-10-07T06:44:16.9162333Z Working directory is '/home/runner/work/arca-ui/arca-ui'
2026-10-07T06:44:16.9163964Z [command]/usr/bin/git version
2026-10-07T06:44:16.9218699Z git version 2.55.0
2026-10-07T06:44:16.9247551Z ##[endgroup]
2026-10-07T06:44:16.9257035Z Temporarily overriding HOME='/home/runner/work/_temp/42e591ea-8f57-49c9-b51a-da75a27bd4b8' before making global git config changes
2026-10-07T06:44:16.9259413Z Adding repository directory to the temporary git global config as a safe directory
2026-10-07T06:44:16.9262325Z [command]/usr/bin/git config --global --add safe.directory /home/runner/work/arca-ui/arca-ui
2026-10-07T06:44:16.9315759Z Deleting the contents of '/home/runner/work/arca-ui/arca-ui'
2026-10-07T06:44:16.9328895Z ##[group]Initializing the repository
2026-10-07T06:44:16.9338214Z [command]/usr/bin/git init /home/runner/work/arca-ui/arca-ui
2026-10-07T06:44:16.9444439Z hint: Using 'master' as the name for the initial branch. This default branch name
2026-10-07T06:44:16.9446928Z hint: will change to "main" in Git 3.0. To configure the initial branch name
2026-10-07T06:44:16.9449405Z hint: to use in all of your new repositories, which will suppress this warning,
2026-10-07T06:44:16.9451230Z hint: call:
2026-10-07T06:44:16.9452626Z hint:
2026-10-07T06:44:16.9453892Z hint: 	git config --global init.defaultBranch <name>
2026-10-07T06:44:16.9455518Z hint:
2026-10-07T06:44:16.9457214Z hint: Names commonly chosen instead of 'master' are 'main', 'trunk' and
2026-10-07T06:44:16.9459035Z hint: 'development'. The just-created branch can be renamed via this command:
2026-10-07T06:44:16.9460246Z hint:
2026-10-07T06:44:16.9460899Z hint: 	git branch -m <name>
2026-10-07T06:44:16.9461657Z hint:
2026-10-07T06:44:16.9462693Z hint: Disable this message with "git config set advice.defaultBranchName false"
2026-10-07T06:44:16.9464324Z Initialized empty Git repository in /home/runner/work/arca-ui/arca-ui/.git/
2026-10-07T06:44:16.9467099Z [command]/usr/bin/git remote add origin https://github.com/Hubujiu/arca-ui
2026-10-07T06:44:16.9523153Z ##[endgroup]
2026-10-07T06:44:16.9524528Z ##[group]Disabling automatic garbage collection
2026-10-07T06:44:16.9528010Z [command]/usr/bin/git config --local gc.auto 0
2026-10-07T06:44:16.9567350Z ##[endgroup]
2026-10-07T06:44:16.9568493Z ##[group]Setting up auth
2026-10-07T06:44:16.9575948Z [command]/usr/bin/git config --local --name-only --get-regexp core\.sshCommand
2026-10-07T06:44:16.9616570Z [command]/usr/bin/git submodule foreach --recursive sh -c "git config --local --name-only --get-regexp 'core\.sshCommand' && git config --local --unset-all 'core.sshCommand' || :"
2026-10-07T06:44:16.9962386Z [command]/usr/bin/git config --local --name-only --get-regexp http\.https\:\/\/github\.com\/\.extraheader
2026-10-07T06:44:17.0004239Z [command]/usr/bin/git submodule foreach --recursive sh -c "git config --local --name-only --get-regexp 'http\.https\:\/\/github\.com\/\.extraheader' && git config --local --unset-all 'http.https://github.com/.extraheader' || :"
2026-10-07T06:44:17.0265055Z [command]/usr/bin/git config --local --name-only --get-regexp ^includeIf\.gitdir:
2026-10-07T06:44:17.0326820Z [command]/usr/bin/git submodule foreach --recursive git config --local --show-origin --name-only --get-regexp remote.origin.url
2026-10-07T06:44:17.0581663Z [command]/usr/bin/git config --local http.https://github.com/.extraheader AUTHORIZATION: basic ***
2026-10-07T06:44:17.0624567Z ##[endgroup]
2026-10-07T06:44:17.0626271Z ##[group]Fetching the repository
2026-10-07T06:44:17.0636232Z [command]/usr/bin/git -c protocol.version=2 fetch --no-tags --prune --no-recurse-submodules --depth=1 origin +8eec36364bcb6fa1e8e71f3b2264e5aafd4fd4a1:refs/remotes/origin/task/V030-042-weaveos-components
2026-10-07T06:44:17.6312716Z From https://github.com/Hubujiu/arca-ui
2026-10-07T06:44:17.6316483Z  * [new ref]         8eec36364bcb6fa1e8e71f3b2264e5aafd4fd4a1 -> origin/task/V030-042-weaveos-components
2026-10-07T06:44:17.6323188Z ##[endgroup]
2026-10-07T06:44:17.6326021Z ##[group]Determining the checkout info
2026-10-07T06:44:17.6328563Z ##[endgroup]
2026-10-07T06:44:17.6329738Z [command]/usr/bin/git sparse-checkout disable
2026-10-07T06:44:17.6378611Z [command]/usr/bin/git config --local --unset-all extensions.worktreeConfig
2026-10-07T06:44:17.6411809Z ##[group]Checking out the ref
2026-10-07T06:44:17.6417021Z [command]/usr/bin/git checkout --progress --force -B task/V030-042-weaveos-components refs/remotes/origin/task/V030-042-weaveos-components
2026-10-07T06:44:17.7134928Z Switched to a new branch 'task/V030-042-weaveos-components'
2026-10-07T06:44:17.7142353Z branch 'task/V030-042-weaveos-components' set up to track 'origin/task/V030-042-weaveos-components'.
2026-10-07T06:44:17.7147387Z ##[endgroup]
2026-10-07T06:44:17.7190357Z [command]/usr/bin/git log -1 --format=%H
2026-10-07T06:44:17.7217775Z 8eec36364bcb6fa1e8e71f3b2264e5aafd4fd4a1
2026-10-07T06:44:17.7681231Z ##[group]Run actions/setup-node@v4
2026-10-07T06:44:17.7682555Z with:
2026-10-07T06:44:17.7683452Z   node-version: 24.19.0
2026-10-07T06:44:17.7684488Z   cache: npm
2026-10-07T06:44:17.7685820Z   always-auth: false
2026-10-07T06:44:17.7686846Z   check-latest: false
2026-10-07T06:44:17.7696957Z   token: ***
2026-10-07T06:44:17.7697905Z ##[endgroup]
2026-10-07T06:44:17.9091312Z Attempting to download 24.19.0...
2026-10-07T06:44:17.9196460Z (node:2277) [DEP0040] DeprecationWarning: The `punycode` module is deprecated. Please use a userland alternative instead.
2026-10-07T06:44:17.9199578Z (Use `node --trace-deprecation ...` to show where the warning was created)
2026-10-07T06:44:18.6560531Z Acquiring 24.19.0 - x64 from https://github.com/actions/node-versions/releases/download/24.19.0-30872449280/node-24.19.0-linux-x64.tar.gz
2026-10-07T06:44:19.1938862Z Extracting ...
2026-10-07T06:44:19.2067803Z [command]/usr/bin/tar xz --strip 1 --warning=no-unknown-keyword --overwrite -C /home/runner/work/_temp/005c041c-156e-4678-9bb1-d5b423ffcaf2 -f /home/runner/work/_temp/b22bc262-817f-4d67-8900-8783aadb3c82
2026-10-07T06:44:20.4606372Z Adding to the cache ...
2026-10-07T06:44:23.0051528Z ##[group]Environment details
2026-10-07T06:44:23.2350018Z node: v24.19.0
2026-10-07T06:44:23.2350674Z npm: 11.17.0
2026-10-07T06:44:23.2351057Z yarn: 1.22.22
2026-10-07T06:44:23.2351901Z ##[endgroup]
2026-10-07T06:44:23.2375772Z [command]/opt/hostedtoolcache/node/24.19.0/x64/bin/npm config get cache
2026-10-07T06:44:23.3312458Z /home/runner/.npm
2026-10-07T06:44:23.4975601Z Cache hit for: node-cache-Linux-x64-npm-e49477bd2ac87adee467bcfea498780880a69ec42aeb10ad505d060aeecf5f10
2026-10-07T06:44:23.5096709Z (node:2277) [DEP0169] DeprecationWarning: `url.parse()` behavior is not standardized and prone to errors that have security implications. Use the WHATWG URL API instead. CVEs are not issued for `url.parse()` vulnerabilities.
2026-10-07T06:44:24.6316812Z Received 119382580 of 123576884 (96.6%), 113.7 MBs/sec
2026-10-07T06:44:24.7079539Z Received 123576884 of 123576884 (100.0%), 109.4 MBs/sec
2026-10-07T06:44:24.7080508Z Cache Size: ~118 MB (123576884 B)
2026-10-07T06:44:24.7117764Z [command]/usr/bin/tar -xf /home/runner/work/_temp/22403875-43c6-449c-9b6b-27e009af0aae/cache.tzst -P -C /home/runner/work/arca-ui/arca-ui --use-compress-program unzstd
2026-10-07T06:44:24.9591346Z Cache restored successfully
2026-10-07T06:44:24.9652347Z Cache restored from key: node-cache-Linux-x64-npm-e49477bd2ac87adee467bcfea498780880a69ec42aeb10ad505d060aeecf5f10
2026-10-07T06:44:24.9861329Z ##[group]Run npm ci --ignore-scripts
2026-10-07T06:44:24.9861779Z [36;1mnpm ci --ignore-scripts[0m
2026-10-07T06:44:25.0118545Z shell: /usr/bin/bash -e {0}
2026-10-07T06:44:25.0118845Z ##[endgroup]
2026-10-07T06:44:39.9670921Z 
2026-10-07T06:44:39.9681143Z added 517 packages, and audited 518 packages in 15s
2026-10-07T06:44:39.9682140Z 
2026-10-07T06:44:39.9682757Z 163 packages are looking for funding
2026-10-07T06:44:39.9683620Z   run `npm fund` for details
2026-10-07T06:44:39.9747103Z 
2026-10-07T06:44:39.9747702Z 8 high severity vulnerabilities
2026-10-07T06:44:39.9748442Z 
2026-10-07T06:44:39.9749110Z To address issues that do not require attention, run:
2026-10-07T06:44:39.9749787Z   npm audit fix
2026-10-07T06:44:39.9750024Z 
2026-10-07T06:44:39.9750463Z To address all issues (including breaking changes), run:
2026-10-07T06:44:39.9751111Z   npm audit fix --force
2026-10-07T06:44:39.9751374Z 
2026-10-07T06:44:39.9751596Z Run `npm audit` for details.
2026-10-07T06:44:40.0946316Z ##[group]Run npx playwright install --with-deps chromium
2026-10-07T06:44:40.0946804Z [36;1mnpx playwright install --with-deps chromium[0m
2026-10-07T06:44:40.1012286Z shell: /usr/bin/bash -e {0}
2026-10-07T06:44:40.1012595Z ##[endgroup]
2026-10-07T06:44:40.8736602Z Installing dependencies...
2026-10-07T06:44:40.8815970Z Switching to root user to install dependencies...
2026-10-07T06:44:40.9686043Z Get:1 file:/etc/apt/apt-mirrors.txt Mirrorlist [144 B]
2026-10-07T06:44:40.9983338Z Get:6 https://packages.microsoft.com/ubuntu/24.04/prod noble InRelease [3600 B]
2026-10-07T06:44:41.0113868Z Hit:2 http://azure.archive.ubuntu.com/ubuntu noble InRelease
2026-10-07T06:44:41.0126883Z Get:3 http://azure.archive.ubuntu.com/ubuntu noble-updates InRelease [126 kB]
2026-10-07T06:44:41.0167017Z Get:4 http://azure.archive.ubuntu.com/ubuntu noble-backports InRelease [126 kB]
2026-10-07T06:44:41.0203681Z Get:5 http://azure.archive.ubuntu.com/ubuntu noble-security InRelease [126 kB]
2026-10-07T06:44:41.0796831Z Get:7 https://packages.microsoft.com/ubuntu/24.04/prod noble/main arm64 Packages [463 kB]
2026-10-07T06:44:41.0978701Z Get:8 https://packages.microsoft.com/ubuntu/24.04/prod noble/main armhf Packages [12.6 kB]
2026-10-07T06:44:41.1007707Z Get:9 https://packages.microsoft.com/ubuntu/24.04/prod noble/main amd64 Packages [519 kB]
2026-10-07T06:44:41.1898842Z Get:10 http://azure.archive.ubuntu.com/ubuntu noble-updates/main amd64 Packages [1375 kB]
2026-10-07T06:44:41.1968175Z Get:11 http://azure.archive.ubuntu.com/ubuntu noble-updates/main Translation-en [306 kB]
2026-10-07T06:44:41.2005506Z Get:12 http://azure.archive.ubuntu.com/ubuntu noble-updates/main amd64 Components [181 kB]
2026-10-07T06:44:41.2007238Z Get:13 http://azure.archive.ubuntu.com/ubuntu noble-updates/universe amd64 Packages [1701 kB]
2026-10-07T06:44:41.2097109Z Get:14 http://azure.archive.ubuntu.com/ubuntu noble-updates/universe Translation-en [341 kB]
2026-10-07T06:44:41.2114790Z Get:15 http://azure.archive.ubuntu.com/ubuntu noble-updates/universe amd64 Components [388 kB]
2026-10-07T06:44:41.2140290Z Get:16 http://azure.archive.ubuntu.com/ubuntu noble-updates/restricted amd64 Packages [1730 kB]
2026-10-07T06:44:41.2223090Z Get:17 http://azure.archive.ubuntu.com/ubuntu noble-updates/restricted Translation-en [396 kB]
2026-10-07T06:44:41.2250511Z Get:18 http://azure.archive.ubuntu.com/ubuntu noble-updates/multiverse Translation-en [13.3 kB]
2026-10-07T06:44:41.2272073Z Get:19 http://azure.archive.ubuntu.com/ubuntu noble-updates/multiverse amd64 Components [940 B]
2026-10-07T06:44:41.2903808Z Get:20 http://azure.archive.ubuntu.com/ubuntu noble-backports/main amd64 Components [5752 B]
2026-10-07T06:44:41.2912161Z Get:21 http://azure.archive.ubuntu.com/ubuntu noble-backports/universe amd64 Components [12.6 kB]
2026-10-07T06:44:41.2978374Z Get:22 http://azure.archive.ubuntu.com/ubuntu noble-security/main amd64 Packages [1073 kB]
2026-10-07T06:44:41.3039293Z Get:23 http://azure.archive.ubuntu.com/ubuntu noble-security/main Translation-en [223 kB]
2026-10-07T06:44:41.3056657Z Get:24 http://azure.archive.ubuntu.com/ubuntu noble-security/main amd64 Components [46.4 kB]
2026-10-07T06:44:41.3069457Z Get:25 http://azure.archive.ubuntu.com/ubuntu noble-security/universe amd64 Packages [1218 kB]
2026-10-07T06:44:41.3133898Z Get:26 http://azure.archive.ubuntu.com/ubuntu noble-security/universe Translation-en [245 kB]
2026-10-07T06:44:41.3151222Z Get:27 http://azure.archive.ubuntu.com/ubuntu noble-security/universe amd64 Components [76.3 kB]
2026-10-07T06:44:41.3162976Z Get:28 http://azure.archive.ubuntu.com/ubuntu noble-security/restricted amd64 Packages [1566 kB]
2026-10-07T06:44:41.3243605Z Get:29 http://azure.archive.ubuntu.com/ubuntu noble-security/restricted Translation-en [361 kB]
2026-10-07T06:44:41.3266215Z Get:30 http://azure.archive.ubuntu.com/ubuntu noble-security/multiverse Translation-en [11.6 kB]
2026-10-07T06:44:45.5389150Z Fetched 12.6 MB in 1s (9337 kB/s)
2026-10-07T06:44:46.3819407Z Reading package lists...
2026-10-07T06:44:46.4054321Z Reading package lists...
2026-10-07T06:44:46.5862112Z Building dependency tree...
2026-10-07T06:44:46.5869188Z Reading state information...
2026-10-07T06:44:46.7212027Z libasound2t64 is already the newest version (1.2.11-1ubuntu0.3).
2026-10-07T06:44:46.7213026Z libasound2t64 set to manually installed.
2026-10-07T06:44:46.7214009Z libatk-bridge2.0-0t64 is already the newest version (2.52.0-1build1).
2026-10-07T06:44:46.7214994Z libatk-bridge2.0-0t64 set to manually installed.
2026-10-07T06:44:46.7216519Z libatk1.0-0t64 is already the newest version (2.52.0-1build1).
2026-10-07T06:44:46.7217385Z libatk1.0-0t64 set to manually installed.
2026-10-07T06:44:46.7217985Z libatspi2.0-0t64 is already the newest version (2.52.0-1build1).
2026-10-07T06:44:46.7219091Z libatspi2.0-0t64 set to manually installed.
2026-10-07T06:44:46.7219691Z libcairo2 is already the newest version (1.18.0-3build1).
2026-10-07T06:44:46.7220169Z libcairo2 set to manually installed.
2026-10-07T06:44:46.7221020Z libcups2t64 is already the newest version (2.4.7-1.2ubuntu7.14).
2026-10-07T06:44:46.7221815Z libcups2t64 set to manually installed.
2026-10-07T06:44:46.7222693Z libdbus-1-3 is already the newest version (1.14.10-4ubuntu4.1).
2026-10-07T06:44:46.7223553Z libdbus-1-3 set to manually installed.
2026-10-07T06:44:46.7224449Z libdrm2 is already the newest version (2.4.125-1ubuntu0.1~24.04.2).
2026-10-07T06:44:46.7225540Z libdrm2 set to manually installed.
2026-10-07T06:44:46.7226526Z libglib2.0-0t64 is already the newest version (2.80.0-6ubuntu3.9).
2026-10-07T06:44:46.7227500Z libglib2.0-0t64 set to manually installed.
2026-10-07T06:44:46.7228482Z libnspr4 is already the newest version (2:4.35-1.1build1).
2026-10-07T06:44:46.7229425Z libnspr4 set to manually installed.
2026-10-07T06:44:46.7230317Z libnss3 is already the newest version (2:3.98-1ubuntu0.2).
2026-10-07T06:44:46.7231028Z libnss3 set to manually installed.
2026-10-07T06:44:46.7231890Z libpango-1.0-0 is already the newest version (1.52.1+ds-1build1).
2026-10-07T06:44:46.7232692Z libpango-1.0-0 set to manually installed.
2026-10-07T06:44:46.7233465Z libx11-6 is already the newest version (2:1.8.7-1build1).
2026-10-07T06:44:46.7234163Z libx11-6 set to manually installed.
2026-10-07T06:44:46.7234865Z libxcb1 is already the newest version (1.15-1ubuntu2).
2026-10-07T06:44:46.7235841Z libxcb1 set to manually installed.
2026-10-07T06:44:46.7236643Z libxcomposite1 is already the newest version (1:0.4.5-1build3).
2026-10-07T06:44:46.7237488Z libxcomposite1 set to manually installed.
2026-10-07T06:44:46.7238328Z libxdamage1 is already the newest version (1:1.1.6-1build1).
2026-10-07T06:44:46.7239075Z libxdamage1 set to manually installed.
2026-10-07T06:44:46.7239990Z libxext6 is already the newest version (2:1.3.4-1build2).
2026-10-07T06:44:46.7240721Z libxext6 set to manually installed.
2026-10-07T06:44:46.7241525Z libxfixes3 is already the newest version (1:6.0.0-2build1).
2026-10-07T06:44:46.7242312Z libxfixes3 set to manually installed.
2026-10-07T06:44:46.7243141Z libxkbcommon0 is already the newest version (1.6.0-1build1).
2026-10-07T06:44:46.7243945Z libxkbcommon0 set to manually installed.
2026-10-07T06:44:46.7244771Z libxrandr2 is already the newest version (2:1.5.2-2build1).
2026-10-07T06:44:46.7245799Z libxrandr2 set to manually installed.
2026-10-07T06:44:46.7246550Z xvfb is already the newest version (2:21.1.12-1ubuntu1.8).
2026-10-07T06:44:46.7247565Z fonts-noto-color-emoji is already the newest version (2.047-0ubuntu0.24.04.1).
2026-10-07T06:44:46.7248641Z libfontconfig1 is already the newest version (2.15.0-1.1ubuntu2).
2026-10-07T06:44:46.7249484Z libfontconfig1 set to manually installed.
2026-10-07T06:44:46.7250288Z fonts-liberation is already the newest version (1:2.1.5-3).
2026-10-07T06:44:46.7251055Z fonts-liberation set to manually installed.
2026-10-07T06:44:46.7251803Z The following additional packages will be installed:
2026-10-07T06:44:46.7252740Z   libgl1-mesa-dri libglx-mesa0 mesa-libgallium xfonts-encodings xfonts-utils
2026-10-07T06:44:46.7253841Z Recommended packages:
2026-10-07T06:44:46.7254403Z   fonts-ipafont-mincho fonts-tlwg-loma
2026-10-07T06:44:46.7414616Z The following NEW packages will be installed:
2026-10-07T06:44:46.7415686Z   fonts-freefont-ttf fonts-ipafont-gothic fonts-tlwg-loma-otf fonts-unifont
2026-10-07T06:44:46.7420532Z   fonts-wqy-zenhei xfonts-cyrillic xfonts-encodings xfonts-scalable
2026-10-07T06:44:46.7421226Z   xfonts-utils
2026-10-07T06:44:46.7424356Z The following packages will be upgraded:
2026-10-07T06:44:46.7429086Z   libfreetype6 libgbm1 libgl1-mesa-dri libglx-mesa0 mesa-libgallium
2026-10-07T06:44:46.7588520Z 5 upgraded, 9 newly installed, 0 to remove and 24 not upgraded.
2026-10-07T06:44:46.7589214Z Need to get 32.5 MB of archives.
2026-10-07T06:44:46.7589895Z After this operation, 79.5 MB of additional disk space will be used.
2026-10-07T06:44:46.7590402Z Get:1 file:/etc/apt/apt-mirrors.txt Mirrorlist [144 B]
2026-10-07T06:44:46.8146137Z Get:2 http://azure.archive.ubuntu.com/ubuntu noble/universe amd64 fonts-ipafont-gothic all 00303-21ubuntu1 [3513 kB]
2026-10-07T06:44:46.8747543Z Get:3 http://azure.archive.ubuntu.com/ubuntu noble/main amd64 fonts-freefont-ttf all 20211204+svn4273-2 [5641 kB]
2026-10-07T06:44:46.9586913Z Get:4 http://azure.archive.ubuntu.com/ubuntu noble/universe amd64 fonts-tlwg-loma-otf all 1:0.7.3-1 [107 kB]
2026-10-07T06:44:46.9873727Z Get:5 http://azure.archive.ubuntu.com/ubuntu noble/universe amd64 fonts-unifont all 1:15.1.01-1build1 [2993 kB]
2026-10-07T06:44:47.0444650Z Get:6 http://azure.archive.ubuntu.com/ubuntu noble/universe amd64 fonts-wqy-zenhei all 0.9.45-8 [7472 kB]
2026-10-07T06:44:47.1396745Z Get:7 http://azure.archive.ubuntu.com/ubuntu noble-updates/main amd64 libfreetype6 amd64 2.13.2+dfsg-1ubuntu0.2 [403 kB]
2026-10-07T06:44:47.1700782Z Get:8 http://azure.archive.ubuntu.com/ubuntu noble-updates/main amd64 libgl1-mesa-dri amd64 25.2.8-0ubuntu0.24.04.4 [38.0 kB]
2026-10-07T06:44:47.1982506Z Get:9 http://azure.archive.ubuntu.com/ubuntu noble-updates/main amd64 libglx-mesa0 amd64 25.2.8-0ubuntu0.24.04.4 [110 kB]
2026-10-07T06:44:47.2268900Z Get:10 http://azure.archive.ubuntu.com/ubuntu noble-updates/main amd64 libgbm1 amd64 25.2.8-0ubuntu0.24.04.4 [34.2 kB]
2026-10-07T06:44:47.2552435Z Get:11 http://azure.archive.ubuntu.com/ubuntu noble-updates/main amd64 mesa-libgallium amd64 25.2.8-0ubuntu0.24.04.4 [10.8 MB]
2026-10-07T06:44:47.3815764Z Get:12 http://azure.archive.ubuntu.com/ubuntu noble/main amd64 xfonts-encodings all 1:1.0.5-0ubuntu2 [578 kB]
2026-10-07T06:44:47.4130015Z Get:13 http://azure.archive.ubuntu.com/ubuntu noble/main amd64 xfonts-utils amd64 1:7.7+6build3 [94.4 kB]
2026-10-07T06:44:47.4412376Z Get:14 http://azure.archive.ubuntu.com/ubuntu noble/universe amd64 xfonts-cyrillic all 1:1.0.5+nmu1 [384 kB]
2026-10-07T06:44:47.4713776Z Get:15 http://azure.archive.ubuntu.com/ubuntu noble/main amd64 xfonts-scalable all 1:1.0.3-1.3 [304 kB]
2026-10-07T06:44:47.7160085Z Fetched 32.5 MB in 1s (44.8 MB/s)
2026-10-07T06:44:47.7377698Z Selecting previously unselected package fonts-ipafont-gothic.
2026-10-07T06:44:47.7649520Z (Reading database ... 
2026-10-07T06:44:47.7650025Z (Reading database ... 5%
2026-10-07T06:44:47.7650520Z (Reading database ... 10%
2026-10-07T06:44:47.7650801Z (Reading database ... 15%
2026-10-07T06:44:47.7651062Z (Reading database ... 20%
2026-10-07T06:44:47.7651316Z (Reading database ... 25%
2026-10-07T06:44:47.7651566Z (Reading database ... 30%
2026-10-07T06:44:47.7651830Z (Reading database ... 35%
2026-10-07T06:44:47.7652073Z (Reading database ... 40%
2026-10-07T06:44:47.7652324Z (Reading database ... 45%
2026-10-07T06:44:47.7652567Z (Reading database ... 50%
2026-10-07T06:44:47.7687849Z (Reading database ... 55%
2026-10-07T06:44:47.9095210Z (Reading database ... 60%
2026-10-07T06:44:48.1156677Z (Reading database ... 65%
2026-10-07T06:44:48.3032397Z (Reading database ... 70%
2026-10-07T06:44:48.4703509Z (Reading database ... 75%
2026-10-07T06:44:48.6081639Z (Reading database ... 80%
2026-10-07T06:44:48.7692696Z (Reading database ... 85%
2026-10-07T06:44:48.9049892Z (Reading database ... 90%
2026-10-07T06:44:49.0246354Z (Reading database ... 95%
2026-10-07T06:44:49.0246703Z (Reading database ... 100%
2026-10-07T06:44:49.0247157Z (Reading database ... 202296 files and directories currently installed.)
2026-10-07T06:44:49.0287504Z Preparing to unpack .../00-fonts-ipafont-gothic_00303-21ubuntu1_all.deb ...
2026-10-07T06:44:49.0376974Z Unpacking fonts-ipafont-gothic (00303-21ubuntu1) ...
2026-10-07T06:44:49.2611545Z Selecting previously unselected package fonts-freefont-ttf.
2026-10-07T06:44:49.2736232Z Preparing to unpack .../01-fonts-freefont-ttf_20211204+svn4273-2_all.deb ...
2026-10-07T06:44:49.2742510Z Unpacking fonts-freefont-ttf (20211204+svn4273-2) ...
2026-10-07T06:44:49.3493696Z Selecting previously unselected package fonts-tlwg-loma-otf.
2026-10-07T06:44:49.3616707Z Preparing to unpack .../02-fonts-tlwg-loma-otf_1%3a0.7.3-1_all.deb ...
2026-10-07T06:44:49.3624796Z Unpacking fonts-tlwg-loma-otf (1:0.7.3-1) ...
2026-10-07T06:44:49.3861731Z Selecting previously unselected package fonts-unifont.
2026-10-07T06:44:49.3986494Z Preparing to unpack .../03-fonts-unifont_1%3a15.1.01-1build1_all.deb ...
2026-10-07T06:44:49.3992491Z Unpacking fonts-unifont (1:15.1.01-1build1) ...
2026-10-07T06:44:49.5022824Z Selecting previously unselected package fonts-wqy-zenhei.
2026-10-07T06:44:49.5148792Z Preparing to unpack .../04-fonts-wqy-zenhei_0.9.45-8_all.deb ...
2026-10-07T06:44:49.5243562Z Unpacking fonts-wqy-zenhei (0.9.45-8) ...
2026-10-07T06:44:49.9926714Z Preparing to unpack .../05-libfreetype6_2.13.2+dfsg-1ubuntu0.2_amd64.deb ...
2026-10-07T06:44:49.9976389Z Unpacking libfreetype6:amd64 (2.13.2+dfsg-1ubuntu0.2) over (2.13.2+dfsg-1ubuntu0.1) ...
2026-10-07T06:44:50.0349710Z Preparing to unpack .../06-libgl1-mesa-dri_25.2.8-0ubuntu0.24.04.4_amd64.deb ...
2026-10-07T06:44:50.0489298Z Unpacking libgl1-mesa-dri:amd64 (25.2.8-0ubuntu0.24.04.4) over (25.2.8-0ubuntu0.24.04.2) ...
2026-10-07T06:44:50.1081316Z Preparing to unpack .../07-libglx-mesa0_25.2.8-0ubuntu0.24.04.4_amd64.deb ...
2026-10-07T06:44:50.1102605Z Unpacking libglx-mesa0:amd64 (25.2.8-0ubuntu0.24.04.4) over (25.2.8-0ubuntu0.24.04.2) ...
2026-10-07T06:44:50.1500344Z Preparing to unpack .../08-libgbm1_25.2.8-0ubuntu0.24.04.4_amd64.deb ...
2026-10-07T06:44:50.1574783Z Unpacking libgbm1:amd64 (25.2.8-0ubuntu0.24.04.4) over (25.2.8-0ubuntu0.24.04.2) ...
2026-10-07T06:44:50.1924787Z Preparing to unpack .../09-mesa-libgallium_25.2.8-0ubuntu0.24.04.4_amd64.deb ...
2026-10-07T06:44:50.1946286Z Unpacking mesa-libgallium:amd64 (25.2.8-0ubuntu0.24.04.4) over (25.2.8-0ubuntu0.24.04.2) ...
2026-10-07T06:44:50.3648455Z Selecting previously unselected package xfonts-encodings.
2026-10-07T06:44:50.3773255Z Preparing to unpack .../10-xfonts-encodings_1%3a1.0.5-0ubuntu2_all.deb ...
2026-10-07T06:44:50.3778840Z Unpacking xfonts-encodings (1:1.0.5-0ubuntu2) ...
2026-10-07T06:44:50.4049280Z Selecting previously unselected package xfonts-utils.
2026-10-07T06:44:50.4172103Z Preparing to unpack .../11-xfonts-utils_1%3a7.7+6build3_amd64.deb ...
2026-10-07T06:44:50.4178322Z Unpacking xfonts-utils (1:7.7+6build3) ...
2026-10-07T06:44:50.4516414Z Selecting previously unselected package xfonts-cyrillic.
2026-10-07T06:44:50.4639496Z Preparing to unpack .../12-xfonts-cyrillic_1%3a1.0.5+nmu1_all.deb ...
2026-10-07T06:44:50.4646511Z Unpacking xfonts-cyrillic (1:1.0.5+nmu1) ...
2026-10-07T06:44:50.4968414Z Selecting previously unselected package xfonts-scalable.
2026-10-07T06:44:50.5091884Z Preparing to unpack .../13-xfonts-scalable_1%3a1.0.3-1.3_all.deb ...
2026-10-07T06:44:50.5097842Z Unpacking xfonts-scalable (1:1.0.3-1.3) ...
2026-10-07T06:44:50.5530879Z Setting up mesa-libgallium:amd64 (25.2.8-0ubuntu0.24.04.4) ...
2026-10-07T06:44:50.5549658Z Setting up libgbm1:amd64 (25.2.8-0ubuntu0.24.04.4) ...
2026-10-07T06:44:50.5566793Z Setting up libgl1-mesa-dri:amd64 (25.2.8-0ubuntu0.24.04.4) ...
2026-10-07T06:44:50.5636836Z Setting up fonts-wqy-zenhei (0.9.45-8) ...
2026-10-07T06:44:50.5744749Z Setting up fonts-freefont-ttf (20211204+svn4273-2) ...
2026-10-07T06:44:50.5761578Z Setting up fonts-tlwg-loma-otf (1:0.7.3-1) ...
2026-10-07T06:44:50.5780426Z Setting up libfreetype6:amd64 (2.13.2+dfsg-1ubuntu0.2) ...
2026-10-07T06:44:50.5797363Z Setting up xfonts-encodings (1:1.0.5-0ubuntu2) ...
2026-10-07T06:44:50.5815712Z Setting up fonts-ipafont-gothic (00303-21ubuntu1) ...
2026-10-07T06:44:50.5878712Z update-alternatives: using /usr/share/fonts/opentype/ipafont-gothic/ipag.ttf to provide /usr/share/fonts/truetype/fonts-japanese-gothic.ttf (fonts-japanese-gothic.ttf) in auto mode
2026-10-07T06:44:50.5892298Z Setting up fonts-unifont (1:15.1.01-1build1) ...
2026-10-07T06:44:50.5907890Z Setting up libglx-mesa0:amd64 (25.2.8-0ubuntu0.24.04.4) ...
2026-10-07T06:44:50.5923979Z Setting up xfonts-utils (1:7.7+6build3) ...
2026-10-07T06:44:50.5964990Z Setting up xfonts-cyrillic (1:1.0.5+nmu1) ...
2026-10-07T06:44:50.6275089Z Setting up xfonts-scalable (1:1.0.3-1.3) ...
2026-10-07T06:44:50.6532658Z Processing triggers for libc-bin (2.39-0ubuntu8.9) ...
2026-10-07T06:44:50.7044050Z Processing triggers for man-db (2.12.0-4build2) ...
2026-10-07T06:44:50.7062895Z Not building database; man-db/auto-update is not 'true'.
2026-10-07T06:44:50.7072762Z Processing triggers for fontconfig (2.15.0-1.1ubuntu2) ...
2026-10-07T06:44:51.4820073Z 
2026-10-07T06:44:51.4820741Z Running kernel seems to be up-to-date.
2026-10-07T06:44:51.4821167Z 
2026-10-07T06:44:51.4821372Z Restarting services...
2026-10-07T06:44:51.4896325Z  systemctl restart php8.3-fpm.service
2026-10-07T06:44:51.5977685Z 
2026-10-07T06:44:51.5978482Z No containers need to be restarted.
2026-10-07T06:44:51.5978816Z 
2026-10-07T06:44:51.5979047Z No user sessions are running outdated binaries.
2026-10-07T06:44:51.5979319Z 
2026-10-07T06:44:51.5979682Z No VM guests are running outdated hypervisor (qemu) binaries on this host.
2026-10-07T06:44:52.4025780Z Downloading Chrome for Testing 153.0.8010.12 (playwright chromium v1243) from https://cdn.playwright.dev/builds/cft/153.0.8010.12/linux64/chrome-linux64.zip
2026-10-07T06:44:52.8261736Z |                                                                                |   0% of 186.8 MiB
2026-10-07T06:44:53.0244339Z |■■■■■■■■                                                                        |  10% of 186.8 MiB
2026-10-07T06:44:53.1532572Z |■■■■■■■■■■■■■■■■                                                                |  20% of 186.8 MiB
2026-10-07T06:44:53.2495601Z |■■■■■■■■■■■■■■■■■■■■■■■■                                                        |  30% of 186.8 MiB
2026-10-07T06:44:53.3398579Z |■■■■■■■■■■■■■■■■■■■■■■■■■■■■■■■■                                                |  40% of 186.8 MiB
2026-10-07T06:44:53.4396655Z |■■■■■■■■■■■■■■■■■■■■■■■■■■■■■■■■■■■■■■■■                                        |  50% of 186.8 MiB
2026-10-07T06:44:53.5456019Z |■■■■■■■■■■■■■■■■■■■■■■■■■■■■■■■■■■■■■■■■■■■■■■■■                                |  60% of 186.8 MiB
2026-10-07T06:44:53.6299275Z |■■■■■■■■■■■■■■■■■■■■■■■■■■■■■■■■■■■■■■■■■■■■■■■■■■■■■■■■                        |  70% of 186.8 MiB
2026-10-07T06:44:53.7195738Z |■■■■■■■■■■■■■■■■■■■■■■■■■■■■■■■■■■■■■■■■■■■■■■■■■■■■■■■■■■■■■■■■                |  80% of 186.8 MiB
2026-10-07T06:44:53.8203739Z |■■■■■■■■■■■■■■■■■■■■■■■■■■■■■■■■■■■■■■■■■■■■■■■■■■■■■■■■■■■■■■■■■■■■■■■■        |  90% of 186.8 MiB
2026-10-07T06:44:53.9142757Z |■■■■■■■■■■■■■■■■■■■■■■■■■■■■■■■■■■■■■■■■■■■■■■■■■■■■■■■■■■■■■■■■■■■■■■■■■■■■■■■■| 100% of 186.8 MiB
2026-10-07T06:44:57.0044366Z Chrome for Testing 153.0.8010.12 (playwright chromium v1243) downloaded to /home/runner/.cache/ms-playwright/chromium-1243
2026-10-07T06:44:57.0048684Z Downloading FFmpeg (playwright ffmpeg v1011) from https://cdn.playwright.dev/dbazure/download/playwright/builds/ffmpeg/1011/ffmpeg-linux.zip
2026-10-07T06:44:57.3960273Z |                                                                                |   0% of 2.3 MiB
2026-10-07T06:44:57.4293544Z |■■■■■■■■                                                                        |  10% of 2.3 MiB
2026-10-07T06:44:57.4499108Z |■■■■■■■■■■■■■■■■                                                                |  20% of 2.3 MiB
2026-10-07T06:44:57.4595456Z |■■■■■■■■■■■■■■■■■■■■■■■■                                                        |  30% of 2.3 MiB
2026-10-07T06:44:57.4676259Z |■■■■■■■■■■■■■■■■■■■■■■■■■■■■■■■■                                                |  40% of 2.3 MiB
2026-10-07T06:44:57.4705349Z |■■■■■■■■■■■■■■■■■■■■■■■■■■■■■■■■■■■■■■■■                                        |  50% of 2.3 MiB
2026-10-07T06:44:57.4774564Z |■■■■■■■■■■■■■■■■■■■■■■■■■■■■■■■■■■■■■■■■■■■■■■■■                                |  60% of 2.3 MiB
2026-10-07T06:44:57.4793389Z |■■■■■■■■■■■■■■■■■■■■■■■■■■■■■■■■■■■■■■■■■■■■■■■■■■■■■■■■                        |  70% of 2.3 MiB
2026-10-07T06:44:57.4885478Z |■■■■■■■■■■■■■■■■■■■■■■■■■■■■■■■■■■■■■■■■■■■■■■■■■■■■■■■■■■■■■■■■                |  80% of 2.3 MiB
2026-10-07T06:44:57.4904010Z |■■■■■■■■■■■■■■■■■■■■■■■■■■■■■■■■■■■■■■■■■■■■■■■■■■■■■■■■■■■■■■■■■■■■■■■■        |  90% of 2.3 MiB
2026-10-07T06:44:57.4920189Z |■■■■■■■■■■■■■■■■■■■■■■■■■■■■■■■■■■■■■■■■■■■■■■■■■■■■■■■■■■■■■■■■■■■■■■■■■■■■■■■■| 100% of 2.3 MiB
2026-10-07T06:44:57.5512654Z FFmpeg (playwright ffmpeg v1011) downloaded to /home/runner/.cache/ms-playwright/ffmpeg-1011
2026-10-07T06:44:57.5516343Z Downloading Chrome Headless Shell 153.0.8010.12 (playwright chromium-headless-shell v1243) from https://cdn.playwright.dev/builds/cft/153.0.8010.12/linux64/chrome-headless-shell-linux64.zip
2026-10-07T06:44:57.9569749Z |                                                                                |   0% of 114.3 MiB
2026-10-07T06:44:58.0946812Z |■■■■■■■■                                                                        |  10% of 114.3 MiB
2026-10-07T06:44:58.1623164Z |■■■■■■■■■■■■■■■■                                                                |  20% of 114.3 MiB
2026-10-07T06:44:58.2159413Z |■■■■■■■■■■■■■■■■■■■■■■■■                                                        |  30% of 114.3 MiB
2026-10-07T06:44:58.2756997Z |■■■■■■■■■■■■■■■■■■■■■■■■■■■■■■■■                                                |  40% of 114.3 MiB
2026-10-07T06:44:58.3309155Z |■■■■■■■■■■■■■■■■■■■■■■■■■■■■■■■■■■■■■■■■                                        |  50% of 114.3 MiB
2026-10-07T06:44:58.3792507Z |■■■■■■■■■■■■■■■■■■■■■■■■■■■■■■■■■■■■■■■■■■■■■■■■                                |  60% of 114.3 MiB
2026-10-07T06:44:58.4528923Z |■■■■■■■■■■■■■■■■■■■■■■■■■■■■■■■■■■■■■■■■■■■■■■■■■■■■■■■■                        |  70% of 114.3 MiB
2026-10-07T06:44:58.4978588Z |■■■■■■■■■■■■■■■■■■■■■■■■■■■■■■■■■■■■■■■■■■■■■■■■■■■■■■■■■■■■■■■■                |  80% of 114.3 MiB
2026-10-07T06:44:58.5558037Z |■■■■■■■■■■■■■■■■■■■■■■■■■■■■■■■■■■■■■■■■■■■■■■■■■■■■■■■■■■■■■■■■■■■■■■■■        |  90% of 114.3 MiB
2026-10-07T06:44:58.6291375Z |■■■■■■■■■■■■■■■■■■■■■■■■■■■■■■■■■■■■■■■■■■■■■■■■■■■■■■■■■■■■■■■■■■■■■■■■■■■■■■■■| 100% of 114.3 MiB
2026-10-07T06:45:00.9399316Z Chrome Headless Shell 153.0.8010.12 (playwright chromium-headless-shell v1243) downloaded to /home/runner/.cache/ms-playwright/chromium_headless_shell-1243
2026-10-07T06:45:00.9722474Z ##[group]Run sudo apt-get install -y fonts-noto-cjk
2026-10-07T06:45:00.9722911Z [36;1msudo apt-get install -y fonts-noto-cjk[0m
2026-10-07T06:45:00.9786824Z shell: /usr/bin/bash -e {0}
2026-10-07T06:45:00.9787097Z ##[endgroup]
2026-10-07T06:45:01.0057734Z Reading package lists...
2026-10-07T06:45:01.1827710Z Building dependency tree...
2026-10-07T06:45:01.1835158Z Reading state information...
2026-10-07T06:45:01.3184387Z Suggested packages:
2026-10-07T06:45:01.3184976Z   fonts-noto-cjk-extra
2026-10-07T06:45:01.3317449Z The following NEW packages will be installed:
2026-10-07T06:45:01.3323731Z   fonts-noto-cjk
2026-10-07T06:45:01.3487920Z 0 upgraded, 1 newly installed, 0 to remove and 24 not upgraded.
2026-10-07T06:45:01.3488790Z Need to get 61.2 MB of archives.
2026-10-07T06:45:01.3489607Z After this operation, 93.2 MB of additional disk space will be used.
2026-10-07T06:45:01.3490150Z Get:1 file:/etc/apt/apt-mirrors.txt Mirrorlist [144 B]
2026-10-07T06:45:01.3941281Z Get:2 http://azure.archive.ubuntu.com/ubuntu noble/main amd64 fonts-noto-cjk all 1:20230817+repack1-3 [61.2 MB]
2026-10-07T06:45:02.2536380Z Fetched 61.2 MB in 1s (90.7 MB/s)
2026-10-07T06:45:02.2773429Z Selecting previously unselected package fonts-noto-cjk.
2026-10-07T06:45:02.2829151Z (Reading database ... 
2026-10-07T06:45:02.2829796Z (Reading database ... 5%
2026-10-07T06:45:02.2830461Z (Reading database ... 10%
2026-10-07T06:45:02.2831095Z (Reading database ... 15%
2026-10-07T06:45:02.2831753Z (Reading database ... 20%
2026-10-07T06:45:02.2832363Z (Reading database ... 25%
2026-10-07T06:45:02.2832969Z (Reading database ... 30%
2026-10-07T06:45:02.2833576Z (Reading database ... 35%
2026-10-07T06:45:02.2834182Z (Reading database ... 40%
2026-10-07T06:45:02.2834835Z (Reading database ... 45%
2026-10-07T06:45:02.2835718Z (Reading database ... 50%
2026-10-07T06:45:02.2843994Z (Reading database ... 55%
2026-10-07T06:45:02.2945341Z (Reading database ... 60%
2026-10-07T06:45:02.2972146Z (Reading database ... 65%
2026-10-07T06:45:02.2993190Z (Reading database ... 70%
2026-10-07T06:45:02.3026328Z (Reading database ... 75%
2026-10-07T06:45:02.3056020Z (Reading database ... 80%
2026-10-07T06:45:02.3081366Z (Reading database ... 85%
2026-10-07T06:45:02.3226444Z (Reading database ... 90%
2026-10-07T06:45:02.3466140Z (Reading database ... 95%
2026-10-07T06:45:02.3466625Z (Reading database ... 100%
2026-10-07T06:45:02.3467361Z (Reading database ... 202563 files and directories currently installed.)
2026-10-07T06:45:02.3504366Z Preparing to unpack .../fonts-noto-cjk_1%3a20230817+repack1-3_all.deb ...
2026-10-07T06:45:02.3569813Z Unpacking fonts-noto-cjk (1:20230817+repack1-3) ...
2026-10-07T06:45:02.7452207Z Setting up fonts-noto-cjk (1:20230817+repack1-3) ...
2026-10-07T06:45:02.7513584Z Processing triggers for fontconfig (2.15.0-1.1ubuntu2) ...
2026-10-07T06:45:03.3329910Z 
2026-10-07T06:45:03.3330634Z Running kernel seems to be up-to-date.
2026-10-07T06:45:03.3331006Z 
2026-10-07T06:45:03.3331290Z No services need to be restarted.
2026-10-07T06:45:03.3331578Z 
2026-10-07T06:45:03.3331814Z No containers need to be restarted.
2026-10-07T06:45:03.3332098Z 
2026-10-07T06:45:03.3332373Z No user sessions are running outdated binaries.
2026-10-07T06:45:03.3332716Z 
2026-10-07T06:45:03.3333170Z No VM guests are running outdated hypervisor (qemu) binaries on this host.
2026-10-07T06:45:04.1635962Z ##[group]Run npm run test:weaveos:unit
2026-10-07T06:45:04.1636344Z [36;1mnpm run test:weaveos:unit[0m
2026-10-07T06:45:04.1699919Z shell: /usr/bin/bash -e {0}
2026-10-07T06:45:04.1700190Z ##[endgroup]
2026-10-07T06:45:04.2767326Z 
2026-10-07T06:45:04.2767708Z > arca-ui@0.0.1 test:weaveos:unit
2026-10-07T06:45:04.2768685Z > node --test tests/weaveos/geometry.test.mjs tests/weaveos/pagination.test.mjs tests/weaveos/filter-model.test.mjs
2026-10-07T06:45:04.2769457Z 
2026-10-07T06:45:04.4704276Z ✔ AND and OR compose without flattening or changing meaning (2.005455ms)
2026-10-07T06:45:04.4713290Z ✔ text supports only equal or not equal, numeric supports all six (0.731429ms)
2026-10-07T06:45:04.4714682Z ✔ depth three is valid and depth four is rejected (0.269936ms)
2026-10-07T06:45:04.4716323Z ✔ condition budget is twenty, independent of grouping (0.284212ms)
2026-10-07T06:45:04.4725254Z ✔ unknown fields, operators, empty groups and malformed leaves fail closed (0.283701ms)
2026-10-07T06:45:04.4726949Z ✔ empty text is an explicit valid equality, exact decimal strings remain unchanged (0.418233ms)
2026-10-07T06:45:04.4728084Z ✔ oversized and cyclic filters are rejected without throwing (0.295603ms)
2026-10-07T06:45:04.4837893Z ✔ opening starts at the source center with its size (2.258959ms)
2026-10-07T06:45:04.4839358Z ✔ each distinct source yields its own trajectory (0.216255ms)
2026-10-07T06:45:04.4840429Z ✔ absent source uses no displacement (0.252613ms)
2026-10-07T06:45:04.4841406Z ✔ invalid or zero rectangles fall back safely (0.264936ms)
2026-10-07T06:45:04.4842430Z ✔ no division by zero from an unmeasured panel (0.30994ms)
2026-10-07T06:45:04.4843685Z ✔ small pages list exact pages; large totals use bounded windows (2.363896ms)
2026-10-07T06:45:04.4845444Z ✔ first and last pages retain nearby navigation without enumerating total (0.44331ms)
2026-10-07T06:45:04.4847002Z ✔ page input accepts only in-range integers, not coercions or partial numbers (0.427941ms)
2026-10-07T06:45:04.4848399Z ✔ invalid page metadata cannot produce navigable links (0.361468ms)
2026-10-07T06:45:04.4849215Z ℹ tests 16
2026-10-07T06:45:04.4849700Z ℹ suites 0
2026-10-07T06:45:04.4850098Z ℹ pass 16
2026-10-07T06:45:04.4850513Z ℹ fail 0
2026-10-07T06:45:04.4850924Z ℹ cancelled 0
2026-10-07T06:45:04.4851366Z ℹ skipped 0
2026-10-07T06:45:04.4851884Z ℹ todo 0
2026-10-07T06:45:04.4852362Z ℹ duration_ms 176.503853
2026-10-07T06:45:04.4977331Z ##[group]Run npx eslint src/weaveos
2026-10-07T06:45:04.4977671Z [36;1mnpx eslint src/weaveos[0m
2026-10-07T06:45:04.5060004Z shell: /usr/bin/bash -e {0}
2026-10-07T06:45:04.5060331Z ##[endgroup]
2026-10-07T06:45:07.9133393Z ##[group]Run npx tsc -b
2026-10-07T06:45:07.9133688Z [36;1mnpx tsc -b[0m
2026-10-07T06:45:07.9196015Z shell: /usr/bin/bash -e {0}
2026-10-07T06:45:07.9196306Z ##[endgroup]
2026-10-07T06:45:16.3204822Z ##[group]Run npm run build:weaveos
2026-10-07T06:45:16.3205670Z [36;1mnpm run build:weaveos[0m
2026-10-07T06:45:16.3275815Z shell: /usr/bin/bash -e {0}
2026-10-07T06:45:16.3276087Z ##[endgroup]
2026-10-07T06:45:16.4325779Z 
2026-10-07T06:45:16.4326288Z > arca-ui@0.0.1 build:weaveos
2026-10-07T06:45:16.4326818Z > vite build --config vite.weaveos.config.ts
2026-10-07T06:45:16.4327114Z 
2026-10-07T06:45:16.7181365Z [36mvite v8.3.0 [32mbuilding client environment for production...[36m[39m
2026-10-07T06:45:16.7284192Z transforming...
2026-10-07T06:45:16.9960419Z ✓ 2641 modules transformed.
2026-10-07T06:45:17.0527758Z rendering chunks...
2026-10-07T06:45:17.1488529Z computing gzip size...
2026-10-07T06:45:17.1592674Z dist-weaveos/weaveos.html                                            0.37 kB │ gzip:   0.29 kB
2026-10-07T06:45:17.1593813Z dist-weaveos/assets/geist-cyrillic-ext-wght-normal-DjL33-gN.woff2    7.42 kB
2026-10-07T06:45:17.1594991Z dist-weaveos/assets/geist-vietnamese-wght-normal-6IgcOCM7.woff2      8.00 kB
2026-10-07T06:45:17.1596281Z dist-weaveos/assets/geist-cyrillic-wght-normal-BEAKL7Jp.woff2       15.08 kB
2026-10-07T06:45:17.1597412Z dist-weaveos/assets/geist-latin-ext-wght-normal-DC-KSUi6.woff2      16.51 kB
2026-10-07T06:45:17.1598541Z dist-weaveos/assets/geist-latin-wght-normal-BgDaEnEv.woff2          29.40 kB
2026-10-07T06:45:17.1599892Z dist-weaveos/assets/weaveos-yDCUDY-R.css                            49.62 kB │ gzip:  10.74 kB
2026-10-07T06:45:17.1601270Z dist-weaveos/assets/weaveos-CDrHpl9w.js                            628.98 kB │ gzip: 204.92 kB
2026-10-07T06:45:17.1602223Z 
2026-10-07T06:45:17.1648520Z [33m[plugin builtin:vite-reporter] 
2026-10-07T06:45:17.1649313Z (!) Some chunks are larger than 500 kB after minification. Consider:
2026-10-07T06:45:17.1649933Z - Using dynamic import() to code-split the application
2026-10-07T06:45:17.1651157Z - Use build.rolldownOptions.output.codeSplitting to improve chunking: https://rolldown.rs/reference/OutputOptions.codeSplitting
2026-10-07T06:45:17.1652317Z - Adjust chunk size limit for this warning via build.chunkSizeWarningLimit.[39m
2026-10-07T06:45:17.1791055Z [32m✓ built in 459ms[39m
2026-10-07T06:45:17.2187151Z ##[group]Run npm run build:weaveos:library
2026-10-07T06:45:17.2187517Z [36;1mnpm run build:weaveos:library[0m
2026-10-07T06:45:17.2249549Z shell: /usr/bin/bash -e {0}
2026-10-07T06:45:17.2249812Z ##[endgroup]
2026-10-07T06:45:17.3220301Z 
2026-10-07T06:45:17.3220866Z > arca-ui@0.0.1 build:weaveos:library
2026-10-07T06:45:17.3221758Z > vite build --config vite.weaveos-library.config.ts && tsc -p tsconfig.weaveos-library.json && node scripts/weaveos/package.mjs
2026-10-07T06:45:17.3222330Z 
2026-10-07T06:45:17.4991954Z [36mvite v8.3.0 [32mbuilding client environment for production...[36m[39m
2026-10-07T06:45:17.5096620Z transforming...
2026-10-07T06:45:17.5195058Z ✓ 27 modules transformed.
2026-10-07T06:45:17.5248891Z rendering chunks...
2026-10-07T06:45:17.5303496Z computing gzip size...
2026-10-07T06:45:17.5314087Z dist-library/index.js  52.47 kB │ gzip: 13.56 kB
2026-10-07T06:45:17.5314505Z 
2026-10-07T06:45:17.5328649Z [32m✓ built in 32ms[39m
2026-10-07T06:45:19.8256766Z Prepared private/unpublished component artifact at dist-library
2026-10-07T06:45:19.8374440Z ##[group]Run npm run test:weaveos:package
2026-10-07T06:45:19.8374932Z [36;1mnpm run test:weaveos:package[0m
2026-10-07T06:45:19.8437622Z shell: /usr/bin/bash -e {0}
2026-10-07T06:45:19.8437962Z ##[endgroup]
2026-10-07T06:45:19.9440316Z 
2026-10-07T06:45:19.9441053Z > arca-ui@0.0.1 test:weaveos:package
2026-10-07T06:45:19.9441923Z > node --test tests/weaveos/package.test.mjs
2026-10-07T06:45:19.9442370Z 
2026-10-07T06:45:20.5433828Z ✔ consumer artifact exports controls, theme and source-aware dialog (0.982669ms)
2026-10-07T06:45:20.5440453Z ✔ package has typed exports, explicit React peers and safe unpublished metadata (0.257392ms)
2026-10-07T06:45:20.5442012Z ✔ artifact has no source aliases or demo app and CSS stays scoped (0.433822ms)
2026-10-07T06:45:20.5443365Z ✔ distributed license and source attribution accompany components (0.21367ms)
2026-10-07T06:45:20.5784618Z ℹ tests 4
2026-10-07T06:45:20.5785143Z ℹ suites 0
2026-10-07T06:45:20.5786252Z ℹ pass 4
2026-10-07T06:45:20.5786740Z ℹ fail 0
2026-10-07T06:45:20.5787663Z ℹ cancelled 0
2026-10-07T06:45:20.5788343Z ℹ skipped 0
2026-10-07T06:45:20.5788774Z ℹ todo 0
2026-10-07T06:45:20.5789056Z ℹ duration_ms 602.301755
2026-10-07T06:45:20.5936268Z ##[group]Run npm run test:weaveos
2026-10-07T06:45:20.5936611Z [36;1mnpm run test:weaveos[0m
2026-10-07T06:45:20.5998460Z shell: /usr/bin/bash -e {0}
2026-10-07T06:45:20.5998744Z ##[endgroup]
2026-10-07T06:45:20.7052963Z 
2026-10-07T06:45:20.7053255Z > arca-ui@0.0.1 test:weaveos
2026-10-07T06:45:20.7054020Z > playwright test -c playwright.weaveos.config.ts
2026-10-07T06:45:20.7054306Z 
2026-10-07T06:45:22.0920411Z ✔ AND and OR compose without flattening or changing meaning (2.150284ms)
2026-10-07T06:45:22.0944742Z ✔ text supports only equal or not equal, numeric supports all six (1.037592ms)
2026-10-07T06:45:22.0994873Z ✔ depth three is valid and depth four is rejected (0.440354ms)
2026-10-07T06:45:22.0996392Z ✔ condition budget is twenty, independent of grouping (0.375673ms)
2026-10-07T06:45:22.1017695Z ✔ unknown fields, operators, empty groups and malformed leaves fail closed (0.527848ms)
2026-10-07T06:45:22.1019757Z ✔ empty text is an explicit valid equality, exact decimal strings remain unchanged (0.260678ms)
2026-10-07T06:45:22.1021525Z ✔ oversized and cyclic filters are rejected without throwing (0.494586ms)
2026-10-07T06:45:22.1166795Z ✔ opening starts at the source center with its size (1.555705ms)
2026-10-07T06:45:22.1168326Z ✔ each distinct source yields its own trajectory (0.313988ms)
2026-10-07T06:45:22.1169617Z ✔ absent source uses no displacement (0.252193ms)
2026-10-07T06:45:22.1170896Z ✔ invalid or zero rectangles fall back safely (0.274854ms)
2026-10-07T06:45:22.1171974Z ✔ no division by zero from an unmeasured panel (0.152636ms)
2026-10-07T06:45:22.9420652Z ✔ consumer artifact exports controls, theme and source-aware dialog (0.381223ms)
2026-10-07T06:45:22.9423954Z ✔ package has typed exports, explicit React peers and safe unpublished metadata (0.282649ms)
2026-10-07T06:45:22.9584156Z ✔ artifact has no source aliases or demo app and CSS stays scoped (15.782941ms)
2026-10-07T06:45:22.9586869Z ✔ distributed license and source attribution accompany components (0.225843ms)
2026-10-07T06:45:22.9700814Z ✔ small pages list exact pages; large totals use bounded windows (0.442488ms)
2026-10-07T06:45:22.9702985Z ✔ first and last pages retain nearby navigation without enumerating total (0.162344ms)
2026-10-07T06:45:22.9706424Z ✔ page input accepts only in-range integers, not coercions or partial numbers (0.197661ms)
2026-10-07T06:45:22.9709013Z ✔ invalid page metadata cannot produce navigable links (0.222977ms)
2026-10-07T06:45:23.0098131Z 
2026-10-07T06:45:23.0098776Z Running 45 tests using 2 workers
2026-10-07T06:45:23.0099085Z 
2026-10-07T06:45:26.8613161Z   ✓   2 [chromium] › tests/weaveos/data-workspace.spec.ts:5:1 › table renders only the current supplied page despite a large server total (1.8s)
2026-10-07T06:45:27.8184393Z   ✓   1 [chromium] › tests/weaveos/data-workspace.spec.ts:11:1 › arbitrary page jump emits controlled request and waits for returned page (2.8s)
2026-10-07T06:45:28.8183315Z   ✓   3 [chromium] › tests/weaveos/data-workspace.spec.ts:19:1 › text has no normal sort while numerical sorting is server-controlled (1.9s)
2026-10-07T06:45:31.2351038Z   ✓   4 [chromium] › tests/weaveos/data-workspace.spec.ts:27:1 › hide a column changes display without clearing sort or issuing a query (3.4s)
2026-10-07T06:45:31.6111755Z   ✓   5 [chromium] › tests/weaveos/data-workspace.spec.ts:38:1 › related data change requires refresh and refresh requests page one (2.8s)
2026-10-07T06:45:33.0244835Z   ✓   6 [chromium] › tests/weaveos/data-workspace.spec.ts:46:1 › only current page selection is controlled and filtering does not happen locally (1.8s)
2026-10-07T06:45:34.9472644Z   ✓   7 [chromium] › tests/weaveos/data-workspace.spec.ts:51:1 › table workspace passes settled accessibility and captures actual desktop UI (3.3s)
2026-10-07T06:45:35.9711986Z   ✓   8 [chromium] › tests/weaveos/data-workspace.spec.ts:56:1 › page-size change is a controlled request that resets to first page (2.9s)
2026-10-07T06:45:36.6123614Z   ✓   9 [chromium] › tests/weaveos/data-workspace.spec.ts:63:1 › invalid arbitrary page never emits a coerced query (1.6s)
2026-10-07T06:45:38.4988248Z   ✓  11 [chromium] › tests/weaveos/feedback.spec.ts:3:1 › tooltip opens from keyboard focus, escapes and preserves trigger focus (1.9s)
2026-10-07T06:45:39.0290882Z   ✓  10 [chromium] › tests/weaveos/data-workspace.spec.ts:69:1 › failed response keeps previous confirmed page and exposes an explicit retry (3.0s)
2026-10-07T06:45:40.0926873Z   ✓  12 [chromium] › tests/weaveos/feedback.spec.ts:4:1 › progress distinguishes confirmed numeric value from indeterminate waiting (1.6s)
2026-10-07T06:45:41.7502906Z   ✓  14 [chromium] › tests/weaveos/field-basics.spec.ts:4:1 › decimal string retains every digit and trailing zero through edits and blur (1.6s)
2026-10-07T06:45:41.8479413Z   ✓  13 [chromium] › tests/weaveos/feedback.spec.ts:5:1 › skeleton is decorative and dark feedback controls remain accessible (2.8s)
2026-10-07T06:45:43.2572005Z   ✓  15 [chromium] › tests/weaveos/field-basics.spec.ts:10:1 › decimal zero remains a string while clearing produces explicit null (1.5s)
2026-10-07T06:45:43.6443364Z   ✓  16 [chromium] › tests/weaveos/field-basics.spec.ts:14:1 › nullable Boolean keeps null false and true separate (1.8s)
2026-10-07T06:45:44.8144742Z   ✓  17 [chromium] › tests/weaveos/field-basics.spec.ts:21:1 › readonly fields cannot emit edits, including Boolean pointer and keyboard (1.5s)
2026-10-07T06:45:45.1939191Z   ✓  18 [chromium] › tests/weaveos/field-basics.spec.ts:28:1 › multiline text preserves Unicode newlines and intentional empty text (1.5s)
2026-10-07T06:45:47.4339081Z   ✓  19 [chromium] › tests/weaveos/field-basics.spec.ts:33:1 › field errors are associated with inputs and settled controls remain accessible (2.6s)
2026-10-07T06:45:49.9309228Z   ✓  20 [chromium] › tests/weaveos/filter-manager.spec.ts:4:1 › opens saved-filter management first, with only one preset applied (4.7s)
2026-10-07T06:45:50.8128228Z   ✓  21 [chromium] › tests/weaveos/filter-manager.spec.ts:14:1 › constructs AND with an OR subgroup and persists exact conditions (3.4s)
2026-10-07T06:45:53.4293939Z   ✓  22 [chromium] › tests/weaveos/filter-manager.spec.ts:27:1 › failed persistence retains editor and never reports saved (3.5s)
2026-10-07T06:45:54.2214202Z   ✓  23 [chromium] › tests/weaveos/filter-manager.spec.ts:36:1 › dirty Escape asks before discarding and restores source focus (3.4s)
2026-10-07T06:45:56.7092602Z   ✓  25 [chromium] › tests/weaveos/filter-manager.spec.ts:53:1 › applying a preset emits a page-one host query without client-side table filtering (2.5s)
2026-10-07T06:45:57.2465116Z   ✓  24 [chromium] › tests/weaveos/filter-manager.spec.ts:44:1 › text comparisons exclude range operators and editor is accessible (3.8s)
2026-10-07T06:45:59.9527414Z   ✓  27 [chromium] › tests/weaveos/filter-manager.spec.ts:66:1 › deleting a preset requires confirmation and cancellation preserves it (2.7s)
2026-10-07T06:46:00.3055879Z   ✓  26 [chromium] › tests/weaveos/filter-manager.spec.ts:59:1 › editing a saved preset preserves identity, saving alone does not apply (3.6s)
2026-10-07T06:46:04.0166343Z V042_OPENING_GEOMETRY {"count":24,"widths":[440,96.7559814453125,100.6417236328125,153.1239013671875,202.6793212890625,251.1552734375,382.31524658203125,427.49713134765625,438.92242431640625,440,440,440,440,440,440,440,440,440,440,440,440,440,440,440],"expanded":440}
2026-10-07T06:46:04.2114365Z   ✓  28 [chromium] › tests/weaveos/origin-motion.spec.ts:3:1 › window geometry really travels from and returns toward the trigger (4.2s)
2026-10-07T06:46:04.8226880Z   ✓  29 [chromium] › tests/weaveos/origin-motion.spec.ts:29:1 › successful save returns the window toward its source too (4.5s)
2026-10-07T06:46:07.1796265Z   ✓  31 [chromium] › tests/weaveos/studio.spec.ts:6:1 › shell uses collapsible icon rail and edge-to-edge content card (2.2s)
2026-10-07T06:46:08.9858968Z   ✓  30 [chromium] › tests/weaveos/preview.spec.ts:3:1 › capture component studio review images (4.7s)
2026-10-07T06:46:09.7967183Z   ✓  32 [chromium] › tests/weaveos/studio.spec.ts:19:1 › source dialog has accessible title, focus isolation and restores origin (2.8s)
2026-10-07T06:46:11.7127095Z   ✓  33 [chromium] › tests/weaveos/studio.spec.ts:34:1 › second source restores its own focus (2.8s)
2026-10-07T06:46:14.9204315Z   ✓  34 [chromium] › tests/weaveos/studio.spec.ts:41:1 › close during opening and repeat never leaves an overlay or locked page (5.1s)
2026-10-07T06:46:17.3157151Z   ✓  35 [chromium] › tests/weaveos/studio.spec.ts:49:1 › save feedback waits for result and errors retain editable input (5.6s)
2026-10-07T06:46:17.7954901Z   ✓  36 [chromium] › tests/weaveos/studio.spec.ts:65:1 › nested select Escape dismisses only the list, then dialog (2.9s)
2026-10-07T06:46:19.9367549Z   ✓  37 [chromium] › tests/weaveos/studio.spec.ts:74:1 › reduced motion preserves usable modal without scale displacement (2.6s)
2026-10-07T06:46:20.9938468Z   ✓  38 [chromium] › tests/weaveos/studio.spec.ts:83:1 › mobile view fits viewport and dialog remains operable (3.2s)
2026-10-07T06:46:21.7567677Z   ✓  39 [chromium] › tests/weaveos/studio.spec.ts:92:1 › theme controls, basic controls and component navigation work (1.8s)
2026-10-07T06:46:23.1918083Z   ✓  41 [chromium] › tests/weaveos/workspace-tabs.spec.ts:3:1 › workspace tabs keep pinned labels clean and nonclosable (1.4s)
2026-10-07T06:46:24.7217587Z   ✓  42 [chromium] › tests/weaveos/workspace-tabs.spec.ts:4:1 › workspace tabs use arrow Home End navigation and skip disabled tabs (1.5s)
2026-10-07T06:46:25.3031306Z   ✓  40 [chromium] › tests/weaveos/studio.spec.ts:102:1 › studio and open modal have no serious accessibility violations (4.3s)
2026-10-07T06:46:26.5819333Z   ✓  43 [chromium] › tests/weaveos/workspace-tabs.spec.ts:5:1 › workspace tab switch is controlled and never optimistically accepts a refused request (1.8s)
2026-10-07T06:46:26.9582354Z   ✓  44 [chromium] › tests/weaveos/workspace-tabs.spec.ts:6:1 › workspace close only requests removal until its owner confirms (1.6s)
2026-10-07T06:46:28.6788306Z   ✓  45 [chromium] › tests/weaveos/workspace-tabs.spec.ts:7:1 › workspace tabs have accessible dark panels and reduced-motion presentation (2.1s)
2026-10-07T06:46:28.7844446Z 
2026-10-07T06:46:28.7849460Z   45 passed (1.1m)
2026-10-07T06:46:28.8281839Z ##[group]Run actions/upload-artifact@v4
2026-10-07T06:46:28.8282155Z with:
2026-10-07T06:46:28.8282555Z   name: weaveos-browser-evidence
2026-10-07T06:46:28.8282828Z   path: test-results/
2026-10-07T06:46:28.8283059Z   retention-days: 14
2026-10-07T06:46:28.8283290Z   if-no-files-found: warn
2026-10-07T06:46:28.8283526Z   compression-level: 6
2026-10-07T06:46:28.8283748Z   overwrite: false
2026-10-07T06:46:28.8283973Z   include-hidden-files: false
2026-10-07T06:46:28.8284233Z ##[endgroup]
2026-10-07T06:46:28.9934005Z (node:4335) [DEP0040] DeprecationWarning: The `punycode` module is deprecated. Please use a userland alternative instead.
2026-10-07T06:46:28.9934856Z (Use `node --trace-deprecation ...` to show where the warning was created)
2026-10-07T06:46:29.0019512Z With the provided path, there will be 8 files uploaded
2026-10-07T06:46:29.0021517Z Artifact name is valid!
2026-10-07T06:46:29.0023667Z Root directory input is valid!
2026-10-07T06:46:29.2804409Z Beginning upload of artifact content to blob storage
2026-10-07T06:46:29.3650168Z (node:4335) [DEP0169] DeprecationWarning: `url.parse()` behavior is not standardized and prone to errors that have security implications. Use the WHATWG URL API instead. CVEs are not issued for `url.parse()` vulnerabilities.
2026-10-07T06:46:29.6893634Z Uploaded bytes 1394725
2026-10-07T06:46:29.7298376Z Finished uploading artifact content to blob storage!
2026-10-07T06:46:29.7299747Z SHA256 digest of uploaded artifact zip is 9b2f2a06ec513018f0ca933e8b48429a04927f3dac45c386a9441c67dd494bcf
2026-10-07T06:46:29.7301482Z Finalizing artifact upload
2026-10-07T06:46:29.9764166Z Artifact weaveos-browser-evidence.zip successfully finalized. Artifact ID 11465094507
2026-10-07T06:46:29.9765425Z Artifact weaveos-browser-evidence has been successfully uploaded! Final size is 1394725 bytes. Artifact ID is 11465094507
2026-10-07T06:46:29.9772074Z Artifact download URL: https://github.com/Hubujiu/arca-ui/actions/runs/37583166575/artifacts/11465094507
2026-10-07T06:46:29.9950068Z Post job cleanup.
2026-10-07T06:46:30.1157370Z (node:4348) [DEP0040] DeprecationWarning: The `punycode` module is deprecated. Please use a userland alternative instead.
2026-10-07T06:46:30.1158314Z (Use `node --trace-deprecation ...` to show where the warning was created)
2026-10-07T06:46:30.1162100Z Cache hit occurred on the primary key node-cache-Linux-x64-npm-e49477bd2ac87adee467bcfea498780880a69ec42aeb10ad505d060aeecf5f10, not saving cache.
2026-10-07T06:46:30.1292565Z Post job cleanup.
2026-10-07T06:46:30.2230857Z [command]/usr/bin/git version
2026-10-07T06:46:30.2300418Z git version 2.55.0
2026-10-07T06:46:30.2355461Z Temporarily overriding HOME='/home/runner/work/_temp/b25a2bf6-cfb6-4f31-9a5a-977ed13c7d26' before making global git config changes
2026-10-07T06:46:30.2357177Z Adding repository directory to the temporary git global config as a safe directory
2026-10-07T06:46:30.2362866Z [command]/usr/bin/git config --global --add safe.directory /home/runner/work/arca-ui/arca-ui
2026-10-07T06:46:30.2410438Z [command]/usr/bin/git config --local --name-only --get-regexp core\.sshCommand
2026-10-07T06:46:30.2459597Z [command]/usr/bin/git submodule foreach --recursive sh -c "git config --local --name-only --get-regexp 'core\.sshCommand' && git config --local --unset-all 'core.sshCommand' || :"
2026-10-07T06:46:30.2797112Z [command]/usr/bin/git config --local --name-only --get-regexp http\.https\:\/\/github\.com\/\.extraheader
2026-10-07T06:46:30.2827835Z http.https://github.com/.extraheader
2026-10-07T06:46:30.2842617Z [command]/usr/bin/git config --local --unset-all http.https://github.com/.extraheader
2026-10-07T06:46:30.2877160Z [command]/usr/bin/git submodule foreach --recursive sh -c "git config --local --name-only --get-regexp 'http\.https\:\/\/github\.com\/\.extraheader' && git config --local --unset-all 'http.https://github.com/.extraheader' || :"
2026-10-07T06:46:30.3140010Z [command]/usr/bin/git config --local --name-only --get-regexp ^includeIf\.gitdir:
2026-10-07T06:46:30.3180009Z [command]/usr/bin/git submodule foreach --recursive git config --local --show-origin --name-only --get-regexp remote.origin.url
2026-10-07T06:46:30.3571431Z Cleaning up orphan processes
2026-10-07T06:46:30.4028523Z ##[warning]Node.js 20 is deprecated. The following actions target Node.js 20 but are being forced to run on Node.js 24: actions/checkout@v4, actions/setup-node@v4, actions/upload-artifact@v4. For more information see: https://github.blog/changelog/2025-09-19-deprecation-of-node-20-on-github-actions-runners/

