2026-10-07T06:55:40.0153293Z Current runner version: '2.337.0'
2026-10-07T06:55:40.0173929Z ##[group]Runner Image Provisioner
2026-10-07T06:55:40.0174779Z Hosted Compute Agent
2026-10-07T06:55:40.0175290Z Version: 20260901.588
2026-10-07T06:55:40.0175818Z Commit: f88ec8081b781fac6c440065ac7ff9e710ce3d0b
2026-10-07T06:55:40.0176544Z Build Date: 2026-09-01T19:56:44Z
2026-10-07T06:55:40.0177114Z Worker ID: {9fcb9282-0c21-44b7-b13c-cb340630399e}
2026-10-07T06:55:40.0177690Z Azure Region: centralus
2026-10-07T06:55:40.0178630Z ##[endgroup]
2026-10-07T06:55:40.0179904Z ##[group]Operating System
2026-10-07T06:55:40.0180499Z Ubuntu
2026-10-07T06:55:40.0180926Z 24.04.5
2026-10-07T06:55:40.0181343Z LTS
2026-10-07T06:55:40.0181804Z ##[endgroup]
2026-10-07T06:55:40.0182251Z ##[group]Runner Image
2026-10-07T06:55:40.0182773Z Image: ubuntu-24.04
2026-10-07T06:55:40.0183256Z Version: 20260927.320.1
2026-10-07T06:55:40.0184385Z Included Software: https://github.com/actions/runner-images/blob/ubuntu24/20260927.320/images/ubuntu/Ubuntu2404-Readme.md
2026-10-07T06:55:40.0185636Z Image Release: https://github.com/actions/runner-images/releases/tag/ubuntu24%2F20260927.320
2026-10-07T06:55:40.0186715Z ##[endgroup]
2026-10-07T06:55:40.0187681Z ##[group]GITHUB_TOKEN Permissions
2026-10-07T06:55:40.0189843Z Contents: read
2026-10-07T06:55:40.0190355Z Metadata: read
2026-10-07T06:55:40.0190839Z ##[endgroup]
2026-10-07T06:55:40.0192596Z Secret source: Actions
2026-10-07T06:55:40.0193342Z Cache mode: write
2026-10-07T06:55:40.0194018Z Prepare workflow directory
2026-10-07T06:55:40.0664554Z Prepare all required actions
2026-10-07T06:55:40.0709847Z Getting action download info
2026-10-07T06:55:40.2914278Z Download action repository 'actions/checkout@v4' (SHA:11d5960a326750d5838078e36cf38b85af677262)
2026-10-07T06:55:40.4891944Z Download action repository 'actions/setup-node@v4' (SHA:49933ea5288caeca8642d1e84afbd3f7d6820020)
2026-10-07T06:55:41.1001626Z Download action repository 'actions/upload-artifact@v4' (SHA:ea165f8d65b6e75b540449e92b4886f43607fa02)
2026-10-07T06:55:41.8513337Z Complete job name: browser
2026-10-07T06:55:41.9293463Z ##[group]Run actions/checkout@v4
2026-10-07T06:55:41.9294798Z with:
2026-10-07T06:55:41.9295651Z   repository: Hubujiu/arca-ui
2026-10-07T06:55:41.9303638Z   token: ***
2026-10-07T06:55:41.9304527Z   ssh-strict: true
2026-10-07T06:55:41.9305404Z   ssh-user: git
2026-10-07T06:55:41.9306333Z   persist-credentials: true
2026-10-07T06:55:41.9307302Z   clean: true
2026-10-07T06:55:41.9308308Z   sparse-checkout-cone-mode: true
2026-10-07T06:55:41.9309367Z   fetch-depth: 1
2026-10-07T06:55:41.9310217Z   fetch-tags: false
2026-10-07T06:55:41.9311110Z   show-progress: true
2026-10-07T06:55:41.9311998Z   lfs: false
2026-10-07T06:55:41.9312811Z   submodules: false
2026-10-07T06:55:41.9313751Z   set-safe-directory: true
2026-10-07T06:55:41.9314756Z   allow-unsafe-pr-checkout: false
2026-10-07T06:55:41.9315994Z ##[endgroup]
2026-10-07T06:55:42.0247791Z Syncing repository: Hubujiu/arca-ui
2026-10-07T06:55:42.0251079Z ##[group]Getting Git version info
2026-10-07T06:55:42.0253224Z Working directory is '/home/runner/work/arca-ui/arca-ui'
2026-10-07T06:55:42.0255185Z [command]/usr/bin/git version
2026-10-07T06:55:42.0296816Z git version 2.55.0
2026-10-07T06:55:42.0323259Z ##[endgroup]
2026-10-07T06:55:42.0346040Z Temporarily overriding HOME='/home/runner/work/_temp/b4e62714-63f1-4426-8cb3-6fbf6eda28ba' before making global git config changes
2026-10-07T06:55:42.0351639Z Adding repository directory to the temporary git global config as a safe directory
2026-10-07T06:55:42.0354456Z [command]/usr/bin/git config --global --add safe.directory /home/runner/work/arca-ui/arca-ui
2026-10-07T06:55:42.0403564Z Deleting the contents of '/home/runner/work/arca-ui/arca-ui'
2026-10-07T06:55:42.0409061Z ##[group]Initializing the repository
2026-10-07T06:55:42.0412939Z [command]/usr/bin/git init /home/runner/work/arca-ui/arca-ui
2026-10-07T06:55:42.0507676Z hint: Using 'master' as the name for the initial branch. This default branch name
2026-10-07T06:55:42.0510863Z hint: will change to "main" in Git 3.0. To configure the initial branch name
2026-10-07T06:55:42.0517159Z hint: to use in all of your new repositories, which will suppress this warning,
2026-10-07T06:55:42.0519683Z hint: call:
2026-10-07T06:55:42.0520850Z hint:
2026-10-07T06:55:42.0522277Z hint: 	git config --global init.defaultBranch <name>
2026-10-07T06:55:42.0523955Z hint:
2026-10-07T06:55:42.0526053Z hint: Names commonly chosen instead of 'master' are 'main', 'trunk' and
2026-10-07T06:55:42.0528876Z hint: 'development'. The just-created branch can be renamed via this command:
2026-10-07T06:55:42.0531275Z hint:
2026-10-07T06:55:42.0532389Z hint: 	git branch -m <name>
2026-10-07T06:55:42.0533628Z hint:
2026-10-07T06:55:42.0535529Z hint: Disable this message with "git config set advice.defaultBranchName false"
2026-10-07T06:55:42.0538722Z Initialized empty Git repository in /home/runner/work/arca-ui/arca-ui/.git/
2026-10-07T06:55:42.0543524Z [command]/usr/bin/git remote add origin https://github.com/Hubujiu/arca-ui
2026-10-07T06:55:42.0583076Z ##[endgroup]
2026-10-07T06:55:42.0585557Z ##[group]Disabling automatic garbage collection
2026-10-07T06:55:42.0588493Z [command]/usr/bin/git config --local gc.auto 0
2026-10-07T06:55:42.0622952Z ##[endgroup]
2026-10-07T06:55:42.0625164Z ##[group]Setting up auth
2026-10-07T06:55:42.0629562Z [command]/usr/bin/git config --local --name-only --get-regexp core\.sshCommand
2026-10-07T06:55:42.0666140Z [command]/usr/bin/git submodule foreach --recursive sh -c "git config --local --name-only --get-regexp 'core\.sshCommand' && git config --local --unset-all 'core.sshCommand' || :"
2026-10-07T06:55:42.0980610Z [command]/usr/bin/git config --local --name-only --get-regexp http\.https\:\/\/github\.com\/\.extraheader
2026-10-07T06:55:42.0994170Z [command]/usr/bin/git submodule foreach --recursive sh -c "git config --local --name-only --get-regexp 'http\.https\:\/\/github\.com\/\.extraheader' && git config --local --unset-all 'http.https://github.com/.extraheader' || :"
2026-10-07T06:55:42.1172783Z [command]/usr/bin/git config --local --name-only --get-regexp ^includeIf\.gitdir:
2026-10-07T06:55:42.1203093Z [command]/usr/bin/git submodule foreach --recursive git config --local --show-origin --name-only --get-regexp remote.origin.url
2026-10-07T06:55:42.1364639Z [command]/usr/bin/git config --local http.https://github.com/.extraheader AUTHORIZATION: basic ***
2026-10-07T06:55:42.1396016Z ##[endgroup]
2026-10-07T06:55:42.1397442Z ##[group]Fetching the repository
2026-10-07T06:55:42.1406752Z [command]/usr/bin/git -c protocol.version=2 fetch --no-tags --prune --no-recurse-submodules --depth=1 origin +c5bb30d77f73f5cd0b4e64922ca52f1d759d6f61:refs/remotes/origin/task/V030-042-weaveos-components
2026-10-07T06:55:42.8276810Z From https://github.com/Hubujiu/arca-ui
2026-10-07T06:55:42.8277599Z  * [new ref]         c5bb30d77f73f5cd0b4e64922ca52f1d759d6f61 -> origin/task/V030-042-weaveos-components
2026-10-07T06:55:42.8280322Z ##[endgroup]
2026-10-07T06:55:42.8280838Z ##[group]Determining the checkout info
2026-10-07T06:55:42.8287147Z ##[endgroup]
2026-10-07T06:55:42.8288973Z [command]/usr/bin/git sparse-checkout disable
2026-10-07T06:55:42.8331346Z [command]/usr/bin/git config --local --unset-all extensions.worktreeConfig
2026-10-07T06:55:42.8356389Z ##[group]Checking out the ref
2026-10-07T06:55:42.8360453Z [command]/usr/bin/git checkout --progress --force -B task/V030-042-weaveos-components refs/remotes/origin/task/V030-042-weaveos-components
2026-10-07T06:55:42.8821312Z Switched to a new branch 'task/V030-042-weaveos-components'
2026-10-07T06:55:42.8822488Z branch 'task/V030-042-weaveos-components' set up to track 'origin/task/V030-042-weaveos-components'.
2026-10-07T06:55:42.8827427Z ##[endgroup]
2026-10-07T06:55:42.8857585Z [command]/usr/bin/git log -1 --format=%H
2026-10-07T06:55:42.8876005Z c5bb30d77f73f5cd0b4e64922ca52f1d759d6f61
2026-10-07T06:55:42.9142166Z ##[group]Run actions/setup-node@v4
2026-10-07T06:55:42.9142563Z with:
2026-10-07T06:55:42.9142885Z   node-version: 24.19.0
2026-10-07T06:55:42.9143245Z   cache: npm
2026-10-07T06:55:42.9143792Z   always-auth: false
2026-10-07T06:55:42.9144105Z   check-latest: false
2026-10-07T06:55:42.9146236Z   token: ***
2026-10-07T06:55:42.9146543Z ##[endgroup]
2026-10-07T06:55:43.0369226Z Attempting to download 24.19.0...
2026-10-07T06:55:43.0465946Z (node:2112) [DEP0040] DeprecationWarning: The `punycode` module is deprecated. Please use a userland alternative instead.
2026-10-07T06:55:43.0467492Z (Use `node --trace-deprecation ...` to show where the warning was created)
2026-10-07T06:55:43.8115925Z Acquiring 24.19.0 - x64 from https://github.com/actions/node-versions/releases/download/24.19.0-30872449280/node-24.19.0-linux-x64.tar.gz
2026-10-07T06:55:44.3184081Z Extracting ...
2026-10-07T06:55:44.3285312Z [command]/usr/bin/tar xz --strip 1 --warning=no-unknown-keyword --overwrite -C /home/runner/work/_temp/dc322f2e-c120-4ff8-b308-a88a3c680d13 -f /home/runner/work/_temp/481f5228-2035-4605-839f-fbf903134ca8
2026-10-07T06:55:45.5587934Z Adding to the cache ...
2026-10-07T06:55:47.9175958Z ##[group]Environment details
2026-10-07T06:55:48.1107589Z node: v24.19.0
2026-10-07T06:55:48.1108205Z npm: 11.17.0
2026-10-07T06:55:48.1108579Z yarn: 1.22.22
2026-10-07T06:55:48.1109216Z ##[endgroup]
2026-10-07T06:55:48.1124572Z [command]/opt/hostedtoolcache/node/24.19.0/x64/bin/npm config get cache
2026-10-07T06:55:48.1887575Z /home/runner/.npm
2026-10-07T06:55:48.3390407Z Cache hit for: node-cache-Linux-x64-npm-e49477bd2ac87adee467bcfea498780880a69ec42aeb10ad505d060aeecf5f10
2026-10-07T06:55:48.3511466Z (node:2112) [DEP0169] DeprecationWarning: `url.parse()` behavior is not standardized and prone to errors that have security implications. Use the WHATWG URL API instead. CVEs are not issued for `url.parse()` vulnerabilities.
2026-10-07T06:55:49.4788589Z Received 123576884 of 123576884 (100.0%), 120.0 MBs/sec
2026-10-07T06:55:49.4790418Z Cache Size: ~118 MB (123576884 B)
2026-10-07T06:55:49.4815090Z [command]/usr/bin/tar -xf /home/runner/work/_temp/5485c929-fa34-46c6-b3d5-9cd1abef12ea/cache.tzst -P -C /home/runner/work/arca-ui/arca-ui --use-compress-program unzstd
2026-10-07T06:55:49.6184262Z Cache restored successfully
2026-10-07T06:55:49.6232660Z Cache restored from key: node-cache-Linux-x64-npm-e49477bd2ac87adee467bcfea498780880a69ec42aeb10ad505d060aeecf5f10
2026-10-07T06:55:49.6390464Z ##[group]Run npm ci --ignore-scripts
2026-10-07T06:55:49.6390953Z [36;1mnpm ci --ignore-scripts[0m
2026-10-07T06:55:49.6553187Z shell: /usr/bin/bash -e {0}
2026-10-07T06:55:49.6553625Z ##[endgroup]
2026-10-07T06:55:59.5976177Z 
2026-10-07T06:55:59.5985144Z added 517 packages, and audited 518 packages in 10s
2026-10-07T06:55:59.5985643Z 
2026-10-07T06:55:59.5986170Z 163 packages are looking for funding
2026-10-07T06:55:59.5986697Z   run `npm fund` for details
2026-10-07T06:55:59.6051776Z 
2026-10-07T06:55:59.6052569Z 8 high severity vulnerabilities
2026-10-07T06:55:59.6053049Z 
2026-10-07T06:55:59.6053315Z To address issues that do not require attention, run:
2026-10-07T06:55:59.6053694Z   npm audit fix
2026-10-07T06:55:59.6053923Z 
2026-10-07T06:55:59.6054151Z To address all issues (including breaking changes), run:
2026-10-07T06:55:59.6054588Z   npm audit fix --force
2026-10-07T06:55:59.6054778Z 
2026-10-07T06:55:59.6054946Z Run `npm audit` for details.
2026-10-07T06:55:59.6690886Z ##[group]Run npx playwright install --with-deps chromium
2026-10-07T06:55:59.6691462Z [36;1mnpx playwright install --with-deps chromium[0m
2026-10-07T06:55:59.6730416Z shell: /usr/bin/bash -e {0}
2026-10-07T06:55:59.6730839Z ##[endgroup]
2026-10-07T06:56:00.3292346Z Installing dependencies...
2026-10-07T06:56:00.3362770Z Switching to root user to install dependencies...
2026-10-07T06:56:00.4181826Z Get:1 file:/etc/apt/apt-mirrors.txt Mirrorlist [144 B]
2026-10-07T06:56:00.4638538Z Get:6 https://packages.microsoft.com/ubuntu/24.04/prod noble InRelease [3600 B]
2026-10-07T06:56:00.4730348Z Hit:2 http://azure.archive.ubuntu.com/ubuntu noble InRelease
2026-10-07T06:56:00.4741521Z Get:3 http://azure.archive.ubuntu.com/ubuntu noble-updates InRelease [126 kB]
2026-10-07T06:56:00.4781079Z Get:4 http://azure.archive.ubuntu.com/ubuntu noble-backports InRelease [126 kB]
2026-10-07T06:56:00.4800990Z Get:5 http://azure.archive.ubuntu.com/ubuntu noble-security InRelease [126 kB]
2026-10-07T06:56:00.5458878Z Get:7 https://packages.microsoft.com/ubuntu/24.04/prod noble/main armhf Packages [12.6 kB]
2026-10-07T06:56:00.5571136Z Get:8 https://packages.microsoft.com/ubuntu/24.04/prod noble/main amd64 Packages [519 kB]
2026-10-07T06:56:00.5679095Z Get:9 https://packages.microsoft.com/ubuntu/24.04/prod noble/main arm64 Packages [463 kB]
2026-10-07T06:56:00.6315081Z Get:10 http://azure.archive.ubuntu.com/ubuntu noble-updates/main amd64 Packages [1375 kB]
2026-10-07T06:56:00.6389177Z Get:11 http://azure.archive.ubuntu.com/ubuntu noble-updates/main Translation-en [306 kB]
2026-10-07T06:56:00.6413401Z Get:12 http://azure.archive.ubuntu.com/ubuntu noble-updates/main amd64 Components [181 kB]
2026-10-07T06:56:00.6458715Z Get:13 http://azure.archive.ubuntu.com/ubuntu noble-updates/universe amd64 Packages [1701 kB]
2026-10-07T06:56:00.6506478Z Get:14 http://azure.archive.ubuntu.com/ubuntu noble-updates/universe Translation-en [341 kB]
2026-10-07T06:56:00.6549396Z Get:15 http://azure.archive.ubuntu.com/ubuntu noble-updates/universe amd64 Components [388 kB]
2026-10-07T06:56:00.6609350Z Get:16 http://azure.archive.ubuntu.com/ubuntu noble-updates/restricted amd64 Packages [1730 kB]
2026-10-07T06:56:00.6749317Z Get:17 http://azure.archive.ubuntu.com/ubuntu noble-updates/restricted Translation-en [396 kB]
2026-10-07T06:56:00.6810770Z Get:18 http://azure.archive.ubuntu.com/ubuntu noble-updates/multiverse Translation-en [13.3 kB]
2026-10-07T06:56:00.6812161Z Get:19 http://azure.archive.ubuntu.com/ubuntu noble-updates/multiverse amd64 Components [940 B]
2026-10-07T06:56:00.7313411Z Get:20 http://azure.archive.ubuntu.com/ubuntu noble-backports/main amd64 Components [5752 B]
2026-10-07T06:56:00.7321759Z Get:21 http://azure.archive.ubuntu.com/ubuntu noble-backports/universe amd64 Components [12.6 kB]
2026-10-07T06:56:00.7331278Z Get:22 http://azure.archive.ubuntu.com/ubuntu noble-security/main amd64 Packages [1073 kB]
2026-10-07T06:56:00.7392775Z Get:23 http://azure.archive.ubuntu.com/ubuntu noble-security/main Translation-en [223 kB]
2026-10-07T06:56:00.7400388Z Get:24 http://azure.archive.ubuntu.com/ubuntu noble-security/main amd64 Components [46.4 kB]
2026-10-07T06:56:00.7413497Z Get:25 http://azure.archive.ubuntu.com/ubuntu noble-security/universe amd64 Packages [1218 kB]
2026-10-07T06:56:00.7478549Z Get:26 http://azure.archive.ubuntu.com/ubuntu noble-security/universe Translation-en [245 kB]
2026-10-07T06:56:00.7485513Z Get:27 http://azure.archive.ubuntu.com/ubuntu noble-security/universe amd64 Components [76.3 kB]
2026-10-07T06:56:00.7499111Z Get:28 http://azure.archive.ubuntu.com/ubuntu noble-security/restricted amd64 Packages [1566 kB]
2026-10-07T06:56:00.7573071Z Get:29 http://azure.archive.ubuntu.com/ubuntu noble-security/restricted Translation-en [361 kB]
2026-10-07T06:56:00.7593829Z Get:30 http://azure.archive.ubuntu.com/ubuntu noble-security/multiverse Translation-en [11.6 kB]
2026-10-07T06:56:08.1484912Z Fetched 12.6 MB in 1s (9568 kB/s)
2026-10-07T06:56:08.9496179Z Reading package lists...
2026-10-07T06:56:08.9717067Z Reading package lists...
2026-10-07T06:56:09.1090050Z Building dependency tree...
2026-10-07T06:56:09.1094656Z Reading state information...
2026-10-07T06:56:09.2559268Z libasound2t64 is already the newest version (1.2.11-1ubuntu0.3).
2026-10-07T06:56:09.2560119Z libasound2t64 set to manually installed.
2026-10-07T06:56:09.2560711Z libatk-bridge2.0-0t64 is already the newest version (2.52.0-1build1).
2026-10-07T06:56:09.2561358Z libatk-bridge2.0-0t64 set to manually installed.
2026-10-07T06:56:09.2561905Z libatk1.0-0t64 is already the newest version (2.52.0-1build1).
2026-10-07T06:56:09.2562479Z libatk1.0-0t64 set to manually installed.
2026-10-07T06:56:09.2563168Z libatspi2.0-0t64 is already the newest version (2.52.0-1build1).
2026-10-07T06:56:09.2563757Z libatspi2.0-0t64 set to manually installed.
2026-10-07T06:56:09.2564990Z libcairo2 is already the newest version (1.18.0-3build1).
2026-10-07T06:56:09.2565498Z libcairo2 set to manually installed.
2026-10-07T06:56:09.2566206Z libcups2t64 is already the newest version (2.4.7-1.2ubuntu7.14).
2026-10-07T06:56:09.2566879Z libcups2t64 set to manually installed.
2026-10-07T06:56:09.2567491Z libdbus-1-3 is already the newest version (1.14.10-4ubuntu4.1).
2026-10-07T06:56:09.2568213Z libdbus-1-3 set to manually installed.
2026-10-07T06:56:09.2568877Z libdrm2 is already the newest version (2.4.125-1ubuntu0.1~24.04.2).
2026-10-07T06:56:09.2569524Z libdrm2 set to manually installed.
2026-10-07T06:56:09.2570147Z libglib2.0-0t64 is already the newest version (2.80.0-6ubuntu3.9).
2026-10-07T06:56:09.2570804Z libglib2.0-0t64 set to manually installed.
2026-10-07T06:56:09.2571506Z libnspr4 is already the newest version (2:4.35-1.1build1).
2026-10-07T06:56:09.2572100Z libnspr4 set to manually installed.
2026-10-07T06:56:09.2572800Z libnss3 is already the newest version (2:3.98-1ubuntu0.2).
2026-10-07T06:56:09.2573452Z libnss3 set to manually installed.
2026-10-07T06:56:09.2574118Z libpango-1.0-0 is already the newest version (1.52.1+ds-1build1).
2026-10-07T06:56:09.2574761Z libpango-1.0-0 set to manually installed.
2026-10-07T06:56:09.2575348Z libx11-6 is already the newest version (2:1.8.7-1build1).
2026-10-07T06:56:09.2575971Z libx11-6 set to manually installed.
2026-10-07T06:56:09.2576562Z libxcb1 is already the newest version (1.15-1ubuntu2).
2026-10-07T06:56:09.2577167Z libxcb1 set to manually installed.
2026-10-07T06:56:09.2577812Z libxcomposite1 is already the newest version (1:0.4.5-1build3).
2026-10-07T06:56:09.2579907Z libxcomposite1 set to manually installed.
2026-10-07T06:56:09.2580623Z libxdamage1 is already the newest version (1:1.1.6-1build1).
2026-10-07T06:56:09.2581246Z libxdamage1 set to manually installed.
2026-10-07T06:56:09.2581912Z libxext6 is already the newest version (2:1.3.4-1build2).
2026-10-07T06:56:09.2582527Z libxext6 set to manually installed.
2026-10-07T06:56:09.2583111Z libxfixes3 is already the newest version (1:6.0.0-2build1).
2026-10-07T06:56:09.2583698Z libxfixes3 set to manually installed.
2026-10-07T06:56:09.2584342Z libxkbcommon0 is already the newest version (1.6.0-1build1).
2026-10-07T06:56:09.2584981Z libxkbcommon0 set to manually installed.
2026-10-07T06:56:09.2585612Z libxrandr2 is already the newest version (2:1.5.2-2build1).
2026-10-07T06:56:09.2586282Z libxrandr2 set to manually installed.
2026-10-07T06:56:09.2586899Z xvfb is already the newest version (2:21.1.12-1ubuntu1.8).
2026-10-07T06:56:09.2587691Z fonts-noto-color-emoji is already the newest version (2.047-0ubuntu0.24.04.1).
2026-10-07T06:56:09.2588777Z libfontconfig1 is already the newest version (2.15.0-1.1ubuntu2).
2026-10-07T06:56:09.2589477Z libfontconfig1 set to manually installed.
2026-10-07T06:56:09.2590187Z fonts-liberation is already the newest version (1:2.1.5-3).
2026-10-07T06:56:09.2590921Z fonts-liberation set to manually installed.
2026-10-07T06:56:09.2591601Z The following additional packages will be installed:
2026-10-07T06:56:09.2592434Z   libgl1-mesa-dri libglx-mesa0 mesa-libgallium xfonts-encodings xfonts-utils
2026-10-07T06:56:09.2593404Z Recommended packages:
2026-10-07T06:56:09.2593912Z   fonts-ipafont-mincho fonts-tlwg-loma
2026-10-07T06:56:09.2726868Z The following NEW packages will be installed:
2026-10-07T06:56:09.2727581Z   fonts-freefont-ttf fonts-ipafont-gothic fonts-tlwg-loma-otf fonts-unifont
2026-10-07T06:56:09.2732857Z   fonts-wqy-zenhei xfonts-cyrillic xfonts-encodings xfonts-scalable
2026-10-07T06:56:09.2733524Z   xfonts-utils
2026-10-07T06:56:09.2737589Z The following packages will be upgraded:
2026-10-07T06:56:09.2742926Z   libfreetype6 libgbm1 libgl1-mesa-dri libglx-mesa0 mesa-libgallium
2026-10-07T06:56:09.2886127Z 5 upgraded, 9 newly installed, 0 to remove and 24 not upgraded.
2026-10-07T06:56:09.2886670Z Need to get 32.5 MB of archives.
2026-10-07T06:56:09.2887153Z After this operation, 79.5 MB of additional disk space will be used.
2026-10-07T06:56:09.2888106Z Get:1 file:/etc/apt/apt-mirrors.txt Mirrorlist [144 B]
2026-10-07T06:56:09.3560084Z Get:2 http://azure.archive.ubuntu.com/ubuntu noble/universe amd64 fonts-ipafont-gothic all 00303-21ubuntu1 [3513 kB]
2026-10-07T06:56:09.4184852Z Get:3 http://azure.archive.ubuntu.com/ubuntu noble/main amd64 fonts-freefont-ttf all 20211204+svn4273-2 [5641 kB]
2026-10-07T06:56:09.5011634Z Get:4 http://azure.archive.ubuntu.com/ubuntu noble/universe amd64 fonts-tlwg-loma-otf all 1:0.7.3-1 [107 kB]
2026-10-07T06:56:09.5292794Z Get:5 http://azure.archive.ubuntu.com/ubuntu noble/universe amd64 fonts-unifont all 1:15.1.01-1build1 [2993 kB]
2026-10-07T06:56:09.5853108Z Get:6 http://azure.archive.ubuntu.com/ubuntu noble/universe amd64 fonts-wqy-zenhei all 0.9.45-8 [7472 kB]
2026-10-07T06:56:09.6773611Z Get:7 http://azure.archive.ubuntu.com/ubuntu noble-updates/main amd64 libfreetype6 amd64 2.13.2+dfsg-1ubuntu0.2 [403 kB]
2026-10-07T06:56:09.7067966Z Get:8 http://azure.archive.ubuntu.com/ubuntu noble-updates/main amd64 libgl1-mesa-dri amd64 25.2.8-0ubuntu0.24.04.4 [38.0 kB]
2026-10-07T06:56:09.7343711Z Get:9 http://azure.archive.ubuntu.com/ubuntu noble-updates/main amd64 libglx-mesa0 amd64 25.2.8-0ubuntu0.24.04.4 [110 kB]
2026-10-07T06:56:09.7623259Z Get:10 http://azure.archive.ubuntu.com/ubuntu noble-updates/main amd64 libgbm1 amd64 25.2.8-0ubuntu0.24.04.4 [34.2 kB]
2026-10-07T06:56:09.7900503Z Get:11 http://azure.archive.ubuntu.com/ubuntu noble-updates/main amd64 mesa-libgallium amd64 25.2.8-0ubuntu0.24.04.4 [10.8 MB]
2026-10-07T06:56:09.9121283Z Get:12 http://azure.archive.ubuntu.com/ubuntu noble/main amd64 xfonts-encodings all 1:1.0.5-0ubuntu2 [578 kB]
2026-10-07T06:56:09.9423795Z Get:13 http://azure.archive.ubuntu.com/ubuntu noble/main amd64 xfonts-utils amd64 1:7.7+6build3 [94.4 kB]
2026-10-07T06:56:09.9701090Z Get:14 http://azure.archive.ubuntu.com/ubuntu noble/universe amd64 xfonts-cyrillic all 1:1.0.5+nmu1 [384 kB]
2026-10-07T06:56:10.0002340Z Get:15 http://azure.archive.ubuntu.com/ubuntu noble/main amd64 xfonts-scalable all 1:1.0.3-1.3 [304 kB]
2026-10-07T06:56:10.2283711Z Fetched 32.5 MB in 1s (45.0 MB/s)
2026-10-07T06:56:10.2756203Z Selecting previously unselected package fonts-ipafont-gothic.
2026-10-07T06:56:10.2920374Z (Reading database ... 
2026-10-07T06:56:10.2920921Z (Reading database ... 5%
2026-10-07T06:56:10.2921308Z (Reading database ... 10%
2026-10-07T06:56:10.2921616Z (Reading database ... 15%
2026-10-07T06:56:10.2921916Z (Reading database ... 20%
2026-10-07T06:56:10.2922273Z (Reading database ... 25%
2026-10-07T06:56:10.2922558Z (Reading database ... 30%
2026-10-07T06:56:10.2922871Z (Reading database ... 35%
2026-10-07T06:56:10.2923199Z (Reading database ... 40%
2026-10-07T06:56:10.2923497Z (Reading database ... 45%
2026-10-07T06:56:10.2923808Z (Reading database ... 50%
2026-10-07T06:56:10.2954611Z (Reading database ... 55%
2026-10-07T06:56:10.4215833Z (Reading database ... 60%
2026-10-07T06:56:10.6191341Z (Reading database ... 65%
2026-10-07T06:56:10.8143573Z (Reading database ... 70%
2026-10-07T06:56:11.0203721Z (Reading database ... 75%
2026-10-07T06:56:11.1614088Z (Reading database ... 80%
2026-10-07T06:56:11.3628418Z (Reading database ... 85%
2026-10-07T06:56:11.5169930Z (Reading database ... 90%
2026-10-07T06:56:11.7224309Z (Reading database ... 95%
2026-10-07T06:56:11.7224996Z (Reading database ... 100%
2026-10-07T06:56:11.7225476Z (Reading database ... 202296 files and directories currently installed.)
2026-10-07T06:56:11.7265729Z Preparing to unpack .../00-fonts-ipafont-gothic_00303-21ubuntu1_all.deb ...
2026-10-07T06:56:11.8681017Z Unpacking fonts-ipafont-gothic (00303-21ubuntu1) ...
2026-10-07T06:56:12.1310627Z Selecting previously unselected package fonts-freefont-ttf.
2026-10-07T06:56:12.1424113Z Preparing to unpack .../01-fonts-freefont-ttf_20211204+svn4273-2_all.deb ...
2026-10-07T06:56:12.1434223Z Unpacking fonts-freefont-ttf (20211204+svn4273-2) ...
2026-10-07T06:56:12.2586819Z Selecting previously unselected package fonts-tlwg-loma-otf.
2026-10-07T06:56:12.2697011Z Preparing to unpack .../02-fonts-tlwg-loma-otf_1%3a0.7.3-1_all.deb ...
2026-10-07T06:56:12.2706232Z Unpacking fonts-tlwg-loma-otf (1:0.7.3-1) ...
2026-10-07T06:56:12.2865710Z Selecting previously unselected package fonts-unifont.
2026-10-07T06:56:12.2989775Z Preparing to unpack .../03-fonts-unifont_1%3a15.1.01-1build1_all.deb ...
2026-10-07T06:56:12.2999711Z Unpacking fonts-unifont (1:15.1.01-1build1) ...
2026-10-07T06:56:12.5138395Z Selecting previously unselected package fonts-wqy-zenhei.
2026-10-07T06:56:12.5256097Z Preparing to unpack .../04-fonts-wqy-zenhei_0.9.45-8_all.deb ...
2026-10-07T06:56:12.5337878Z Unpacking fonts-wqy-zenhei (0.9.45-8) ...
2026-10-07T06:56:13.1101157Z Preparing to unpack .../05-libfreetype6_2.13.2+dfsg-1ubuntu0.2_amd64.deb ...
2026-10-07T06:56:13.1148798Z Unpacking libfreetype6:amd64 (2.13.2+dfsg-1ubuntu0.2) over (2.13.2+dfsg-1ubuntu0.1) ...
2026-10-07T06:56:13.1724772Z Preparing to unpack .../06-libgl1-mesa-dri_25.2.8-0ubuntu0.24.04.4_amd64.deb ...
2026-10-07T06:56:13.1848367Z Unpacking libgl1-mesa-dri:amd64 (25.2.8-0ubuntu0.24.04.4) over (25.2.8-0ubuntu0.24.04.2) ...
2026-10-07T06:56:13.2217242Z Preparing to unpack .../07-libglx-mesa0_25.2.8-0ubuntu0.24.04.4_amd64.deb ...
2026-10-07T06:56:13.2239175Z Unpacking libglx-mesa0:amd64 (25.2.8-0ubuntu0.24.04.4) over (25.2.8-0ubuntu0.24.04.2) ...
2026-10-07T06:56:13.2543798Z Preparing to unpack .../08-libgbm1_25.2.8-0ubuntu0.24.04.4_amd64.deb ...
2026-10-07T06:56:13.2565306Z Unpacking libgbm1:amd64 (25.2.8-0ubuntu0.24.04.4) over (25.2.8-0ubuntu0.24.04.2) ...
2026-10-07T06:56:13.2863839Z Preparing to unpack .../09-mesa-libgallium_25.2.8-0ubuntu0.24.04.4_amd64.deb ...
2026-10-07T06:56:13.2886083Z Unpacking mesa-libgallium:amd64 (25.2.8-0ubuntu0.24.04.4) over (25.2.8-0ubuntu0.24.04.2) ...
2026-10-07T06:56:13.6697185Z Selecting previously unselected package xfonts-encodings.
2026-10-07T06:56:13.6808554Z Preparing to unpack .../10-xfonts-encodings_1%3a1.0.5-0ubuntu2_all.deb ...
2026-10-07T06:56:13.6817363Z Unpacking xfonts-encodings (1:1.0.5-0ubuntu2) ...
2026-10-07T06:56:13.7059363Z Selecting previously unselected package xfonts-utils.
2026-10-07T06:56:13.7167403Z Preparing to unpack .../11-xfonts-utils_1%3a7.7+6build3_amd64.deb ...
2026-10-07T06:56:13.7177201Z Unpacking xfonts-utils (1:7.7+6build3) ...
2026-10-07T06:56:13.7461538Z Selecting previously unselected package xfonts-cyrillic.
2026-10-07T06:56:13.7569916Z Preparing to unpack .../12-xfonts-cyrillic_1%3a1.0.5+nmu1_all.deb ...
2026-10-07T06:56:13.7579807Z Unpacking xfonts-cyrillic (1:1.0.5+nmu1) ...
2026-10-07T06:56:13.7833415Z Selecting previously unselected package xfonts-scalable.
2026-10-07T06:56:13.7941664Z Preparing to unpack .../13-xfonts-scalable_1%3a1.0.3-1.3_all.deb ...
2026-10-07T06:56:13.7951231Z Unpacking xfonts-scalable (1:1.0.3-1.3) ...
2026-10-07T06:56:13.8420942Z Setting up mesa-libgallium:amd64 (25.2.8-0ubuntu0.24.04.4) ...
2026-10-07T06:56:13.8443738Z Setting up libgbm1:amd64 (25.2.8-0ubuntu0.24.04.4) ...
2026-10-07T06:56:13.8463380Z Setting up libgl1-mesa-dri:amd64 (25.2.8-0ubuntu0.24.04.4) ...
2026-10-07T06:56:13.8708867Z Setting up fonts-wqy-zenhei (0.9.45-8) ...
2026-10-07T06:56:13.8802818Z Setting up fonts-freefont-ttf (20211204+svn4273-2) ...
2026-10-07T06:56:13.8823216Z Setting up fonts-tlwg-loma-otf (1:0.7.3-1) ...
2026-10-07T06:56:13.8843518Z Setting up libfreetype6:amd64 (2.13.2+dfsg-1ubuntu0.2) ...
2026-10-07T06:56:13.8862483Z Setting up xfonts-encodings (1:1.0.5-0ubuntu2) ...
2026-10-07T06:56:13.8879901Z Setting up fonts-ipafont-gothic (00303-21ubuntu1) ...
2026-10-07T06:56:13.8931401Z update-alternatives: using /usr/share/fonts/opentype/ipafont-gothic/ipag.ttf to provide /usr/share/fonts/truetype/fonts-japanese-gothic.ttf (fonts-japanese-gothic.ttf) in auto mode
2026-10-07T06:56:13.8947471Z Setting up fonts-unifont (1:15.1.01-1build1) ...
2026-10-07T06:56:13.8967357Z Setting up libglx-mesa0:amd64 (25.2.8-0ubuntu0.24.04.4) ...
2026-10-07T06:56:13.8987259Z Setting up xfonts-utils (1:7.7+6build3) ...
2026-10-07T06:56:13.9024485Z Setting up xfonts-cyrillic (1:1.0.5+nmu1) ...
2026-10-07T06:56:13.9241984Z Setting up xfonts-scalable (1:1.0.3-1.3) ...
2026-10-07T06:56:13.9439551Z Processing triggers for libc-bin (2.39-0ubuntu8.9) ...
2026-10-07T06:56:14.1104845Z Processing triggers for man-db (2.12.0-4build2) ...
2026-10-07T06:56:14.1126227Z Not building database; man-db/auto-update is not 'true'.
2026-10-07T06:56:14.1140504Z Processing triggers for fontconfig (2.15.0-1.1ubuntu2) ...
2026-10-07T06:56:14.6678150Z 
2026-10-07T06:56:14.6679353Z Running kernel seems to be up-to-date.
2026-10-07T06:56:14.6679694Z 
2026-10-07T06:56:14.6679966Z Restarting services...
2026-10-07T06:56:14.6740156Z  systemctl restart php8.3-fpm.service
2026-10-07T06:56:14.7612952Z 
2026-10-07T06:56:14.7620843Z No containers need to be restarted.
2026-10-07T06:56:14.7621320Z 
2026-10-07T06:56:14.7621541Z No user sessions are running outdated binaries.
2026-10-07T06:56:14.7621789Z 
2026-10-07T06:56:14.7622052Z No VM guests are running outdated hypervisor (qemu) binaries on this host.
2026-10-07T06:56:15.5489166Z Downloading Chrome for Testing 153.0.8010.12 (playwright chromium v1243) from https://cdn.playwright.dev/builds/cft/153.0.8010.12/linux64/chrome-linux64.zip
2026-10-07T06:56:15.9583204Z |                                                                                |   0% of 186.8 MiB
2026-10-07T06:56:16.2666338Z |■■■■■■■■                                                                        |  10% of 186.8 MiB
2026-10-07T06:56:16.3280085Z |■■■■■■■■■■■■■■■■                                                                |  20% of 186.8 MiB
2026-10-07T06:56:16.3980227Z |■■■■■■■■■■■■■■■■■■■■■■■■                                                        |  30% of 186.8 MiB
2026-10-07T06:56:16.4387058Z |■■■■■■■■■■■■■■■■■■■■■■■■■■■■■■■■                                                |  40% of 186.8 MiB
2026-10-07T06:56:16.4994657Z |■■■■■■■■■■■■■■■■■■■■■■■■■■■■■■■■■■■■■■■■                                        |  50% of 186.8 MiB
2026-10-07T06:56:16.5364436Z |■■■■■■■■■■■■■■■■■■■■■■■■■■■■■■■■■■■■■■■■■■■■■■■■                                |  60% of 186.8 MiB
2026-10-07T06:56:16.5930330Z |■■■■■■■■■■■■■■■■■■■■■■■■■■■■■■■■■■■■■■■■■■■■■■■■■■■■■■■■                        |  70% of 186.8 MiB
2026-10-07T06:56:16.6707576Z |■■■■■■■■■■■■■■■■■■■■■■■■■■■■■■■■■■■■■■■■■■■■■■■■■■■■■■■■■■■■■■■■                |  80% of 186.8 MiB
2026-10-07T06:56:16.7180328Z |■■■■■■■■■■■■■■■■■■■■■■■■■■■■■■■■■■■■■■■■■■■■■■■■■■■■■■■■■■■■■■■■■■■■■■■■        |  90% of 186.8 MiB
2026-10-07T06:56:16.7830295Z |■■■■■■■■■■■■■■■■■■■■■■■■■■■■■■■■■■■■■■■■■■■■■■■■■■■■■■■■■■■■■■■■■■■■■■■■■■■■■■■■| 100% of 186.8 MiB
2026-10-07T06:56:19.7684930Z Chrome for Testing 153.0.8010.12 (playwright chromium v1243) downloaded to /home/runner/.cache/ms-playwright/chromium-1243
2026-10-07T06:56:19.7687771Z Downloading FFmpeg (playwright ffmpeg v1011) from https://cdn.playwright.dev/dbazure/download/playwright/builds/ffmpeg/1011/ffmpeg-linux.zip
2026-10-07T06:56:20.1685271Z |                                                                                |   0% of 2.3 MiB
2026-10-07T06:56:20.1932457Z |■■■■■■■■                                                                        |  10% of 2.3 MiB
2026-10-07T06:56:20.2090051Z |■■■■■■■■■■■■■■■■                                                                |  20% of 2.3 MiB
2026-10-07T06:56:20.2207661Z |■■■■■■■■■■■■■■■■■■■■■■■■                                                        |  30% of 2.3 MiB
2026-10-07T06:56:20.2297110Z |■■■■■■■■■■■■■■■■■■■■■■■■■■■■■■■■                                                |  40% of 2.3 MiB
2026-10-07T06:56:20.2347677Z |■■■■■■■■■■■■■■■■■■■■■■■■■■■■■■■■■■■■■■■■                                        |  50% of 2.3 MiB
2026-10-07T06:56:20.2414913Z |■■■■■■■■■■■■■■■■■■■■■■■■■■■■■■■■■■■■■■■■■■■■■■■■                                |  60% of 2.3 MiB
2026-10-07T06:56:20.2457146Z |■■■■■■■■■■■■■■■■■■■■■■■■■■■■■■■■■■■■■■■■■■■■■■■■■■■■■■■■                        |  70% of 2.3 MiB
2026-10-07T06:56:20.2484692Z |■■■■■■■■■■■■■■■■■■■■■■■■■■■■■■■■■■■■■■■■■■■■■■■■■■■■■■■■■■■■■■■■                |  80% of 2.3 MiB
2026-10-07T06:56:20.2560532Z |■■■■■■■■■■■■■■■■■■■■■■■■■■■■■■■■■■■■■■■■■■■■■■■■■■■■■■■■■■■■■■■■■■■■■■■■        |  90% of 2.3 MiB
2026-10-07T06:56:20.2577650Z |■■■■■■■■■■■■■■■■■■■■■■■■■■■■■■■■■■■■■■■■■■■■■■■■■■■■■■■■■■■■■■■■■■■■■■■■■■■■■■■■| 100% of 2.3 MiB
2026-10-07T06:56:20.3087078Z FFmpeg (playwright ffmpeg v1011) downloaded to /home/runner/.cache/ms-playwright/ffmpeg-1011
2026-10-07T06:56:20.3089796Z Downloading Chrome Headless Shell 153.0.8010.12 (playwright chromium-headless-shell v1243) from https://cdn.playwright.dev/builds/cft/153.0.8010.12/linux64/chrome-headless-shell-linux64.zip
2026-10-07T06:56:20.7147423Z |                                                                                |   0% of 114.3 MiB
2026-10-07T06:56:21.0413407Z |■■■■■■■■                                                                        |  10% of 114.3 MiB
2026-10-07T06:56:21.0909265Z |■■■■■■■■■■■■■■■■                                                                |  20% of 114.3 MiB
2026-10-07T06:56:21.1455080Z |■■■■■■■■■■■■■■■■■■■■■■■■                                                        |  30% of 114.3 MiB
2026-10-07T06:56:21.1834114Z |■■■■■■■■■■■■■■■■■■■■■■■■■■■■■■■■                                                |  40% of 114.3 MiB
2026-10-07T06:56:21.2216027Z |■■■■■■■■■■■■■■■■■■■■■■■■■■■■■■■■■■■■■■■■                                        |  50% of 114.3 MiB
2026-10-07T06:56:21.2671808Z |■■■■■■■■■■■■■■■■■■■■■■■■■■■■■■■■■■■■■■■■■■■■■■■■                                |  60% of 114.3 MiB
2026-10-07T06:56:21.2931516Z |■■■■■■■■■■■■■■■■■■■■■■■■■■■■■■■■■■■■■■■■■■■■■■■■■■■■■■■■                        |  70% of 114.3 MiB
2026-10-07T06:56:21.3171524Z |■■■■■■■■■■■■■■■■■■■■■■■■■■■■■■■■■■■■■■■■■■■■■■■■■■■■■■■■■■■■■■■■                |  80% of 114.3 MiB
2026-10-07T06:56:21.3660830Z |■■■■■■■■■■■■■■■■■■■■■■■■■■■■■■■■■■■■■■■■■■■■■■■■■■■■■■■■■■■■■■■■■■■■■■■■        |  90% of 114.3 MiB
2026-10-07T06:56:21.3875025Z |■■■■■■■■■■■■■■■■■■■■■■■■■■■■■■■■■■■■■■■■■■■■■■■■■■■■■■■■■■■■■■■■■■■■■■■■■■■■■■■■| 100% of 114.3 MiB
2026-10-07T06:56:23.5393172Z Chrome Headless Shell 153.0.8010.12 (playwright chromium-headless-shell v1243) downloaded to /home/runner/.cache/ms-playwright/chromium_headless_shell-1243
2026-10-07T06:56:23.5640779Z ##[group]Run sudo apt-get install -y fonts-noto-cjk
2026-10-07T06:56:23.5641271Z [36;1msudo apt-get install -y fonts-noto-cjk[0m
2026-10-07T06:56:23.5678797Z shell: /usr/bin/bash -e {0}
2026-10-07T06:56:23.5679164Z ##[endgroup]
2026-10-07T06:56:23.5922455Z Reading package lists...
2026-10-07T06:56:23.7575353Z Building dependency tree...
2026-10-07T06:56:23.7580980Z Reading state information...
2026-10-07T06:56:23.9069583Z Suggested packages:
2026-10-07T06:56:23.9070158Z   fonts-noto-cjk-extra
2026-10-07T06:56:23.9194590Z The following NEW packages will be installed:
2026-10-07T06:56:23.9201618Z   fonts-noto-cjk
2026-10-07T06:56:23.9354411Z 0 upgraded, 1 newly installed, 0 to remove and 24 not upgraded.
2026-10-07T06:56:23.9355059Z Need to get 61.2 MB of archives.
2026-10-07T06:56:23.9355789Z After this operation, 93.2 MB of additional disk space will be used.
2026-10-07T06:56:23.9356644Z Get:1 file:/etc/apt/apt-mirrors.txt Mirrorlist [144 B]
2026-10-07T06:56:24.0309599Z Get:2 http://azure.archive.ubuntu.com/ubuntu noble/main amd64 fonts-noto-cjk all 1:20230817+repack1-3 [61.2 MB]
2026-10-07T06:56:25.1729038Z Fetched 61.2 MB in 1s (59.4 MB/s)
2026-10-07T06:56:25.1900962Z Selecting previously unselected package fonts-noto-cjk.
2026-10-07T06:56:25.1931082Z (Reading database ... 
2026-10-07T06:56:25.1931961Z (Reading database ... 5%
2026-10-07T06:56:25.1932688Z (Reading database ... 10%
2026-10-07T06:56:25.1933542Z (Reading database ... 15%
2026-10-07T06:56:25.1934210Z (Reading database ... 20%
2026-10-07T06:56:25.1934979Z (Reading database ... 25%
2026-10-07T06:56:25.1935685Z (Reading database ... 30%
2026-10-07T06:56:25.1936455Z (Reading database ... 35%
2026-10-07T06:56:25.1937198Z (Reading database ... 40%
2026-10-07T06:56:25.1937947Z (Reading database ... 45%
2026-10-07T06:56:25.1938779Z (Reading database ... 50%
2026-10-07T06:56:25.1950858Z (Reading database ... 55%
2026-10-07T06:56:25.2039701Z (Reading database ... 60%
2026-10-07T06:56:25.2061642Z (Reading database ... 65%
2026-10-07T06:56:25.2078990Z (Reading database ... 70%
2026-10-07T06:56:25.2107243Z (Reading database ... 75%
2026-10-07T06:56:25.2133541Z (Reading database ... 80%
2026-10-07T06:56:25.2152663Z (Reading database ... 85%
2026-10-07T06:56:25.2286768Z (Reading database ... 90%
2026-10-07T06:56:25.2535886Z (Reading database ... 95%
2026-10-07T06:56:25.2536444Z (Reading database ... 100%
2026-10-07T06:56:25.2537063Z (Reading database ... 202563 files and directories currently installed.)
2026-10-07T06:56:25.2573928Z Preparing to unpack .../fonts-noto-cjk_1%3a20230817+repack1-3_all.deb ...
2026-10-07T06:56:25.2627841Z Unpacking fonts-noto-cjk (1:20230817+repack1-3) ...
2026-10-07T06:56:25.9962497Z Setting up fonts-noto-cjk (1:20230817+repack1-3) ...
2026-10-07T06:56:26.0191292Z Processing triggers for fontconfig (2.15.0-1.1ubuntu2) ...
2026-10-07T06:56:26.5473441Z 
2026-10-07T06:56:26.5474378Z Running kernel seems to be up-to-date.
2026-10-07T06:56:26.5474946Z 
2026-10-07T06:56:26.5475290Z No services need to be restarted.
2026-10-07T06:56:26.5475556Z 
2026-10-07T06:56:26.5475790Z No containers need to be restarted.
2026-10-07T06:56:26.5476072Z 
2026-10-07T06:56:26.5476368Z No user sessions are running outdated binaries.
2026-10-07T06:56:26.5476671Z 
2026-10-07T06:56:26.5476994Z No VM guests are running outdated hypervisor (qemu) binaries on this host.
2026-10-07T06:56:27.2911385Z ##[group]Run npm run test:weaveos:unit
2026-10-07T06:56:27.2912032Z [36;1mnpm run test:weaveos:unit[0m
2026-10-07T06:56:27.2960939Z shell: /usr/bin/bash -e {0}
2026-10-07T06:56:27.2961347Z ##[endgroup]
2026-10-07T06:56:27.3829546Z 
2026-10-07T06:56:27.3830444Z > arca-ui@0.0.1 test:weaveos:unit
2026-10-07T06:56:27.3831655Z > node --test tests/weaveos/geometry.test.mjs tests/weaveos/pagination.test.mjs tests/weaveos/filter-model.test.mjs
2026-10-07T06:56:27.3832575Z 
2026-10-07T06:56:27.5424661Z ✔ AND and OR compose without flattening or changing meaning (1.268653ms)
2026-10-07T06:56:27.5441874Z ✔ text supports only equal or not equal, numeric supports all six (0.369236ms)
2026-10-07T06:56:27.5469842Z ✔ depth three is valid and depth four is rejected (0.20522ms)
2026-10-07T06:56:27.5489641Z ✔ condition budget is twenty, independent of grouping (0.166506ms)
2026-10-07T06:56:27.5490581Z ✔ unknown fields, operators, empty groups and malformed leaves fail closed (0.211396ms)
2026-10-07T06:56:27.5498228Z ✔ empty text is an explicit valid equality, exact decimal strings remain unchanged (0.114534ms)
2026-10-07T06:56:27.5499522Z ✔ oversized and cyclic filters are rejected without throwing (0.174219ms)
2026-10-07T06:56:27.5506906Z ✔ opening starts at the source center with its size (1.329915ms)
2026-10-07T06:56:27.5508112Z ✔ each distinct source yields its own trajectory (0.164771ms)
2026-10-07T06:56:27.5508888Z ✔ absent source uses no displacement (0.151624ms)
2026-10-07T06:56:27.5509719Z ✔ invalid or zero rectangles fall back safely (0.155262ms)
2026-10-07T06:56:27.5510496Z ✔ no division by zero from an unmeasured panel (0.157717ms)
2026-10-07T06:56:27.5511467Z ✔ small pages list exact pages; large totals use bounded windows (1.897543ms)
2026-10-07T06:56:27.5512535Z ✔ first and last pages retain nearby navigation without enumerating total (0.324121ms)
2026-10-07T06:56:27.5513654Z ✔ page input accepts only in-range integers, not coercions or partial numbers (0.314397ms)
2026-10-07T06:56:27.5514706Z ✔ invalid page metadata cannot produce navigable links (0.383298ms)
2026-10-07T06:56:27.5515332Z ℹ tests 16
2026-10-07T06:56:27.5515828Z ℹ suites 0
2026-10-07T06:56:27.5516213Z ℹ pass 16
2026-10-07T06:56:27.5516582Z ℹ fail 0
2026-10-07T06:56:27.5517015Z ℹ cancelled 0
2026-10-07T06:56:27.5517452Z ℹ skipped 0
2026-10-07T06:56:27.5517893Z ℹ todo 0
2026-10-07T06:56:27.5518465Z ℹ duration_ms 139.002757
2026-10-07T06:56:27.5630614Z ##[group]Run npx eslint src/weaveos
2026-10-07T06:56:27.5631015Z [36;1mnpx eslint src/weaveos[0m
2026-10-07T06:56:27.5691915Z shell: /usr/bin/bash -e {0}
2026-10-07T06:56:27.5692746Z ##[endgroup]
2026-10-07T06:56:30.4359992Z ##[group]Run npx tsc -b
2026-10-07T06:56:30.4360463Z [36;1mnpx tsc -b[0m
2026-10-07T06:56:30.4395615Z shell: /usr/bin/bash -e {0}
2026-10-07T06:56:30.4396030Z ##[endgroup]
2026-10-07T06:56:37.5679122Z ##[group]Run npm run build:weaveos
2026-10-07T06:56:37.5679564Z [36;1mnpm run build:weaveos[0m
2026-10-07T06:56:37.5715928Z shell: /usr/bin/bash -e {0}
2026-10-07T06:56:37.5716396Z ##[endgroup]
2026-10-07T06:56:37.6514861Z 
2026-10-07T06:56:37.6515322Z > arca-ui@0.0.1 build:weaveos
2026-10-07T06:56:37.6515927Z > vite build --config vite.weaveos.config.ts
2026-10-07T06:56:37.6516166Z 
2026-10-07T06:56:37.8971424Z [36mvite v8.3.0 [32mbuilding client environment for production...[36m[39m
2026-10-07T06:56:37.9106768Z transforming...
2026-10-07T06:56:38.1331471Z ✓ 2641 modules transformed.
2026-10-07T06:56:38.1915896Z rendering chunks...
2026-10-07T06:56:38.2869731Z computing gzip size...
2026-10-07T06:56:38.2974662Z dist-weaveos/weaveos.html                                            0.37 kB │ gzip:   0.29 kB
2026-10-07T06:56:38.2975425Z dist-weaveos/assets/geist-cyrillic-ext-wght-normal-DjL33-gN.woff2    7.42 kB
2026-10-07T06:56:38.2976345Z dist-weaveos/assets/geist-vietnamese-wght-normal-6IgcOCM7.woff2      8.00 kB
2026-10-07T06:56:38.2977415Z dist-weaveos/assets/geist-cyrillic-wght-normal-BEAKL7Jp.woff2       15.08 kB
2026-10-07T06:56:38.2978430Z dist-weaveos/assets/geist-latin-ext-wght-normal-DC-KSUi6.woff2      16.51 kB
2026-10-07T06:56:38.2979115Z dist-weaveos/assets/geist-latin-wght-normal-BgDaEnEv.woff2          29.40 kB
2026-10-07T06:56:38.2979901Z dist-weaveos/assets/weaveos-DdkVYbFN.css                            49.75 kB │ gzip:  10.77 kB
2026-10-07T06:56:38.2980666Z dist-weaveos/assets/weaveos-CdCEfwG9.js                            628.98 kB │ gzip: 204.92 kB
2026-10-07T06:56:38.2981039Z 
2026-10-07T06:56:38.3027942Z [33m[plugin builtin:vite-reporter] 
2026-10-07T06:56:38.3029423Z (!) Some chunks are larger than 500 kB after minification. Consider:
2026-10-07T06:56:38.3029999Z - Using dynamic import() to code-split the application
2026-10-07T06:56:38.3031045Z - Use build.rolldownOptions.output.codeSplitting to improve chunking: https://rolldown.rs/reference/OutputOptions.codeSplitting
2026-10-07T06:56:38.3032017Z - Adjust chunk size limit for this warning via build.chunkSizeWarningLimit.[39m
2026-10-07T06:56:38.3148898Z [32m✓ built in 416ms[39m
2026-10-07T06:56:38.3469034Z ##[group]Run npm run build:weaveos:library
2026-10-07T06:56:38.3469466Z [36;1mnpm run build:weaveos:library[0m
2026-10-07T06:56:38.3505553Z shell: /usr/bin/bash -e {0}
2026-10-07T06:56:38.3505901Z ##[endgroup]
2026-10-07T06:56:38.4332171Z 
2026-10-07T06:56:38.4332869Z > arca-ui@0.0.1 build:weaveos:library
2026-10-07T06:56:38.4334121Z > vite build --config vite.weaveos-library.config.ts && tsc -p tsconfig.weaveos-library.json && node scripts/weaveos/package.mjs
2026-10-07T06:56:38.4335039Z 
2026-10-07T06:56:38.5756201Z [36mvite v8.3.0 [32mbuilding client environment for production...[36m[39m
2026-10-07T06:56:38.5892052Z transforming...
2026-10-07T06:56:38.5967777Z ✓ 27 modules transformed.
2026-10-07T06:56:38.6021722Z rendering chunks...
2026-10-07T06:56:38.6076575Z computing gzip size...
2026-10-07T06:56:38.6087134Z dist-library/index.js  52.47 kB │ gzip: 13.56 kB
2026-10-07T06:56:38.6095460Z 
2026-10-07T06:56:38.6102009Z [32m✓ built in 29ms[39m
2026-10-07T06:56:40.5922030Z Prepared private/unpublished component artifact at dist-library
2026-10-07T06:56:40.6026775Z ##[group]Run npm run test:weaveos:package
2026-10-07T06:56:40.6027208Z [36;1mnpm run test:weaveos:package[0m
2026-10-07T06:56:40.6063818Z shell: /usr/bin/bash -e {0}
2026-10-07T06:56:40.6064175Z ##[endgroup]
2026-10-07T06:56:40.6893146Z 
2026-10-07T06:56:40.6893865Z > arca-ui@0.0.1 test:weaveos:package
2026-10-07T06:56:40.6894918Z > node --test tests/weaveos/package.test.mjs
2026-10-07T06:56:40.6895348Z 
2026-10-07T06:56:41.1493600Z ✔ consumer artifact exports controls, theme and source-aware dialog (0.696882ms)
2026-10-07T06:56:41.1496579Z ✔ package has typed exports, explicit React peers and safe unpublished metadata (0.213813ms)
2026-10-07T06:56:41.1497729Z ✔ artifact has no source aliases or demo app and CSS stays scoped (0.431456ms)
2026-10-07T06:56:41.1499064Z ✔ distributed license and source attribution accompany components (0.148492ms)
2026-10-07T06:56:41.1772395Z ℹ tests 4
2026-10-07T06:56:41.1772805Z ℹ suites 0
2026-10-07T06:56:41.1773103Z ℹ pass 4
2026-10-07T06:56:41.1773546Z ℹ fail 0
2026-10-07T06:56:41.1773820Z ℹ cancelled 0
2026-10-07T06:56:41.1774185Z ℹ skipped 0
2026-10-07T06:56:41.1774488Z ℹ todo 0
2026-10-07T06:56:41.1774813Z ℹ duration_ms 458.003488
2026-10-07T06:56:41.2420007Z ##[group]Run npm run test:weaveos
2026-10-07T06:56:41.2420481Z [36;1mnpm run test:weaveos[0m
2026-10-07T06:56:41.2458891Z shell: /usr/bin/bash -e {0}
2026-10-07T06:56:41.2459268Z ##[endgroup]
2026-10-07T06:56:41.4007820Z 
2026-10-07T06:56:41.4008504Z > arca-ui@0.0.1 test:weaveos
2026-10-07T06:56:41.4009060Z > playwright test -c playwright.weaveos.config.ts
2026-10-07T06:56:41.4009423Z 
2026-10-07T06:56:42.6483740Z ✔ AND and OR compose without flattening or changing meaning (3.457309ms)
2026-10-07T06:56:42.6553961Z ✔ text supports only equal or not equal, numeric supports all six (1.697927ms)
2026-10-07T06:56:42.6555298Z ✔ depth three is valid and depth four is rejected (0.256474ms)
2026-10-07T06:56:42.6556105Z ✔ condition budget is twenty, independent of grouping (0.259824ms)
2026-10-07T06:56:42.6557191Z ✔ unknown fields, operators, empty groups and malformed leaves fail closed (0.265842ms)
2026-10-07T06:56:42.6558806Z ✔ empty text is an explicit valid equality, exact decimal strings remain unchanged (0.169332ms)
2026-10-07T06:56:42.6559916Z ✔ oversized and cyclic filters are rejected without throwing (0.2557ms)
2026-10-07T06:56:42.6735665Z ✔ opening starts at the source center with its size (1.098657ms)
2026-10-07T06:56:42.6749178Z ✔ each distinct source yields its own trajectory (0.288197ms)
2026-10-07T06:56:42.6769328Z ✔ absent source uses no displacement (0.196479ms)
2026-10-07T06:56:42.6770366Z ✔ invalid or zero rectangles fall back safely (0.22125ms)
2026-10-07T06:56:42.6771357Z ✔ no division by zero from an unmeasured panel (0.15756ms)
2026-10-07T06:56:43.2674705Z ✔ consumer artifact exports controls, theme and source-aware dialog (0.270824ms)
2026-10-07T06:56:43.2676815Z ✔ package has typed exports, explicit React peers and safe unpublished metadata (0.270041ms)
2026-10-07T06:56:43.2682421Z ✔ artifact has no source aliases or demo app and CSS stays scoped (0.472125ms)
2026-10-07T06:56:43.2683909Z ✔ distributed license and source attribution accompany components (0.124716ms)
2026-10-07T06:56:43.2786201Z ✔ small pages list exact pages; large totals use bounded windows (0.304693ms)
2026-10-07T06:56:43.2787277Z ✔ first and last pages retain nearby navigation without enumerating total (0.142198ms)
2026-10-07T06:56:43.2789668Z ✔ page input accepts only in-range integers, not coercions or partial numbers (0.171894ms)
2026-10-07T06:56:43.2791558Z ✔ invalid page metadata cannot produce navigable links (0.160895ms)
2026-10-07T06:56:43.3144186Z 
2026-10-07T06:56:43.3144906Z Running 46 tests using 2 workers
2026-10-07T06:56:43.3145333Z 
2026-10-07T06:56:46.9075138Z   ✓   1 [chromium] › tests/weaveos/data-workspace.spec.ts:5:1 › table renders only the current supplied page despite a large server total (1.6s)
2026-10-07T06:56:47.5415297Z   ✓   2 [chromium] › tests/weaveos/data-workspace.spec.ts:11:1 › arbitrary page jump emits controlled request and waits for returned page (2.2s)
2026-10-07T06:56:48.4530291Z   ✓   3 [chromium] › tests/weaveos/data-workspace.spec.ts:19:1 › text has no normal sort while numerical sorting is server-controlled (1.5s)
2026-10-07T06:56:50.6581949Z   ✓   4 [chromium] › tests/weaveos/data-workspace.spec.ts:27:1 › hide a column changes display without clearing sort or issuing a query (3.1s)
2026-10-07T06:56:50.7657311Z   ✓   5 [chromium] › tests/weaveos/data-workspace.spec.ts:38:1 › related data change requires refresh and refresh requests page one (2.3s)
2026-10-07T06:56:52.0034762Z   ✓   6 [chromium] › tests/weaveos/data-workspace.spec.ts:46:1 › only current page selection is controlled and filtering does not happen locally (1.3s)
2026-10-07T06:56:53.6997739Z   ✓   7 [chromium] › tests/weaveos/data-workspace.spec.ts:51:1 › table workspace passes settled accessibility and captures actual desktop UI (2.9s)
2026-10-07T06:56:54.3707033Z   ✓   8 [chromium] › tests/weaveos/data-workspace.spec.ts:56:1 › page-size change is a controlled request that resets to first page (2.4s)
2026-10-07T06:56:55.1141191Z   ✓   9 [chromium] › tests/weaveos/data-workspace.spec.ts:63:1 › invalid arbitrary page never emits a coerced query (1.4s)
2026-10-07T06:56:56.4436696Z   ✓  11 [chromium] › tests/weaveos/feedback.spec.ts:3:1 › tooltip opens from keyboard focus, escapes and preserves trigger focus (1.3s)
2026-10-07T06:56:56.8913573Z   ✓  10 [chromium] › tests/weaveos/data-workspace.spec.ts:69:1 › failed response keeps previous confirmed page and exposes an explicit retry (2.5s)
2026-10-07T06:56:57.7907276Z   ✓  12 [chromium] › tests/weaveos/feedback.spec.ts:4:1 › progress distinguishes confirmed numeric value from indeterminate waiting (1.3s)
2026-10-07T06:56:59.0909592Z   ✓  14 [chromium] › tests/weaveos/field-basics.spec.ts:4:1 › decimal string retains every digit and trailing zero through edits and blur (1.3s)
2026-10-07T06:56:59.1969029Z   ✓  13 [chromium] › tests/weaveos/feedback.spec.ts:5:1 › skeleton is decorative and dark feedback controls remain accessible (2.3s)
2026-10-07T06:57:00.3686934Z   ✓  15 [chromium] › tests/weaveos/field-basics.spec.ts:10:1 › decimal zero remains a string while clearing produces explicit null (1.3s)
2026-10-07T06:57:00.6644362Z   ✓  16 [chromium] › tests/weaveos/field-basics.spec.ts:14:1 › nullable Boolean keeps null false and true separate (1.4s)
2026-10-07T06:57:01.7492450Z   ✓  17 [chromium] › tests/weaveos/field-basics.spec.ts:21:1 › readonly fields cannot emit edits, including Boolean pointer and keyboard (1.4s)
2026-10-07T06:57:01.9505138Z   ✓  18 [chromium] › tests/weaveos/field-basics.spec.ts:28:1 › multiline text preserves Unicode newlines and intentional empty text (1.3s)
2026-10-07T06:57:03.8251692Z   ✓  19 [chromium] › tests/weaveos/field-basics.spec.ts:33:1 › field errors are associated with inputs and settled controls remain accessible (2.1s)
2026-10-07T06:57:06.6415588Z   ✓  20 [chromium] › tests/weaveos/filter-manager.spec.ts:4:1 › opens saved-filter management first, with only one preset applied (4.7s)
2026-10-07T06:57:07.2891521Z   ✓  21 [chromium] › tests/weaveos/filter-manager.spec.ts:14:1 › constructs AND with an OR subgroup and persists exact conditions (3.4s)
2026-10-07T06:57:09.6817946Z   ✓  22 [chromium] › tests/weaveos/filter-manager.spec.ts:27:1 › failed persistence retains editor and never reports saved (3.0s)
2026-10-07T06:57:10.3666458Z   ✓  23 [chromium] › tests/weaveos/filter-manager.spec.ts:36:1 › dirty Escape asks before discarding and restores source focus (3.1s)
2026-10-07T06:57:12.6380702Z   ✓  25 [chromium] › tests/weaveos/filter-manager.spec.ts:53:1 › applying a preset emits a page-one host query without client-side table filtering (2.3s)
2026-10-07T06:57:12.9209230Z   ✓  24 [chromium] › tests/weaveos/filter-manager.spec.ts:44:1 › text comparisons exclude range operators and editor is accessible (3.2s)
2026-10-07T06:57:15.4182077Z   ✓  27 [chromium] › tests/weaveos/filter-manager.spec.ts:66:1 › deleting a preset requires confirmation and cancellation preserves it (2.5s)
2026-10-07T06:57:15.8604366Z   ✓  26 [chromium] › tests/weaveos/filter-manager.spec.ts:59:1 › editing a saved preset preserves identity, saving alone does not apply (3.2s)
2026-10-07T06:57:18.6949261Z V042_OPENING_GEOMETRY {"count":28,"widths":[440,95.68994140625,99.237060546875,103.7552490234375,147.5625,202.6793212890625,242.9083251953125,366.9449462890625,417.40191650390625,435.6124267578125,439.75537109375,440,439.9999694824219,440,440,440,440,440,440,440,440,440,440,440,440,440,440,440],"expanded":440}
2026-10-07T06:57:18.8463829Z   ✓  28 [chromium] › tests/weaveos/origin-motion.spec.ts:3:1 › window geometry really travels from and returns toward the trigger (3.4s)
2026-10-07T06:57:20.2290959Z   ✓  29 [chromium] › tests/weaveos/origin-motion.spec.ts:29:1 › successful save returns the window toward its source too (4.4s)
2026-10-07T06:57:22.1874105Z   ✓  31 [chromium] › tests/weaveos/studio.spec.ts:6:1 › shell uses collapsible icon rail and edge-to-edge content card (1.9s)
2026-10-07T06:57:23.0053185Z   ✓  30 [chromium] › tests/weaveos/preview.spec.ts:3:1 › capture component studio review images (4.1s)
2026-10-07T06:57:24.6263970Z   ✓  32 [chromium] › tests/weaveos/studio.spec.ts:19:1 › source dialog has accessible title, focus isolation and restores origin (2.4s)
2026-10-07T06:57:25.3769925Z   ✓  33 [chromium] › tests/weaveos/studio.spec.ts:34:1 › second source restores its own focus (2.4s)
2026-10-07T06:57:29.3296703Z   ✓  34 [chromium] › tests/weaveos/studio.spec.ts:41:1 › close during opening and repeat never leaves an overlay or locked page (4.7s)
2026-10-07T06:57:30.5771137Z   ✓  35 [chromium] › tests/weaveos/studio.spec.ts:49:1 › save feedback waits for result and errors retain editable input (5.2s)
2026-10-07T06:57:32.1038672Z   ✓  36 [chromium] › tests/weaveos/studio.spec.ts:65:1 › nested select Escape dismisses only the list, then dialog (2.8s)
2026-10-07T06:57:32.7579419Z   ✓  37 [chromium] › tests/weaveos/studio.spec.ts:74:1 › reduced motion preserves usable modal without scale displacement (2.2s)
2026-10-07T06:57:34.1568984Z   ✓  39 [chromium] › tests/weaveos/studio.spec.ts:92:1 › theme controls, basic controls and component navigation work (1.4s)
2026-10-07T06:57:34.7975209Z   ✓  38 [chromium] › tests/weaveos/studio.spec.ts:83:1 › mobile view fits viewport and dialog remains operable (2.7s)
2026-10-07T06:57:35.9399175Z   ✓  41 [chromium] › tests/weaveos/workspace-tabs.spec.ts:3:1 › workspace tabs keep pinned labels clean and nonclosable (1.1s)
2026-10-07T06:57:37.1692105Z   ✓  42 [chromium] › tests/weaveos/workspace-tabs.spec.ts:4:1 › workspace tabs use arrow Home End navigation and skip disabled tabs (1.2s)
2026-10-07T06:57:37.6301417Z   ✓  40 [chromium] › tests/weaveos/studio.spec.ts:102:1 › studio and open modal have no serious accessibility violations (3.5s)
2026-10-07T06:57:38.6400591Z   ✓  43 [chromium] › tests/weaveos/workspace-tabs.spec.ts:5:1 › workspace tab switch is controlled and never optimistically accepts a refused request (1.5s)
2026-10-07T06:57:38.9765101Z   ✓  44 [chromium] › tests/weaveos/workspace-tabs.spec.ts:6:1 › workspace close only requests removal until its owner confirms (1.3s)
2026-10-07T06:57:40.3617629Z   ✓  46 [chromium] › tests/weaveos/workspace-tabs.spec.ts:8:1 › workspace content starts below a full-width horizontal tab strip (1.4s)
2026-10-07T06:57:40.7930030Z   ✓  45 [chromium] › tests/weaveos/workspace-tabs.spec.ts:7:1 › workspace tabs have accessible dark panels and reduced-motion presentation (2.1s)
2026-10-07T06:57:40.8796212Z 
2026-10-07T06:57:40.8799849Z   46 passed (59.0s)
2026-10-07T06:57:40.9112715Z ##[group]Run actions/upload-artifact@v4
2026-10-07T06:57:40.9113070Z with:
2026-10-07T06:57:40.9113442Z   name: weaveos-browser-evidence
2026-10-07T06:57:40.9113680Z   path: test-results/
2026-10-07T06:57:40.9113922Z   retention-days: 14
2026-10-07T06:57:40.9114181Z   if-no-files-found: warn
2026-10-07T06:57:40.9114481Z   compression-level: 6
2026-10-07T06:57:40.9114681Z   overwrite: false
2026-10-07T06:57:40.9114882Z   include-hidden-files: false
2026-10-07T06:57:40.9115109Z ##[endgroup]
2026-10-07T06:57:41.0575188Z (node:4152) [DEP0040] DeprecationWarning: The `punycode` module is deprecated. Please use a userland alternative instead.
2026-10-07T06:57:41.0575902Z (Use `node --trace-deprecation ...` to show where the warning was created)
2026-10-07T06:57:41.0640858Z With the provided path, there will be 8 files uploaded
2026-10-07T06:57:41.0647246Z Artifact name is valid!
2026-10-07T06:57:41.0648143Z Root directory input is valid!
2026-10-07T06:57:41.3543632Z Beginning upload of artifact content to blob storage
2026-10-07T06:57:41.4297934Z (node:4152) [DEP0169] DeprecationWarning: `url.parse()` behavior is not standardized and prone to errors that have security implications. Use the WHATWG URL API instead. CVEs are not issued for `url.parse()` vulnerabilities.
2026-10-07T06:57:41.7228489Z Uploaded bytes 1394076
2026-10-07T06:57:41.7585788Z Finished uploading artifact content to blob storage!
2026-10-07T06:57:41.7586796Z SHA256 digest of uploaded artifact zip is 940d9b70aeb3e8ec3d9cc850cdf5b121a1d5b6bb4d9e659bcfa6cfb9f9d1c7a0
2026-10-07T06:57:41.7588322Z Finalizing artifact upload
2026-10-07T06:57:41.9654757Z Artifact weaveos-browser-evidence.zip successfully finalized. Artifact ID 11465898351
2026-10-07T06:57:41.9655908Z Artifact weaveos-browser-evidence has been successfully uploaded! Final size is 1394076 bytes. Artifact ID is 11465898351
2026-10-07T06:57:41.9660610Z Artifact download URL: https://github.com/Hubujiu/arca-ui/actions/runs/37584241800/artifacts/11465898351
2026-10-07T06:57:41.9802103Z Post job cleanup.
2026-10-07T06:57:42.0850055Z (node:4165) [DEP0040] DeprecationWarning: The `punycode` module is deprecated. Please use a userland alternative instead.
2026-10-07T06:57:42.0850855Z (Use `node --trace-deprecation ...` to show where the warning was created)
2026-10-07T06:57:42.0852786Z Cache hit occurred on the primary key node-cache-Linux-x64-npm-e49477bd2ac87adee467bcfea498780880a69ec42aeb10ad505d060aeecf5f10, not saving cache.
2026-10-07T06:57:42.0955365Z Post job cleanup.
2026-10-07T06:57:42.1697643Z [command]/usr/bin/git version
2026-10-07T06:57:42.1737522Z git version 2.55.0
2026-10-07T06:57:42.1779481Z Temporarily overriding HOME='/home/runner/work/_temp/a97a4008-a3c4-49cf-9832-ff11adde2f5b' before making global git config changes
2026-10-07T06:57:42.1780926Z Adding repository directory to the temporary git global config as a safe directory
2026-10-07T06:57:42.1790860Z [command]/usr/bin/git config --global --add safe.directory /home/runner/work/arca-ui/arca-ui
2026-10-07T06:57:42.1827121Z [command]/usr/bin/git config --local --name-only --get-regexp core\.sshCommand
2026-10-07T06:57:42.1860951Z [command]/usr/bin/git submodule foreach --recursive sh -c "git config --local --name-only --get-regexp 'core\.sshCommand' && git config --local --unset-all 'core.sshCommand' || :"
2026-10-07T06:57:42.2114905Z [command]/usr/bin/git config --local --name-only --get-regexp http\.https\:\/\/github\.com\/\.extraheader
2026-10-07T06:57:42.2140773Z http.https://github.com/.extraheader
2026-10-07T06:57:42.2152341Z [command]/usr/bin/git config --local --unset-all http.https://github.com/.extraheader
2026-10-07T06:57:42.2185717Z [command]/usr/bin/git submodule foreach --recursive sh -c "git config --local --name-only --get-regexp 'http\.https\:\/\/github\.com\/\.extraheader' && git config --local --unset-all 'http.https://github.com/.extraheader' || :"
2026-10-07T06:57:42.2420853Z [command]/usr/bin/git config --local --name-only --get-regexp ^includeIf\.gitdir:
2026-10-07T06:57:42.2454233Z [command]/usr/bin/git submodule foreach --recursive git config --local --show-origin --name-only --get-regexp remote.origin.url
2026-10-07T06:57:42.2810374Z Cleaning up orphan processes
2026-10-07T06:57:42.3041680Z ##[warning]Node.js 20 is deprecated. The following actions target Node.js 20 but are being forced to run on Node.js 24: actions/checkout@v4, actions/setup-node@v4, actions/upload-artifact@v4. For more information see: https://github.blog/changelog/2025-09-19-deprecation-of-node-20-on-github-actions-runners/

