2026-10-07T06:50:41.2648430Z Current runner version: '2.337.0'
2026-10-07T06:50:41.2668850Z ##[group]Runner Image Provisioner
2026-10-07T06:50:41.2669605Z Hosted Compute Agent
2026-10-07T06:50:41.2670171Z Version: 20260901.588
2026-10-07T06:50:41.2670699Z Commit: f88ec8081b781fac6c440065ac7ff9e710ce3d0b
2026-10-07T06:50:41.2671281Z Build Date: 2026-09-01T19:56:44Z
2026-10-07T06:50:41.2671891Z Worker ID: {59bd16e5-2fdb-4a43-9c08-6d2f297d3753}
2026-10-07T06:50:41.2672469Z Azure Region: westus3
2026-10-07T06:50:41.2673089Z ##[endgroup]
2026-10-07T06:50:41.2674256Z ##[group]Operating System
2026-10-07T06:50:41.2674771Z Ubuntu
2026-10-07T06:50:41.2675258Z 24.04.5
2026-10-07T06:50:41.2675729Z LTS
2026-10-07T06:50:41.2676218Z ##[endgroup]
2026-10-07T06:50:41.2676687Z ##[group]Runner Image
2026-10-07T06:50:41.2677185Z Image: ubuntu-24.04
2026-10-07T06:50:41.2677695Z Version: 20260927.320.1
2026-10-07T06:50:41.2678892Z Included Software: https://github.com/actions/runner-images/blob/ubuntu24/20260927.320/images/ubuntu/Ubuntu2404-Readme.md
2026-10-07T06:50:41.2680162Z Image Release: https://github.com/actions/runner-images/releases/tag/ubuntu24%2F20260927.320
2026-10-07T06:50:41.2680951Z ##[endgroup]
2026-10-07T06:50:41.2682192Z ##[group]GITHUB_TOKEN Permissions
2026-10-07T06:50:41.2683997Z Contents: read
2026-10-07T06:50:41.2684554Z Metadata: read
2026-10-07T06:50:41.2685013Z ##[endgroup]
2026-10-07T06:50:41.2686663Z Secret source: Actions
2026-10-07T06:50:41.2687548Z Cache mode: write
2026-10-07T06:50:41.2688319Z Prepare workflow directory
2026-10-07T06:50:41.2971270Z Prepare all required actions
2026-10-07T06:50:41.3024396Z Getting action download info
2026-10-07T06:50:41.5774503Z Download action repository 'actions/checkout@v4' (SHA:11d5960a326750d5838078e36cf38b85af677262)
2026-10-07T06:50:41.6578595Z Download action repository 'actions/setup-node@v4' (SHA:49933ea5288caeca8642d1e84afbd3f7d6820020)
2026-10-07T06:50:41.7634053Z Download action repository 'actions/upload-artifact@v4' (SHA:ea165f8d65b6e75b540449e92b4886f43607fa02)
2026-10-07T06:50:42.0141582Z Complete job name: browser
2026-10-07T06:50:42.0794905Z ##[group]Run actions/checkout@v4
2026-10-07T06:50:42.0795525Z with:
2026-10-07T06:50:42.0795868Z   repository: Hubujiu/arca-ui
2026-10-07T06:50:42.0799323Z   token: ***
2026-10-07T06:50:42.0799668Z   ssh-strict: true
2026-10-07T06:50:42.0800016Z   ssh-user: git
2026-10-07T06:50:42.0800375Z   persist-credentials: true
2026-10-07T06:50:42.0800756Z   clean: true
2026-10-07T06:50:42.0801104Z   sparse-checkout-cone-mode: true
2026-10-07T06:50:42.0801509Z   fetch-depth: 1
2026-10-07T06:50:42.0801840Z   fetch-tags: false
2026-10-07T06:50:42.0802183Z   show-progress: true
2026-10-07T06:50:42.0802529Z   lfs: false
2026-10-07T06:50:42.0802843Z   submodules: false
2026-10-07T06:50:42.0803191Z   set-safe-directory: true
2026-10-07T06:50:42.0803574Z   allow-unsafe-pr-checkout: false
2026-10-07T06:50:42.0804156Z ##[endgroup]
2026-10-07T06:50:42.1612739Z Syncing repository: Hubujiu/arca-ui
2026-10-07T06:50:42.1614161Z ##[group]Getting Git version info
2026-10-07T06:50:42.1614798Z Working directory is '/home/runner/work/arca-ui/arca-ui'
2026-10-07T06:50:42.1615572Z [command]/usr/bin/git version
2026-10-07T06:50:42.1696895Z git version 2.55.0
2026-10-07T06:50:42.1713955Z ##[endgroup]
2026-10-07T06:50:42.1727480Z Temporarily overriding HOME='/home/runner/work/_temp/d4da4f8e-bfca-4fda-9198-070030eb276b' before making global git config changes
2026-10-07T06:50:42.1729399Z Adding repository directory to the temporary git global config as a safe directory
2026-10-07T06:50:42.1732321Z [command]/usr/bin/git config --global --add safe.directory /home/runner/work/arca-ui/arca-ui
2026-10-07T06:50:42.1778870Z Deleting the contents of '/home/runner/work/arca-ui/arca-ui'
2026-10-07T06:50:42.1782565Z ##[group]Initializing the repository
2026-10-07T06:50:42.1786084Z [command]/usr/bin/git init /home/runner/work/arca-ui/arca-ui
2026-10-07T06:50:42.1882645Z hint: Using 'master' as the name for the initial branch. This default branch name
2026-10-07T06:50:42.1884087Z hint: will change to "main" in Git 3.0. To configure the initial branch name
2026-10-07T06:50:42.1885103Z hint: to use in all of your new repositories, which will suppress this warning,
2026-10-07T06:50:42.1885683Z hint: call:
2026-10-07T06:50:42.1886284Z hint:
2026-10-07T06:50:42.1886713Z hint: 	git config --global init.defaultBranch <name>
2026-10-07T06:50:42.1887206Z hint:
2026-10-07T06:50:42.1887671Z hint: Names commonly chosen instead of 'master' are 'main', 'trunk' and
2026-10-07T06:50:42.1888790Z hint: 'development'. The just-created branch can be renamed via this command:
2026-10-07T06:50:42.1889567Z hint:
2026-10-07T06:50:42.1889907Z hint: 	git branch -m <name>
2026-10-07T06:50:42.1890281Z hint:
2026-10-07T06:50:42.1890774Z hint: Disable this message with "git config set advice.defaultBranchName false"
2026-10-07T06:50:42.1895555Z Initialized empty Git repository in /home/runner/work/arca-ui/arca-ui/.git/
2026-10-07T06:50:42.1903347Z [command]/usr/bin/git remote add origin https://github.com/Hubujiu/arca-ui
2026-10-07T06:50:42.1952218Z ##[endgroup]
2026-10-07T06:50:42.1953179Z ##[group]Disabling automatic garbage collection
2026-10-07T06:50:42.1963871Z [command]/usr/bin/git config --local gc.auto 0
2026-10-07T06:50:42.1995616Z ##[endgroup]
2026-10-07T06:50:42.1997061Z ##[group]Setting up auth
2026-10-07T06:50:42.2002148Z [command]/usr/bin/git config --local --name-only --get-regexp core\.sshCommand
2026-10-07T06:50:42.2034446Z [command]/usr/bin/git submodule foreach --recursive sh -c "git config --local --name-only --get-regexp 'core\.sshCommand' && git config --local --unset-all 'core.sshCommand' || :"
2026-10-07T06:50:42.2362673Z [command]/usr/bin/git config --local --name-only --get-regexp http\.https\:\/\/github\.com\/\.extraheader
2026-10-07T06:50:42.2404987Z [command]/usr/bin/git submodule foreach --recursive sh -c "git config --local --name-only --get-regexp 'http\.https\:\/\/github\.com\/\.extraheader' && git config --local --unset-all 'http.https://github.com/.extraheader' || :"
2026-10-07T06:50:42.2593677Z [command]/usr/bin/git config --local --name-only --get-regexp ^includeIf\.gitdir:
2026-10-07T06:50:42.2623694Z [command]/usr/bin/git submodule foreach --recursive git config --local --show-origin --name-only --get-regexp remote.origin.url
2026-10-07T06:50:42.2810715Z [command]/usr/bin/git config --local http.https://github.com/.extraheader AUTHORIZATION: basic ***
2026-10-07T06:50:42.2844965Z ##[endgroup]
2026-10-07T06:50:42.2845597Z ##[group]Fetching the repository
2026-10-07T06:50:42.2852732Z [command]/usr/bin/git -c protocol.version=2 fetch --no-tags --prune --no-recurse-submodules --depth=1 origin +57c589ad3bb6923580958d36140d649005cb5c65:refs/remotes/origin/task/V030-042-weaveos-components
2026-10-07T06:50:43.3767684Z From https://github.com/Hubujiu/arca-ui
2026-10-07T06:50:43.3769572Z  * [new ref]         57c589ad3bb6923580958d36140d649005cb5c65 -> origin/task/V030-042-weaveos-components
2026-10-07T06:50:43.3772420Z ##[endgroup]
2026-10-07T06:50:43.3773423Z ##[group]Determining the checkout info
2026-10-07T06:50:43.3774683Z ##[endgroup]
2026-10-07T06:50:43.3779330Z [command]/usr/bin/git sparse-checkout disable
2026-10-07T06:50:43.3839889Z [command]/usr/bin/git config --local --unset-all extensions.worktreeConfig
2026-10-07T06:50:43.3869318Z ##[group]Checking out the ref
2026-10-07T06:50:43.3873800Z [command]/usr/bin/git checkout --progress --force -B task/V030-042-weaveos-components refs/remotes/origin/task/V030-042-weaveos-components
2026-10-07T06:50:43.4444699Z Switched to a new branch 'task/V030-042-weaveos-components'
2026-10-07T06:50:43.4447361Z branch 'task/V030-042-weaveos-components' set up to track 'origin/task/V030-042-weaveos-components'.
2026-10-07T06:50:43.4453535Z ##[endgroup]
2026-10-07T06:50:43.4493126Z [command]/usr/bin/git log -1 --format=%H
2026-10-07T06:50:43.4516539Z 57c589ad3bb6923580958d36140d649005cb5c65
2026-10-07T06:50:43.4873569Z ##[group]Run actions/setup-node@v4
2026-10-07T06:50:43.4874545Z with:
2026-10-07T06:50:43.4875293Z   node-version: 24.19.0
2026-10-07T06:50:43.4876133Z   cache: npm
2026-10-07T06:50:43.4877059Z   always-auth: false
2026-10-07T06:50:43.4877890Z   check-latest: false
2026-10-07T06:50:43.4884942Z   token: ***
2026-10-07T06:50:43.4885703Z ##[endgroup]
2026-10-07T06:50:43.5974127Z Attempting to download 24.19.0...
2026-10-07T06:50:43.6055115Z (node:2073) [DEP0040] DeprecationWarning: The `punycode` module is deprecated. Please use a userland alternative instead.
2026-10-07T06:50:43.6057015Z (Use `node --trace-deprecation ...` to show where the warning was created)
2026-10-07T06:50:44.8402884Z Acquiring 24.19.0 - x64 from https://github.com/actions/node-versions/releases/download/24.19.0-30872449280/node-24.19.0-linux-x64.tar.gz
2026-10-07T06:50:45.4006692Z Extracting ...
2026-10-07T06:50:45.4106930Z [command]/usr/bin/tar xz --strip 1 --warning=no-unknown-keyword --overwrite -C /home/runner/work/_temp/a9081a6e-ffef-4475-b583-8a4fda8a9676 -f /home/runner/work/_temp/1baddf15-2f26-443b-8a1e-ba718e15fa5b
2026-10-07T06:50:46.4564844Z Adding to the cache ...
2026-10-07T06:50:48.3747360Z ##[group]Environment details
2026-10-07T06:50:48.5658547Z node: v24.19.0
2026-10-07T06:50:48.5658918Z npm: 11.17.0
2026-10-07T06:50:48.5659149Z yarn: 1.22.22
2026-10-07T06:50:48.5659647Z ##[endgroup]
2026-10-07T06:50:48.5672617Z [command]/opt/hostedtoolcache/node/24.19.0/x64/bin/npm config get cache
2026-10-07T06:50:48.6410565Z /home/runner/.npm
2026-10-07T06:50:48.8589030Z Cache hit for: node-cache-Linux-x64-npm-e49477bd2ac87adee467bcfea498780880a69ec42aeb10ad505d060aeecf5f10
2026-10-07T06:50:48.8648398Z (node:2073) [DEP0169] DeprecationWarning: `url.parse()` behavior is not standardized and prone to errors that have security implications. Use the WHATWG URL API instead. CVEs are not issued for `url.parse()` vulnerabilities.
2026-10-07T06:50:50.0793642Z Received 37748736 of 123576884 (30.5%), 36.0 MBs/sec
2026-10-07T06:50:50.6066423Z Received 123576884 of 123576884 (100.0%), 77.2 MBs/sec
2026-10-07T06:50:50.6067020Z Cache Size: ~118 MB (123576884 B)
2026-10-07T06:50:50.6097559Z [command]/usr/bin/tar -xf /home/runner/work/_temp/dc585b2f-c4e8-40ba-b4f9-afa785b03377/cache.tzst -P -C /home/runner/work/arca-ui/arca-ui --use-compress-program unzstd
2026-10-07T06:50:50.8024432Z Cache restored successfully
2026-10-07T06:50:50.8077610Z Cache restored from key: node-cache-Linux-x64-npm-e49477bd2ac87adee467bcfea498780880a69ec42aeb10ad505d060aeecf5f10
2026-10-07T06:50:50.8242052Z ##[group]Run npm ci --ignore-scripts
2026-10-07T06:50:50.8242372Z [36;1mnpm ci --ignore-scripts[0m
2026-10-07T06:50:50.8468046Z shell: /usr/bin/bash -e {0}
2026-10-07T06:50:50.8468527Z ##[endgroup]
2026-10-07T06:51:00.5206494Z 
2026-10-07T06:51:00.5212868Z added 517 packages, and audited 518 packages in 10s
2026-10-07T06:51:00.5213394Z 
2026-10-07T06:51:00.5213584Z 163 packages are looking for funding
2026-10-07T06:51:00.5213862Z   run `npm fund` for details
2026-10-07T06:51:00.5260000Z 
2026-10-07T06:51:00.5260417Z 8 high severity vulnerabilities
2026-10-07T06:51:00.5260636Z 
2026-10-07T06:51:00.5260836Z To address issues that do not require attention, run:
2026-10-07T06:51:00.5261163Z   npm audit fix
2026-10-07T06:51:00.5261282Z 
2026-10-07T06:51:00.5261503Z To address all issues (including breaking changes), run:
2026-10-07T06:51:00.5261810Z   npm audit fix --force
2026-10-07T06:51:00.5261935Z 
2026-10-07T06:51:00.5262048Z Run `npm audit` for details.
2026-10-07T06:51:00.6147638Z ##[group]Run npx playwright install --with-deps chromium
2026-10-07T06:51:00.6148021Z [36;1mnpx playwright install --with-deps chromium[0m
2026-10-07T06:51:00.6216311Z shell: /usr/bin/bash -e {0}
2026-10-07T06:51:00.6216590Z ##[endgroup]
2026-10-07T06:51:01.1843351Z Installing dependencies...
2026-10-07T06:51:01.1905565Z Switching to root user to install dependencies...
2026-10-07T06:51:01.2630019Z Get:1 file:/etc/apt/apt-mirrors.txt Mirrorlist [144 B]
2026-10-07T06:51:01.2904977Z Hit:2 http://azure.archive.ubuntu.com/ubuntu noble InRelease
2026-10-07T06:51:01.2930205Z Get:3 http://azure.archive.ubuntu.com/ubuntu noble-updates InRelease [126 kB]
2026-10-07T06:51:01.2945458Z Get:6 https://packages.microsoft.com/ubuntu/24.04/prod noble InRelease [3600 B]
2026-10-07T06:51:01.2964206Z Get:4 http://azure.archive.ubuntu.com/ubuntu noble-backports InRelease [126 kB]
2026-10-07T06:51:01.2980634Z Get:5 http://azure.archive.ubuntu.com/ubuntu noble-security InRelease [126 kB]
2026-10-07T06:51:01.3992366Z Get:7 http://azure.archive.ubuntu.com/ubuntu noble-updates/main amd64 Packages [1375 kB]
2026-10-07T06:51:01.4124468Z Get:8 http://azure.archive.ubuntu.com/ubuntu noble-updates/main Translation-en [306 kB]
2026-10-07T06:51:01.4159199Z Get:9 http://azure.archive.ubuntu.com/ubuntu noble-updates/main amd64 Components [181 kB]
2026-10-07T06:51:01.4165397Z Get:10 http://azure.archive.ubuntu.com/ubuntu noble-updates/universe amd64 Packages [1701 kB]
2026-10-07T06:51:01.4239121Z Get:11 http://azure.archive.ubuntu.com/ubuntu noble-updates/universe Translation-en [341 kB]
2026-10-07T06:51:01.4250828Z Get:12 http://azure.archive.ubuntu.com/ubuntu noble-updates/universe amd64 Components [388 kB]
2026-10-07T06:51:01.4257495Z Get:13 http://azure.archive.ubuntu.com/ubuntu noble-updates/restricted amd64 Packages [1730 kB]
2026-10-07T06:51:01.4327126Z Get:14 http://azure.archive.ubuntu.com/ubuntu noble-updates/restricted Translation-en [396 kB]
2026-10-07T06:51:01.4345994Z Get:15 http://azure.archive.ubuntu.com/ubuntu noble-updates/multiverse Translation-en [13.3 kB]
2026-10-07T06:51:01.4351969Z Get:16 http://azure.archive.ubuntu.com/ubuntu noble-updates/multiverse amd64 Components [940 B]
2026-10-07T06:51:01.4522523Z Get:17 https://packages.microsoft.com/ubuntu/24.04/prod noble/main amd64 Packages [519 kB]
2026-10-07T06:51:01.4624490Z Get:18 https://packages.microsoft.com/ubuntu/24.04/prod noble/main arm64 Packages [463 kB]
2026-10-07T06:51:01.4689399Z Get:19 https://packages.microsoft.com/ubuntu/24.04/prod noble/main armhf Packages [12.6 kB]
2026-10-07T06:51:01.5378914Z Get:20 http://azure.archive.ubuntu.com/ubuntu noble-backports/main amd64 Components [5752 B]
2026-10-07T06:51:01.5387739Z Get:21 http://azure.archive.ubuntu.com/ubuntu noble-backports/universe amd64 Components [12.6 kB]
2026-10-07T06:51:01.5397842Z Get:22 http://azure.archive.ubuntu.com/ubuntu noble-security/main amd64 Packages [1073 kB]
2026-10-07T06:51:01.5452133Z Get:23 http://azure.archive.ubuntu.com/ubuntu noble-security/main Translation-en [223 kB]
2026-10-07T06:51:01.5466458Z Get:24 http://azure.archive.ubuntu.com/ubuntu noble-security/main amd64 Components [46.4 kB]
2026-10-07T06:51:01.5474638Z Get:25 http://azure.archive.ubuntu.com/ubuntu noble-security/universe amd64 Packages [1218 kB]
2026-10-07T06:51:01.5531639Z Get:26 http://azure.archive.ubuntu.com/ubuntu noble-security/universe Translation-en [245 kB]
2026-10-07T06:51:01.5544796Z Get:27 http://azure.archive.ubuntu.com/ubuntu noble-security/universe amd64 Components [76.3 kB]
2026-10-07T06:51:01.5556225Z Get:28 http://azure.archive.ubuntu.com/ubuntu noble-security/restricted amd64 Packages [1566 kB]
2026-10-07T06:51:01.5625830Z Get:29 http://azure.archive.ubuntu.com/ubuntu noble-security/restricted Translation-en [361 kB]
2026-10-07T06:51:01.5643940Z Get:30 http://azure.archive.ubuntu.com/ubuntu noble-security/multiverse Translation-en [11.6 kB]
2026-10-07T06:51:09.6157933Z Fetched 12.6 MB in 1s (11.3 MB/s)
2026-10-07T06:51:10.2837359Z Reading package lists...
2026-10-07T06:51:10.3043374Z Reading package lists...
2026-10-07T06:51:10.4783079Z Building dependency tree...
2026-10-07T06:51:10.4788627Z Reading state information...
2026-10-07T06:51:10.6068917Z libasound2t64 is already the newest version (1.2.11-1ubuntu0.3).
2026-10-07T06:51:10.6069840Z libasound2t64 set to manually installed.
2026-10-07T06:51:10.6070653Z libatk-bridge2.0-0t64 is already the newest version (2.52.0-1build1).
2026-10-07T06:51:10.6071352Z libatk-bridge2.0-0t64 set to manually installed.
2026-10-07T06:51:10.6072077Z libatk1.0-0t64 is already the newest version (2.52.0-1build1).
2026-10-07T06:51:10.6072690Z libatk1.0-0t64 set to manually installed.
2026-10-07T06:51:10.6073364Z libatspi2.0-0t64 is already the newest version (2.52.0-1build1).
2026-10-07T06:51:10.6074575Z libatspi2.0-0t64 set to manually installed.
2026-10-07T06:51:10.6075184Z libcairo2 is already the newest version (1.18.0-3build1).
2026-10-07T06:51:10.6075775Z libcairo2 set to manually installed.
2026-10-07T06:51:10.6076424Z libcups2t64 is already the newest version (2.4.7-1.2ubuntu7.14).
2026-10-07T06:51:10.6077060Z libcups2t64 set to manually installed.
2026-10-07T06:51:10.6077706Z libdbus-1-3 is already the newest version (1.14.10-4ubuntu4.1).
2026-10-07T06:51:10.6078469Z libdbus-1-3 set to manually installed.
2026-10-07T06:51:10.6079127Z libdrm2 is already the newest version (2.4.125-1ubuntu0.1~24.04.2).
2026-10-07T06:51:10.6079750Z libdrm2 set to manually installed.
2026-10-07T06:51:10.6080389Z libglib2.0-0t64 is already the newest version (2.80.0-6ubuntu3.9).
2026-10-07T06:51:10.6081046Z libglib2.0-0t64 set to manually installed.
2026-10-07T06:51:10.6081634Z libnspr4 is already the newest version (2:4.35-1.1build1).
2026-10-07T06:51:10.6082061Z libnspr4 set to manually installed.
2026-10-07T06:51:10.6082480Z libnss3 is already the newest version (2:3.98-1ubuntu0.2).
2026-10-07T06:51:10.6082895Z libnss3 set to manually installed.
2026-10-07T06:51:10.6083338Z libpango-1.0-0 is already the newest version (1.52.1+ds-1build1).
2026-10-07T06:51:10.6083784Z libpango-1.0-0 set to manually installed.
2026-10-07T06:51:10.6084355Z libx11-6 is already the newest version (2:1.8.7-1build1).
2026-10-07T06:51:10.6084760Z libx11-6 set to manually installed.
2026-10-07T06:51:10.6085158Z libxcb1 is already the newest version (1.15-1ubuntu2).
2026-10-07T06:51:10.6085542Z libxcb1 set to manually installed.
2026-10-07T06:51:10.6085971Z libxcomposite1 is already the newest version (1:0.4.5-1build3).
2026-10-07T06:51:10.6086424Z libxcomposite1 set to manually installed.
2026-10-07T06:51:10.6086865Z libxdamage1 is already the newest version (1:1.1.6-1build1).
2026-10-07T06:51:10.6087288Z libxdamage1 set to manually installed.
2026-10-07T06:51:10.6087715Z libxext6 is already the newest version (2:1.3.4-1build2).
2026-10-07T06:51:10.6088300Z libxext6 set to manually installed.
2026-10-07T06:51:10.6088949Z libxfixes3 is already the newest version (1:6.0.0-2build1).
2026-10-07T06:51:10.6089448Z libxfixes3 set to manually installed.
2026-10-07T06:51:10.6089911Z libxkbcommon0 is already the newest version (1.6.0-1build1).
2026-10-07T06:51:10.6090260Z libxkbcommon0 set to manually installed.
2026-10-07T06:51:10.6090578Z libxrandr2 is already the newest version (2:1.5.2-2build1).
2026-10-07T06:51:10.6090877Z libxrandr2 set to manually installed.
2026-10-07T06:51:10.6091188Z xvfb is already the newest version (2:21.1.12-1ubuntu1.8).
2026-10-07T06:51:10.6091617Z fonts-noto-color-emoji is already the newest version (2.047-0ubuntu0.24.04.1).
2026-10-07T06:51:10.6092057Z libfontconfig1 is already the newest version (2.15.0-1.1ubuntu2).
2026-10-07T06:51:10.6092395Z libfontconfig1 set to manually installed.
2026-10-07T06:51:10.6092717Z fonts-liberation is already the newest version (1:2.1.5-3).
2026-10-07T06:51:10.6093042Z fonts-liberation set to manually installed.
2026-10-07T06:51:10.6093353Z The following additional packages will be installed:
2026-10-07T06:51:10.6093752Z   libgl1-mesa-dri libglx-mesa0 mesa-libgallium xfonts-encodings xfonts-utils
2026-10-07T06:51:10.6094293Z Recommended packages:
2026-10-07T06:51:10.6094522Z   fonts-ipafont-mincho fonts-tlwg-loma
2026-10-07T06:51:10.6284435Z The following NEW packages will be installed:
2026-10-07T06:51:10.6285205Z   fonts-freefont-ttf fonts-ipafont-gothic fonts-tlwg-loma-otf fonts-unifont
2026-10-07T06:51:10.6291074Z   fonts-wqy-zenhei xfonts-cyrillic xfonts-encodings xfonts-scalable
2026-10-07T06:51:10.6291593Z   xfonts-utils
2026-10-07T06:51:10.6294995Z The following packages will be upgraded:
2026-10-07T06:51:10.6298982Z   libfreetype6 libgbm1 libgl1-mesa-dri libglx-mesa0 mesa-libgallium
2026-10-07T06:51:10.6444187Z 5 upgraded, 9 newly installed, 0 to remove and 24 not upgraded.
2026-10-07T06:51:10.6444571Z Need to get 32.5 MB of archives.
2026-10-07T06:51:10.6445434Z After this operation, 79.5 MB of additional disk space will be used.
2026-10-07T06:51:10.6446048Z Get:1 file:/etc/apt/apt-mirrors.txt Mirrorlist [144 B]
2026-10-07T06:51:10.7330425Z Get:2 http://azure.archive.ubuntu.com/ubuntu noble/universe amd64 fonts-ipafont-gothic all 00303-21ubuntu1 [3513 kB]
2026-10-07T06:51:10.8657138Z Get:3 http://azure.archive.ubuntu.com/ubuntu noble/main amd64 fonts-freefont-ttf all 20211204+svn4273-2 [5641 kB]
2026-10-07T06:51:11.0445766Z Get:4 http://azure.archive.ubuntu.com/ubuntu noble/universe amd64 fonts-tlwg-loma-otf all 1:0.7.3-1 [107 kB]
2026-10-07T06:51:11.2034648Z Get:5 http://azure.archive.ubuntu.com/ubuntu noble/universe amd64 fonts-unifont all 1:15.1.01-1build1 [2993 kB]
2026-10-07T06:51:11.3256468Z Get:6 http://azure.archive.ubuntu.com/ubuntu noble/universe amd64 fonts-wqy-zenhei all 0.9.45-8 [7472 kB]
2026-10-07T06:51:11.5396195Z Get:7 http://azure.archive.ubuntu.com/ubuntu noble-updates/main amd64 libfreetype6 amd64 2.13.2+dfsg-1ubuntu0.2 [403 kB]
2026-10-07T06:51:11.6102340Z Get:8 http://azure.archive.ubuntu.com/ubuntu noble-updates/main amd64 libgl1-mesa-dri amd64 25.2.8-0ubuntu0.24.04.4 [38.0 kB]
2026-10-07T06:51:11.6733394Z Get:9 http://azure.archive.ubuntu.com/ubuntu noble-updates/main amd64 libglx-mesa0 amd64 25.2.8-0ubuntu0.24.04.4 [110 kB]
2026-10-07T06:51:11.7375108Z Get:10 http://azure.archive.ubuntu.com/ubuntu noble-updates/main amd64 libgbm1 amd64 25.2.8-0ubuntu0.24.04.4 [34.2 kB]
2026-10-07T06:51:11.8012974Z Get:11 http://azure.archive.ubuntu.com/ubuntu noble-updates/main amd64 mesa-libgallium amd64 25.2.8-0ubuntu0.24.04.4 [10.8 MB]
2026-10-07T06:51:12.0788715Z Get:12 http://azure.archive.ubuntu.com/ubuntu noble/main amd64 xfonts-encodings all 1:1.0.5-0ubuntu2 [578 kB]
2026-10-07T06:51:12.1525643Z Get:13 http://azure.archive.ubuntu.com/ubuntu noble/main amd64 xfonts-utils amd64 1:7.7+6build3 [94.4 kB]
2026-10-07T06:51:12.2169481Z Get:14 http://azure.archive.ubuntu.com/ubuntu noble/universe amd64 xfonts-cyrillic all 1:1.0.5+nmu1 [384 kB]
2026-10-07T06:51:12.2871041Z Get:15 http://azure.archive.ubuntu.com/ubuntu noble/main amd64 xfonts-scalable all 1:1.0.3-1.3 [304 kB]
2026-10-07T06:51:12.5159388Z Fetched 32.5 MB in 2s (19.6 MB/s)
2026-10-07T06:51:12.5439444Z Selecting previously unselected package fonts-ipafont-gothic.
2026-10-07T06:51:12.5690813Z (Reading database ... 
2026-10-07T06:51:12.5691349Z (Reading database ... 5%
2026-10-07T06:51:12.5691738Z (Reading database ... 10%
2026-10-07T06:51:12.5692006Z (Reading database ... 15%
2026-10-07T06:51:12.5692220Z (Reading database ... 20%
2026-10-07T06:51:12.5692417Z (Reading database ... 25%
2026-10-07T06:51:12.5692667Z (Reading database ... 30%
2026-10-07T06:51:12.5692968Z (Reading database ... 35%
2026-10-07T06:51:12.5693290Z (Reading database ... 40%
2026-10-07T06:51:12.5693627Z (Reading database ... 45%
2026-10-07T06:51:12.5693937Z (Reading database ... 50%
2026-10-07T06:51:12.5727364Z (Reading database ... 55%
2026-10-07T06:51:12.6809855Z (Reading database ... 60%
2026-10-07T06:51:12.8843858Z (Reading database ... 65%
2026-10-07T06:51:13.0947107Z (Reading database ... 70%
2026-10-07T06:51:13.2932282Z (Reading database ... 75%
2026-10-07T06:51:13.4359928Z (Reading database ... 80%
2026-10-07T06:51:13.6426466Z (Reading database ... 85%
2026-10-07T06:51:13.8349392Z (Reading database ... 90%
2026-10-07T06:51:14.0008508Z (Reading database ... 95%
2026-10-07T06:51:14.0008945Z (Reading database ... 100%
2026-10-07T06:51:14.0009501Z (Reading database ... 202296 files and directories currently installed.)
2026-10-07T06:51:14.0049638Z Preparing to unpack .../00-fonts-ipafont-gothic_00303-21ubuntu1_all.deb ...
2026-10-07T06:51:14.0124233Z Unpacking fonts-ipafont-gothic (00303-21ubuntu1) ...
2026-10-07T06:51:14.2911693Z Selecting previously unselected package fonts-freefont-ttf.
2026-10-07T06:51:14.3021644Z Preparing to unpack .../01-fonts-freefont-ttf_20211204+svn4273-2_all.deb ...
2026-10-07T06:51:14.3027824Z Unpacking fonts-freefont-ttf (20211204+svn4273-2) ...
2026-10-07T06:51:14.4532932Z Selecting previously unselected package fonts-tlwg-loma-otf.
2026-10-07T06:51:14.4642417Z Preparing to unpack .../02-fonts-tlwg-loma-otf_1%3a0.7.3-1_all.deb ...
2026-10-07T06:51:14.4648557Z Unpacking fonts-tlwg-loma-otf (1:0.7.3-1) ...
2026-10-07T06:51:14.4959330Z Selecting previously unselected package fonts-unifont.
2026-10-07T06:51:14.5069177Z Preparing to unpack .../03-fonts-unifont_1%3a15.1.01-1build1_all.deb ...
2026-10-07T06:51:14.5074945Z Unpacking fonts-unifont (1:15.1.01-1build1) ...
2026-10-07T06:51:14.7647949Z Selecting previously unselected package fonts-wqy-zenhei.
2026-10-07T06:51:14.7759008Z Preparing to unpack .../04-fonts-wqy-zenhei_0.9.45-8_all.deb ...
2026-10-07T06:51:14.7924944Z Unpacking fonts-wqy-zenhei (0.9.45-8) ...
2026-10-07T06:51:15.2401042Z Preparing to unpack .../05-libfreetype6_2.13.2+dfsg-1ubuntu0.2_amd64.deb ...
2026-10-07T06:51:15.2510981Z Unpacking libfreetype6:amd64 (2.13.2+dfsg-1ubuntu0.2) over (2.13.2+dfsg-1ubuntu0.1) ...
2026-10-07T06:51:15.3370444Z Preparing to unpack .../06-libgl1-mesa-dri_25.2.8-0ubuntu0.24.04.4_amd64.deb ...
2026-10-07T06:51:15.3518520Z Unpacking libgl1-mesa-dri:amd64 (25.2.8-0ubuntu0.24.04.4) over (25.2.8-0ubuntu0.24.04.2) ...
2026-10-07T06:51:15.3991883Z Preparing to unpack .../07-libglx-mesa0_25.2.8-0ubuntu0.24.04.4_amd64.deb ...
2026-10-07T06:51:15.4290455Z Unpacking libglx-mesa0:amd64 (25.2.8-0ubuntu0.24.04.4) over (25.2.8-0ubuntu0.24.04.2) ...
2026-10-07T06:51:15.4786988Z Preparing to unpack .../08-libgbm1_25.2.8-0ubuntu0.24.04.4_amd64.deb ...
2026-10-07T06:51:15.4896999Z Unpacking libgbm1:amd64 (25.2.8-0ubuntu0.24.04.4) over (25.2.8-0ubuntu0.24.04.2) ...
2026-10-07T06:51:15.5321590Z Preparing to unpack .../09-mesa-libgallium_25.2.8-0ubuntu0.24.04.4_amd64.deb ...
2026-10-07T06:51:15.5405963Z Unpacking mesa-libgallium:amd64 (25.2.8-0ubuntu0.24.04.4) over (25.2.8-0ubuntu0.24.04.2) ...
2026-10-07T06:51:15.8696702Z Selecting previously unselected package xfonts-encodings.
2026-10-07T06:51:15.8808373Z Preparing to unpack .../10-xfonts-encodings_1%3a1.0.5-0ubuntu2_all.deb ...
2026-10-07T06:51:15.8814041Z Unpacking xfonts-encodings (1:1.0.5-0ubuntu2) ...
2026-10-07T06:51:15.9035942Z Selecting previously unselected package xfonts-utils.
2026-10-07T06:51:15.9145814Z Preparing to unpack .../11-xfonts-utils_1%3a7.7+6build3_amd64.deb ...
2026-10-07T06:51:15.9282943Z Unpacking xfonts-utils (1:7.7+6build3) ...
2026-10-07T06:51:15.9572708Z Selecting previously unselected package xfonts-cyrillic.
2026-10-07T06:51:15.9682150Z Preparing to unpack .../12-xfonts-cyrillic_1%3a1.0.5+nmu1_all.deb ...
2026-10-07T06:51:15.9686686Z Unpacking xfonts-cyrillic (1:1.0.5+nmu1) ...
2026-10-07T06:51:16.0928530Z Selecting previously unselected package xfonts-scalable.
2026-10-07T06:51:16.1039499Z Preparing to unpack .../13-xfonts-scalable_1%3a1.0.3-1.3_all.deb ...
2026-10-07T06:51:16.1045582Z Unpacking xfonts-scalable (1:1.0.3-1.3) ...
2026-10-07T06:51:16.1444972Z Setting up mesa-libgallium:amd64 (25.2.8-0ubuntu0.24.04.4) ...
2026-10-07T06:51:16.1462247Z Setting up libgbm1:amd64 (25.2.8-0ubuntu0.24.04.4) ...
2026-10-07T06:51:16.1476052Z Setting up libgl1-mesa-dri:amd64 (25.2.8-0ubuntu0.24.04.4) ...
2026-10-07T06:51:16.3059118Z Setting up fonts-wqy-zenhei (0.9.45-8) ...
2026-10-07T06:51:16.3150214Z Setting up fonts-freefont-ttf (20211204+svn4273-2) ...
2026-10-07T06:51:16.3164367Z Setting up fonts-tlwg-loma-otf (1:0.7.3-1) ...
2026-10-07T06:51:16.3177358Z Setting up libfreetype6:amd64 (2.13.2+dfsg-1ubuntu0.2) ...
2026-10-07T06:51:16.3192377Z Setting up xfonts-encodings (1:1.0.5-0ubuntu2) ...
2026-10-07T06:51:16.3205340Z Setting up fonts-ipafont-gothic (00303-21ubuntu1) ...
2026-10-07T06:51:16.3260124Z update-alternatives: using /usr/share/fonts/opentype/ipafont-gothic/ipag.ttf to provide /usr/share/fonts/truetype/fonts-japanese-gothic.ttf (fonts-japanese-gothic.ttf) in auto mode
2026-10-07T06:51:16.3272528Z Setting up fonts-unifont (1:15.1.01-1build1) ...
2026-10-07T06:51:16.3286690Z Setting up libglx-mesa0:amd64 (25.2.8-0ubuntu0.24.04.4) ...
2026-10-07T06:51:16.3300467Z Setting up xfonts-utils (1:7.7+6build3) ...
2026-10-07T06:51:16.3350907Z Setting up xfonts-cyrillic (1:1.0.5+nmu1) ...
2026-10-07T06:51:16.3590727Z Setting up xfonts-scalable (1:1.0.3-1.3) ...
2026-10-07T06:51:16.3820655Z Processing triggers for libc-bin (2.39-0ubuntu8.9) ...
2026-10-07T06:51:16.6057296Z Processing triggers for man-db (2.12.0-4build2) ...
2026-10-07T06:51:16.6567492Z Not building database; man-db/auto-update is not 'true'.
2026-10-07T06:51:16.7152262Z Processing triggers for fontconfig (2.15.0-1.1ubuntu2) ...
2026-10-07T06:51:17.9207790Z 
2026-10-07T06:51:17.9208591Z Running kernel seems to be up-to-date.
2026-10-07T06:51:17.9208877Z 
2026-10-07T06:51:17.9209006Z Restarting services...
2026-10-07T06:51:17.9275195Z  systemctl restart php8.3-fpm.service
2026-10-07T06:51:18.0427955Z 
2026-10-07T06:51:18.0429738Z No containers need to be restarted.
2026-10-07T06:51:18.0429966Z 
2026-10-07T06:51:18.0430301Z No user sessions are running outdated binaries.
2026-10-07T06:51:18.0430598Z 
2026-10-07T06:51:18.0431041Z No VM guests are running outdated hypervisor (qemu) binaries on this host.
2026-10-07T06:51:19.0068432Z Downloading Chrome for Testing 153.0.8010.12 (playwright chromium v1243) from https://cdn.playwright.dev/builds/cft/153.0.8010.12/linux64/chrome-linux64.zip
2026-10-07T06:51:19.3795300Z |                                                                                |   0% of 186.8 MiB
2026-10-07T06:51:19.5820724Z |■■■■■■■■                                                                        |  10% of 186.8 MiB
2026-10-07T06:51:19.6755593Z |■■■■■■■■■■■■■■■■                                                                |  20% of 186.8 MiB
2026-10-07T06:51:19.7796762Z |■■■■■■■■■■■■■■■■■■■■■■■■                                                        |  30% of 186.8 MiB
2026-10-07T06:51:19.8577453Z |■■■■■■■■■■■■■■■■■■■■■■■■■■■■■■■■                                                |  40% of 186.8 MiB
2026-10-07T06:51:19.9500098Z |■■■■■■■■■■■■■■■■■■■■■■■■■■■■■■■■■■■■■■■■                                        |  50% of 186.8 MiB
2026-10-07T06:51:20.0711958Z |■■■■■■■■■■■■■■■■■■■■■■■■■■■■■■■■■■■■■■■■■■■■■■■■                                |  60% of 186.8 MiB
2026-10-07T06:51:20.2097682Z |■■■■■■■■■■■■■■■■■■■■■■■■■■■■■■■■■■■■■■■■■■■■■■■■■■■■■■■■                        |  70% of 186.8 MiB
2026-10-07T06:51:20.3391769Z |■■■■■■■■■■■■■■■■■■■■■■■■■■■■■■■■■■■■■■■■■■■■■■■■■■■■■■■■■■■■■■■■                |  80% of 186.8 MiB
2026-10-07T06:51:20.4621908Z |■■■■■■■■■■■■■■■■■■■■■■■■■■■■■■■■■■■■■■■■■■■■■■■■■■■■■■■■■■■■■■■■■■■■■■■■        |  90% of 186.8 MiB
2026-10-07T06:51:20.5605023Z |■■■■■■■■■■■■■■■■■■■■■■■■■■■■■■■■■■■■■■■■■■■■■■■■■■■■■■■■■■■■■■■■■■■■■■■■■■■■■■■■| 100% of 186.8 MiB
2026-10-07T06:51:23.0516229Z Chrome for Testing 153.0.8010.12 (playwright chromium v1243) downloaded to /home/runner/.cache/ms-playwright/chromium-1243
2026-10-07T06:51:23.0520891Z Downloading FFmpeg (playwright ffmpeg v1011) from https://cdn.playwright.dev/dbazure/download/playwright/builds/ffmpeg/1011/ffmpeg-linux.zip
2026-10-07T06:51:23.3562615Z |                                                                                |   0% of 2.3 MiB
2026-10-07T06:51:23.3802080Z |■■■■■■■■                                                                        |  10% of 2.3 MiB
2026-10-07T06:51:23.3908253Z |■■■■■■■■■■■■■■■■                                                                |  20% of 2.3 MiB
2026-10-07T06:51:23.3976800Z |■■■■■■■■■■■■■■■■■■■■■■■■                                                        |  30% of 2.3 MiB
2026-10-07T06:51:23.4045752Z |■■■■■■■■■■■■■■■■■■■■■■■■■■■■■■■■                                                |  40% of 2.3 MiB
2026-10-07T06:51:23.4071178Z |■■■■■■■■■■■■■■■■■■■■■■■■■■■■■■■■■■■■■■■■                                        |  50% of 2.3 MiB
2026-10-07T06:51:23.4131142Z |■■■■■■■■■■■■■■■■■■■■■■■■■■■■■■■■■■■■■■■■■■■■■■■■                                |  60% of 2.3 MiB
2026-10-07T06:51:23.4141287Z |■■■■■■■■■■■■■■■■■■■■■■■■■■■■■■■■■■■■■■■■■■■■■■■■■■■■■■■■                        |  70% of 2.3 MiB
2026-10-07T06:51:23.4196892Z |■■■■■■■■■■■■■■■■■■■■■■■■■■■■■■■■■■■■■■■■■■■■■■■■■■■■■■■■■■■■■■■■                |  80% of 2.3 MiB
2026-10-07T06:51:23.4215277Z |■■■■■■■■■■■■■■■■■■■■■■■■■■■■■■■■■■■■■■■■■■■■■■■■■■■■■■■■■■■■■■■■■■■■■■■■        |  90% of 2.3 MiB
2026-10-07T06:51:23.4225267Z |■■■■■■■■■■■■■■■■■■■■■■■■■■■■■■■■■■■■■■■■■■■■■■■■■■■■■■■■■■■■■■■■■■■■■■■■■■■■■■■■| 100% of 2.3 MiB
2026-10-07T06:51:23.4668547Z FFmpeg (playwright ffmpeg v1011) downloaded to /home/runner/.cache/ms-playwright/ffmpeg-1011
2026-10-07T06:51:23.4670806Z Downloading Chrome Headless Shell 153.0.8010.12 (playwright chromium-headless-shell v1243) from https://cdn.playwright.dev/builds/cft/153.0.8010.12/linux64/chrome-headless-shell-linux64.zip
2026-10-07T06:51:23.8108369Z |                                                                                |   0% of 114.3 MiB
2026-10-07T06:51:23.9495616Z |■■■■■■■■                                                                        |  10% of 114.3 MiB
2026-10-07T06:51:24.0032964Z |■■■■■■■■■■■■■■■■                                                                |  20% of 114.3 MiB
2026-10-07T06:51:24.0372687Z |■■■■■■■■■■■■■■■■■■■■■■■■                                                        |  30% of 114.3 MiB
2026-10-07T06:51:24.0796748Z |■■■■■■■■■■■■■■■■■■■■■■■■■■■■■■■■                                                |  40% of 114.3 MiB
2026-10-07T06:51:24.1304200Z |■■■■■■■■■■■■■■■■■■■■■■■■■■■■■■■■■■■■■■■■                                        |  50% of 114.3 MiB
2026-10-07T06:51:24.1713357Z |■■■■■■■■■■■■■■■■■■■■■■■■■■■■■■■■■■■■■■■■■■■■■■■■                                |  60% of 114.3 MiB
2026-10-07T06:51:24.1977137Z |■■■■■■■■■■■■■■■■■■■■■■■■■■■■■■■■■■■■■■■■■■■■■■■■■■■■■■■■                        |  70% of 114.3 MiB
2026-10-07T06:51:24.2388506Z |■■■■■■■■■■■■■■■■■■■■■■■■■■■■■■■■■■■■■■■■■■■■■■■■■■■■■■■■■■■■■■■■                |  80% of 114.3 MiB
2026-10-07T06:51:24.2695222Z |■■■■■■■■■■■■■■■■■■■■■■■■■■■■■■■■■■■■■■■■■■■■■■■■■■■■■■■■■■■■■■■■■■■■■■■■        |  90% of 114.3 MiB
2026-10-07T06:51:24.2965410Z |■■■■■■■■■■■■■■■■■■■■■■■■■■■■■■■■■■■■■■■■■■■■■■■■■■■■■■■■■■■■■■■■■■■■■■■■■■■■■■■■| 100% of 114.3 MiB
2026-10-07T06:51:25.9335056Z Chrome Headless Shell 153.0.8010.12 (playwright chromium-headless-shell v1243) downloaded to /home/runner/.cache/ms-playwright/chromium_headless_shell-1243
2026-10-07T06:51:25.9623182Z ##[group]Run sudo apt-get install -y fonts-noto-cjk
2026-10-07T06:51:25.9623517Z [36;1msudo apt-get install -y fonts-noto-cjk[0m
2026-10-07T06:51:25.9679539Z shell: /usr/bin/bash -e {0}
2026-10-07T06:51:25.9679765Z ##[endgroup]
2026-10-07T06:51:25.9927260Z Reading package lists...
2026-10-07T06:51:26.2188398Z Building dependency tree...
2026-10-07T06:51:26.2194695Z Reading state information...
2026-10-07T06:51:26.3578975Z Suggested packages:
2026-10-07T06:51:26.3579506Z   fonts-noto-cjk-extra
2026-10-07T06:51:26.3704914Z The following NEW packages will be installed:
2026-10-07T06:51:26.3709664Z   fonts-noto-cjk
2026-10-07T06:51:26.3854339Z 0 upgraded, 1 newly installed, 0 to remove and 24 not upgraded.
2026-10-07T06:51:26.3854972Z Need to get 61.2 MB of archives.
2026-10-07T06:51:26.3855531Z After this operation, 93.2 MB of additional disk space will be used.
2026-10-07T06:51:26.3856182Z Get:1 file:/etc/apt/apt-mirrors.txt Mirrorlist [144 B]
2026-10-07T06:51:26.4683031Z Get:2 http://azure.archive.ubuntu.com/ubuntu noble/main amd64 fonts-noto-cjk all 1:20230817+repack1-3 [61.2 MB]
2026-10-07T06:51:28.3625174Z Fetched 61.2 MB in 2s (34.7 MB/s)
2026-10-07T06:51:28.3833221Z Selecting previously unselected package fonts-noto-cjk.
2026-10-07T06:51:28.3886155Z (Reading database ... 
2026-10-07T06:51:28.3886688Z (Reading database ... 5%
2026-10-07T06:51:28.3887127Z (Reading database ... 10%
2026-10-07T06:51:28.3887558Z (Reading database ... 15%
2026-10-07T06:51:28.3887971Z (Reading database ... 20%
2026-10-07T06:51:28.3888488Z (Reading database ... 25%
2026-10-07T06:51:28.3888887Z (Reading database ... 30%
2026-10-07T06:51:28.3889261Z (Reading database ... 35%
2026-10-07T06:51:28.3889659Z (Reading database ... 40%
2026-10-07T06:51:28.3890060Z (Reading database ... 45%
2026-10-07T06:51:28.3890429Z (Reading database ... 50%
2026-10-07T06:51:28.3896399Z (Reading database ... 55%
2026-10-07T06:51:28.4000827Z (Reading database ... 60%
2026-10-07T06:51:28.4027661Z (Reading database ... 65%
2026-10-07T06:51:28.4049952Z (Reading database ... 70%
2026-10-07T06:51:28.4084525Z (Reading database ... 75%
2026-10-07T06:51:28.4115593Z (Reading database ... 80%
2026-10-07T06:51:28.4143028Z (Reading database ... 85%
2026-10-07T06:51:28.4284119Z (Reading database ... 90%
2026-10-07T06:51:28.4534161Z (Reading database ... 95%
2026-10-07T06:51:28.4534505Z (Reading database ... 100%
2026-10-07T06:51:28.4534940Z (Reading database ... 202563 files and directories currently installed.)
2026-10-07T06:51:28.4574873Z Preparing to unpack .../fonts-noto-cjk_1%3a20230817+repack1-3_all.deb ...
2026-10-07T06:51:28.4631015Z Unpacking fonts-noto-cjk (1:20230817+repack1-3) ...
2026-10-07T06:51:29.1343959Z Setting up fonts-noto-cjk (1:20230817+repack1-3) ...
2026-10-07T06:51:29.1400927Z Processing triggers for fontconfig (2.15.0-1.1ubuntu2) ...
2026-10-07T06:51:29.6199888Z 
2026-10-07T06:51:29.6200488Z Running kernel seems to be up-to-date.
2026-10-07T06:51:29.6200806Z 
2026-10-07T06:51:29.6201034Z No services need to be restarted.
2026-10-07T06:51:29.6201251Z 
2026-10-07T06:51:29.6201378Z No containers need to be restarted.
2026-10-07T06:51:29.6201531Z 
2026-10-07T06:51:29.6201683Z No user sessions are running outdated binaries.
2026-10-07T06:51:29.6201861Z 
2026-10-07T06:51:29.6202096Z No VM guests are running outdated hypervisor (qemu) binaries on this host.
2026-10-07T06:51:30.5640029Z ##[group]Run npm run test:weaveos:unit
2026-10-07T06:51:30.5640312Z [36;1mnpm run test:weaveos:unit[0m
2026-10-07T06:51:30.5697246Z shell: /usr/bin/bash -e {0}
2026-10-07T06:51:30.5697492Z ##[endgroup]
2026-10-07T06:51:30.6526774Z 
2026-10-07T06:51:30.6527384Z > arca-ui@0.0.1 test:weaveos:unit
2026-10-07T06:51:30.6528027Z > node --test tests/weaveos/geometry.test.mjs tests/weaveos/pagination.test.mjs tests/weaveos/filter-model.test.mjs
2026-10-07T06:51:30.6528843Z 
2026-10-07T06:51:30.7971144Z ✔ AND and OR compose without flattening or changing meaning (1.372251ms)
2026-10-07T06:51:30.7989542Z ✔ text supports only equal or not equal, numeric supports all six (0.502076ms)
2026-10-07T06:51:30.8002111Z ✔ depth three is valid and depth four is rejected (0.211274ms)
2026-10-07T06:51:30.8028765Z ✔ condition budget is twenty, independent of grouping (0.321488ms)
2026-10-07T06:51:30.8029645Z ✔ unknown fields, operators, empty groups and malformed leaves fail closed (0.279476ms)
2026-10-07T06:51:30.8030646Z ✔ empty text is an explicit valid equality, exact decimal strings remain unchanged (0.187408ms)
2026-10-07T06:51:30.8031496Z ✔ oversized and cyclic filters are rejected without throwing (0.390721ms)
2026-10-07T06:51:30.8087740Z ✔ opening starts at the source center with its size (1.674219ms)
2026-10-07T06:51:30.8090604Z ✔ each distinct source yields its own trajectory (0.204494ms)
2026-10-07T06:51:30.8091279Z ✔ absent source uses no displacement (0.184765ms)
2026-10-07T06:51:30.8091893Z ✔ invalid or zero rectangles fall back safely (0.214379ms)
2026-10-07T06:51:30.8092524Z ✔ no division by zero from an unmeasured panel (0.204615ms)
2026-10-07T06:51:30.8093259Z ✔ small pages list exact pages; large totals use bounded windows (1.817372ms)
2026-10-07T06:51:30.8094094Z ✔ first and last pages retain nearby navigation without enumerating total (0.337141ms)
2026-10-07T06:51:30.8094822Z ✔ page input accepts only in-range integers, not coercions or partial numbers (0.257623ms)
2026-10-07T06:51:30.8095347Z ✔ invalid page metadata cannot produce navigable links (0.221329ms)
2026-10-07T06:51:30.8097074Z ℹ tests 16
2026-10-07T06:51:30.8097405Z ℹ suites 0
2026-10-07T06:51:30.8097650Z ℹ pass 16
2026-10-07T06:51:30.8097916Z ℹ fail 0
2026-10-07T06:51:30.8098323Z ℹ cancelled 0
2026-10-07T06:51:30.8098607Z ℹ skipped 0
2026-10-07T06:51:30.8098884Z ℹ todo 0
2026-10-07T06:51:30.8099164Z ℹ duration_ms 128.489209
2026-10-07T06:51:30.8250729Z ##[group]Run npx eslint src/weaveos
2026-10-07T06:51:30.8251014Z [36;1mnpx eslint src/weaveos[0m
2026-10-07T06:51:30.8306756Z shell: /usr/bin/bash -e {0}
2026-10-07T06:51:30.8306979Z ##[endgroup]
2026-10-07T06:51:33.5676155Z ##[group]Run npx tsc -b
2026-10-07T06:51:33.5676411Z [36;1mnpx tsc -b[0m
2026-10-07T06:51:33.5732400Z shell: /usr/bin/bash -e {0}
2026-10-07T06:51:33.5732642Z ##[endgroup]
2026-10-07T06:51:40.3579751Z ##[group]Run npm run build:weaveos
2026-10-07T06:51:40.3580020Z [36;1mnpm run build:weaveos[0m
2026-10-07T06:51:40.3635957Z shell: /usr/bin/bash -e {0}
2026-10-07T06:51:40.3636185Z ##[endgroup]
2026-10-07T06:51:40.4434658Z 
2026-10-07T06:51:40.4435226Z > arca-ui@0.0.1 build:weaveos
2026-10-07T06:51:40.4435646Z > vite build --config vite.weaveos.config.ts
2026-10-07T06:51:40.4435835Z 
2026-10-07T06:51:40.6781885Z [36mvite v8.3.0 [32mbuilding client environment for production...[36m[39m
2026-10-07T06:51:40.6859177Z transforming...
2026-10-07T06:51:40.9169476Z ✓ 2641 modules transformed.
2026-10-07T06:51:40.9704156Z rendering chunks...
2026-10-07T06:51:41.0491907Z computing gzip size...
2026-10-07T06:51:41.0576200Z dist-weaveos/weaveos.html                                            0.37 kB │ gzip:   0.29 kB
2026-10-07T06:51:41.0577024Z dist-weaveos/assets/geist-cyrillic-ext-wght-normal-DjL33-gN.woff2    7.42 kB
2026-10-07T06:51:41.0577923Z dist-weaveos/assets/geist-vietnamese-wght-normal-6IgcOCM7.woff2      8.00 kB
2026-10-07T06:51:41.0578854Z dist-weaveos/assets/geist-cyrillic-wght-normal-BEAKL7Jp.woff2       15.08 kB
2026-10-07T06:51:41.0579337Z dist-weaveos/assets/geist-latin-ext-wght-normal-DC-KSUi6.woff2      16.51 kB
2026-10-07T06:51:41.0579810Z dist-weaveos/assets/geist-latin-wght-normal-BgDaEnEv.woff2          29.40 kB
2026-10-07T06:51:41.0580383Z dist-weaveos/assets/weaveos-yDCUDY-R.css                            49.62 kB │ gzip:  10.74 kB
2026-10-07T06:51:41.0580962Z dist-weaveos/assets/weaveos-CDrHpl9w.js                            628.98 kB │ gzip: 204.92 kB
2026-10-07T06:51:41.0581490Z 
2026-10-07T06:51:41.0620795Z [33m[plugin builtin:vite-reporter] 
2026-10-07T06:51:41.0621232Z (!) Some chunks are larger than 500 kB after minification. Consider:
2026-10-07T06:51:41.0621639Z - Using dynamic import() to code-split the application
2026-10-07T06:51:41.0622339Z - Use build.rolldownOptions.output.codeSplitting to improve chunking: https://rolldown.rs/reference/OutputOptions.codeSplitting
2026-10-07T06:51:41.0623079Z - Adjust chunk size limit for this warning via build.chunkSizeWarningLimit.[39m
2026-10-07T06:51:41.0706637Z [32m✓ built in 391ms[39m
2026-10-07T06:51:41.1067966Z ##[group]Run npm run build:weaveos:library
2026-10-07T06:51:41.1068487Z [36;1mnpm run build:weaveos:library[0m
2026-10-07T06:51:41.1123110Z shell: /usr/bin/bash -e {0}
2026-10-07T06:51:41.1123333Z ##[endgroup]
2026-10-07T06:51:41.1950774Z 
2026-10-07T06:51:41.1951505Z > arca-ui@0.0.1 build:weaveos:library
2026-10-07T06:51:41.1952214Z > vite build --config vite.weaveos-library.config.ts && tsc -p tsconfig.weaveos-library.json && node scripts/weaveos/package.mjs
2026-10-07T06:51:41.1952664Z 
2026-10-07T06:51:41.3373185Z [36mvite v8.3.0 [32mbuilding client environment for production...[36m[39m
2026-10-07T06:51:41.3459639Z transforming...
2026-10-07T06:51:41.3533498Z ✓ 27 modules transformed.
2026-10-07T06:51:41.3575099Z rendering chunks...
2026-10-07T06:51:41.3616861Z computing gzip size...
2026-10-07T06:51:41.3625428Z dist-library/index.js  52.47 kB │ gzip: 13.56 kB
2026-10-07T06:51:41.3625659Z 
2026-10-07T06:51:41.3639095Z [32m✓ built in 25ms[39m
2026-10-07T06:51:43.1910277Z Prepared private/unpublished component artifact at dist-library
2026-10-07T06:51:43.2031944Z ##[group]Run npm run test:weaveos:package
2026-10-07T06:51:43.2032229Z [36;1mnpm run test:weaveos:package[0m
2026-10-07T06:51:43.2087433Z shell: /usr/bin/bash -e {0}
2026-10-07T06:51:43.2087656Z ##[endgroup]
2026-10-07T06:51:43.2903286Z 
2026-10-07T06:51:43.2903826Z > arca-ui@0.0.1 test:weaveos:package
2026-10-07T06:51:43.2904437Z > node --test tests/weaveos/package.test.mjs
2026-10-07T06:51:43.2904727Z 
2026-10-07T06:51:43.7557913Z ✔ consumer artifact exports controls, theme and source-aware dialog (0.681623ms)
2026-10-07T06:51:43.7559152Z ✔ package has typed exports, explicit React peers and safe unpublished metadata (0.225385ms)
2026-10-07T06:51:43.7560115Z ✔ artifact has no source aliases or demo app and CSS stays scoped (0.366455ms)
2026-10-07T06:51:43.7561079Z ✔ distributed license and source attribution accompany components (0.193437ms)
2026-10-07T06:51:43.7892200Z ℹ tests 4
2026-10-07T06:51:43.7892531Z ℹ suites 0
2026-10-07T06:51:43.7892828Z ℹ pass 4
2026-10-07T06:51:43.7893180Z ℹ fail 0
2026-10-07T06:51:43.7893578Z ℹ cancelled 0
2026-10-07T06:51:43.7893897Z ℹ skipped 0
2026-10-07T06:51:43.7894170Z ℹ todo 0
2026-10-07T06:51:43.7894547Z ℹ duration_ms 470.727233
2026-10-07T06:51:43.8005326Z ##[group]Run npm run test:weaveos
2026-10-07T06:51:43.8005588Z [36;1mnpm run test:weaveos[0m
2026-10-07T06:51:43.8061757Z shell: /usr/bin/bash -e {0}
2026-10-07T06:51:43.8062007Z ##[endgroup]
2026-10-07T06:51:43.8910739Z 
2026-10-07T06:51:43.8911291Z > arca-ui@0.0.1 test:weaveos
2026-10-07T06:51:43.8911677Z > playwright test -c playwright.weaveos.config.ts
2026-10-07T06:51:43.8911882Z 
2026-10-07T06:51:45.0950663Z ✔ AND and OR compose without flattening or changing meaning (1.168538ms)
2026-10-07T06:51:45.0951882Z ✔ text supports only equal or not equal, numeric supports all six (0.47007ms)
2026-10-07T06:51:45.0952824Z ✔ depth three is valid and depth four is rejected (0.875112ms)
2026-10-07T06:51:45.0953722Z ✔ condition budget is twenty, independent of grouping (0.225836ms)
2026-10-07T06:51:45.0954762Z ✔ unknown fields, operators, empty groups and malformed leaves fail closed (0.282631ms)
2026-10-07T06:51:45.0955961Z ✔ empty text is an explicit valid equality, exact decimal strings remain unchanged (0.139808ms)
2026-10-07T06:51:45.0956990Z ✔ oversized and cyclic filters are rejected without throwing (0.218826ms)
2026-10-07T06:51:45.1201682Z ✔ opening starts at the source center with its size (1.551597ms)
2026-10-07T06:51:45.1203651Z ✔ each distinct source yields its own trajectory (0.216111ms)
2026-10-07T06:51:45.1217491Z ✔ absent source uses no displacement (0.650307ms)
2026-10-07T06:51:45.1218362Z ✔ invalid or zero rectangles fall back safely (0.133559ms)
2026-10-07T06:51:45.1219166Z ✔ no division by zero from an unmeasured panel (0.090215ms)
2026-10-07T06:51:45.6832241Z ✔ consumer artifact exports controls, theme and source-aware dialog (0.299776ms)
2026-10-07T06:51:45.6834615Z ✔ package has typed exports, explicit React peers and safe unpublished metadata (0.267227ms)
2026-10-07T06:51:45.6839129Z ✔ artifact has no source aliases or demo app and CSS stays scoped (0.361667ms)
2026-10-07T06:51:45.6840962Z ✔ distributed license and source attribution accompany components (0.124536ms)
2026-10-07T06:51:45.6927047Z ✔ small pages list exact pages; large totals use bounded windows (0.303682ms)
2026-10-07T06:51:45.6928406Z ✔ first and last pages retain nearby navigation without enumerating total (0.128672ms)
2026-10-07T06:51:45.6930695Z ✔ page input accepts only in-range integers, not coercions or partial numbers (0.183102ms)
2026-10-07T06:51:45.6932635Z ✔ invalid page metadata cannot produce navigable links (0.142582ms)
2026-10-07T06:51:45.7247652Z 
2026-10-07T06:51:45.7248324Z Running 46 tests using 2 workers
2026-10-07T06:51:45.7248568Z 
2026-10-07T06:51:48.6130434Z   ✓   1 [chromium] › tests/weaveos/data-workspace.spec.ts:5:1 › table renders only the current supplied page despite a large server total (1.5s)
2026-10-07T06:51:49.3501295Z   ✓   2 [chromium] › tests/weaveos/data-workspace.spec.ts:11:1 › arbitrary page jump emits controlled request and waits for returned page (2.2s)
2026-10-07T06:51:50.0999774Z   ✓   3 [chromium] › tests/weaveos/data-workspace.spec.ts:19:1 › text has no normal sort while numerical sorting is server-controlled (1.5s)
2026-10-07T06:51:52.2819423Z   ✓   5 [chromium] › tests/weaveos/data-workspace.spec.ts:38:1 › related data change requires refresh and refresh requests page one (2.2s)
2026-10-07T06:51:52.2967398Z   ✓   4 [chromium] › tests/weaveos/data-workspace.spec.ts:27:1 › hide a column changes display without clearing sort or issuing a query (2.9s)
2026-10-07T06:51:53.8361520Z   ✓   6 [chromium] › tests/weaveos/data-workspace.spec.ts:46:1 › only current page selection is controlled and filtering does not happen locally (1.5s)
2026-10-07T06:51:55.1183681Z   ✓   7 [chromium] › tests/weaveos/data-workspace.spec.ts:51:1 › table workspace passes settled accessibility and captures actual desktop UI (2.8s)
2026-10-07T06:51:56.3683381Z   ✓   9 [chromium] › tests/weaveos/data-workspace.spec.ts:63:1 › invalid arbitrary page never emits a coerced query (1.2s)
2026-10-07T06:51:56.4927747Z   ✓   8 [chromium] › tests/weaveos/data-workspace.spec.ts:56:1 › page-size change is a controlled request that resets to first page (2.6s)
2026-10-07T06:51:57.8970001Z   ✓  11 [chromium] › tests/weaveos/feedback.spec.ts:3:1 › tooltip opens from keyboard focus, escapes and preserves trigger focus (1.4s)
2026-10-07T06:51:58.8425266Z   ✓  10 [chromium] › tests/weaveos/data-workspace.spec.ts:69:1 › failed response keeps previous confirmed page and exposes an explicit retry (2.4s)
2026-10-07T06:51:59.0740442Z   ✓  12 [chromium] › tests/weaveos/feedback.spec.ts:4:1 › progress distinguishes confirmed numeric value from indeterminate waiting (1.2s)
2026-10-07T06:52:00.2997018Z   ✓  14 [chromium] › tests/weaveos/field-basics.spec.ts:4:1 › decimal string retains every digit and trailing zero through edits and blur (1.2s)
2026-10-07T06:52:01.1304034Z   ✓  13 [chromium] › tests/weaveos/feedback.spec.ts:5:1 › skeleton is decorative and dark feedback controls remain accessible (2.3s)
2026-10-07T06:52:01.9441647Z   ✓  15 [chromium] › tests/weaveos/field-basics.spec.ts:10:1 › decimal zero remains a string while clearing produces explicit null (1.6s)
2026-10-07T06:52:02.8282605Z   ✓  16 [chromium] › tests/weaveos/field-basics.spec.ts:14:1 › nullable Boolean keeps null false and true separate (1.7s)
2026-10-07T06:52:03.4310547Z   ✓  17 [chromium] › tests/weaveos/field-basics.spec.ts:21:1 › readonly fields cannot emit edits, including Boolean pointer and keyboard (1.5s)
2026-10-07T06:52:04.3033829Z   ✓  18 [chromium] › tests/weaveos/field-basics.spec.ts:28:1 › multiline text preserves Unicode newlines and intentional empty text (1.5s)
2026-10-07T06:52:05.8113342Z   ✓  19 [chromium] › tests/weaveos/field-basics.spec.ts:33:1 › field errors are associated with inputs and settled controls remain accessible (2.4s)
2026-10-07T06:52:08.9020850Z   ✓  20 [chromium] › tests/weaveos/filter-manager.spec.ts:4:1 › opens saved-filter management first, with only one preset applied (4.6s)
2026-10-07T06:52:09.4231388Z   ✓  21 [chromium] › tests/weaveos/filter-manager.spec.ts:14:1 › constructs AND with an OR subgroup and persists exact conditions (3.6s)
2026-10-07T06:52:12.0793319Z   ✓  22 [chromium] › tests/weaveos/filter-manager.spec.ts:27:1 › failed persistence retains editor and never reports saved (3.2s)
2026-10-07T06:52:12.3519883Z   ✓  23 [chromium] › tests/weaveos/filter-manager.spec.ts:36:1 › dirty Escape asks before discarding and restores source focus (2.9s)
2026-10-07T06:52:14.6501243Z   ✓  25 [chromium] › tests/weaveos/filter-manager.spec.ts:53:1 › applying a preset emits a page-one host query without client-side table filtering (2.3s)
2026-10-07T06:52:15.3260201Z   ✓  24 [chromium] › tests/weaveos/filter-manager.spec.ts:44:1 › text comparisons exclude range operators and editor is accessible (3.2s)
2026-10-07T06:52:17.5429945Z   ✓  27 [chromium] › tests/weaveos/filter-manager.spec.ts:66:1 › deleting a preset requires confirmation and cancellation preserves it (2.2s)
2026-10-07T06:52:17.7814464Z   ✓  26 [chromium] › tests/weaveos/filter-manager.spec.ts:59:1 › editing a saved preset preserves identity, saving alone does not apply (3.1s)
2026-10-07T06:52:21.3746980Z V042_OPENING_GEOMETRY {"count":28,"widths":[440,95.68994140625,97.9400634765625,150.330078125,193.83642578125,237.3223876953125,359.64666748046875,415.18792724609375,435.4734191894531,439.6574401855469,440,440,439.9999694824219,440,440,440,440,440,440,440,440,440,440,440,440,440,440,440],"expanded":440}
2026-10-07T06:52:21.4925261Z   ✓  28 [chromium] › tests/weaveos/origin-motion.spec.ts:3:1 › window geometry really travels from and returns toward the trigger (3.9s)
2026-10-07T06:52:22.0284080Z   ✓  29 [chromium] › tests/weaveos/origin-motion.spec.ts:29:1 › successful save returns the window toward its source too (4.2s)
2026-10-07T06:52:23.9212437Z   ✓  31 [chromium] › tests/weaveos/studio.spec.ts:6:1 › shell uses collapsible icon rail and edge-to-edge content card (1.8s)
2026-10-07T06:52:25.5946773Z   ✓  30 [chromium] › tests/weaveos/preview.spec.ts:3:1 › capture component studio review images (4.1s)
2026-10-07T06:52:26.3906301Z   ✓  32 [chromium] › tests/weaveos/studio.spec.ts:19:1 › source dialog has accessible title, focus isolation and restores origin (2.6s)
2026-10-07T06:52:28.3622701Z   ✓  33 [chromium] › tests/weaveos/studio.spec.ts:34:1 › second source restores its own focus (2.7s)
2026-10-07T06:52:31.1912121Z   ✓  34 [chromium] › tests/weaveos/studio.spec.ts:41:1 › close during opening and repeat never leaves an overlay or locked page (4.8s)
2026-10-07T06:52:33.5624407Z   ✓  35 [chromium] › tests/weaveos/studio.spec.ts:49:1 › save feedback waits for result and errors retain editable input (5.2s)
2026-10-07T06:52:33.8201025Z   ✓  36 [chromium] › tests/weaveos/studio.spec.ts:65:1 › nested select Escape dismisses only the list, then dialog (2.6s)
2026-10-07T06:52:35.7384781Z   ✓  37 [chromium] › tests/weaveos/studio.spec.ts:74:1 › reduced motion preserves usable modal without scale displacement (2.2s)
2026-10-07T06:52:36.5479002Z   ✓  38 [chromium] › tests/weaveos/studio.spec.ts:83:1 › mobile view fits viewport and dialog remains operable (2.7s)
2026-10-07T06:52:37.1194108Z   ✓  39 [chromium] › tests/weaveos/studio.spec.ts:92:1 › theme controls, basic controls and component navigation work (1.4s)
2026-10-07T06:52:38.2874861Z   ✓  41 [chromium] › tests/weaveos/workspace-tabs.spec.ts:3:1 › workspace tabs keep pinned labels clean and nonclosable (1.1s)
2026-10-07T06:52:39.5083158Z   ✓  42 [chromium] › tests/weaveos/workspace-tabs.spec.ts:4:1 › workspace tabs use arrow Home End navigation and skip disabled tabs (1.2s)
2026-10-07T06:52:39.9359138Z   ✓  40 [chromium] › tests/weaveos/studio.spec.ts:102:1 › studio and open modal have no serious accessibility violations (3.4s)
2026-10-07T06:52:40.9705405Z   ✓  43 [chromium] › tests/weaveos/workspace-tabs.spec.ts:5:1 › workspace tab switch is controlled and never optimistically accepts a refused request (1.5s)
2026-10-07T06:52:41.2272049Z   ✓  44 [chromium] › tests/weaveos/workspace-tabs.spec.ts:6:1 › workspace close only requests removal until its owner confirms (1.3s)
2026-10-07T06:52:42.7540486Z   ✘  46 [chromium] › tests/weaveos/workspace-tabs.spec.ts:8:1 › workspace content starts below a full-width horizontal tab strip (1.4s)
2026-10-07T06:52:43.0979454Z   ✓  45 [chromium] › tests/weaveos/workspace-tabs.spec.ts:7:1 › workspace tabs have accessible dark panels and reduced-motion presentation (2.1s)
2026-10-07T06:52:43.2012828Z 
2026-10-07T06:52:43.2016551Z 
2026-10-07T06:52:43.2025530Z   1) [chromium] › tests/weaveos/workspace-tabs.spec.ts:8:1 › workspace content starts below a full-width horizontal tab strip 
2026-10-07T06:52:43.2026211Z 
2026-10-07T06:52:43.2026516Z     Error: expect(received).toBeGreaterThanOrEqual(expected)
2026-10-07T06:52:43.2026732Z 
2026-10-07T06:52:43.2026818Z     Expected: >= 501.296875
2026-10-07T06:52:43.2027045Z     Received:    455.296875
2026-10-07T06:52:43.2027554Z 
2026-10-07T06:52:43.2029607Z       6 | test('workspace close only requests removal until its owner confirms',async({page})=>{const list=page.getByRole('tablist',{name:'应用标签页'});await page.getByRole('button',{name:'关闭人事管理'}).click();await expect(list.getByRole('tab',{name:'人事管理',exact:true})).toBeVisible();await expect(page.getByRole('status',{name:'标签操作'})).toHaveText('请求关闭：人事管理');await page.getByRole('button',{name:'确认移除标签'}).click();await expect(list.getByRole('tab',{name:'人事管理',exact:true})).toHaveCount(0);await expect(list.getByRole('tab',{name:'工作台',exact:true})).toBeVisible()});
2026-10-07T06:52:43.2033302Z       7 | test('workspace tabs have accessible dark panels and reduced-motion presentation',async({page})=>{await page.emulateMedia({reducedMotion:'reduce'});await page.getByRole('button',{name:'深色模式',exact:true}).click();const section=page.getByRole('region',{name:'工作区标签页'});await section.scrollIntoViewIfNeeded();await section.getByRole('tab',{name:'财务管理',exact:true}).click();await expect(page.getByRole('tabpanel',{name:'财务管理',exact:true})).toContainText('报销与费用');const results=await new AxeBuilder({page}).include('[data-testid="workspace-tabs-demo"]').analyze();expect(results.violations).toEqual([]);await page.screenshot({path:'test-results/weaveos-workspace-tabs-dark.png'})});
2026-10-07T06:52:43.2037297Z     > 8 | test('workspace content starts below a full-width horizontal tab strip',async({page})=>{const section=page.getByRole('region',{name:'工作区标签页'});const list=section.getByRole('tablist',{name:'应用标签页'});await list.getByRole('tab',{name:'财务管理',exact:true}).click();const a=await list.boundingBox(),b=await section.getByRole('tabpanel',{name:'财务管理',exact:true}).boundingBox();expect(a).not.toBeNull();expect(b).not.toBeNull();expect(b!.y).toBeGreaterThanOrEqual(a!.y+a!.height+12);expect(Math.abs(a!.width-b!.width)).toBeLessThanOrEqual(2);expect(Math.abs(a!.x-b!.x)).toBeLessThanOrEqual(2)});
2026-10-07T06:52:43.2040039Z         |                                                                                                                                                                                                                                                                                                                                                                                                                                                 ^
2026-10-07T06:52:43.2040669Z       9 |
2026-10-07T06:52:43.2040999Z         at /home/runner/work/arca-ui/arca-ui/tests/weaveos/workspace-tabs.spec.ts:8:433
2026-10-07T06:52:43.2041261Z 
2026-10-07T06:52:43.2041630Z     attachment #1: screenshot (image/png) ──────────────────────────────────────────────────────────
2026-10-07T06:52:43.2042229Z     test-results/workspace-tabs-workspace-c-4c681--width-horizontal-tab-strip-chromium/test-failed-1.png
2026-10-07T06:52:43.2043128Z     ────────────────────────────────────────────────────────────────────────────────────────────────
2026-10-07T06:52:43.2043522Z 
2026-10-07T06:52:43.2043900Z     Error Context: test-results/workspace-tabs-workspace-c-4c681--width-horizontal-tab-strip-chromium/error-context.md
2026-10-07T06:52:43.2044281Z 
2026-10-07T06:52:43.2044606Z     attachment #3: trace (application/zip) ─────────────────────────────────────────────────────────
2026-10-07T06:52:43.2045160Z     test-results/workspace-tabs-workspace-c-4c681--width-horizontal-tab-strip-chromium/trace.zip
2026-10-07T06:52:43.2045557Z     Usage:
2026-10-07T06:52:43.2045658Z 
2026-10-07T06:52:43.2046041Z         npx playwright show-trace test-results/workspace-tabs-workspace-c-4c681--width-horizontal-tab-strip-chromium/trace.zip
2026-10-07T06:52:43.2046422Z 
2026-10-07T06:52:43.2046706Z     ────────────────────────────────────────────────────────────────────────────────────────────────
2026-10-07T06:52:43.2046930Z 
2026-10-07T06:52:43.2047018Z   1 failed
2026-10-07T06:52:43.2047522Z     [chromium] › tests/weaveos/workspace-tabs.spec.ts:8:1 › workspace content starts below a full-width horizontal tab strip 
2026-10-07T06:52:43.2047974Z   45 passed (58.9s)
2026-10-07T06:52:43.2433683Z ##[error]Process completed with exit code 1.
2026-10-07T06:52:43.2501452Z ##[group]Run actions/upload-artifact@v4
2026-10-07T06:52:43.2501702Z with:
2026-10-07T06:52:43.2501890Z   name: weaveos-browser-evidence
2026-10-07T06:52:43.2502111Z   path: test-results/
2026-10-07T06:52:43.2502300Z   retention-days: 14
2026-10-07T06:52:43.2502493Z   if-no-files-found: warn
2026-10-07T06:52:43.2502692Z   compression-level: 6
2026-10-07T06:52:43.2502877Z   overwrite: false
2026-10-07T06:52:43.2503064Z   include-hidden-files: false
2026-10-07T06:52:43.2503271Z ##[endgroup]
2026-10-07T06:52:43.3881452Z (node:4135) [DEP0040] DeprecationWarning: The `punycode` module is deprecated. Please use a userland alternative instead.
2026-10-07T06:52:43.3882110Z (Use `node --trace-deprecation ...` to show where the warning was created)
2026-10-07T06:52:43.3947468Z With the provided path, there will be 11 files uploaded
2026-10-07T06:52:43.3952537Z Artifact name is valid!
2026-10-07T06:52:43.3953091Z Root directory input is valid!
2026-10-07T06:52:43.7198456Z Beginning upload of artifact content to blob storage
2026-10-07T06:52:43.8017987Z (node:4135) [DEP0169] DeprecationWarning: `url.parse()` behavior is not standardized and prone to errors that have security implications. Use the WHATWG URL API instead. CVEs are not issued for `url.parse()` vulnerabilities.
2026-10-07T06:52:44.3962341Z Uploaded bytes 1900838
2026-10-07T06:52:44.4512075Z Finished uploading artifact content to blob storage!
2026-10-07T06:52:44.4513038Z SHA256 digest of uploaded artifact zip is 927df084eb15de0a78f4ae1100d011e48ad431a03a1a849ab7aef529df88dd95
2026-10-07T06:52:44.4513748Z Finalizing artifact upload
2026-10-07T06:52:44.7030809Z Artifact weaveos-browser-evidence.zip successfully finalized. Artifact ID 11466275662
2026-10-07T06:52:44.7031693Z Artifact weaveos-browser-evidence has been successfully uploaded! Final size is 1900838 bytes. Artifact ID is 11466275662
2026-10-07T06:52:44.7037220Z Artifact download URL: https://github.com/Hubujiu/arca-ui/actions/runs/37583767941/artifacts/11466275662
2026-10-07T06:52:44.7214406Z Post job cleanup.
2026-10-07T06:52:44.7908406Z [command]/usr/bin/git version
2026-10-07T06:52:44.7946052Z git version 2.55.0
2026-10-07T06:52:44.7975730Z Temporarily overriding HOME='/home/runner/work/_temp/29e87d4c-0ba2-4a18-937d-9cd4b6ff41f6' before making global git config changes
2026-10-07T06:52:44.7976887Z Adding repository directory to the temporary git global config as a safe directory
2026-10-07T06:52:44.7980942Z [command]/usr/bin/git config --global --add safe.directory /home/runner/work/arca-ui/arca-ui
2026-10-07T06:52:44.8015659Z [command]/usr/bin/git config --local --name-only --get-regexp core\.sshCommand
2026-10-07T06:52:44.8047919Z [command]/usr/bin/git submodule foreach --recursive sh -c "git config --local --name-only --get-regexp 'core\.sshCommand' && git config --local --unset-all 'core.sshCommand' || :"
2026-10-07T06:52:44.8270062Z [command]/usr/bin/git config --local --name-only --get-regexp http\.https\:\/\/github\.com\/\.extraheader
2026-10-07T06:52:44.8299199Z http.https://github.com/.extraheader
2026-10-07T06:52:44.8309412Z [command]/usr/bin/git config --local --unset-all http.https://github.com/.extraheader
2026-10-07T06:52:44.8346679Z [command]/usr/bin/git submodule foreach --recursive sh -c "git config --local --name-only --get-regexp 'http\.https\:\/\/github\.com\/\.extraheader' && git config --local --unset-all 'http.https://github.com/.extraheader' || :"
2026-10-07T06:52:44.8577583Z [command]/usr/bin/git config --local --name-only --get-regexp ^includeIf\.gitdir:
2026-10-07T06:52:44.8615045Z [command]/usr/bin/git submodule foreach --recursive git config --local --show-origin --name-only --get-regexp remote.origin.url
2026-10-07T06:52:44.8939296Z Cleaning up orphan processes
2026-10-07T06:52:44.9278410Z ##[warning]Node.js 20 is deprecated. The following actions target Node.js 20 but are being forced to run on Node.js 24: actions/checkout@v4, actions/setup-node@v4, actions/upload-artifact@v4. For more information see: https://github.blog/changelog/2025-09-19-deprecation-of-node-20-on-github-actions-runners/

