2026-10-07T03:19:23.3836094Z Running 31 tests using 2 workers
2026-10-07T03:19:23.3836297Z 
2026-10-07T03:19:25.0940492Z   ✓   1 [chromium] › tests/weaveos/data-workspace.spec.ts:5:1 › table renders only the current supplied page despite a large server total (1.1s)
2026-10-07T03:19:25.7247780Z   ✓   2 [chromium] › tests/weaveos/data-workspace.spec.ts:11:1 › arbitrary page jump emits controlled request and waits for returned page (1.7s)
2026-10-07T03:19:26.2226686Z   ✓   3 [chromium] › tests/weaveos/data-workspace.spec.ts:19:1 › text has no normal sort while numerical sorting is server-controlled (1.1s)
2026-10-07T03:19:28.0197997Z   ✓   5 [chromium] › tests/weaveos/data-workspace.spec.ts:38:1 › related data change requires refresh and refresh requests page one (1.8s)
2026-10-07T03:19:28.3631032Z   ✓   4 [chromium] › tests/weaveos/data-workspace.spec.ts:27:1 › hide a column changes display without clearing sort or issuing a query (2.6s)
2026-10-07T03:19:28.9599440Z   ✓   6 [chromium] › tests/weaveos/data-workspace.spec.ts:46:1 › only current page selection is controlled and filtering does not happen locally (932ms)
2026-10-07T03:19:30.2292220Z   ✓   7 [chromium] › tests/weaveos/data-workspace.spec.ts:51:1 › table workspace passes settled accessibility and captures actual desktop UI (1.8s)
2026-10-07T03:19:30.9307016Z   ✓   9 [chromium] › tests/weaveos/data-workspace.spec.ts:63:1 › invalid arbitrary page never emits a coerced query (691ms)
2026-10-07T03:19:49.1960366Z   ✘   8 [chromium] › tests/weaveos/data-workspace.spec.ts:56:1 › page-size change is a controlled request that resets to first page (20.1s)
2026-10-07T03:19:51.1719212Z   ✘  10 [chromium] › tests/weaveos/data-workspace.spec.ts:69:1 › failed response keeps previous confirmed page and exposes an explicit retry (20.1s)
2026-10-07T03:19:53.4844680Z   ✓  11 [chromium] › tests/weaveos/filter-manager.spec.ts:4:1 › opens saved-filter management first, with only one preset applied (3.9s)
2026-10-07T03:19:55.0246733Z   ✓  12 [chromium] › tests/weaveos/filter-manager.spec.ts:14:1 › constructs AND with an OR subgroup and persists exact conditions (3.4s)
2026-10-07T03:19:56.7184946Z   ✓  13 [chromium] › tests/weaveos/filter-manager.spec.ts:27:1 › failed persistence retains editor and never reports saved (3.2s)
2026-10-07T03:19:57.5558421Z   ✓  14 [chromium] › tests/weaveos/filter-manager.spec.ts:36:1 › dirty Escape asks before discarding and restores source focus (2.5s)
2026-10-07T03:19:59.1137282Z   ✓  15 [chromium] › tests/weaveos/filter-manager.spec.ts:44:1 › text comparisons exclude range operators and editor is accessible (2.4s)
2026-10-07T03:19:59.1928849Z   ✓  16 [chromium] › tests/weaveos/filter-manager.spec.ts:53:1 › applying a preset emits a page-one host query without client-side table filtering (1.6s)
2026-10-07T03:20:01.1878395Z   ✓  18 [chromium] › tests/weaveos/filter-manager.spec.ts:66:1 › deleting a preset requires confirmation and cancellation preserves it (2.0s)
2026-10-07T03:20:01.7982982Z   ✓  17 [chromium] › tests/weaveos/filter-manager.spec.ts:59:1 › editing a saved preset preserves identity, saving alone does not apply (2.7s)
2026-10-07T03:20:04.1298070Z V042_OPENING_GEOMETRY {"count":33,"widths":[440,93.2537841796875,115.204345703125,142.1160888671875,245.675537109375,332.4267578125,393.0125732421875,424.6741943359375,435.8802185058594,439.48345947265625,439.5149230957031,440.1555480957031,440,440,439.9999694824219,440,440,440,440,440,440,440,440,440,440,440,440,440,440,440,440,440,440],"expanded":440}
2026-10-07T03:20:04.2820689Z   ✓  19 [chromium] › tests/weaveos/origin-motion.spec.ts:3:1 › window geometry really travels from and returns toward the trigger (3.1s)
[Long media line omitted (129999 characters). Full original: https://github.com/Hubujiu/arca-ui/actions/runs/37566139013]
2026-10-07T03:20:05.6957595Z   ✓  20 [chromium] › tests/weaveos/origin-motion.spec.ts:29:1 › successful save returns the window toward its source too (3.9s)
[Long media line omitted (215862 characters). Full original: https://github.com/Hubujiu/arca-ui/actions/runs/37566139013]
[Long media line omitted (106854 characters). Full original: https://github.com/Hubujiu/arca-ui/actions/runs/37566139013]
2026-10-07T03:20:07.1673775Z   ✓  22 [chromium] › tests/weaveos/studio.spec.ts:6:1 › shell uses collapsible icon rail and edge-to-edge content card (1.5s)
[Long media line omitted (75690 characters). Full original: https://github.com/Hubujiu/arca-ui/actions/runs/37566139013]
[Long media line omitted (61406 characters). Full original: https://github.com/Hubujiu/arca-ui/actions/runs/37566139013]
2026-10-07T03:20:07.8217478Z   ✓  21 [chromium] › tests/weaveos/preview.spec.ts:3:1 › capture component studio review images (3.5s)
2026-10-07T03:20:09.2214305Z   ✓  23 [chromium] › tests/weaveos/studio.spec.ts:19:1 › source dialog has accessible title, focus isolation and restores origin (2.0s)
2026-10-07T03:20:10.0043355Z   ✓  24 [chromium] › tests/weaveos/studio.spec.ts:34:1 › second source restores its own focus (2.2s)
2026-10-07T03:20:13.4876248Z   ✓  25 [chromium] › tests/weaveos/studio.spec.ts:41:1 › close during opening and repeat never leaves an overlay or locked page (4.3s)
2026-10-07T03:20:14.7580775Z   ✓  26 [chromium] › tests/weaveos/studio.spec.ts:49:1 › save feedback waits for result and errors retain editable input (4.7s)
2026-10-07T03:20:16.1631682Z   ✓  28 [chromium] › tests/weaveos/studio.spec.ts:74:1 › reduced motion preserves usable modal without scale displacement (1.4s)
2026-10-07T03:20:16.1901722Z   ✓  27 [chromium] › tests/weaveos/studio.spec.ts:65:1 › nested select Escape dismisses only the list, then dialog (2.7s)
2026-10-07T03:20:17.3163912Z   ✓  30 [chromium] › tests/weaveos/studio.spec.ts:92:1 › theme controls, basic controls and component navigation work (1.1s)
2026-10-07T03:20:18.4181615Z   ✓  29 [chromium] › tests/weaveos/studio.spec.ts:83:1 › mobile view fits viewport and dialog remains operable (2.2s)
2026-10-07T03:20:19.4864787Z   ✓  31 [chromium] › tests/weaveos/studio.spec.ts:102:1 › studio and open modal have no serious accessibility violations (2.2s)
2026-10-07T03:20:19.5661157Z 
2026-10-07T03:20:19.5664161Z 
2026-10-07T03:20:19.5672789Z   1) [chromium] › tests/weaveos/data-workspace.spec.ts:56:1 › page-size change is a controlled request that resets to first page 
2026-10-07T03:20:19.5673356Z 
2026-10-07T03:20:19.5673499Z     Test timeout of 20000ms exceeded.
2026-10-07T03:20:19.5673669Z 
2026-10-07T03:20:19.5673852Z     Error: locator.click: Test timeout of 20000ms exceeded.
2026-10-07T03:20:19.5674173Z     Call log:
2026-10-07T03:20:19.5674551Z       - waiting for getByRole('combobox', { name: '每页行数' })
2026-10-07T03:20:19.5674757Z 
2026-10-07T03:20:19.5674762Z 
2026-10-07T03:20:19.5675054Z       56 | test('page-size change is a controlled request that resets to first page',async({page})=>{
2026-10-07T03:20:19.5676142Z       57 |  await page.getByLabel('跳转页码').fill('8');await page.getByLabel('跳转页码').press('Enter');await expect(page.getByText('当前第 8 页',{exact:true})).toBeVisible()
2026-10-07T03:20:19.5677067Z     > 58 |  await page.getByRole('combobox',{name:'每页行数'}).click();await page.getByRole('option',{name:'10 条 / 页',exact:true}).click()
2026-10-07T03:20:19.5677561Z          |                                                 ^
2026-10-07T03:20:19.5677962Z       59 |  await expect(page.getByTestId('table-request')).toContainText('"pageSize":10')
2026-10-07T03:20:19.5678504Z       60 |  await expect(page.getByText('当前第 1 页',{exact:true})).toBeVisible()
2026-10-07T03:20:19.5679362Z       61 |  await expect(page.getByRole('table',{name:'报销记录'}).getByRole('row')).toHaveCount(11)
2026-10-07T03:20:19.5679885Z         at /home/runner/work/arca-ui/arca-ui/tests/weaveos/data-workspace.spec.ts:58:49
2026-10-07T03:20:19.5680167Z 
2026-10-07T03:20:19.5680544Z     attachment #1: screenshot (image/png) ──────────────────────────────────────────────────────────
2026-10-07T03:20:19.5681209Z     test-results/data-workspace-page-size-c-0bfc7-t-that-resets-to-first-page-chromium/test-failed-1.png
2026-10-07T03:20:19.5681908Z     ────────────────────────────────────────────────────────────────────────────────────────────────
2026-10-07T03:20:19.5682154Z 
2026-10-07T03:20:19.5682568Z     Error Context: test-results/data-workspace-page-size-c-0bfc7-t-that-resets-to-first-page-chromium/error-context.md
2026-10-07T03:20:19.5682992Z 
2026-10-07T03:20:19.5683344Z     attachment #3: trace (application/zip) ─────────────────────────────────────────────────────────
2026-10-07T03:20:19.5683969Z     test-results/data-workspace-page-size-c-0bfc7-t-that-resets-to-first-page-chromium/trace.zip
2026-10-07T03:20:19.5684396Z     Usage:
2026-10-07T03:20:19.5684504Z 
2026-10-07T03:20:19.5684913Z         npx playwright show-trace test-results/data-workspace-page-size-c-0bfc7-t-that-resets-to-first-page-chromium/trace.zip
2026-10-07T03:20:19.5685577Z 
2026-10-07T03:20:19.5685912Z     ────────────────────────────────────────────────────────────────────────────────────────────────
2026-10-07T03:20:19.5686147Z 
2026-10-07T03:20:19.5686620Z   2) [chromium] › tests/weaveos/data-workspace.spec.ts:69:1 › failed response keeps previous confirmed page and exposes an explicit retry 
2026-10-07T03:20:19.5687052Z 
2026-10-07T03:20:19.5687190Z     Test timeout of 20000ms exceeded.
2026-10-07T03:20:19.5687348Z 
2026-10-07T03:20:19.5687515Z     Error: locator.check: Test timeout of 20000ms exceeded.
2026-10-07T03:20:19.5687802Z     Call log:
2026-10-07T03:20:19.5688147Z       - waiting for getByRole('checkbox', { name: '模拟查询失败' })
2026-10-07T03:20:19.5688366Z 
2026-10-07T03:20:19.5688371Z 
2026-10-07T03:20:19.5688445Z       68 | })
2026-10-07T03:20:19.5688870Z       69 | test('failed response keeps previous confirmed page and exposes an explicit retry',async({page})=>{
2026-10-07T03:20:19.5689462Z     > 70 |  await page.getByRole('checkbox',{name:'模拟查询失败'}).check()
2026-10-07T03:20:19.5689811Z          |                                                   ^
2026-10-07T03:20:19.5690228Z       71 |  await page.getByRole('button',{name:'下一页',exact:true}).click()
2026-10-07T03:20:19.5690696Z       72 |  await expect(page.getByRole('alert')).toContainText('模拟查询失败')
2026-10-07T03:20:19.5691383Z       73 |  await expect(page.getByText('当前第 1 页',{exact:true})).toBeVisible()
2026-10-07T03:20:19.5691876Z         at /home/runner/work/arca-ui/arca-ui/tests/weaveos/data-workspace.spec.ts:70:51
2026-10-07T03:20:19.5692159Z 
2026-10-07T03:20:19.5692505Z     attachment #1: screenshot (image/png) ──────────────────────────────────────────────────────────
2026-10-07T03:20:19.5693264Z     test-results/data-workspace-failed-resp-685ec-d-exposes-an-explicit-retry-chromium/test-failed-1.png
2026-10-07T03:20:19.5693960Z     ────────────────────────────────────────────────────────────────────────────────────────────────
2026-10-07T03:20:19.5694207Z 
2026-10-07T03:20:19.5694604Z     Error Context: test-results/data-workspace-failed-resp-685ec-d-exposes-an-explicit-retry-chromium/error-context.md
2026-10-07T03:20:19.5695022Z 
2026-10-07T03:20:19.5695857Z     attachment #3: trace (application/zip) ─────────────────────────────────────────────────────────
2026-10-07T03:20:19.5696472Z     test-results/data-workspace-failed-resp-685ec-d-exposes-an-explicit-retry-chromium/trace.zip
2026-10-07T03:20:19.5696920Z     Usage:
2026-10-07T03:20:19.5697024Z 
2026-10-07T03:20:19.5697433Z         npx playwright show-trace test-results/data-workspace-failed-resp-685ec-d-exposes-an-explicit-retry-chromium/trace.zip
2026-10-07T03:20:19.5697865Z 
2026-10-07T03:20:19.5698191Z     ────────────────────────────────────────────────────────────────────────────────────────────────
2026-10-07T03:20:19.5698431Z 
2026-10-07T03:20:19.5698506Z   2 failed
2026-10-07T03:20:19.5699047Z     [chromium] › tests/weaveos/data-workspace.spec.ts:56:1 › page-size change is a controlled request that resets to first page 
2026-10-07T03:20:19.5699895Z     [chromium] › tests/weaveos/data-workspace.spec.ts:69:1 › failed response keeps previous confirmed page and exposes an explicit retry 
2026-10-07T03:20:19.5700381Z   29 passed (57.2s)
2026-10-07T03:20:19.6030235Z ##[error]Process completed with exit code 1.