2026-10-07T03:23:15.3246553Z Running 31 tests using 2 workers
2026-10-07T03:23:17.0293654Z 
2026-10-07T03:23:17.0295085Z   ✓   2 [chromium] › tests/weaveos/data-workspace.spec.ts:5:1 › table renders only the current supplied page despite a large server total (1.1s)
2026-10-07T03:23:17.7273311Z   ✓   1 [chromium] › tests/weaveos/data-workspace.spec.ts:11:1 › arbitrary page jump emits controlled request and waits for returned page (1.8s)
2026-10-07T03:23:18.1947487Z   ✓   3 [chromium] › tests/weaveos/data-workspace.spec.ts:19:1 › text has no normal sort while numerical sorting is server-controlled (1.1s)
2026-10-07T03:23:20.0545053Z   ✓   5 [chromium] › tests/weaveos/data-workspace.spec.ts:38:1 › related data change requires refresh and refresh requests page one (1.8s)
2026-10-07T03:23:20.4753734Z   ✓   4 [chromium] › tests/weaveos/data-workspace.spec.ts:27:1 › hide a column changes display without clearing sort or issuing a query (2.7s)
2026-10-07T03:23:21.0170621Z   ✓   6 [chromium] › tests/weaveos/data-workspace.spec.ts:46:1 › only current page selection is controlled and filtering does not happen locally (953ms)
2026-10-07T03:23:22.4350608Z   ✓   7 [chromium] › tests/weaveos/data-workspace.spec.ts:51:1 › table workspace passes settled accessibility and captures actual desktop UI (1.9s)
2026-10-07T03:23:23.1823119Z   ✓   8 [chromium] › tests/weaveos/data-workspace.spec.ts:56:1 › page-size change is a controlled request that resets to first page (2.2s)
2026-10-07T03:23:23.7889933Z   ✓   9 [chromium] › tests/weaveos/data-workspace.spec.ts:63:1 › invalid arbitrary page never emits a coerced query (1.3s)
2026-10-07T03:23:25.5773432Z   ✓  10 [chromium] › tests/weaveos/data-workspace.spec.ts:69:1 › failed response keeps previous confirmed page and exposes an explicit retry (2.4s)
2026-10-07T03:23:28.2197155Z   ✓  11 [chromium] › tests/weaveos/filter-manager.spec.ts:4:1 › opens saved-filter management first, with only one preset applied (4.4s)
2026-10-07T03:23:28.8980125Z   ✓  12 [chromium] › tests/weaveos/filter-manager.spec.ts:14:1 › constructs AND with an OR subgroup and persists exact conditions (3.3s)
2026-10-07T03:23:30.9915139Z   ✓  13 [chromium] › tests/weaveos/filter-manager.spec.ts:27:1 › failed persistence retains editor and never reports saved (2.8s)
2026-10-07T03:23:31.6581397Z   ✓  14 [chromium] › tests/weaveos/filter-manager.spec.ts:36:1 › dirty Escape asks before discarding and restores source focus (2.8s)
2026-10-07T03:23:33.6153551Z   ✓  16 [chromium] › tests/weaveos/filter-manager.spec.ts:53:1 › applying a preset emits a page-one host query without client-side table filtering (1.9s)
2026-10-07T03:23:33.8653727Z   ✓  15 [chromium] › tests/weaveos/filter-manager.spec.ts:44:1 › text comparisons exclude range operators and editor is accessible (2.9s)
2026-10-07T03:23:35.8768368Z   ✓  18 [chromium] › tests/weaveos/filter-manager.spec.ts:66:1 › deleting a preset requires confirmation and cancellation preserves it (2.0s)
2026-10-07T03:23:36.3315439Z   ✓  17 [chromium] › tests/weaveos/filter-manager.spec.ts:59:1 › editing a saved preset preserves identity, saving alone does not apply (2.7s)
2026-10-07T03:23:39.3748055Z V042_OPENING_GEOMETRY {"count":33,"widths":[440,94.7471923828125,96.7559814453125,131.65185546875,164.5177001953125,202.6793212890625,322.6497802734375,393.98565673828125,424.6741943359375,435.8802185058594,439.3104248046875,440.1409912109375,440,439.9999694824219,440.0000305175781,440,440,440,440,440,440,440,440,440,440,440,440,440,440,440,440,440,440],"expanded":440}
2026-10-07T03:23:39.5147917Z   ✓  19 [chromium] › tests/weaveos/origin-motion.spec.ts:3:1 › window geometry really travels from and returns toward the trigger (3.6s)
[Long media line omitted (129999 characters). Full original: https://github.com/Hubujiu/arca-ui/actions/runs/37566438299]
2026-10-07T03:23:40.3143046Z   ✓  20 [chromium] › tests/weaveos/origin-motion.spec.ts:29:1 › successful save returns the window toward its source too (4.0s)
[Long media line omitted (215862 characters). Full original: https://github.com/Hubujiu/arca-ui/actions/runs/37566438299]
2026-10-07T03:23:41.8530762Z   ✓  22 [chromium] › tests/weaveos/studio.spec.ts:6:1 › shell uses collapsible icon rail and edge-to-edge content card (1.5s)
[Long media line omitted (107006 characters). Full original: https://github.com/Hubujiu/arca-ui/actions/runs/37566438299]
[Long media line omitted (75534 characters). Full original: https://github.com/Hubujiu/arca-ui/actions/runs/37566438299]
[Long media line omitted (61534 characters). Full original: https://github.com/Hubujiu/arca-ui/actions/runs/37566438299]
2026-10-07T03:23:43.0098671Z   ✓  21 [chromium] › tests/weaveos/preview.spec.ts:3:1 › capture component studio review images (3.5s)
2026-10-07T03:23:44.1520182Z   ✓  23 [chromium] › tests/weaveos/studio.spec.ts:19:1 › source dialog has accessible title, focus isolation and restores origin (2.3s)
2026-10-07T03:23:45.1401381Z   ✓  24 [chromium] › tests/weaveos/studio.spec.ts:34:1 › second source restores its own focus (2.1s)
2026-10-07T03:23:48.4798911Z   ✓  25 [chromium] › tests/weaveos/studio.spec.ts:41:1 › close during opening and repeat never leaves an overlay or locked page (4.3s)
2026-10-07T03:23:49.8513151Z   ✓  26 [chromium] › tests/weaveos/studio.spec.ts:49:1 › save feedback waits for result and errors retain editable input (4.7s)
2026-10-07T03:23:51.2560941Z   ✓  27 [chromium] › tests/weaveos/studio.spec.ts:65:1 › nested select Escape dismisses only the list, then dialog (2.8s)
2026-10-07T03:23:51.3523365Z   ✓  28 [chromium] › tests/weaveos/studio.spec.ts:74:1 › reduced motion preserves usable modal without scale displacement (1.5s)
2026-10-07T03:23:52.4984757Z   ✓  30 [chromium] › tests/weaveos/studio.spec.ts:92:1 › theme controls, basic controls and component navigation work (1.1s)
2026-10-07T03:23:53.6282544Z   ✓  29 [chromium] › tests/weaveos/studio.spec.ts:83:1 › mobile view fits viewport and dialog remains operable (2.4s)
2026-10-07T03:23:54.6459706Z   ✓  31 [chromium] › tests/weaveos/studio.spec.ts:102:1 › studio and open modal have no serious accessibility violations (2.1s)
2026-10-07T03:23:54.7246395Z 
2026-10-07T03:23:54.7248810Z   31 passed (40.5s)