2026-10-07T05:33:03.5273036Z Current runner version: '2.337.0'
2026-10-07T05:33:03.5288366Z ##[group]Runner Image Provisioner
2026-10-07T05:33:03.5288884Z Hosted Compute Agent
2026-10-07T05:33:03.5289320Z Version: 20260901.588
2026-10-07T05:33:03.5289685Z Commit: f88ec8081b781fac6c440065ac7ff9e710ce3d0b
2026-10-07T05:33:03.5290164Z Build Date: 2026-09-01T19:56:44Z
2026-10-07T05:33:03.5290551Z Worker ID: {494e4f3a-e542-4399-a2c7-dcec97992d86}
2026-10-07T05:33:03.5290946Z Azure Region: westus3
2026-10-07T05:33:03.5291320Z ##[endgroup]
2026-10-07T05:33:03.5292088Z ##[group]Operating System
2026-10-07T05:33:03.5292466Z Ubuntu
2026-10-07T05:33:03.5292808Z 24.04.5
2026-10-07T05:33:03.5293109Z LTS
2026-10-07T05:33:03.5293468Z ##[endgroup]
2026-10-07T05:33:03.5293803Z ##[group]Runner Image
2026-10-07T05:33:03.5294201Z Image: ubuntu-24.04
2026-10-07T05:33:03.5294544Z Version: 20260927.320.1
2026-10-07T05:33:03.5295418Z Included Software: https://github.com/actions/runner-images/blob/ubuntu24/20260927.320/images/ubuntu/Ubuntu2404-Readme.md
2026-10-07T05:33:03.5296256Z Image Release: https://github.com/actions/runner-images/releases/tag/ubuntu24%2F20260927.320
2026-10-07T05:33:03.5297081Z ##[endgroup]
2026-10-07T05:33:03.5297747Z ##[group]GITHUB_TOKEN Permissions
2026-10-07T05:33:03.5299091Z Contents: read
2026-10-07T05:33:03.5299431Z Metadata: read
2026-10-07T05:33:03.5299784Z ##[endgroup]
2026-10-07T05:33:03.5301044Z Secret source: Actions
2026-10-07T05:33:03.5301577Z Cache mode: write
2026-10-07T05:33:03.5302009Z Prepare workflow directory
2026-10-07T05:33:03.5492532Z Prepare all required actions
2026-10-07T05:33:03.5522390Z Getting action download info
2026-10-07T05:33:03.8491309Z Download action repository 'actions/checkout@v4' (SHA:11d5960a326750d5838078e36cf38b85af677262)
2026-10-07T05:33:03.9366621Z Download action repository 'actions/setup-node@v4' (SHA:49933ea5288caeca8642d1e84afbd3f7d6820020)
2026-10-07T05:33:04.0493409Z Download action repository 'actions/upload-artifact@v4' (SHA:ea165f8d65b6e75b540449e92b4886f43607fa02)
2026-10-07T05:33:04.2413523Z Complete job name: browser
2026-10-07T05:33:04.2858695Z ##[group]Run actions/checkout@v4
2026-10-07T05:33:04.2859089Z with:
2026-10-07T05:33:04.2859314Z   repository: Hubujiu/arca-ui
2026-10-07T05:33:04.2861278Z   token: ***
2026-10-07T05:33:04.2861499Z   ssh-strict: true
2026-10-07T05:33:04.2861721Z   ssh-user: git
2026-10-07T05:33:04.2861948Z   persist-credentials: true
2026-10-07T05:33:04.2862196Z   clean: true
2026-10-07T05:33:04.2862425Z   sparse-checkout-cone-mode: true
2026-10-07T05:33:04.2862691Z   fetch-depth: 1
2026-10-07T05:33:04.2862910Z   fetch-tags: false
2026-10-07T05:33:04.2863137Z   show-progress: true
2026-10-07T05:33:04.2863363Z   lfs: false
2026-10-07T05:33:04.2863573Z   submodules: false
2026-10-07T05:33:04.2863802Z   set-safe-directory: true
2026-10-07T05:33:04.2864062Z   allow-unsafe-pr-checkout: false
2026-10-07T05:33:04.2864393Z ##[endgroup]
2026-10-07T05:33:04.3467020Z Syncing repository: Hubujiu/arca-ui
2026-10-07T05:33:04.3468327Z ##[group]Getting Git version info
2026-10-07T05:33:04.3468965Z Working directory is '/home/runner/work/arca-ui/arca-ui'
2026-10-07T05:33:04.3469775Z [command]/usr/bin/git version
2026-10-07T05:33:04.3530648Z git version 2.55.0
2026-10-07T05:33:04.3547524Z ##[endgroup]
2026-10-07T05:33:04.3559846Z Temporarily overriding HOME='/home/runner/work/_temp/4bb19f32-f115-48bc-8e73-02bc54070617' before making global git config changes
2026-10-07T05:33:04.3560754Z Adding repository directory to the temporary git global config as a safe directory
2026-10-07T05:33:04.3563152Z [command]/usr/bin/git config --global --add safe.directory /home/runner/work/arca-ui/arca-ui
2026-10-07T05:33:04.3607665Z Deleting the contents of '/home/runner/work/arca-ui/arca-ui'
2026-10-07T05:33:04.3613870Z ##[group]Initializing the repository
2026-10-07T05:33:04.3616377Z [command]/usr/bin/git init /home/runner/work/arca-ui/arca-ui
2026-10-07T05:33:04.3752806Z hint: Using 'master' as the name for the initial branch. This default branch name
2026-10-07T05:33:04.3753774Z hint: will change to "main" in Git 3.0. To configure the initial branch name
2026-10-07T05:33:04.3754749Z hint: to use in all of your new repositories, which will suppress this warning,
2026-10-07T05:33:04.3755522Z hint: call:
2026-10-07T05:33:04.3755975Z hint:
2026-10-07T05:33:04.3756521Z hint: 	git config --global init.defaultBranch <name>
2026-10-07T05:33:04.3757187Z hint:
2026-10-07T05:33:04.3757803Z hint: Names commonly chosen instead of 'master' are 'main', 'trunk' and
2026-10-07T05:33:04.3758859Z hint: 'development'. The just-created branch can be renamed via this command:
2026-10-07T05:33:04.3759656Z hint:
2026-10-07T05:33:04.3760080Z hint: 	git branch -m <name>
2026-10-07T05:33:04.3760575Z hint:
2026-10-07T05:33:04.3761189Z hint: Disable this message with "git config set advice.defaultBranchName false"
2026-10-07T05:33:04.3762057Z Initialized empty Git repository in /home/runner/work/arca-ui/arca-ui/.git/
2026-10-07T05:33:04.3764193Z [command]/usr/bin/git remote add origin https://github.com/Hubujiu/arca-ui
2026-10-07T05:33:04.3812142Z ##[endgroup]
2026-10-07T05:33:04.3812786Z ##[group]Disabling automatic garbage collection
2026-10-07T05:33:04.3814830Z [command]/usr/bin/git config --local gc.auto 0
2026-10-07T05:33:04.3841646Z ##[endgroup]
2026-10-07T05:33:04.3842040Z ##[group]Setting up auth
2026-10-07T05:33:04.3847994Z [command]/usr/bin/git config --local --name-only --get-regexp core\.sshCommand
2026-10-07T05:33:04.3875673Z [command]/usr/bin/git submodule foreach --recursive sh -c "git config --local --name-only --get-regexp 'core\.sshCommand' && git config --local --unset-all 'core.sshCommand' || :"
2026-10-07T05:33:04.4157926Z [command]/usr/bin/git config --local --name-only --get-regexp http\.https\:\/\/github\.com\/\.extraheader
2026-10-07T05:33:04.4183673Z [command]/usr/bin/git submodule foreach --recursive sh -c "git config --local --name-only --get-regexp 'http\.https\:\/\/github\.com\/\.extraheader' && git config --local --unset-all 'http.https://github.com/.extraheader' || :"
2026-10-07T05:33:04.4345636Z [command]/usr/bin/git config --local --name-only --get-regexp ^includeIf\.gitdir:
2026-10-07T05:33:04.4371167Z [command]/usr/bin/git submodule foreach --recursive git config --local --show-origin --name-only --get-regexp remote.origin.url
2026-10-07T05:33:04.4534084Z [command]/usr/bin/git config --local http.https://github.com/.extraheader AUTHORIZATION: basic ***
2026-10-07T05:33:04.4605410Z ##[endgroup]
2026-10-07T05:33:04.4605945Z ##[group]Fetching the repository
2026-10-07T05:33:04.4611331Z [command]/usr/bin/git -c protocol.version=2 fetch --no-tags --prune --no-recurse-submodules --depth=1 origin +011ed8efffe1c39cf2d17640a1708a0cf475d698:refs/remotes/origin/task/V030-042-weaveos-components
2026-10-07T05:33:05.3789447Z From https://github.com/Hubujiu/arca-ui
2026-10-07T05:33:05.3790715Z  * [new ref]         011ed8efffe1c39cf2d17640a1708a0cf475d698 -> origin/task/V030-042-weaveos-components
2026-10-07T05:33:05.3792739Z ##[endgroup]
2026-10-07T05:33:05.3793433Z ##[group]Determining the checkout info
2026-10-07T05:33:05.3794262Z ##[endgroup]
2026-10-07T05:33:05.3798630Z [command]/usr/bin/git sparse-checkout disable
2026-10-07T05:33:05.3842731Z [command]/usr/bin/git config --local --unset-all extensions.worktreeConfig
2026-10-07T05:33:05.3871908Z ##[group]Checking out the ref
2026-10-07T05:33:05.3875298Z [command]/usr/bin/git checkout --progress --force -B task/V030-042-weaveos-components refs/remotes/origin/task/V030-042-weaveos-components
2026-10-07T05:33:05.4370574Z Switched to a new branch 'task/V030-042-weaveos-components'
2026-10-07T05:33:05.4374212Z branch 'task/V030-042-weaveos-components' set up to track 'origin/task/V030-042-weaveos-components'.
2026-10-07T05:33:05.4379339Z ##[endgroup]
2026-10-07T05:33:05.4412051Z [command]/usr/bin/git log -1 --format=%H
2026-10-07T05:33:05.4432330Z 011ed8efffe1c39cf2d17640a1708a0cf475d698
2026-10-07T05:33:05.4756875Z ##[group]Run actions/setup-node@v4
2026-10-07T05:33:05.4757582Z with:
2026-10-07T05:33:05.4758144Z   node-version: 24.19.0
2026-10-07T05:33:05.4758748Z   cache: npm
2026-10-07T05:33:05.4759432Z   always-auth: false
2026-10-07T05:33:05.4760039Z   check-latest: false
2026-10-07T05:33:05.4764824Z   token: ***
2026-10-07T05:33:05.4765617Z ##[endgroup]
2026-10-07T05:33:05.5593840Z Attempting to download 24.19.0...
2026-10-07T05:33:05.5658046Z (node:2079) [DEP0040] DeprecationWarning: The `punycode` module is deprecated. Please use a userland alternative instead.
2026-10-07T05:33:06.5717602Z (Use `node --trace-deprecation ...` to show where the warning was created)
2026-10-07T05:33:06.5740555Z Acquiring 24.19.0 - x64 from https://github.com/actions/node-versions/releases/download/24.19.0-30872449280/node-24.19.0-linux-x64.tar.gz
2026-10-07T05:33:06.9899716Z Extracting ...
2026-10-07T05:33:06.9986479Z [command]/usr/bin/tar xz --strip 1 --warning=no-unknown-keyword --overwrite -C /home/runner/work/_temp/2435a8b9-fb17-4ce7-b752-aed1d14763c6 -f /home/runner/work/_temp/338f0fe2-7d86-4091-a1f5-89bc882b6513
2026-10-07T05:33:07.8764566Z Adding to the cache ...
2026-10-07T05:33:09.8620128Z ##[group]Environment details
2026-10-07T05:33:10.0183847Z node: v24.19.0
2026-10-07T05:33:10.0184061Z npm: 11.17.0
2026-10-07T05:33:10.0184175Z yarn: 1.22.22
2026-10-07T05:33:10.0184534Z ##[endgroup]
2026-10-07T05:33:10.0194312Z [command]/opt/hostedtoolcache/node/24.19.0/x64/bin/npm config get cache
2026-10-07T05:33:10.0776624Z /home/runner/.npm
2026-10-07T05:33:10.2937419Z Cache hit for: node-cache-Linux-x64-npm-e49477bd2ac87adee467bcfea498780880a69ec42aeb10ad505d060aeecf5f10
2026-10-07T05:33:10.3002120Z (node:2079) [DEP0169] DeprecationWarning: `url.parse()` behavior is not standardized and prone to errors that have security implications. Use the WHATWG URL API instead. CVEs are not issued for `url.parse()` vulnerabilities.
2026-10-07T05:33:11.5246106Z Received 37748736 of 123576884 (30.5%), 36.0 MBs/sec
2026-10-07T05:33:11.9682692Z Received 123576884 of 123576884 (100.0%), 81.6 MBs/sec
2026-10-07T05:33:11.9683096Z Cache Size: ~118 MB (123576884 B)
2026-10-07T05:33:11.9722720Z [command]/usr/bin/tar -xf /home/runner/work/_temp/f62f3ebe-333a-49ca-b39e-5236867cf88e/cache.tzst -P -C /home/runner/work/arca-ui/arca-ui --use-compress-program unzstd
2026-10-07T05:33:12.1521069Z Cache restored successfully
2026-10-07T05:33:12.1576805Z Cache restored from key: node-cache-Linux-x64-npm-e49477bd2ac87adee467bcfea498780880a69ec42aeb10ad505d060aeecf5f10
2026-10-07T05:33:12.2458829Z ##[group]Run npm ci --ignore-scripts
2026-10-07T05:33:12.2459056Z [36;1mnpm ci --ignore-scripts[0m
2026-10-07T05:33:12.3452897Z shell: /usr/bin/bash -e {0}
2026-10-07T05:33:12.3453058Z ##[endgroup]
2026-10-07T05:33:19.4331822Z 
2026-10-07T05:33:19.4338751Z added 517 packages, and audited 518 packages in 7s
2026-10-07T05:33:19.4339056Z 
2026-10-07T05:33:19.4339233Z 163 packages are looking for funding
2026-10-07T05:33:19.4339517Z   run `npm fund` for details
2026-10-07T05:33:19.4372297Z 
2026-10-07T05:33:19.4372641Z 8 high severity vulnerabilities
2026-10-07T05:33:19.4372862Z 
2026-10-07T05:33:19.4373068Z To address issues that do not require attention, run:
2026-10-07T05:33:19.4373406Z   npm audit fix
2026-10-07T05:33:19.4373528Z 
2026-10-07T05:33:19.4373757Z To address all issues (including breaking changes), run:
2026-10-07T05:33:19.4374070Z   npm audit fix --force
2026-10-07T05:33:19.4374195Z 
2026-10-07T05:33:19.4374308Z Run `npm audit` for details.
2026-10-07T05:33:19.5490491Z ##[group]Run npx playwright install --with-deps chromium
2026-10-07T05:33:19.5490766Z [36;1mnpx playwright install --with-deps chromium[0m
2026-10-07T05:33:19.5546187Z shell: /usr/bin/bash -e {0}
2026-10-07T05:33:19.5546367Z ##[endgroup]
2026-10-07T05:33:19.9966201Z Installing dependencies...
2026-10-07T05:33:20.0018460Z Switching to root user to install dependencies...
2026-10-07T05:33:20.1099632Z Get:1 file:/etc/apt/apt-mirrors.txt Mirrorlist [144 B]
2026-10-07T05:33:20.1955936Z Hit:2 http://azure.archive.ubuntu.com/ubuntu noble InRelease
2026-10-07T05:33:20.1972308Z Get:3 http://azure.archive.ubuntu.com/ubuntu noble-updates InRelease [126 kB]
2026-10-07T05:33:20.1985100Z Get:6 https://packages.microsoft.com/ubuntu/24.04/prod noble InRelease [3600 B]
2026-10-07T05:33:20.2026001Z Get:4 http://azure.archive.ubuntu.com/ubuntu noble-backports InRelease [126 kB]
2026-10-07T05:33:20.2031561Z Get:5 http://azure.archive.ubuntu.com/ubuntu noble-security InRelease [126 kB]
2026-10-07T05:33:20.2787172Z Get:7 http://azure.archive.ubuntu.com/ubuntu noble-updates/main amd64 Packages [1375 kB]
2026-10-07T05:33:20.3266943Z Get:8 http://azure.archive.ubuntu.com/ubuntu noble-updates/main Translation-en [306 kB]
2026-10-07T05:33:20.3584444Z Get:19 https://packages.microsoft.com/ubuntu/24.04/prod noble/main armhf Packages [12.6 kB]
2026-10-07T05:33:20.3823407Z Get:9 http://azure.archive.ubuntu.com/ubuntu noble-updates/main amd64 Components [181 kB]
2026-10-07T05:33:20.3839124Z Get:20 https://packages.microsoft.com/ubuntu/24.04/prod noble/main amd64 Packages [519 kB]
2026-10-07T05:33:20.4436099Z Get:10 http://azure.archive.ubuntu.com/ubuntu noble-updates/universe amd64 Packages [1701 kB]
2026-10-07T05:33:20.4463326Z Get:30 https://packages.microsoft.com/ubuntu/24.04/prod noble/main arm64 Packages [463 kB]
2026-10-07T05:33:20.5111002Z Get:11 http://azure.archive.ubuntu.com/ubuntu noble-updates/universe Translation-en [341 kB]
2026-10-07T05:33:20.5210318Z Get:12 http://azure.archive.ubuntu.com/ubuntu noble-updates/universe amd64 Components [388 kB]
2026-10-07T05:33:20.5309314Z Get:13 http://azure.archive.ubuntu.com/ubuntu noble-updates/restricted amd64 Packages [1730 kB]
2026-10-07T05:33:20.5510581Z Get:14 http://azure.archive.ubuntu.com/ubuntu noble-updates/restricted Translation-en [396 kB]
2026-10-07T05:33:20.5583740Z Get:15 http://azure.archive.ubuntu.com/ubuntu noble-updates/multiverse Translation-en [13.3 kB]
2026-10-07T05:33:20.5714545Z Get:16 http://azure.archive.ubuntu.com/ubuntu noble-updates/multiverse amd64 Components [940 B]
2026-10-07T05:33:20.6357318Z Get:17 http://azure.archive.ubuntu.com/ubuntu noble-backports/main amd64 Components [5752 B]
2026-10-07T05:33:20.6408489Z Get:18 http://azure.archive.ubuntu.com/ubuntu noble-backports/universe amd64 Components [12.6 kB]
2026-10-07T05:33:20.6510669Z Get:21 http://azure.archive.ubuntu.com/ubuntu noble-security/main amd64 Packages [1073 kB]
2026-10-07T05:33:20.6624999Z Get:22 http://azure.archive.ubuntu.com/ubuntu noble-security/main Translation-en [223 kB]
2026-10-07T05:33:20.6822508Z Get:23 http://azure.archive.ubuntu.com/ubuntu noble-security/main amd64 Components [46.4 kB]
2026-10-07T05:33:20.6851119Z Get:24 http://azure.archive.ubuntu.com/ubuntu noble-security/universe amd64 Packages [1218 kB]
2026-10-07T05:33:20.7015341Z Get:25 http://azure.archive.ubuntu.com/ubuntu noble-security/universe Translation-en [245 kB]
2026-10-07T05:33:20.7226117Z Get:26 http://azure.archive.ubuntu.com/ubuntu noble-security/universe amd64 Components [76.3 kB]
2026-10-07T05:33:20.7428880Z Get:27 http://azure.archive.ubuntu.com/ubuntu noble-security/restricted amd64 Packages [1566 kB]
2026-10-07T05:33:20.7917598Z Get:28 http://azure.archive.ubuntu.com/ubuntu noble-security/restricted Translation-en [361 kB]
2026-10-07T05:33:20.8015059Z Get:29 http://azure.archive.ubuntu.com/ubuntu noble-security/multiverse Translation-en [11.6 kB]
2026-10-07T05:33:26.3116773Z Fetched 12.6 MB in 1s (11.6 MB/s)
2026-10-07T05:33:26.8664866Z Reading package lists...
2026-10-07T05:33:26.8844673Z Reading package lists...
2026-10-07T05:33:27.0151088Z Building dependency tree...
2026-10-07T05:33:27.0156168Z Reading state information...
2026-10-07T05:33:27.1166804Z libasound2t64 is already the newest version (1.2.11-1ubuntu0.3).
2026-10-07T05:33:27.1167199Z libasound2t64 set to manually installed.
2026-10-07T05:33:27.1167579Z libatk-bridge2.0-0t64 is already the newest version (2.52.0-1build1).
2026-10-07T05:33:27.1167955Z libatk-bridge2.0-0t64 set to manually installed.
2026-10-07T05:33:27.1168325Z libatk1.0-0t64 is already the newest version (2.52.0-1build1).
2026-10-07T05:33:27.1168660Z libatk1.0-0t64 set to manually installed.
2026-10-07T05:33:27.1169020Z libatspi2.0-0t64 is already the newest version (2.52.0-1build1).
2026-10-07T05:33:27.1170055Z libatspi2.0-0t64 set to manually installed.
2026-10-07T05:33:27.1170404Z libcairo2 is already the newest version (1.18.0-3build1).
2026-10-07T05:33:27.1170722Z libcairo2 set to manually installed.
2026-10-07T05:33:27.1171091Z libcups2t64 is already the newest version (2.4.7-1.2ubuntu7.14).
2026-10-07T05:33:27.1171434Z libcups2t64 set to manually installed.
2026-10-07T05:33:27.1171782Z libdbus-1-3 is already the newest version (1.14.10-4ubuntu4.1).
2026-10-07T05:33:27.1172117Z libdbus-1-3 set to manually installed.
2026-10-07T05:33:27.1172502Z libdrm2 is already the newest version (2.4.125-1ubuntu0.1~24.04.2).
2026-10-07T05:33:27.1172736Z libdrm2 set to manually installed.
2026-10-07T05:33:27.1173046Z libglib2.0-0t64 is already the newest version (2.80.0-6ubuntu3.9).
2026-10-07T05:33:27.1173306Z libglib2.0-0t64 set to manually installed.
2026-10-07T05:33:27.1173532Z libnspr4 is already the newest version (2:4.35-1.1build1).
2026-10-07T05:33:27.1173764Z libnspr4 set to manually installed.
2026-10-07T05:33:27.1173969Z libnss3 is already the newest version (2:3.98-1ubuntu0.2).
2026-10-07T05:33:27.1174167Z libnss3 set to manually installed.
2026-10-07T05:33:27.1174455Z libpango-1.0-0 is already the newest version (1.52.1+ds-1build1).
2026-10-07T05:33:27.1174676Z libpango-1.0-0 set to manually installed.
2026-10-07T05:33:27.1174885Z libx11-6 is already the newest version (2:1.8.7-1build1).
2026-10-07T05:33:27.1175080Z libx11-6 set to manually installed.
2026-10-07T05:33:27.1175512Z libxcb1 is already the newest version (1.15-1ubuntu2).
2026-10-07T05:33:27.1175808Z libxcb1 set to manually installed.
2026-10-07T05:33:27.1176130Z libxcomposite1 is already the newest version (1:0.4.5-1build3).
2026-10-07T05:33:27.1176454Z libxcomposite1 set to manually installed.
2026-10-07T05:33:27.1176786Z libxdamage1 is already the newest version (1:1.1.6-1build1).
2026-10-07T05:33:27.1177100Z libxdamage1 set to manually installed.
2026-10-07T05:33:27.1177411Z libxext6 is already the newest version (2:1.3.4-1build2).
2026-10-07T05:33:27.1177718Z libxext6 set to manually installed.
2026-10-07T05:33:27.1178028Z libxfixes3 is already the newest version (1:6.0.0-2build1).
2026-10-07T05:33:27.1178345Z libxfixes3 set to manually installed.
2026-10-07T05:33:27.1178685Z libxkbcommon0 is already the newest version (1.6.0-1build1).
2026-10-07T05:33:27.1178999Z libxkbcommon0 set to manually installed.
2026-10-07T05:33:27.1179321Z libxrandr2 is already the newest version (2:1.5.2-2build1).
2026-10-07T05:33:27.1179626Z libxrandr2 set to manually installed.
2026-10-07T05:33:27.1179949Z xvfb is already the newest version (2:21.1.12-1ubuntu1.8).
2026-10-07T05:33:27.1180407Z fonts-noto-color-emoji is already the newest version (2.047-0ubuntu0.24.04.1).
2026-10-07T05:33:27.1180887Z libfontconfig1 is already the newest version (2.15.0-1.1ubuntu2).
2026-10-07T05:33:27.1181239Z libfontconfig1 set to manually installed.
2026-10-07T05:33:27.1181594Z fonts-liberation is already the newest version (1:2.1.5-3).
2026-10-07T05:33:27.1181947Z fonts-liberation set to manually installed.
2026-10-07T05:33:27.1182291Z The following additional packages will be installed:
2026-10-07T05:33:27.1182708Z   libgl1-mesa-dri libglx-mesa0 mesa-libgallium xfonts-encodings xfonts-utils
2026-10-07T05:33:27.1183301Z Recommended packages:
2026-10-07T05:33:27.1183551Z   fonts-ipafont-mincho fonts-tlwg-loma
2026-10-07T05:33:27.1319398Z The following NEW packages will be installed:
2026-10-07T05:33:27.1319712Z   fonts-freefont-ttf fonts-ipafont-gothic fonts-tlwg-loma-otf fonts-unifont
2026-10-07T05:33:27.1322021Z   fonts-wqy-zenhei xfonts-cyrillic xfonts-encodings xfonts-scalable
2026-10-07T05:33:27.1322269Z   xfonts-utils
2026-10-07T05:33:27.1324280Z The following packages will be upgraded:
2026-10-07T05:33:27.1326918Z   libfreetype6 libgbm1 libgl1-mesa-dri libglx-mesa0 mesa-libgallium
2026-10-07T05:33:27.1452758Z 5 upgraded, 9 newly installed, 0 to remove and 24 not upgraded.
2026-10-07T05:33:27.1453130Z Need to get 32.5 MB of archives.
2026-10-07T05:33:27.1453755Z After this operation, 79.5 MB of additional disk space will be used.
2026-10-07T05:33:27.1454170Z Get:1 file:/etc/apt/apt-mirrors.txt Mirrorlist [144 B]
2026-10-07T05:33:27.2542504Z Get:2 http://azure.archive.ubuntu.com/ubuntu noble/universe amd64 fonts-ipafont-gothic all 00303-21ubuntu1 [3513 kB]
2026-10-07T05:33:27.3854178Z Get:3 http://azure.archive.ubuntu.com/ubuntu noble/main amd64 fonts-freefont-ttf all 20211204+svn4273-2 [5641 kB]
2026-10-07T05:33:27.5650828Z Get:4 http://azure.archive.ubuntu.com/ubuntu noble/universe amd64 fonts-tlwg-loma-otf all 1:0.7.3-1 [107 kB]
2026-10-07T05:33:27.6309525Z Get:5 http://azure.archive.ubuntu.com/ubuntu noble/universe amd64 fonts-unifont all 1:15.1.01-1build1 [2993 kB]
2026-10-07T05:33:27.7556144Z Get:6 http://azure.archive.ubuntu.com/ubuntu noble/universe amd64 fonts-wqy-zenhei all 0.9.45-8 [7472 kB]
2026-10-07T05:33:27.9729728Z Get:7 http://azure.archive.ubuntu.com/ubuntu noble-updates/main amd64 libfreetype6 amd64 2.13.2+dfsg-1ubuntu0.2 [403 kB]
2026-10-07T05:33:28.0440333Z Get:8 http://azure.archive.ubuntu.com/ubuntu noble-updates/main amd64 libgl1-mesa-dri amd64 25.2.8-0ubuntu0.24.04.4 [38.0 kB]
2026-10-07T05:33:28.1086186Z Get:9 http://azure.archive.ubuntu.com/ubuntu noble-updates/main amd64 libglx-mesa0 amd64 25.2.8-0ubuntu0.24.04.4 [110 kB]
2026-10-07T05:33:28.1742547Z Get:10 http://azure.archive.ubuntu.com/ubuntu noble-updates/main amd64 libgbm1 amd64 25.2.8-0ubuntu0.24.04.4 [34.2 kB]
2026-10-07T05:33:28.2387911Z Get:11 http://azure.archive.ubuntu.com/ubuntu noble-updates/main amd64 mesa-libgallium amd64 25.2.8-0ubuntu0.24.04.4 [10.8 MB]
2026-10-07T05:33:28.5237810Z Get:12 http://azure.archive.ubuntu.com/ubuntu noble/main amd64 xfonts-encodings all 1:1.0.5-0ubuntu2 [578 kB]
2026-10-07T05:33:28.5984933Z Get:13 http://azure.archive.ubuntu.com/ubuntu noble/main amd64 xfonts-utils amd64 1:7.7+6build3 [94.4 kB]
2026-10-07T05:33:28.6633711Z Get:14 http://azure.archive.ubuntu.com/ubuntu noble/universe amd64 xfonts-cyrillic all 1:1.0.5+nmu1 [384 kB]
2026-10-07T05:33:28.7347191Z Get:15 http://azure.archive.ubuntu.com/ubuntu noble/main amd64 xfonts-scalable all 1:1.0.3-1.3 [304 kB]
2026-10-07T05:33:28.9177273Z Fetched 32.5 MB in 2s (20.2 MB/s)
2026-10-07T05:33:28.9392045Z Selecting previously unselected package fonts-ipafont-gothic.
2026-10-07T05:33:28.9670235Z (Reading database ... 
2026-10-07T05:33:28.9670590Z (Reading database ... 5%
2026-10-07T05:33:28.9671022Z (Reading database ... 10%
2026-10-07T05:33:28.9671288Z (Reading database ... 15%
2026-10-07T05:33:28.9671496Z (Reading database ... 20%
2026-10-07T05:33:28.9671700Z (Reading database ... 25%
2026-10-07T05:33:28.9671876Z (Reading database ... 30%
2026-10-07T05:33:28.9672008Z (Reading database ... 35%
2026-10-07T05:33:28.9672160Z (Reading database ... 40%
2026-10-07T05:33:28.9672292Z (Reading database ... 45%
2026-10-07T05:33:28.9672424Z (Reading database ... 50%
2026-10-07T05:33:28.9702857Z (Reading database ... 55%
2026-10-07T05:33:29.0421573Z (Reading database ... 60%
2026-10-07T05:33:29.2425388Z (Reading database ... 65%
2026-10-07T05:33:29.4461726Z (Reading database ... 70%
2026-10-07T05:33:29.5947628Z (Reading database ... 75%
2026-10-07T05:33:29.7505620Z (Reading database ... 80%
2026-10-07T05:33:29.9536291Z (Reading database ... 85%
2026-10-07T05:33:30.1428575Z (Reading database ... 90%
2026-10-07T05:33:30.3014120Z (Reading database ... 95%
2026-10-07T05:33:30.3014325Z (Reading database ... 100%
2026-10-07T05:33:30.3014584Z (Reading database ... 202296 files and directories currently installed.)
2026-10-07T05:33:30.3050226Z Preparing to unpack .../00-fonts-ipafont-gothic_00303-21ubuntu1_all.deb ...
2026-10-07T05:33:30.3120448Z Unpacking fonts-ipafont-gothic (00303-21ubuntu1) ...
2026-10-07T05:33:30.5454987Z Selecting previously unselected package fonts-freefont-ttf.
2026-10-07T05:33:30.5556663Z Preparing to unpack .../01-fonts-freefont-ttf_20211204+svn4273-2_all.deb ...
2026-10-07T05:33:30.5591832Z Unpacking fonts-freefont-ttf (20211204+svn4273-2) ...
2026-10-07T05:33:30.6767502Z Selecting previously unselected package fonts-tlwg-loma-otf.
2026-10-07T05:33:30.6868040Z Preparing to unpack .../02-fonts-tlwg-loma-otf_1%3a0.7.3-1_all.deb ...
2026-10-07T05:33:30.6874281Z Unpacking fonts-tlwg-loma-otf (1:0.7.3-1) ...
2026-10-07T05:33:30.7041021Z Selecting previously unselected package fonts-unifont.
2026-10-07T05:33:30.7133794Z Preparing to unpack .../03-fonts-unifont_1%3a15.1.01-1build1_all.deb ...
2026-10-07T05:33:30.7139420Z Unpacking fonts-unifont (1:15.1.01-1build1) ...
2026-10-07T05:33:30.9168557Z Selecting previously unselected package fonts-wqy-zenhei.
2026-10-07T05:33:30.9261520Z Preparing to unpack .../04-fonts-wqy-zenhei_0.9.45-8_all.deb ...
2026-10-07T05:33:30.9340844Z Unpacking fonts-wqy-zenhei (0.9.45-8) ...
2026-10-07T05:33:31.3568720Z Preparing to unpack .../05-libfreetype6_2.13.2+dfsg-1ubuntu0.2_amd64.deb ...
2026-10-07T05:33:31.3591728Z Unpacking libfreetype6:amd64 (2.13.2+dfsg-1ubuntu0.2) over (2.13.2+dfsg-1ubuntu0.1) ...
2026-10-07T05:33:31.3930514Z Preparing to unpack .../06-libgl1-mesa-dri_25.2.8-0ubuntu0.24.04.4_amd64.deb ...
2026-10-07T05:33:31.4107868Z Unpacking libgl1-mesa-dri:amd64 (25.2.8-0ubuntu0.24.04.4) over (25.2.8-0ubuntu0.24.04.2) ...
2026-10-07T05:33:31.4479209Z Preparing to unpack .../07-libglx-mesa0_25.2.8-0ubuntu0.24.04.4_amd64.deb ...
2026-10-07T05:33:31.4496815Z Unpacking libglx-mesa0:amd64 (25.2.8-0ubuntu0.24.04.4) over (25.2.8-0ubuntu0.24.04.2) ...
2026-10-07T05:33:31.4946102Z Preparing to unpack .../08-libgbm1_25.2.8-0ubuntu0.24.04.4_amd64.deb ...
2026-10-07T05:33:31.5004180Z Unpacking libgbm1:amd64 (25.2.8-0ubuntu0.24.04.4) over (25.2.8-0ubuntu0.24.04.2) ...
2026-10-07T05:33:31.5727432Z Preparing to unpack .../09-mesa-libgallium_25.2.8-0ubuntu0.24.04.4_amd64.deb ...
2026-10-07T05:33:31.5743094Z Unpacking mesa-libgallium:amd64 (25.2.8-0ubuntu0.24.04.4) over (25.2.8-0ubuntu0.24.04.2) ...
2026-10-07T05:33:31.9422252Z Selecting previously unselected package xfonts-encodings.
2026-10-07T05:33:31.9517205Z Preparing to unpack .../10-xfonts-encodings_1%3a1.0.5-0ubuntu2_all.deb ...
2026-10-07T05:33:31.9535073Z Unpacking xfonts-encodings (1:1.0.5-0ubuntu2) ...
2026-10-07T05:33:31.9739644Z Selecting previously unselected package xfonts-utils.
2026-10-07T05:33:31.9832194Z Preparing to unpack .../11-xfonts-utils_1%3a7.7+6build3_amd64.deb ...
2026-10-07T05:33:31.9838428Z Unpacking xfonts-utils (1:7.7+6build3) ...
2026-10-07T05:33:32.0777128Z Selecting previously unselected package xfonts-cyrillic.
2026-10-07T05:33:32.0884732Z Preparing to unpack .../12-xfonts-cyrillic_1%3a1.0.5+nmu1_all.deb ...
2026-10-07T05:33:32.0891309Z Unpacking xfonts-cyrillic (1:1.0.5+nmu1) ...
2026-10-07T05:33:32.1726364Z Selecting previously unselected package xfonts-scalable.
2026-10-07T05:33:32.1820495Z Preparing to unpack .../13-xfonts-scalable_1%3a1.0.3-1.3_all.deb ...
2026-10-07T05:33:32.1825783Z Unpacking xfonts-scalable (1:1.0.3-1.3) ...
2026-10-07T05:33:32.2217773Z Setting up mesa-libgallium:amd64 (25.2.8-0ubuntu0.24.04.4) ...
2026-10-07T05:33:32.2235486Z Setting up libgbm1:amd64 (25.2.8-0ubuntu0.24.04.4) ...
2026-10-07T05:33:32.2249907Z Setting up libgl1-mesa-dri:amd64 (25.2.8-0ubuntu0.24.04.4) ...
2026-10-07T05:33:32.2307943Z Setting up fonts-wqy-zenhei (0.9.45-8) ...
2026-10-07T05:33:32.2394949Z Setting up fonts-freefont-ttf (20211204+svn4273-2) ...
2026-10-07T05:33:32.2408608Z Setting up fonts-tlwg-loma-otf (1:0.7.3-1) ...
2026-10-07T05:33:32.2422486Z Setting up libfreetype6:amd64 (2.13.2+dfsg-1ubuntu0.2) ...
2026-10-07T05:33:32.2436772Z Setting up xfonts-encodings (1:1.0.5-0ubuntu2) ...
2026-10-07T05:33:32.2451091Z Setting up fonts-ipafont-gothic (00303-21ubuntu1) ...
2026-10-07T05:33:32.2499310Z update-alternatives: using /usr/share/fonts/opentype/ipafont-gothic/ipag.ttf to provide /usr/share/fonts/truetype/fonts-japanese-gothic.ttf (fonts-japanese-gothic.ttf) in auto mode
2026-10-07T05:33:32.2512341Z Setting up fonts-unifont (1:15.1.01-1build1) ...
2026-10-07T05:33:32.2528790Z Setting up libglx-mesa0:amd64 (25.2.8-0ubuntu0.24.04.4) ...
2026-10-07T05:33:32.2543543Z Setting up xfonts-utils (1:7.7+6build3) ...
2026-10-07T05:33:32.2574813Z Setting up xfonts-cyrillic (1:1.0.5+nmu1) ...
2026-10-07T05:33:32.2780171Z Setting up xfonts-scalable (1:1.0.3-1.3) ...
2026-10-07T05:33:32.2977038Z Processing triggers for libc-bin (2.39-0ubuntu8.9) ...
2026-10-07T05:33:32.4896135Z Processing triggers for man-db (2.12.0-4build2) ...
2026-10-07T05:33:32.4913839Z Not building database; man-db/auto-update is not 'true'.
2026-10-07T05:33:32.4921494Z Processing triggers for fontconfig (2.15.0-1.1ubuntu2) ...
2026-10-07T05:33:32.9931874Z 
2026-10-07T05:33:32.9932459Z Running kernel seems to be up-to-date.
2026-10-07T05:33:32.9932643Z 
2026-10-07T05:33:32.9932714Z Restarting services...
2026-10-07T05:33:32.9988176Z  systemctl restart php8.3-fpm.service
2026-10-07T05:33:33.0750670Z 
2026-10-07T05:33:33.0752075Z No containers need to be restarted.
2026-10-07T05:33:33.0752291Z 
2026-10-07T05:33:33.0775907Z No user sessions are running outdated binaries.
2026-10-07T05:33:33.0798496Z 
2026-10-07T05:33:33.0798794Z No VM guests are running outdated hypervisor (qemu) binaries on this host.
2026-10-07T05:33:33.7098019Z Downloading Chrome for Testing 153.0.8010.12 (playwright chromium v1243) from https://cdn.playwright.dev/builds/cft/153.0.8010.12/linux64/chrome-linux64.zip
2026-10-07T05:33:34.0093310Z |                                                                                |   0% of 186.8 MiB
2026-10-07T05:33:34.2065637Z |■■■■■■■■                                                                        |  10% of 186.8 MiB
2026-10-07T05:33:34.3091625Z |■■■■■■■■■■■■■■■■                                                                |  20% of 186.8 MiB
2026-10-07T05:33:34.3640615Z |■■■■■■■■■■■■■■■■■■■■■■■■                                                        |  30% of 186.8 MiB
2026-10-07T05:33:34.3973188Z |■■■■■■■■■■■■■■■■■■■■■■■■■■■■■■■■                                                |  40% of 186.8 MiB
2026-10-07T05:33:34.4477765Z |■■■■■■■■■■■■■■■■■■■■■■■■■■■■■■■■■■■■■■■■                                        |  50% of 186.8 MiB
2026-10-07T05:33:34.4781347Z |■■■■■■■■■■■■■■■■■■■■■■■■■■■■■■■■■■■■■■■■■■■■■■■■                                |  60% of 186.8 MiB
2026-10-07T05:33:34.5185810Z |■■■■■■■■■■■■■■■■■■■■■■■■■■■■■■■■■■■■■■■■■■■■■■■■■■■■■■■■                        |  70% of 186.8 MiB
2026-10-07T05:33:34.5736150Z |■■■■■■■■■■■■■■■■■■■■■■■■■■■■■■■■■■■■■■■■■■■■■■■■■■■■■■■■■■■■■■■■                |  80% of 186.8 MiB
2026-10-07T05:33:34.6177335Z |■■■■■■■■■■■■■■■■■■■■■■■■■■■■■■■■■■■■■■■■■■■■■■■■■■■■■■■■■■■■■■■■■■■■■■■■        |  90% of 186.8 MiB
2026-10-07T05:33:34.6683677Z |■■■■■■■■■■■■■■■■■■■■■■■■■■■■■■■■■■■■■■■■■■■■■■■■■■■■■■■■■■■■■■■■■■■■■■■■■■■■■■■■| 100% of 186.8 MiB
2026-10-07T05:33:36.6124349Z Chrome for Testing 153.0.8010.12 (playwright chromium v1243) downloaded to /home/runner/.cache/ms-playwright/chromium-1243
2026-10-07T05:33:36.6127222Z Downloading FFmpeg (playwright ffmpeg v1011) from https://cdn.playwright.dev/dbazure/download/playwright/builds/ffmpeg/1011/ffmpeg-linux.zip
2026-10-07T05:33:36.8757189Z |                                                                                |   0% of 2.3 MiB
2026-10-07T05:33:36.8783382Z |■■■■■■■■                                                                        |  10% of 2.3 MiB
2026-10-07T05:33:36.8798316Z |■■■■■■■■■■■■■■■■                                                                |  20% of 2.3 MiB
2026-10-07T05:33:36.8812323Z |■■■■■■■■■■■■■■■■■■■■■■■■                                                        |  30% of 2.3 MiB
2026-10-07T05:33:36.8823996Z |■■■■■■■■■■■■■■■■■■■■■■■■■■■■■■■■                                                |  40% of 2.3 MiB
2026-10-07T05:33:36.8835403Z |■■■■■■■■■■■■■■■■■■■■■■■■■■■■■■■■■■■■■■■■                                        |  50% of 2.3 MiB
2026-10-07T05:33:36.8841653Z |■■■■■■■■■■■■■■■■■■■■■■■■■■■■■■■■■■■■■■■■■■■■■■■■                                |  60% of 2.3 MiB
2026-10-07T05:33:36.8849732Z |■■■■■■■■■■■■■■■■■■■■■■■■■■■■■■■■■■■■■■■■■■■■■■■■■■■■■■■■                        |  70% of 2.3 MiB
2026-10-07T05:33:36.8858034Z |■■■■■■■■■■■■■■■■■■■■■■■■■■■■■■■■■■■■■■■■■■■■■■■■■■■■■■■■■■■■■■■■                |  80% of 2.3 MiB
2026-10-07T05:33:36.8866822Z |■■■■■■■■■■■■■■■■■■■■■■■■■■■■■■■■■■■■■■■■■■■■■■■■■■■■■■■■■■■■■■■■■■■■■■■■        |  90% of 2.3 MiB
2026-10-07T05:33:36.8874621Z |■■■■■■■■■■■■■■■■■■■■■■■■■■■■■■■■■■■■■■■■■■■■■■■■■■■■■■■■■■■■■■■■■■■■■■■■■■■■■■■■| 100% of 2.3 MiB
2026-10-07T05:33:36.9247418Z FFmpeg (playwright ffmpeg v1011) downloaded to /home/runner/.cache/ms-playwright/ffmpeg-1011
2026-10-07T05:33:36.9250366Z Downloading Chrome Headless Shell 153.0.8010.12 (playwright chromium-headless-shell v1243) from https://cdn.playwright.dev/builds/cft/153.0.8010.12/linux64/chrome-headless-shell-linux64.zip
2026-10-07T05:33:37.1837009Z |                                                                                |   0% of 114.3 MiB
2026-10-07T05:33:37.2392820Z |■■■■■■■■                                                                        |  10% of 114.3 MiB
2026-10-07T05:33:37.2794108Z |■■■■■■■■■■■■■■■■                                                                |  20% of 114.3 MiB
2026-10-07T05:33:37.3073643Z |■■■■■■■■■■■■■■■■■■■■■■■■                                                        |  30% of 114.3 MiB
2026-10-07T05:33:37.3488328Z |■■■■■■■■■■■■■■■■■■■■■■■■■■■■■■■■                                                |  40% of 114.3 MiB
2026-10-07T05:33:37.3774927Z |■■■■■■■■■■■■■■■■■■■■■■■■■■■■■■■■■■■■■■■■                                        |  50% of 114.3 MiB
2026-10-07T05:33:37.4078545Z |■■■■■■■■■■■■■■■■■■■■■■■■■■■■■■■■■■■■■■■■■■■■■■■■                                |  60% of 114.3 MiB
2026-10-07T05:33:37.4476900Z |■■■■■■■■■■■■■■■■■■■■■■■■■■■■■■■■■■■■■■■■■■■■■■■■■■■■■■■■                        |  70% of 114.3 MiB
2026-10-07T05:33:37.4733552Z |■■■■■■■■■■■■■■■■■■■■■■■■■■■■■■■■■■■■■■■■■■■■■■■■■■■■■■■■■■■■■■■■                |  80% of 114.3 MiB
2026-10-07T05:33:37.5026616Z |■■■■■■■■■■■■■■■■■■■■■■■■■■■■■■■■■■■■■■■■■■■■■■■■■■■■■■■■■■■■■■■■■■■■■■■■        |  90% of 114.3 MiB
2026-10-07T05:33:37.5468528Z |■■■■■■■■■■■■■■■■■■■■■■■■■■■■■■■■■■■■■■■■■■■■■■■■■■■■■■■■■■■■■■■■■■■■■■■■■■■■■■■■| 100% of 114.3 MiB
2026-10-07T05:33:38.9215103Z Chrome Headless Shell 153.0.8010.12 (playwright chromium-headless-shell v1243) downloaded to /home/runner/.cache/ms-playwright/chromium_headless_shell-1243
2026-10-07T05:33:38.9489363Z ##[group]Run sudo apt-get install -y fonts-noto-cjk
2026-10-07T05:33:38.9489589Z [36;1msudo apt-get install -y fonts-noto-cjk[0m
2026-10-07T05:33:38.9541451Z shell: /usr/bin/bash -e {0}
2026-10-07T05:33:38.9541598Z ##[endgroup]
2026-10-07T05:33:38.9754979Z Reading package lists...
2026-10-07T05:33:39.1260914Z Building dependency tree...
2026-10-07T05:33:39.1265938Z Reading state information...
2026-10-07T05:33:39.2298557Z Suggested packages:
2026-10-07T05:33:39.2298752Z   fonts-noto-cjk-extra
2026-10-07T05:33:39.2405289Z The following NEW packages will be installed:
2026-10-07T05:33:39.2407941Z   fonts-noto-cjk
2026-10-07T05:33:39.2543146Z 0 upgraded, 1 newly installed, 0 to remove and 24 not upgraded.
2026-10-07T05:33:39.2543456Z Need to get 61.2 MB of archives.
2026-10-07T05:33:39.2543693Z After this operation, 93.2 MB of additional disk space will be used.
2026-10-07T05:33:39.2544088Z Get:1 file:/etc/apt/apt-mirrors.txt Mirrorlist [144 B]
2026-10-07T05:33:39.3565575Z Get:2 http://azure.archive.ubuntu.com/ubuntu noble/main amd64 fonts-noto-cjk all 1:20230817+repack1-3 [61.2 MB]
2026-10-07T05:33:41.1291922Z Fetched 61.2 MB in 2s (35.6 MB/s)
2026-10-07T05:33:41.1421834Z Selecting previously unselected package fonts-noto-cjk.
2026-10-07T05:33:41.1464893Z (Reading database ... 
2026-10-07T05:33:41.1465428Z (Reading database ... 5%
2026-10-07T05:33:41.1466147Z (Reading database ... 10%
2026-10-07T05:33:41.1466542Z (Reading database ... 15%
2026-10-07T05:33:41.1466689Z (Reading database ... 20%
2026-10-07T05:33:41.1466889Z (Reading database ... 25%
2026-10-07T05:33:41.1467045Z (Reading database ... 30%
2026-10-07T05:33:41.1467179Z (Reading database ... 35%
2026-10-07T05:33:41.1467312Z (Reading database ... 40%
2026-10-07T05:33:41.1467470Z (Reading database ... 45%
2026-10-07T05:33:41.1467600Z (Reading database ... 50%
2026-10-07T05:33:41.1479823Z (Reading database ... 55%
2026-10-07T05:33:41.1538372Z (Reading database ... 60%
2026-10-07T05:33:41.1554994Z (Reading database ... 65%
2026-10-07T05:33:41.1569002Z (Reading database ... 70%
2026-10-07T05:33:41.1589638Z (Reading database ... 75%
2026-10-07T05:33:41.1609466Z (Reading database ... 80%
2026-10-07T05:33:41.1625053Z (Reading database ... 85%
2026-10-07T05:33:41.1716209Z (Reading database ... 90%
2026-10-07T05:33:41.1876807Z (Reading database ... 95%
2026-10-07T05:33:41.1877016Z (Reading database ... 100%
2026-10-07T05:33:41.1877372Z (Reading database ... 202563 files and directories currently installed.)
2026-10-07T05:33:41.1907669Z Preparing to unpack .../fonts-noto-cjk_1%3a20230817+repack1-3_all.deb ...
2026-10-07T05:33:41.1961684Z Unpacking fonts-noto-cjk (1:20230817+repack1-3) ...
2026-10-07T05:33:41.7702428Z Setting up fonts-noto-cjk (1:20230817+repack1-3) ...
2026-10-07T05:33:41.7749109Z Processing triggers for fontconfig (2.15.0-1.1ubuntu2) ...
2026-10-07T05:33:42.1491925Z 
2026-10-07T05:33:42.1492513Z Running kernel seems to be up-to-date.
2026-10-07T05:33:42.1492761Z 
2026-10-07T05:33:42.1492930Z No services need to be restarted.
2026-10-07T05:33:42.1493079Z 
2026-10-07T05:33:42.1493198Z No containers need to be restarted.
2026-10-07T05:33:42.1493345Z 
2026-10-07T05:33:42.1493496Z No user sessions are running outdated binaries.
2026-10-07T05:33:42.1493669Z 
2026-10-07T05:33:42.1493893Z No VM guests are running outdated hypervisor (qemu) binaries on this host.
2026-10-07T05:33:42.7409899Z ##[group]Run npm run test:weaveos:unit
2026-10-07T05:33:42.7410099Z [36;1mnpm run test:weaveos:unit[0m
2026-10-07T05:33:42.7460668Z shell: /usr/bin/bash -e {0}
2026-10-07T05:33:42.7460808Z ##[endgroup]
2026-10-07T05:33:42.8130273Z 
2026-10-07T05:33:42.8130767Z > arca-ui@0.0.1 test:weaveos:unit
2026-10-07T05:33:42.8131254Z > node --test tests/weaveos/geometry.test.mjs tests/weaveos/pagination.test.mjs tests/weaveos/filter-model.test.mjs
2026-10-07T05:33:42.8131726Z 
2026-10-07T05:33:42.9056911Z ✔ AND and OR compose without flattening or changing meaning (0.882589ms)
2026-10-07T05:33:42.9086206Z ✔ text supports only equal or not equal, numeric supports all six (0.371489ms)
2026-10-07T05:33:42.9095335Z ✔ depth three is valid and depth four is rejected (0.121583ms)
2026-10-07T05:33:42.9119267Z ✔ condition budget is twenty, independent of grouping (0.14651ms)
2026-10-07T05:33:42.9126201Z ✔ unknown fields, operators, empty groups and malformed leaves fail closed (0.137667ms)
2026-10-07T05:33:42.9127054Z ✔ empty text is an explicit valid equality, exact decimal strings remain unchanged (0.090647ms)
2026-10-07T05:33:42.9127667Z ✔ oversized and cyclic filters are rejected without throwing (0.131918ms)
2026-10-07T05:33:42.9209941Z ✔ opening starts at the source center with its size (1.8591ms)
2026-10-07T05:33:42.9226185Z ✔ each distinct source yields its own trajectory (0.134813ms)
2026-10-07T05:33:42.9262681Z ✔ absent source uses no displacement (0.084117ms)
2026-10-07T05:33:42.9263277Z ✔ invalid or zero rectangles fall back safely (0.100962ms)
2026-10-07T05:33:42.9263714Z ✔ no division by zero from an unmeasured panel (0.136555ms)
2026-10-07T05:33:42.9317801Z ✔ small pages list exact pages; large totals use bounded windows (1.17574ms)
2026-10-07T05:33:42.9318524Z ✔ first and last pages retain nearby navigation without enumerating total (0.272671ms)
2026-10-07T05:33:42.9319243Z ✔ page input accepts only in-range integers, not coercions or partial numbers (0.276747ms)
2026-10-07T05:33:42.9319925Z ✔ invalid page metadata cannot produce navigable links (0.293912ms)
2026-10-07T05:33:42.9320303Z ℹ tests 16
2026-10-07T05:33:42.9320504Z ℹ suites 0
2026-10-07T05:33:42.9320691Z ℹ pass 16
2026-10-07T05:33:42.9320874Z ℹ fail 0
2026-10-07T05:33:42.9321066Z ℹ cancelled 0
2026-10-07T05:33:42.9321266Z ℹ skipped 0
2026-10-07T05:33:42.9321451Z ℹ todo 0
2026-10-07T05:33:42.9321659Z ℹ duration_ms 97.882293
2026-10-07T05:33:42.9451841Z ##[group]Run npx eslint src/weaveos
2026-10-07T05:33:42.9452032Z [36;1mnpx eslint src/weaveos[0m
2026-10-07T05:33:42.9502895Z shell: /usr/bin/bash -e {0}
2026-10-07T05:33:42.9503034Z ##[endgroup]
2026-10-07T05:33:44.9227422Z ##[group]Run npx tsc -b
2026-10-07T05:33:44.9227584Z [36;1mnpx tsc -b[0m
2026-10-07T05:33:44.9277524Z shell: /usr/bin/bash -e {0}
2026-10-07T05:33:44.9277665Z ##[endgroup]
2026-10-07T05:33:49.8611607Z ##[group]Run npm run build:weaveos
2026-10-07T05:33:49.8611845Z [36;1mnpm run build:weaveos[0m
2026-10-07T05:33:49.8668796Z shell: /usr/bin/bash -e {0}
2026-10-07T05:33:49.8668939Z ##[endgroup]
2026-10-07T05:33:49.9311084Z 
2026-10-07T05:33:49.9311532Z > arca-ui@0.0.1 build:weaveos
2026-10-07T05:33:49.9311821Z > vite build --config vite.weaveos.config.ts
2026-10-07T05:33:49.9311944Z 
2026-10-07T05:33:50.1166181Z [36mvite v8.3.0 [32mbuilding client environment for production...[36m[39m
2026-10-07T05:33:50.1229353Z transforming...
2026-10-07T05:33:50.2786980Z ✓ 2621 modules transformed.
2026-10-07T05:33:50.3223042Z rendering chunks...
2026-10-07T05:33:50.3843738Z computing gzip size...
2026-10-07T05:33:50.3912374Z dist-weaveos/weaveos.html                                            0.37 kB │ gzip:   0.29 kB
2026-10-07T05:33:50.3912904Z dist-weaveos/assets/geist-cyrillic-ext-wght-normal-DjL33-gN.woff2    7.42 kB
2026-10-07T05:33:50.3913519Z dist-weaveos/assets/geist-vietnamese-wght-normal-6IgcOCM7.woff2      8.00 kB
2026-10-07T05:33:50.3914039Z dist-weaveos/assets/geist-cyrillic-wght-normal-BEAKL7Jp.woff2       15.08 kB
2026-10-07T05:33:50.3914539Z dist-weaveos/assets/geist-latin-ext-wght-normal-DC-KSUi6.woff2      16.51 kB
2026-10-07T05:33:50.3915039Z dist-weaveos/assets/geist-latin-wght-normal-BgDaEnEv.woff2          29.40 kB
2026-10-07T05:33:50.3915759Z dist-weaveos/assets/weaveos-BCCw1AwX.css                            43.17 kB │ gzip:   9.79 kB
2026-10-07T05:33:50.3916449Z dist-weaveos/assets/weaveos-XqWmcaCv.js                            614.95 kB │ gzip: 200.82 kB
2026-10-07T05:33:50.3916999Z 
2026-10-07T05:33:50.3944371Z [33m[plugin builtin:vite-reporter] 
2026-10-07T05:33:50.3944755Z (!) Some chunks are larger than 500 kB after minification. Consider:
2026-10-07T05:33:50.3945108Z - Using dynamic import() to code-split the application
2026-10-07T05:33:50.3945658Z - Use build.rolldownOptions.output.codeSplitting to improve chunking: https://rolldown.rs/reference/OutputOptions.codeSplitting
2026-10-07T05:33:50.3946121Z - Adjust chunk size limit for this warning via build.chunkSizeWarningLimit.[39m
2026-10-07T05:33:50.4020780Z [32m✓ built in 284ms[39m
2026-10-07T05:33:50.4370624Z ##[group]Run npm run build:weaveos:library
2026-10-07T05:33:50.4370918Z [36;1mnpm run build:weaveos:library[0m
2026-10-07T05:33:50.4425309Z shell: /usr/bin/bash -e {0}
2026-10-07T05:33:50.4425470Z ##[endgroup]
2026-10-07T05:33:50.5149426Z 
2026-10-07T05:33:50.5149895Z > arca-ui@0.0.1 build:weaveos:library
2026-10-07T05:33:50.5150392Z > vite build --config vite.weaveos-library.config.ts && tsc -p tsconfig.weaveos-library.json && node scripts/weaveos/package.mjs
2026-10-07T05:33:50.5150697Z 
2026-10-07T05:33:50.6445118Z [36mvite v8.3.0 [32mbuilding client environment for production...[36m[39m
2026-10-07T05:33:50.6533360Z transforming...
2026-10-07T05:33:50.6576282Z ✓ 25 modules transformed.
2026-10-07T05:33:50.6775377Z rendering chunks...
2026-10-07T05:33:50.6808033Z computing gzip size...
2026-10-07T05:33:50.6813928Z dist-library/index.js  46.43 kB │ gzip: 11.98 kB
2026-10-07T05:33:50.6814139Z 
2026-10-07T05:33:50.6821007Z [32m✓ built in 34ms[39m
2026-10-07T05:33:52.1652425Z Prepared private/unpublished component artifact at dist-library
2026-10-07T05:33:52.2864158Z ##[group]Run npm run test:weaveos:package
2026-10-07T05:33:52.2864378Z [36;1mnpm run test:weaveos:package[0m
2026-10-07T05:33:52.2916085Z shell: /usr/bin/bash -e {0}
2026-10-07T05:33:52.2916227Z ##[endgroup]
2026-10-07T05:33:52.4649940Z 
2026-10-07T05:33:52.4650481Z > arca-ui@0.0.1 test:weaveos:package
2026-10-07T05:33:52.4650843Z > node --test tests/weaveos/package.test.mjs
2026-10-07T05:33:52.4650970Z 
2026-10-07T05:33:52.8166242Z ✔ consumer artifact exports controls, theme and source-aware dialog (0.547194ms)
2026-10-07T05:33:52.8166740Z ✔ package has typed exports, explicit React peers and safe unpublished metadata (0.183396ms)
2026-10-07T05:33:52.8167130Z ✔ artifact has no source aliases or demo app and CSS stays scoped (0.308134ms)
2026-10-07T05:33:52.8167489Z ✔ distributed license and source attribution accompany components (0.147592ms)
2026-10-07T05:33:52.8308751Z ℹ tests 4
2026-10-07T05:33:52.8309005Z ℹ suites 0
2026-10-07T05:33:52.8309202Z ℹ pass 4
2026-10-07T05:33:52.8309587Z ℹ fail 0
2026-10-07T05:33:52.8309780Z ℹ cancelled 0
2026-10-07T05:33:52.8309986Z ℹ skipped 0
2026-10-07T05:33:52.8310174Z ℹ todo 0
2026-10-07T05:33:52.8310398Z ℹ duration_ms 344.881697
2026-10-07T05:33:52.8873293Z ##[group]Run npm run test:weaveos
2026-10-07T05:33:52.8873484Z [36;1mnpm run test:weaveos[0m
2026-10-07T05:33:52.8926151Z shell: /usr/bin/bash -e {0}
2026-10-07T05:33:52.8926316Z ##[endgroup]
2026-10-07T05:33:53.0358838Z 
2026-10-07T05:33:53.0359323Z > arca-ui@0.0.1 test:weaveos
2026-10-07T05:33:53.0359751Z > playwright test -c playwright.weaveos.config.ts
2026-10-07T05:33:53.0359979Z 
2026-10-07T05:33:54.0247880Z ✔ AND and OR compose without flattening or changing meaning (0.951973ms)
2026-10-07T05:33:54.0248551Z ✔ text supports only equal or not equal, numeric supports all six (0.400463ms)
2026-10-07T05:33:54.0249027Z ✔ depth three is valid and depth four is rejected (0.13929ms)
2026-10-07T05:33:54.0249577Z ✔ condition budget is twenty, independent of grouping (0.158559ms)
2026-10-07T05:33:54.0251006Z ✔ unknown fields, operators, empty groups and malformed leaves fail closed (0.168324ms)
2026-10-07T05:33:54.0252292Z ✔ empty text is an explicit valid equality, exact decimal strings remain unchanged (0.116686ms)
2026-10-07T05:33:54.0253113Z ✔ oversized and cyclic filters are rejected without throwing (0.136386ms)
2026-10-07T05:33:54.0470930Z ✔ opening starts at the source center with its size (4.210788ms)
2026-10-07T05:33:54.0496332Z ✔ each distinct source yields its own trajectory (0.228174ms)
2026-10-07T05:33:54.0497110Z ✔ absent source uses no displacement (0.150206ms)
2026-10-07T05:33:54.0524720Z ✔ invalid or zero rectangles fall back safely (0.630149ms)
2026-10-07T05:33:54.0525551Z ✔ no division by zero from an unmeasured panel (0.084247ms)
2026-10-07T05:33:54.4187530Z ✔ consumer artifact exports controls, theme and source-aware dialog (0.224347ms)
2026-10-07T05:33:54.4188944Z ✔ package has typed exports, explicit React peers and safe unpublished metadata (0.190838ms)
2026-10-07T05:33:54.4192225Z ✔ artifact has no source aliases or demo app and CSS stays scoped (0.273522ms)
2026-10-07T05:33:54.4193649Z ✔ distributed license and source attribution accompany components (0.090697ms)
2026-10-07T05:33:54.4383552Z ✔ small pages list exact pages; large totals use bounded windows (0.273772ms)
2026-10-07T05:33:54.4384203Z ✔ first and last pages retain nearby navigation without enumerating total (0.10678ms)
2026-10-07T05:33:54.4385589Z ✔ page input accepts only in-range integers, not coercions or partial numbers (0.150556ms)
2026-10-07T05:33:54.4387274Z ✔ invalid page metadata cannot produce navigable links (0.131678ms)
2026-10-07T05:33:54.4556254Z 
2026-10-07T05:33:54.4556827Z Running 40 tests using 2 workers
2026-10-07T05:33:54.4557034Z 
2026-10-07T05:33:56.0827824Z   ✓   2 [chromium] › tests/weaveos/data-workspace.spec.ts:5:1 › table renders only the current supplied page despite a large server total (1.1s)
2026-10-07T05:33:56.8084152Z   ✓   1 [chromium] › tests/weaveos/data-workspace.spec.ts:11:1 › arbitrary page jump emits controlled request and waits for returned page (1.8s)
2026-10-07T05:33:57.3027249Z   ✓   3 [chromium] › tests/weaveos/data-workspace.spec.ts:19:1 › text has no normal sort while numerical sorting is server-controlled (1.2s)
2026-10-07T05:33:59.1740849Z   ✓   5 [chromium] › tests/weaveos/data-workspace.spec.ts:38:1 › related data change requires refresh and refresh requests page one (1.9s)
2026-10-07T05:33:59.5581734Z   ✓   4 [chromium] › tests/weaveos/data-workspace.spec.ts:27:1 › hide a column changes display without clearing sort or issuing a query (2.7s)
2026-10-07T05:34:00.1732208Z   ✓   6 [chromium] › tests/weaveos/data-workspace.spec.ts:46:1 › only current page selection is controlled and filtering does not happen locally (986ms)
2026-10-07T05:34:01.4417091Z   ✓   7 [chromium] › tests/weaveos/data-workspace.spec.ts:51:1 › table workspace passes settled accessibility and captures actual desktop UI (1.9s)
2026-10-07T05:34:02.1223521Z   ✓   8 [chromium] › tests/weaveos/data-workspace.spec.ts:56:1 › page-size change is a controlled request that resets to first page (1.9s)
2026-10-07T05:34:02.3989436Z   ✓   9 [chromium] › tests/weaveos/data-workspace.spec.ts:63:1 › invalid arbitrary page never emits a coerced query (946ms)
2026-10-07T05:34:03.3782639Z   ✓  11 [chromium] › tests/weaveos/feedback.spec.ts:3:1 › tooltip opens from keyboard focus, escapes and preserves trigger focus (967ms)
2026-10-07T05:34:04.1266510Z   ✓  10 [chromium] › tests/weaveos/data-workspace.spec.ts:69:1 › failed response keeps previous confirmed page and exposes an explicit retry (2.0s)
2026-10-07T05:34:04.2323006Z   ✓  12 [chromium] › tests/weaveos/feedback.spec.ts:4:1 › progress distinguishes confirmed numeric value from indeterminate waiting (845ms)
2026-10-07T05:34:05.2887166Z   ✓  14 [chromium] › tests/weaveos/field-basics.spec.ts:4:1 › decimal string retains every digit and trailing zero through edits and blur (1.0s)
2026-10-07T05:34:05.8937199Z   ✓  13 [chromium] › tests/weaveos/feedback.spec.ts:5:1 › skeleton is decorative and dark feedback controls remain accessible (1.7s)
2026-10-07T05:34:06.3891749Z   ✓  15 [chromium] › tests/weaveos/field-basics.spec.ts:10:1 › decimal zero remains a string while clearing produces explicit null (1.1s)
2026-10-07T05:34:07.0344485Z   ✓  16 [chromium] › tests/weaveos/field-basics.spec.ts:14:1 › nullable Boolean keeps null false and true separate (1.1s)
2026-10-07T05:34:07.4927546Z   ✓  17 [chromium] › tests/weaveos/field-basics.spec.ts:21:1 › readonly fields cannot emit edits, including Boolean pointer and keyboard (1.1s)
2026-10-07T05:34:08.0156433Z   ✓  18 [chromium] › tests/weaveos/field-basics.spec.ts:28:1 › multiline text preserves Unicode newlines and intentional empty text (973ms)
2026-10-07T05:34:09.1243394Z   ✓  19 [chromium] › tests/weaveos/field-basics.spec.ts:33:1 › field errors are associated with inputs and settled controls remain accessible (1.6s)
2026-10-07T05:34:11.8236773Z   ✓  20 [chromium] › tests/weaveos/filter-manager.spec.ts:4:1 › opens saved-filter management first, with only one preset applied (3.8s)
2026-10-07T05:34:12.4554121Z   ✓  21 [chromium] › tests/weaveos/filter-manager.spec.ts:14:1 › constructs AND with an OR subgroup and persists exact conditions (3.3s)
2026-10-07T05:34:14.4626964Z   ✓  22 [chromium] › tests/weaveos/filter-manager.spec.ts:27:1 › failed persistence retains editor and never reports saved (2.6s)
2026-10-07T05:34:14.9688278Z   ✓  23 [chromium] › tests/weaveos/filter-manager.spec.ts:36:1 › dirty Escape asks before discarding and restores source focus (2.5s)
2026-10-07T05:34:16.6797854Z   ✓  25 [chromium] › tests/weaveos/filter-manager.spec.ts:53:1 › applying a preset emits a page-one host query without client-side table filtering (1.7s)
2026-10-07T05:34:16.8227252Z   ✓  24 [chromium] › tests/weaveos/filter-manager.spec.ts:44:1 › text comparisons exclude range operators and editor is accessible (2.3s)
2026-10-07T05:34:18.9256077Z   ✓  27 [chromium] › tests/weaveos/filter-manager.spec.ts:66:1 › deleting a preset requires confirmation and cancellation preserves it (2.1s)
2026-10-07T05:34:19.3842363Z   ✓  26 [chromium] › tests/weaveos/filter-manager.spec.ts:59:1 › editing a saved preset preserves identity, saving alone does not apply (2.7s)
2026-10-07T05:34:22.5125340Z V042_OPENING_GEOMETRY {"count":27,"widths":[440,94.7471923828125,99.237060546875,131.65185546875,176.160400390625,220.2017822265625,346.7947998046875,402.83062744140625,431.8583984375,439.1509704589844,440.2005615234375,440,439.9999694824219,440,440,440,440,440,440,440,440,440,440,440,440,440,440],"expanded":440}
2026-10-07T05:34:22.6540599Z   ✓  28 [chromium] › tests/weaveos/origin-motion.spec.ts:3:1 › window geometry really travels from and returns toward the trigger (3.7s)
2026-10-07T05:34:23.3927062Z   ✓  29 [chromium] › tests/weaveos/origin-motion.spec.ts:29:1 › successful save returns the window toward its source too (4.0s)
2026-10-07T05:34:24.7974514Z   ✓  31 [chromium] › tests/weaveos/studio.spec.ts:6:1 › shell uses collapsible icon rail and edge-to-edge content card (1.4s)
2026-10-07T05:34:26.0740079Z   ✓  30 [chromium] › tests/weaveos/preview.spec.ts:3:1 › capture component studio review images (3.4s)
2026-10-07T05:34:27.0390394Z   ✓  32 [chromium] › tests/weaveos/studio.spec.ts:19:1 › source dialog has accessible title, focus isolation and restores origin (2.2s)
2026-10-07T05:34:28.1609508Z   ✓  33 [chromium] › tests/weaveos/studio.spec.ts:34:1 › second source restores its own focus (2.1s)
2026-10-07T05:34:31.3192761Z   ✓  34 [chromium] › tests/weaveos/studio.spec.ts:41:1 › close during opening and repeat never leaves an overlay or locked page (4.3s)
2026-10-07T05:34:32.8340287Z   ✓  35 [chromium] › tests/weaveos/studio.spec.ts:49:1 › save feedback waits for result and errors retain editable input (4.7s)
2026-10-07T05:34:33.5817331Z   ✓  36 [chromium] › tests/weaveos/studio.spec.ts:65:1 › nested select Escape dismisses only the list, then dialog (2.3s)
2026-10-07T05:34:34.5797755Z   ✓  37 [chromium] › tests/weaveos/studio.spec.ts:74:1 › reduced motion preserves usable modal without scale displacement (1.7s)
2026-10-07T05:34:35.6451590Z   ✓  39 [chromium] › tests/weaveos/studio.spec.ts:92:1 › theme controls, basic controls and component navigation work (1.1s)
2026-10-07T05:34:35.9522184Z   ✓  38 [chromium] › tests/weaveos/studio.spec.ts:83:1 › mobile view fits viewport and dialog remains operable (2.4s)
2026-10-07T05:34:37.6771011Z   ✓  40 [chromium] › tests/weaveos/studio.spec.ts:102:1 › studio and open modal have no serious accessibility violations (2.0s)
2026-10-07T05:34:37.7629646Z 
2026-10-07T05:34:37.7632537Z   40 passed (44.4s)
2026-10-07T05:34:37.7980132Z ##[group]Run actions/upload-artifact@v4
2026-10-07T05:34:37.7980298Z with:
2026-10-07T05:34:37.7980420Z   name: weaveos-browser-evidence
2026-10-07T05:34:37.7980565Z   path: test-results/
2026-10-07T05:34:37.7980689Z   retention-days: 14
2026-10-07T05:34:37.7980818Z   if-no-files-found: warn
2026-10-07T05:34:37.7980949Z   compression-level: 6
2026-10-07T05:34:37.7981073Z   overwrite: false
2026-10-07T05:34:37.7981197Z   include-hidden-files: false
2026-10-07T05:34:37.7981337Z ##[endgroup]
2026-10-07T05:34:37.9028835Z (node:4028) [DEP0040] DeprecationWarning: The `punycode` module is deprecated. Please use a userland alternative instead.
2026-10-07T05:34:37.9029267Z (Use `node --trace-deprecation ...` to show where the warning was created)
2026-10-07T05:34:37.9069318Z With the provided path, there will be 7 files uploaded
2026-10-07T05:34:37.9072892Z Artifact name is valid!
2026-10-07T05:34:37.9073684Z Root directory input is valid!
2026-10-07T05:34:38.2566877Z Beginning upload of artifact content to blob storage
2026-10-07T05:34:38.3051505Z (node:4028) [DEP0169] DeprecationWarning: `url.parse()` behavior is not standardized and prone to errors that have security implications. Use the WHATWG URL API instead. CVEs are not issued for `url.parse()` vulnerabilities.
2026-10-07T05:34:38.8918181Z Uploaded bytes 1320687
2026-10-07T05:34:38.9523535Z Finished uploading artifact content to blob storage!
2026-10-07T05:34:38.9523942Z SHA256 digest of uploaded artifact zip is 0b82c6f8e4bfa36e619c37f9c68f289b9dd3768602c4e1d8adba92a4b9af5774
2026-10-07T05:34:38.9525316Z Finalizing artifact upload
2026-10-07T05:34:39.2309359Z Artifact weaveos-browser-evidence.zip successfully finalized. Artifact ID 11463207505
2026-10-07T05:34:39.2309874Z Artifact weaveos-browser-evidence has been successfully uploaded! Final size is 1320687 bytes. Artifact ID is 11463207505
2026-10-07T05:34:39.2313382Z Artifact download URL: https://github.com/Hubujiu/arca-ui/actions/runs/37576857642/artifacts/11463207505
2026-10-07T05:34:39.2469251Z Post job cleanup.
2026-10-07T05:34:39.3196359Z (node:4040) [DEP0040] DeprecationWarning: The `punycode` module is deprecated. Please use a userland alternative instead.
2026-10-07T05:34:39.3196820Z (Use `node --trace-deprecation ...` to show where the warning was created)
2026-10-07T05:34:39.3198123Z Cache hit occurred on the primary key node-cache-Linux-x64-npm-e49477bd2ac87adee467bcfea498780880a69ec42aeb10ad505d060aeecf5f10, not saving cache.
2026-10-07T05:34:39.3288152Z Post job cleanup.
2026-10-07T05:34:39.3797200Z [command]/usr/bin/git version
2026-10-07T05:34:39.3827553Z git version 2.55.0
2026-10-07T05:34:39.3849325Z Temporarily overriding HOME='/home/runner/work/_temp/8996d31c-d1eb-41e9-9476-ff9756815177' before making global git config changes
2026-10-07T05:34:39.3850048Z Adding repository directory to the temporary git global config as a safe directory
2026-10-07T05:34:39.3852243Z [command]/usr/bin/git config --global --add safe.directory /home/runner/work/arca-ui/arca-ui
2026-10-07T05:34:39.3881446Z [command]/usr/bin/git config --local --name-only --get-regexp core\.sshCommand
2026-10-07T05:34:39.3906968Z [command]/usr/bin/git submodule foreach --recursive sh -c "git config --local --name-only --get-regexp 'core\.sshCommand' && git config --local --unset-all 'core.sshCommand' || :"
2026-10-07T05:34:39.4095120Z [command]/usr/bin/git config --local --name-only --get-regexp http\.https\:\/\/github\.com\/\.extraheader
2026-10-07T05:34:39.4121570Z http.https://github.com/.extraheader
2026-10-07T05:34:39.4131625Z [command]/usr/bin/git config --local --unset-all http.https://github.com/.extraheader
2026-10-07T05:34:39.4164993Z [command]/usr/bin/git submodule foreach --recursive sh -c "git config --local --name-only --get-regexp 'http\.https\:\/\/github\.com\/\.extraheader' && git config --local --unset-all 'http.https://github.com/.extraheader' || :"
2026-10-07T05:34:39.4351649Z [command]/usr/bin/git config --local --name-only --get-regexp ^includeIf\.gitdir:
2026-10-07T05:34:39.4381531Z [command]/usr/bin/git submodule foreach --recursive git config --local --show-origin --name-only --get-regexp remote.origin.url
2026-10-07T05:34:39.4684516Z Cleaning up orphan processes
2026-10-07T05:34:39.4907154Z ##[warning]Node.js 20 is deprecated. The following actions target Node.js 20 but are being forced to run on Node.js 24: actions/checkout@v4, actions/setup-node@v4, actions/upload-artifact@v4. For more information see: https://github.blog/changelog/2025-09-19-deprecation-of-node-20-on-github-actions-runners/
