2026-10-07T05:05:24.9985582Z Current runner version: '2.337.0'
2026-10-07T05:05:25.0010564Z ##[group]Runner Image Provisioner
2026-10-07T05:05:25.0011635Z Hosted Compute Agent
2026-10-07T05:05:25.0012257Z Version: 20260901.588
2026-10-07T05:05:25.0012900Z Commit: f88ec8081b781fac6c440065ac7ff9e710ce3d0b
2026-10-07T05:05:25.0013695Z Build Date: 2026-09-01T19:56:44Z
2026-10-07T05:05:25.0014383Z Worker ID: {d26eef6c-989b-4ca4-8295-29d0092ad434}
2026-10-07T05:05:25.0015126Z Azure Region: westus2
2026-10-07T05:05:25.0015816Z ##[endgroup]
2026-10-07T05:05:25.0017396Z ##[group]Operating System
2026-10-07T05:05:25.0018547Z Ubuntu
2026-10-07T05:05:25.0019097Z 24.04.5
2026-10-07T05:05:25.0019633Z LTS
2026-10-07T05:05:25.0020229Z ##[endgroup]
2026-10-07T05:05:25.0020783Z ##[group]Runner Image
2026-10-07T05:05:25.0021416Z Image: ubuntu-24.04
2026-10-07T05:05:25.0022059Z Version: 20260927.320.1
2026-10-07T05:05:25.0023407Z Included Software: https://github.com/actions/runner-images/blob/ubuntu24/20260927.320/images/ubuntu/Ubuntu2404-Readme.md
2026-10-07T05:05:25.0025002Z Image Release: https://github.com/actions/runner-images/releases/tag/ubuntu24%2F20260927.320
2026-10-07T05:05:25.0026366Z ##[endgroup]
2026-10-07T05:05:25.0027922Z ##[group]GITHUB_TOKEN Permissions
2026-10-07T05:05:25.0030156Z Contents: read
2026-10-07T05:05:25.0030837Z Metadata: read
2026-10-07T05:05:25.0031384Z ##[endgroup]
2026-10-07T05:05:25.0033517Z Secret source: Actions
2026-10-07T05:05:25.0034493Z Cache mode: write
2026-10-07T05:05:25.0035319Z Prepare workflow directory
2026-10-07T05:05:25.0400528Z Prepare all required actions
2026-10-07T05:05:25.0473643Z Getting action download info
2026-10-07T05:05:25.3970894Z Download action repository 'actions/checkout@v4' (SHA:11d5960a326750d5838078e36cf38b85af677262)
2026-10-07T05:05:25.5034812Z Download action repository 'actions/setup-node@v4' (SHA:49933ea5288caeca8642d1e84afbd3f7d6820020)
2026-10-07T05:05:25.5942275Z Download action repository 'actions/upload-artifact@v4' (SHA:ea165f8d65b6e75b540449e92b4886f43607fa02)
2026-10-07T05:05:25.8170543Z Complete job name: browser
2026-10-07T05:05:25.8986251Z ##[group]Run actions/checkout@v4
2026-10-07T05:05:25.8987131Z with:
2026-10-07T05:05:25.8987793Z   repository: Hubujiu/arca-ui
2026-10-07T05:05:25.8991889Z   token: ***
2026-10-07T05:05:25.8992322Z   ssh-strict: true
2026-10-07T05:05:25.8992764Z   ssh-user: git
2026-10-07T05:05:25.8993204Z   persist-credentials: true
2026-10-07T05:05:25.8993687Z   clean: true
2026-10-07T05:05:25.8994129Z   sparse-checkout-cone-mode: true
2026-10-07T05:05:25.8994636Z   fetch-depth: 1
2026-10-07T05:05:25.8995056Z   fetch-tags: false
2026-10-07T05:05:25.8995495Z   show-progress: true
2026-10-07T05:05:25.8995946Z   lfs: false
2026-10-07T05:05:25.8996356Z   submodules: false
2026-10-07T05:05:25.8996801Z   set-safe-directory: true
2026-10-07T05:05:25.8997302Z   allow-unsafe-pr-checkout: false
2026-10-07T05:05:25.8998339Z ##[endgroup]
2026-10-07T05:05:26.0078272Z Syncing repository: Hubujiu/arca-ui
2026-10-07T05:05:26.0080128Z ##[group]Getting Git version info
2026-10-07T05:05:26.0080942Z Working directory is '/home/runner/work/arca-ui/arca-ui'
2026-10-07T05:05:26.0082222Z [command]/usr/bin/git version
2026-10-07T05:05:26.0192069Z git version 2.55.0
2026-10-07T05:05:26.0213875Z ##[endgroup]
2026-10-07T05:05:26.0232401Z Temporarily overriding HOME='/home/runner/work/_temp/dc197ba6-2fd5-41d6-899c-7a02e9735f43' before making global git config changes
2026-10-07T05:05:26.0235060Z Adding repository directory to the temporary git global config as a safe directory
2026-10-07T05:05:26.0239231Z [command]/usr/bin/git config --global --add safe.directory /home/runner/work/arca-ui/arca-ui
2026-10-07T05:05:26.0292508Z Deleting the contents of '/home/runner/work/arca-ui/arca-ui'
2026-10-07T05:05:26.0297748Z ##[group]Initializing the repository
2026-10-07T05:05:26.0302904Z [command]/usr/bin/git init /home/runner/work/arca-ui/arca-ui
2026-10-07T05:05:26.0407428Z hint: Using 'master' as the name for the initial branch. This default branch name
2026-10-07T05:05:26.0409781Z hint: will change to "main" in Git 3.0. To configure the initial branch name
2026-10-07T05:05:26.0411953Z hint: to use in all of your new repositories, which will suppress this warning,
2026-10-07T05:05:26.0413546Z hint: call:
2026-10-07T05:05:26.0414803Z hint:
2026-10-07T05:05:26.0416150Z hint: 	git config --global init.defaultBranch <name>
2026-10-07T05:05:26.0417802Z hint:
2026-10-07T05:05:26.0419524Z hint: Names commonly chosen instead of 'master' are 'main', 'trunk' and
2026-10-07T05:05:26.0421669Z hint: 'development'. The just-created branch can be renamed via this command:
2026-10-07T05:05:26.0423259Z hint:
2026-10-07T05:05:26.0424404Z hint: 	git branch -m <name>
2026-10-07T05:05:26.0425821Z hint:
2026-10-07T05:05:26.0427364Z hint: Disable this message with "git config set advice.defaultBranchName false"
2026-10-07T05:05:26.0429738Z Initialized empty Git repository in /home/runner/work/arca-ui/arca-ui/.git/
2026-10-07T05:05:26.0433249Z [command]/usr/bin/git remote add origin https://github.com/Hubujiu/arca-ui
2026-10-07T05:05:26.0483621Z ##[endgroup]
2026-10-07T05:05:26.0484877Z ##[group]Disabling automatic garbage collection
2026-10-07T05:05:26.0487181Z [command]/usr/bin/git config --local gc.auto 0
2026-10-07T05:05:26.0521213Z ##[endgroup]
2026-10-07T05:05:26.0522471Z ##[group]Setting up auth
2026-10-07T05:05:26.0528389Z [command]/usr/bin/git config --local --name-only --get-regexp core\.sshCommand
2026-10-07T05:05:26.0560194Z [command]/usr/bin/git submodule foreach --recursive sh -c "git config --local --name-only --get-regexp 'core\.sshCommand' && git config --local --unset-all 'core.sshCommand' || :"
2026-10-07T05:05:26.0979615Z [command]/usr/bin/git config --local --name-only --get-regexp http\.https\:\/\/github\.com\/\.extraheader
2026-10-07T05:05:26.1042207Z [command]/usr/bin/git submodule foreach --recursive sh -c "git config --local --name-only --get-regexp 'http\.https\:\/\/github\.com\/\.extraheader' && git config --local --unset-all 'http.https://github.com/.extraheader' || :"
2026-10-07T05:05:26.1338979Z [command]/usr/bin/git config --local --name-only --get-regexp ^includeIf\.gitdir:
2026-10-07T05:05:26.1378708Z [command]/usr/bin/git submodule foreach --recursive git config --local --show-origin --name-only --get-regexp remote.origin.url
2026-10-07T05:05:26.1608989Z [command]/usr/bin/git config --local http.https://github.com/.extraheader AUTHORIZATION: basic ***
2026-10-07T05:05:26.1650125Z ##[endgroup]
2026-10-07T05:05:26.1651093Z ##[group]Fetching the repository
2026-10-07T05:05:26.1660726Z [command]/usr/bin/git -c protocol.version=2 fetch --no-tags --prune --no-recurse-submodules --depth=1 origin +7d28fe314bfc3b6182992b10b535328e5e05ffac:refs/remotes/origin/task/V030-042-weaveos-components
2026-10-07T05:05:26.6316824Z From https://github.com/Hubujiu/arca-ui
2026-10-07T05:05:26.6319106Z  * [new ref]         7d28fe314bfc3b6182992b10b535328e5e05ffac -> origin/task/V030-042-weaveos-components
2026-10-07T05:05:26.6323589Z ##[endgroup]
2026-10-07T05:05:26.6325148Z ##[group]Determining the checkout info
2026-10-07T05:05:26.6327365Z ##[endgroup]
2026-10-07T05:05:26.6334953Z [command]/usr/bin/git sparse-checkout disable
2026-10-07T05:05:26.6388675Z [command]/usr/bin/git config --local --unset-all extensions.worktreeConfig
2026-10-07T05:05:26.6421489Z ##[group]Checking out the ref
2026-10-07T05:05:26.6425809Z [command]/usr/bin/git checkout --progress --force -B task/V030-042-weaveos-components refs/remotes/origin/task/V030-042-weaveos-components
2026-10-07T05:05:26.7138015Z Switched to a new branch 'task/V030-042-weaveos-components'
2026-10-07T05:05:26.7144002Z branch 'task/V030-042-weaveos-components' set up to track 'origin/task/V030-042-weaveos-components'.
2026-10-07T05:05:26.7152561Z ##[endgroup]
2026-10-07T05:05:26.7198420Z [command]/usr/bin/git log -1 --format=%H
2026-10-07T05:05:26.7225228Z 7d28fe314bfc3b6182992b10b535328e5e05ffac
2026-10-07T05:05:26.7591413Z ##[group]Run actions/setup-node@v4
2026-10-07T05:05:26.7592051Z with:
2026-10-07T05:05:26.7592484Z   node-version: 24.19.0
2026-10-07T05:05:26.7592959Z   cache: npm
2026-10-07T05:05:26.7593578Z   always-auth: false
2026-10-07T05:05:26.7594042Z   check-latest: false
2026-10-07T05:05:26.7598537Z   token: ***
2026-10-07T05:05:26.7599014Z ##[endgroup]
2026-10-07T05:05:26.9058929Z Attempting to download 24.19.0...
2026-10-07T05:05:26.9188165Z (node:2302) [DEP0040] DeprecationWarning: The `punycode` module is deprecated. Please use a userland alternative instead.
2026-10-07T05:05:26.9191543Z (Use `node --trace-deprecation ...` to show where the warning was created)
2026-10-07T05:05:27.6365497Z Acquiring 24.19.0 - x64 from https://github.com/actions/node-versions/releases/download/24.19.0-30872449280/node-24.19.0-linux-x64.tar.gz
2026-10-07T05:05:28.1231270Z Extracting ...
2026-10-07T05:05:28.1368736Z [command]/usr/bin/tar xz --strip 1 --warning=no-unknown-keyword --overwrite -C /home/runner/work/_temp/c2bd4038-2733-489e-9538-cd3defc37465 -f /home/runner/work/_temp/b37f0ae3-8e3d-489f-9f48-6ed6e7de8aa3
2026-10-07T05:05:29.3993968Z Adding to the cache ...
2026-10-07T05:05:31.6587013Z ##[group]Environment details
2026-10-07T05:05:31.8903990Z node: v24.19.0
2026-10-07T05:05:31.8904492Z npm: 11.17.0
2026-10-07T05:05:31.8904919Z yarn: 1.22.22
2026-10-07T05:05:31.8905979Z ##[endgroup]
2026-10-07T05:05:31.8927211Z [command]/opt/hostedtoolcache/node/24.19.0/x64/bin/npm config get cache
2026-10-07T05:05:31.9894499Z /home/runner/.npm
2026-10-07T05:05:32.2348781Z Cache hit for: node-cache-Linux-x64-npm-e49477bd2ac87adee467bcfea498780880a69ec42aeb10ad505d060aeecf5f10
2026-10-07T05:05:32.2468023Z (node:2302) [DEP0169] DeprecationWarning: `url.parse()` behavior is not standardized and prone to errors that have security implications. Use the WHATWG URL API instead. CVEs are not issued for `url.parse()` vulnerabilities.
2026-10-07T05:05:33.5133930Z Received 0 of 123576884 (0.0%), 0.0 MBs/sec
2026-10-07T05:05:34.5135409Z Received 119382580 of 123576884 (96.6%), 56.9 MBs/sec
2026-10-07T05:05:34.5604919Z Received 123576884 of 123576884 (100.0%), 57.5 MBs/sec
2026-10-07T05:05:34.5605972Z Cache Size: ~118 MB (123576884 B)
2026-10-07T05:05:34.5649649Z [command]/usr/bin/tar -xf /home/runner/work/_temp/18dfedb0-7622-48b5-b820-ecdc22a2b071/cache.tzst -P -C /home/runner/work/arca-ui/arca-ui --use-compress-program unzstd
2026-10-07T05:05:34.8709216Z Cache restored successfully
2026-10-07T05:05:34.8811154Z Cache restored from key: node-cache-Linux-x64-npm-e49477bd2ac87adee467bcfea498780880a69ec42aeb10ad505d060aeecf5f10
2026-10-07T05:05:34.9067321Z ##[group]Run npm ci --ignore-scripts
2026-10-07T05:05:34.9068187Z [36;1mnpm ci --ignore-scripts[0m
2026-10-07T05:05:34.9396593Z shell: /usr/bin/bash -e {0}
2026-10-07T05:05:34.9397039Z ##[endgroup]
2026-10-07T05:05:49.9901412Z 
2026-10-07T05:05:49.9909753Z added 517 packages, and audited 518 packages in 15s
2026-10-07T05:05:49.9910263Z 
2026-10-07T05:05:49.9910579Z 163 packages are looking for funding
2026-10-07T05:05:49.9911120Z   run `npm fund` for details
2026-10-07T05:05:49.9980106Z 
2026-10-07T05:05:49.9980491Z 8 high severity vulnerabilities
2026-10-07T05:05:49.9980854Z 
2026-10-07T05:05:49.9981248Z To address issues that do not require attention, run:
2026-10-07T05:05:49.9981819Z   npm audit fix
2026-10-07T05:05:49.9982066Z 
2026-10-07T05:05:49.9982482Z To address all issues (including breaking changes), run:
2026-10-07T05:05:49.9983072Z   npm audit fix --force
2026-10-07T05:05:49.9983325Z 
2026-10-07T05:05:49.9983532Z Run `npm audit` for details.
2026-10-07T05:05:50.1063895Z ##[group]Run npx playwright install --with-deps chromium
2026-10-07T05:05:50.1064380Z [36;1mnpx playwright install --with-deps chromium[0m
2026-10-07T05:05:50.1141789Z shell: /usr/bin/bash -e {0}
2026-10-07T05:05:50.1142086Z ##[endgroup]
2026-10-07T05:05:50.8890880Z Installing dependencies...
2026-10-07T05:05:50.8972616Z Switching to root user to install dependencies...
2026-10-07T05:05:51.0399318Z Get:1 file:/etc/apt/apt-mirrors.txt Mirrorlist [144 B]
2026-10-07T05:05:51.0557334Z Get:6 https://packages.microsoft.com/ubuntu/24.04/prod noble InRelease [3600 B]
2026-10-07T05:05:51.0840472Z Hit:2 http://azure.archive.ubuntu.com/ubuntu noble InRelease
2026-10-07T05:05:51.0849979Z Get:3 http://azure.archive.ubuntu.com/ubuntu noble-updates InRelease [126 kB]
2026-10-07T05:05:51.0921613Z Get:4 http://azure.archive.ubuntu.com/ubuntu noble-backports InRelease [126 kB]
2026-10-07T05:05:51.0988995Z Get:5 http://azure.archive.ubuntu.com/ubuntu noble-security InRelease [126 kB]
2026-10-07T05:05:51.1899878Z Get:7 https://packages.microsoft.com/ubuntu/24.04/prod noble/main arm64 Packages [463 kB]
2026-10-07T05:05:51.2074825Z Get:8 https://packages.microsoft.com/ubuntu/24.04/prod noble/main amd64 Packages [519 kB]
2026-10-07T05:05:51.2143403Z Get:9 https://packages.microsoft.com/ubuntu/24.04/prod noble/main armhf Packages [12.6 kB]
2026-10-07T05:05:51.3371863Z Get:10 http://azure.archive.ubuntu.com/ubuntu noble-updates/main amd64 Packages [1375 kB]
2026-10-07T05:05:51.3454568Z Get:11 http://azure.archive.ubuntu.com/ubuntu noble-updates/main Translation-en [306 kB]
2026-10-07T05:05:51.3498881Z Get:12 http://azure.archive.ubuntu.com/ubuntu noble-updates/main amd64 Components [181 kB]
2026-10-07T05:05:51.3500464Z Get:13 http://azure.archive.ubuntu.com/ubuntu noble-updates/universe amd64 Packages [1701 kB]
2026-10-07T05:05:51.3571920Z Get:14 http://azure.archive.ubuntu.com/ubuntu noble-updates/universe Translation-en [341 kB]
2026-10-07T05:05:51.3579225Z Get:15 http://azure.archive.ubuntu.com/ubuntu noble-updates/universe amd64 Components [388 kB]
2026-10-07T05:05:51.3600443Z Get:16 http://azure.archive.ubuntu.com/ubuntu noble-updates/restricted amd64 Packages [1730 kB]
2026-10-07T05:05:51.3704531Z Get:17 http://azure.archive.ubuntu.com/ubuntu noble-updates/restricted Translation-en [396 kB]
2026-10-07T05:05:51.3725596Z Get:18 http://azure.archive.ubuntu.com/ubuntu noble-updates/multiverse Translation-en [13.3 kB]
2026-10-07T05:05:51.3738629Z Get:19 http://azure.archive.ubuntu.com/ubuntu noble-updates/multiverse amd64 Components [940 B]
2026-10-07T05:05:51.4338798Z Get:20 http://azure.archive.ubuntu.com/ubuntu noble-backports/main amd64 Components [5752 B]
2026-10-07T05:05:51.4344219Z Get:21 http://azure.archive.ubuntu.com/ubuntu noble-backports/universe amd64 Components [12.6 kB]
2026-10-07T05:05:51.4445124Z Get:22 http://azure.archive.ubuntu.com/ubuntu noble-security/main amd64 Packages [1073 kB]
2026-10-07T05:05:51.4498330Z Get:23 http://azure.archive.ubuntu.com/ubuntu noble-security/main Translation-en [223 kB]
2026-10-07T05:05:51.4528680Z Get:24 http://azure.archive.ubuntu.com/ubuntu noble-security/main amd64 Components [46.4 kB]
2026-10-07T05:05:51.4544643Z Get:25 http://azure.archive.ubuntu.com/ubuntu noble-security/universe amd64 Packages [1218 kB]
2026-10-07T05:05:51.4605694Z Get:26 http://azure.archive.ubuntu.com/ubuntu noble-security/universe Translation-en [245 kB]
2026-10-07T05:05:51.4620774Z Get:27 http://azure.archive.ubuntu.com/ubuntu noble-security/universe amd64 Components [76.3 kB]
2026-10-07T05:05:51.4630180Z Get:28 http://azure.archive.ubuntu.com/ubuntu noble-security/restricted amd64 Packages [1566 kB]
2026-10-07T05:05:51.4703139Z Get:29 http://azure.archive.ubuntu.com/ubuntu noble-security/restricted Translation-en [361 kB]
2026-10-07T05:05:51.4722226Z Get:30 http://azure.archive.ubuntu.com/ubuntu noble-security/multiverse Translation-en [11.6 kB]
2026-10-07T05:06:00.1034276Z Fetched 12.6 MB in 1s (8736 kB/s)
2026-10-07T05:06:00.9201033Z Reading package lists...
2026-10-07T05:06:00.9453289Z Reading package lists...
2026-10-07T05:06:01.1433945Z Building dependency tree...
2026-10-07T05:06:01.1441080Z Reading state information...
2026-10-07T05:06:01.2900372Z libasound2t64 is already the newest version (1.2.11-1ubuntu0.3).
2026-10-07T05:06:01.2901407Z libasound2t64 set to manually installed.
2026-10-07T05:06:01.2902525Z libatk-bridge2.0-0t64 is already the newest version (2.52.0-1build1).
2026-10-07T05:06:01.2903624Z libatk-bridge2.0-0t64 set to manually installed.
2026-10-07T05:06:01.2904660Z libatk1.0-0t64 is already the newest version (2.52.0-1build1).
2026-10-07T05:06:01.2905565Z libatk1.0-0t64 set to manually installed.
2026-10-07T05:06:01.2907252Z libatspi2.0-0t64 is already the newest version (2.52.0-1build1).
2026-10-07T05:06:01.2908736Z libatspi2.0-0t64 set to manually installed.
2026-10-07T05:06:01.2909929Z libcairo2 is already the newest version (1.18.0-3build1).
2026-10-07T05:06:01.2910983Z libcairo2 set to manually installed.
2026-10-07T05:06:01.2911970Z libcups2t64 is already the newest version (2.4.7-1.2ubuntu7.14).
2026-10-07T05:06:01.2912534Z libcups2t64 set to manually installed.
2026-10-07T05:06:01.2913083Z libdbus-1-3 is already the newest version (1.14.10-4ubuntu4.1).
2026-10-07T05:06:01.2913642Z libdbus-1-3 set to manually installed.
2026-10-07T05:06:01.2914202Z libdrm2 is already the newest version (2.4.125-1ubuntu0.1~24.04.2).
2026-10-07T05:06:01.2914731Z libdrm2 set to manually installed.
2026-10-07T05:06:01.2915282Z libglib2.0-0t64 is already the newest version (2.80.0-6ubuntu3.9).
2026-10-07T05:06:01.2915831Z libglib2.0-0t64 set to manually installed.
2026-10-07T05:06:01.2916388Z libnspr4 is already the newest version (2:4.35-1.1build1).
2026-10-07T05:06:01.2916894Z libnspr4 set to manually installed.
2026-10-07T05:06:01.2917409Z libnss3 is already the newest version (2:3.98-1ubuntu0.2).
2026-10-07T05:06:01.2918177Z libnss3 set to manually installed.
2026-10-07T05:06:01.2918778Z libpango-1.0-0 is already the newest version (1.52.1+ds-1build1).
2026-10-07T05:06:01.2919339Z libpango-1.0-0 set to manually installed.
2026-10-07T05:06:01.2919865Z libx11-6 is already the newest version (2:1.8.7-1build1).
2026-10-07T05:06:01.2920352Z libx11-6 set to manually installed.
2026-10-07T05:06:01.2920839Z libxcb1 is already the newest version (1.15-1ubuntu2).
2026-10-07T05:06:01.2921316Z libxcb1 set to manually installed.
2026-10-07T05:06:01.2921746Z libxcomposite1 is already the newest version (1:0.4.5-1build3).
2026-10-07T05:06:01.2922163Z libxcomposite1 set to manually installed.
2026-10-07T05:06:01.2922577Z libxdamage1 is already the newest version (1:1.1.6-1build1).
2026-10-07T05:06:01.2922968Z libxdamage1 set to manually installed.
2026-10-07T05:06:01.2923364Z libxext6 is already the newest version (2:1.3.4-1build2).
2026-10-07T05:06:01.2923731Z libxext6 set to manually installed.
2026-10-07T05:06:01.2924119Z libxfixes3 is already the newest version (1:6.0.0-2build1).
2026-10-07T05:06:01.2924497Z libxfixes3 set to manually installed.
2026-10-07T05:06:01.2924905Z libxkbcommon0 is already the newest version (1.6.0-1build1).
2026-10-07T05:06:01.2925302Z libxkbcommon0 set to manually installed.
2026-10-07T05:06:01.2925700Z libxrandr2 is already the newest version (2:1.5.2-2build1).
2026-10-07T05:06:01.2926082Z libxrandr2 set to manually installed.
2026-10-07T05:06:01.2926467Z xvfb is already the newest version (2:21.1.12-1ubuntu1.8).
2026-10-07T05:06:01.2927000Z fonts-noto-color-emoji is already the newest version (2.047-0ubuntu0.24.04.1).
2026-10-07T05:06:01.2927861Z libfontconfig1 is already the newest version (2.15.0-1.1ubuntu2).
2026-10-07T05:06:01.2928313Z libfontconfig1 set to manually installed.
2026-10-07T05:06:01.2928738Z fonts-liberation is already the newest version (1:2.1.5-3).
2026-10-07T05:06:01.2929149Z fonts-liberation set to manually installed.
2026-10-07T05:06:01.2929545Z The following additional packages will be installed:
2026-10-07T05:06:01.2930037Z   libgl1-mesa-dri libglx-mesa0 mesa-libgallium xfonts-encodings xfonts-utils
2026-10-07T05:06:01.2930674Z Recommended packages:
2026-10-07T05:06:01.2930963Z   fonts-ipafont-mincho fonts-tlwg-loma
2026-10-07T05:06:01.3255200Z The following NEW packages will be installed:
2026-10-07T05:06:01.3255923Z   fonts-freefont-ttf fonts-ipafont-gothic fonts-tlwg-loma-otf fonts-unifont
2026-10-07T05:06:01.3262607Z   fonts-wqy-zenhei xfonts-cyrillic xfonts-encodings xfonts-scalable
2026-10-07T05:06:01.3263234Z   xfonts-utils
2026-10-07T05:06:01.3268436Z The following packages will be upgraded:
2026-10-07T05:06:01.3274048Z   libfreetype6 libgbm1 libgl1-mesa-dri libglx-mesa0 mesa-libgallium
2026-10-07T05:06:01.3440230Z 5 upgraded, 9 newly installed, 0 to remove and 24 not upgraded.
2026-10-07T05:06:01.3440971Z Need to get 32.5 MB of archives.
2026-10-07T05:06:01.3441727Z After this operation, 79.5 MB of additional disk space will be used.
2026-10-07T05:06:01.3442619Z Get:1 file:/etc/apt/apt-mirrors.txt Mirrorlist [144 B]
2026-10-07T05:06:01.5090753Z Get:2 http://azure.archive.ubuntu.com/ubuntu noble/universe amd64 fonts-ipafont-gothic all 00303-21ubuntu1 [3513 kB]
2026-10-07T05:06:01.8113994Z Get:3 http://azure.archive.ubuntu.com/ubuntu noble/main amd64 fonts-freefont-ttf all 20211204+svn4273-2 [5641 kB]
2026-10-07T05:06:02.1464752Z Get:4 http://azure.archive.ubuntu.com/ubuntu noble/universe amd64 fonts-tlwg-loma-otf all 1:0.7.3-1 [107 kB]
2026-10-07T05:06:02.2931783Z Get:5 http://azure.archive.ubuntu.com/ubuntu noble/universe amd64 fonts-unifont all 1:15.1.01-1build1 [2993 kB]
2026-10-07T05:06:02.4869207Z Get:6 http://azure.archive.ubuntu.com/ubuntu noble/universe amd64 fonts-wqy-zenhei all 0.9.45-8 [7472 kB]
2026-10-07T05:06:02.9432787Z Get:7 http://azure.archive.ubuntu.com/ubuntu noble-updates/main amd64 libfreetype6 amd64 2.13.2+dfsg-1ubuntu0.2 [403 kB]
2026-10-07T05:06:03.1071525Z Get:8 http://azure.archive.ubuntu.com/ubuntu noble-updates/main amd64 libgl1-mesa-dri amd64 25.2.8-0ubuntu0.24.04.4 [38.0 kB]
2026-10-07T05:06:03.2548183Z Get:9 http://azure.archive.ubuntu.com/ubuntu noble-updates/main amd64 libglx-mesa0 amd64 25.2.8-0ubuntu0.24.04.4 [110 kB]
2026-10-07T05:06:03.4043419Z Get:10 http://azure.archive.ubuntu.com/ubuntu noble-updates/main amd64 libgbm1 amd64 25.2.8-0ubuntu0.24.04.4 [34.2 kB]
2026-10-07T05:06:03.5515406Z Get:11 http://azure.archive.ubuntu.com/ubuntu noble-updates/main amd64 mesa-libgallium amd64 25.2.8-0ubuntu0.24.04.4 [10.8 MB]
2026-10-07T05:06:04.1997840Z Get:12 http://azure.archive.ubuntu.com/ubuntu noble/main amd64 xfonts-encodings all 1:1.0.5-0ubuntu2 [578 kB]
2026-10-07T05:06:04.3700478Z Get:13 http://azure.archive.ubuntu.com/ubuntu noble/main amd64 xfonts-utils amd64 1:7.7+6build3 [94.4 kB]
2026-10-07T05:06:04.5195925Z Get:14 http://azure.archive.ubuntu.com/ubuntu noble/universe amd64 xfonts-cyrillic all 1:1.0.5+nmu1 [384 kB]
2026-10-07T05:06:04.6826614Z Get:15 http://azure.archive.ubuntu.com/ubuntu noble/main amd64 xfonts-scalable all 1:1.0.3-1.3 [304 kB]
2026-10-07T05:06:04.9558893Z Fetched 32.5 MB in 3s (9640 kB/s)
2026-10-07T05:06:05.0023938Z Selecting previously unselected package fonts-ipafont-gothic.
2026-10-07T05:06:05.0770067Z (Reading database ... 
2026-10-07T05:06:05.0770771Z (Reading database ... 5%
2026-10-07T05:06:05.0771293Z (Reading database ... 10%
2026-10-07T05:06:05.0771752Z (Reading database ... 15%
2026-10-07T05:06:05.0772201Z (Reading database ... 20%
2026-10-07T05:06:05.0772685Z (Reading database ... 25%
2026-10-07T05:06:05.0773122Z (Reading database ... 30%
2026-10-07T05:06:05.0773562Z (Reading database ... 35%
2026-10-07T05:06:05.0773994Z (Reading database ... 40%
2026-10-07T05:06:05.0774568Z (Reading database ... 45%
2026-10-07T05:06:05.0775017Z (Reading database ... 50%
2026-10-07T05:06:05.1190325Z (Reading database ... 55%
2026-10-07T05:06:05.6619080Z (Reading database ... 60%
2026-10-07T05:06:05.9542072Z (Reading database ... 65%
2026-10-07T05:06:06.2826550Z (Reading database ... 70%
2026-10-07T05:06:06.5876099Z (Reading database ... 75%
2026-10-07T05:06:07.5092743Z (Reading database ... 80%
2026-10-07T05:06:08.3703595Z (Reading database ... 85%
2026-10-07T05:06:09.1910330Z (Reading database ... 90%
2026-10-07T05:06:09.9102562Z (Reading database ... 95%
2026-10-07T05:06:09.9103048Z (Reading database ... 100%
2026-10-07T05:06:09.9103653Z (Reading database ... 202296 files and directories currently installed.)
2026-10-07T05:06:09.9147243Z Preparing to unpack .../00-fonts-ipafont-gothic_00303-21ubuntu1_all.deb ...
2026-10-07T05:06:09.9242098Z Unpacking fonts-ipafont-gothic (00303-21ubuntu1) ...
2026-10-07T05:06:10.1490259Z Selecting previously unselected package fonts-freefont-ttf.
2026-10-07T05:06:10.1614922Z Preparing to unpack .../01-fonts-freefont-ttf_20211204+svn4273-2_all.deb ...
2026-10-07T05:06:10.1621807Z Unpacking fonts-freefont-ttf (20211204+svn4273-2) ...
2026-10-07T05:06:10.2441748Z Selecting previously unselected package fonts-tlwg-loma-otf.
2026-10-07T05:06:10.2565948Z Preparing to unpack .../02-fonts-tlwg-loma-otf_1%3a0.7.3-1_all.deb ...
2026-10-07T05:06:10.2573211Z Unpacking fonts-tlwg-loma-otf (1:0.7.3-1) ...
2026-10-07T05:06:10.2816649Z Selecting previously unselected package fonts-unifont.
2026-10-07T05:06:10.2939973Z Preparing to unpack .../03-fonts-unifont_1%3a15.1.01-1build1_all.deb ...
2026-10-07T05:06:10.2946195Z Unpacking fonts-unifont (1:15.1.01-1build1) ...
2026-10-07T05:06:10.4006897Z Selecting previously unselected package fonts-wqy-zenhei.
2026-10-07T05:06:10.4136692Z Preparing to unpack .../04-fonts-wqy-zenhei_0.9.45-8_all.deb ...
2026-10-07T05:06:10.4240502Z Unpacking fonts-wqy-zenhei (0.9.45-8) ...
2026-10-07T05:06:10.9071742Z Preparing to unpack .../05-libfreetype6_2.13.2+dfsg-1ubuntu0.2_amd64.deb ...
2026-10-07T05:06:10.9101658Z Unpacking libfreetype6:amd64 (2.13.2+dfsg-1ubuntu0.2) over (2.13.2+dfsg-1ubuntu0.1) ...
2026-10-07T05:06:10.9492655Z Preparing to unpack .../06-libgl1-mesa-dri_25.2.8-0ubuntu0.24.04.4_amd64.deb ...
2026-10-07T05:06:10.9635567Z Unpacking libgl1-mesa-dri:amd64 (25.2.8-0ubuntu0.24.04.4) over (25.2.8-0ubuntu0.24.04.2) ...
2026-10-07T05:06:11.0263116Z Preparing to unpack .../07-libglx-mesa0_25.2.8-0ubuntu0.24.04.4_amd64.deb ...
2026-10-07T05:06:11.0282626Z Unpacking libglx-mesa0:amd64 (25.2.8-0ubuntu0.24.04.4) over (25.2.8-0ubuntu0.24.04.2) ...
2026-10-07T05:06:11.0681754Z Preparing to unpack .../08-libgbm1_25.2.8-0ubuntu0.24.04.4_amd64.deb ...
2026-10-07T05:06:11.0786492Z Unpacking libgbm1:amd64 (25.2.8-0ubuntu0.24.04.4) over (25.2.8-0ubuntu0.24.04.2) ...
2026-10-07T05:06:11.1196435Z Preparing to unpack .../09-mesa-libgallium_25.2.8-0ubuntu0.24.04.4_amd64.deb ...
2026-10-07T05:06:11.1219518Z Unpacking mesa-libgallium:amd64 (25.2.8-0ubuntu0.24.04.4) over (25.2.8-0ubuntu0.24.04.2) ...
2026-10-07T05:06:11.3008737Z Selecting previously unselected package xfonts-encodings.
2026-10-07T05:06:11.3135547Z Preparing to unpack .../10-xfonts-encodings_1%3a1.0.5-0ubuntu2_all.deb ...
2026-10-07T05:06:11.3142153Z Unpacking xfonts-encodings (1:1.0.5-0ubuntu2) ...
2026-10-07T05:06:11.3429018Z Selecting previously unselected package xfonts-utils.
2026-10-07T05:06:11.3554280Z Preparing to unpack .../11-xfonts-utils_1%3a7.7+6build3_amd64.deb ...
2026-10-07T05:06:11.3560962Z Unpacking xfonts-utils (1:7.7+6build3) ...
2026-10-07T05:06:11.4330559Z Selecting previously unselected package xfonts-cyrillic.
2026-10-07T05:06:11.4453574Z Preparing to unpack .../12-xfonts-cyrillic_1%3a1.0.5+nmu1_all.deb ...
2026-10-07T05:06:11.4461439Z Unpacking xfonts-cyrillic (1:1.0.5+nmu1) ...
2026-10-07T05:06:11.4788464Z Selecting previously unselected package xfonts-scalable.
2026-10-07T05:06:11.4912655Z Preparing to unpack .../13-xfonts-scalable_1%3a1.0.3-1.3_all.deb ...
2026-10-07T05:06:11.4919764Z Unpacking xfonts-scalable (1:1.0.3-1.3) ...
2026-10-07T05:06:11.5362354Z Setting up mesa-libgallium:amd64 (25.2.8-0ubuntu0.24.04.4) ...
2026-10-07T05:06:11.5386246Z Setting up libgbm1:amd64 (25.2.8-0ubuntu0.24.04.4) ...
2026-10-07T05:06:11.5402896Z Setting up libgl1-mesa-dri:amd64 (25.2.8-0ubuntu0.24.04.4) ...
2026-10-07T05:06:11.5472719Z Setting up fonts-wqy-zenhei (0.9.45-8) ...
2026-10-07T05:06:11.5584165Z Setting up fonts-freefont-ttf (20211204+svn4273-2) ...
2026-10-07T05:06:11.5601940Z Setting up fonts-tlwg-loma-otf (1:0.7.3-1) ...
2026-10-07T05:06:11.5617764Z Setting up libfreetype6:amd64 (2.13.2+dfsg-1ubuntu0.2) ...
2026-10-07T05:06:11.5635566Z Setting up xfonts-encodings (1:1.0.5-0ubuntu2) ...
2026-10-07T05:06:11.5656420Z Setting up fonts-ipafont-gothic (00303-21ubuntu1) ...
2026-10-07T05:06:11.5725229Z update-alternatives: using /usr/share/fonts/opentype/ipafont-gothic/ipag.ttf to provide /usr/share/fonts/truetype/fonts-japanese-gothic.ttf (fonts-japanese-gothic.ttf) in auto mode
2026-10-07T05:06:11.5741779Z Setting up fonts-unifont (1:15.1.01-1build1) ...
2026-10-07T05:06:11.5759497Z Setting up libglx-mesa0:amd64 (25.2.8-0ubuntu0.24.04.4) ...
2026-10-07T05:06:11.5777174Z Setting up xfonts-utils (1:7.7+6build3) ...
2026-10-07T05:06:11.5815591Z Setting up xfonts-cyrillic (1:1.0.5+nmu1) ...
2026-10-07T05:06:11.6134778Z Setting up xfonts-scalable (1:1.0.3-1.3) ...
2026-10-07T05:06:11.6402123Z Processing triggers for libc-bin (2.39-0ubuntu8.9) ...
2026-10-07T05:06:11.6925128Z Processing triggers for man-db (2.12.0-4build2) ...
2026-10-07T05:06:11.6946939Z Not building database; man-db/auto-update is not 'true'.
2026-10-07T05:06:11.6961444Z Processing triggers for fontconfig (2.15.0-1.1ubuntu2) ...
2026-10-07T05:06:14.0452171Z 
2026-10-07T05:06:14.0452920Z Running kernel seems to be up-to-date.
2026-10-07T05:06:14.0453267Z 
2026-10-07T05:06:14.0453432Z Restarting services...
2026-10-07T05:06:14.0532105Z  systemctl restart php8.3-fpm.service
2026-10-07T05:06:14.1658386Z 
2026-10-07T05:06:14.1659435Z No containers need to be restarted.
2026-10-07T05:06:14.1659827Z 
2026-10-07T05:06:14.1660140Z No user sessions are running outdated binaries.
2026-10-07T05:06:14.1660543Z 
2026-10-07T05:06:14.1661034Z No VM guests are running outdated hypervisor (qemu) binaries on this host.
2026-10-07T05:06:15.0361019Z Downloading Chrome for Testing 153.0.8010.12 (playwright chromium v1243) from https://cdn.playwright.dev/builds/cft/153.0.8010.12/linux64/chrome-linux64.zip
2026-10-07T05:06:15.4309577Z |                                                                                |   0% of 186.8 MiB
2026-10-07T05:06:15.6024310Z |■■■■■■■■                                                                        |  10% of 186.8 MiB
2026-10-07T05:06:15.6988056Z |■■■■■■■■■■■■■■■■                                                                |  20% of 186.8 MiB
2026-10-07T05:06:15.8106014Z |■■■■■■■■■■■■■■■■■■■■■■■■                                                        |  30% of 186.8 MiB
2026-10-07T05:06:15.9336130Z |■■■■■■■■■■■■■■■■■■■■■■■■■■■■■■■■                                                |  40% of 186.8 MiB
2026-10-07T05:06:16.0405334Z |■■■■■■■■■■■■■■■■■■■■■■■■■■■■■■■■■■■■■■■■                                        |  50% of 186.8 MiB
2026-10-07T05:06:16.1699418Z |■■■■■■■■■■■■■■■■■■■■■■■■■■■■■■■■■■■■■■■■■■■■■■■■                                |  60% of 186.8 MiB
2026-10-07T05:06:16.2795275Z |■■■■■■■■■■■■■■■■■■■■■■■■■■■■■■■■■■■■■■■■■■■■■■■■■■■■■■■■                        |  70% of 186.8 MiB
2026-10-07T05:06:16.3839596Z |■■■■■■■■■■■■■■■■■■■■■■■■■■■■■■■■■■■■■■■■■■■■■■■■■■■■■■■■■■■■■■■■                |  80% of 186.8 MiB
2026-10-07T05:06:16.4883350Z |■■■■■■■■■■■■■■■■■■■■■■■■■■■■■■■■■■■■■■■■■■■■■■■■■■■■■■■■■■■■■■■■■■■■■■■■        |  90% of 186.8 MiB
2026-10-07T05:06:16.6009693Z |■■■■■■■■■■■■■■■■■■■■■■■■■■■■■■■■■■■■■■■■■■■■■■■■■■■■■■■■■■■■■■■■■■■■■■■■■■■■■■■■| 100% of 186.8 MiB
2026-10-07T05:06:19.7188907Z Chrome for Testing 153.0.8010.12 (playwright chromium v1243) downloaded to /home/runner/.cache/ms-playwright/chromium-1243
2026-10-07T05:06:19.7193973Z Downloading FFmpeg (playwright ffmpeg v1011) from https://cdn.playwright.dev/dbazure/download/playwright/builds/ffmpeg/1011/ffmpeg-linux.zip
2026-10-07T05:06:20.1638247Z |                                                                                |   0% of 2.3 MiB
2026-10-07T05:06:20.2126835Z |■■■■■■■■                                                                        |  10% of 2.3 MiB
2026-10-07T05:06:20.2408418Z |■■■■■■■■■■■■■■■■                                                                |  20% of 2.3 MiB
2026-10-07T05:06:20.2628658Z |■■■■■■■■■■■■■■■■■■■■■■■■                                                        |  30% of 2.3 MiB
2026-10-07T05:06:20.2830484Z |■■■■■■■■■■■■■■■■■■■■■■■■■■■■■■■■                                                |  40% of 2.3 MiB
2026-10-07T05:06:20.2901676Z |■■■■■■■■■■■■■■■■■■■■■■■■■■■■■■■■■■■■■■■■                                        |  50% of 2.3 MiB
2026-10-07T05:06:20.3055971Z |■■■■■■■■■■■■■■■■■■■■■■■■■■■■■■■■■■■■■■■■■■■■■■■■                                |  60% of 2.3 MiB
2026-10-07T05:06:20.3108993Z |■■■■■■■■■■■■■■■■■■■■■■■■■■■■■■■■■■■■■■■■■■■■■■■■■■■■■■■■                        |  70% of 2.3 MiB
2026-10-07T05:06:20.3181150Z |■■■■■■■■■■■■■■■■■■■■■■■■■■■■■■■■■■■■■■■■■■■■■■■■■■■■■■■■■■■■■■■■                |  80% of 2.3 MiB
2026-10-07T05:06:20.3296864Z |■■■■■■■■■■■■■■■■■■■■■■■■■■■■■■■■■■■■■■■■■■■■■■■■■■■■■■■■■■■■■■■■■■■■■■■■        |  90% of 2.3 MiB
2026-10-07T05:06:20.3334508Z |■■■■■■■■■■■■■■■■■■■■■■■■■■■■■■■■■■■■■■■■■■■■■■■■■■■■■■■■■■■■■■■■■■■■■■■■■■■■■■■■| 100% of 2.3 MiB
2026-10-07T05:06:20.3934996Z FFmpeg (playwright ffmpeg v1011) downloaded to /home/runner/.cache/ms-playwright/ffmpeg-1011
2026-10-07T05:06:20.3938478Z Downloading Chrome Headless Shell 153.0.8010.12 (playwright chromium-headless-shell v1243) from https://cdn.playwright.dev/builds/cft/153.0.8010.12/linux64/chrome-headless-shell-linux64.zip
2026-10-07T05:06:20.7927019Z |                                                                                |   0% of 114.3 MiB
2026-10-07T05:06:20.9125624Z |■■■■■■■■                                                                        |  10% of 114.3 MiB
2026-10-07T05:06:20.9852104Z |■■■■■■■■■■■■■■■■                                                                |  20% of 114.3 MiB
2026-10-07T05:06:21.0495309Z |■■■■■■■■■■■■■■■■■■■■■■■■                                                        |  30% of 114.3 MiB
2026-10-07T05:06:21.1132452Z |■■■■■■■■■■■■■■■■■■■■■■■■■■■■■■■■                                                |  40% of 114.3 MiB
2026-10-07T05:06:21.1801387Z |■■■■■■■■■■■■■■■■■■■■■■■■■■■■■■■■■■■■■■■■                                        |  50% of 114.3 MiB
2026-10-07T05:06:21.2593916Z |■■■■■■■■■■■■■■■■■■■■■■■■■■■■■■■■■■■■■■■■■■■■■■■■                                |  60% of 114.3 MiB
2026-10-07T05:06:21.3631130Z |■■■■■■■■■■■■■■■■■■■■■■■■■■■■■■■■■■■■■■■■■■■■■■■■■■■■■■■■                        |  70% of 114.3 MiB
2026-10-07T05:06:21.4405226Z |■■■■■■■■■■■■■■■■■■■■■■■■■■■■■■■■■■■■■■■■■■■■■■■■■■■■■■■■■■■■■■■■                |  80% of 114.3 MiB
2026-10-07T05:06:21.4923734Z |■■■■■■■■■■■■■■■■■■■■■■■■■■■■■■■■■■■■■■■■■■■■■■■■■■■■■■■■■■■■■■■■■■■■■■■■        |  90% of 114.3 MiB
2026-10-07T05:06:21.5766210Z |■■■■■■■■■■■■■■■■■■■■■■■■■■■■■■■■■■■■■■■■■■■■■■■■■■■■■■■■■■■■■■■■■■■■■■■■■■■■■■■■| 100% of 114.3 MiB
2026-10-07T05:06:23.7982223Z Chrome Headless Shell 153.0.8010.12 (playwright chromium-headless-shell v1243) downloaded to /home/runner/.cache/ms-playwright/chromium_headless_shell-1243
2026-10-07T05:06:23.8286328Z ##[group]Run sudo apt-get install -y fonts-noto-cjk
2026-10-07T05:06:23.8286796Z [36;1msudo apt-get install -y fonts-noto-cjk[0m
2026-10-07T05:06:23.8353228Z shell: /usr/bin/bash -e {0}
2026-10-07T05:06:23.8353592Z ##[endgroup]
2026-10-07T05:06:23.8640404Z Reading package lists...
2026-10-07T05:06:24.0768207Z Building dependency tree...
2026-10-07T05:06:24.0775514Z Reading state information...
2026-10-07T05:06:24.2163727Z Suggested packages:
2026-10-07T05:06:24.2164291Z   fonts-noto-cjk-extra
2026-10-07T05:06:24.2291814Z The following NEW packages will be installed:
2026-10-07T05:06:24.2297436Z   fonts-noto-cjk
2026-10-07T05:06:24.2460118Z 0 upgraded, 1 newly installed, 0 to remove and 24 not upgraded.
2026-10-07T05:06:24.2460736Z Need to get 61.2 MB of archives.
2026-10-07T05:06:24.2461201Z After this operation, 93.2 MB of additional disk space will be used.
2026-10-07T05:06:24.2461722Z Get:1 file:/etc/apt/apt-mirrors.txt Mirrorlist [144 B]
2026-10-07T05:06:24.6842175Z Get:2 http://azure.archive.ubuntu.com/ubuntu noble/main amd64 fonts-noto-cjk all 1:20230817+repack1-3 [61.2 MB]
2026-10-07T05:06:28.5849273Z Fetched 61.2 MB in 4s (14.9 MB/s)
2026-10-07T05:06:28.6054151Z Selecting previously unselected package fonts-noto-cjk.
2026-10-07T05:06:28.6109824Z (Reading database ... 
2026-10-07T05:06:28.6110864Z (Reading database ... 5%
2026-10-07T05:06:28.6111578Z (Reading database ... 10%
2026-10-07T05:06:28.6112080Z (Reading database ... 15%
2026-10-07T05:06:28.6112818Z (Reading database ... 20%
2026-10-07T05:06:28.6113522Z (Reading database ... 25%
2026-10-07T05:06:28.6114268Z (Reading database ... 30%
2026-10-07T05:06:28.6114994Z (Reading database ... 35%
2026-10-07T05:06:28.6115803Z (Reading database ... 40%
2026-10-07T05:06:28.6116552Z (Reading database ... 45%
2026-10-07T05:06:28.6117307Z (Reading database ... 50%
2026-10-07T05:06:28.6133417Z (Reading database ... 55%
2026-10-07T05:06:28.6236423Z (Reading database ... 60%
2026-10-07T05:06:28.6262785Z (Reading database ... 65%
2026-10-07T05:06:28.6284380Z (Reading database ... 70%
2026-10-07T05:06:28.6316692Z (Reading database ... 75%
2026-10-07T05:06:28.6347663Z (Reading database ... 80%
2026-10-07T05:06:28.6371316Z (Reading database ... 85%
2026-10-07T05:06:28.6522972Z (Reading database ... 90%
2026-10-07T05:06:28.6781198Z (Reading database ... 95%
2026-10-07T05:06:28.6781954Z (Reading database ... 100%
2026-10-07T05:06:28.6782901Z (Reading database ... 202563 files and directories currently installed.)
2026-10-07T05:06:28.6823766Z Preparing to unpack .../fonts-noto-cjk_1%3a20230817+repack1-3_all.deb ...
2026-10-07T05:06:28.6891735Z Unpacking fonts-noto-cjk (1:20230817+repack1-3) ...
2026-10-07T05:06:29.0898375Z Setting up fonts-noto-cjk (1:20230817+repack1-3) ...
2026-10-07T05:06:29.0979781Z Processing triggers for fontconfig (2.15.0-1.1ubuntu2) ...
2026-10-07T05:06:29.6827037Z 
2026-10-07T05:06:29.6827963Z Running kernel seems to be up-to-date.
2026-10-07T05:06:29.6828435Z 
2026-10-07T05:06:29.6828755Z No services need to be restarted.
2026-10-07T05:06:29.6829079Z 
2026-10-07T05:06:29.6829347Z No containers need to be restarted.
2026-10-07T05:06:29.6829669Z 
2026-10-07T05:06:29.6829975Z No user sessions are running outdated binaries.
2026-10-07T05:06:29.6830344Z 
2026-10-07T05:06:29.6830854Z No VM guests are running outdated hypervisor (qemu) binaries on this host.
2026-10-07T05:06:30.5605495Z ##[group]Run npm run test:weaveos:unit
2026-10-07T05:06:30.5605836Z [36;1mnpm run test:weaveos:unit[0m
2026-10-07T05:06:30.5669213Z shell: /usr/bin/bash -e {0}
2026-10-07T05:06:30.5669481Z ##[endgroup]
2026-10-07T05:06:30.6651951Z 
2026-10-07T05:06:30.6652656Z > arca-ui@0.0.1 test:weaveos:unit
2026-10-07T05:06:30.6654000Z > node --test tests/weaveos/geometry.test.mjs tests/weaveos/pagination.test.mjs tests/weaveos/filter-model.test.mjs
2026-10-07T05:06:30.6654703Z 
2026-10-07T05:06:30.8709472Z ✔ AND and OR compose without flattening or changing meaning (1.395426ms)
2026-10-07T05:06:30.8710279Z ✔ text supports only equal or not equal, numeric supports all six (0.53893ms)
2026-10-07T05:06:30.8710895Z ✔ depth three is valid and depth four is rejected (0.210234ms)
2026-10-07T05:06:30.8711463Z ✔ condition budget is twenty, independent of grouping (0.236473ms)
2026-10-07T05:06:30.8712147Z ✔ unknown fields, operators, empty groups and malformed leaves fail closed (0.289042ms)
2026-10-07T05:06:30.8712988Z ✔ empty text is an explicit valid equality, exact decimal strings remain unchanged (0.199654ms)
2026-10-07T05:06:30.8729150Z ✔ oversized and cyclic filters are rejected without throwing (0.217768ms)
2026-10-07T05:06:30.8809954Z ✔ opening starts at the source center with its size (2.460282ms)
2026-10-07T05:06:30.8811587Z ✔ each distinct source yields its own trajectory (0.198642ms)
2026-10-07T05:06:30.8812706Z ✔ absent source uses no displacement (0.200086ms)
2026-10-07T05:06:30.8813687Z ✔ invalid or zero rectangles fall back safely (0.228678ms)
2026-10-07T05:06:30.8814731Z ✔ no division by zero from an unmeasured panel (0.213671ms)
2026-10-07T05:06:30.8815676Z ✔ small pages list exact pages; large totals use bounded windows (2.381033ms)
2026-10-07T05:06:30.8816564Z ✔ first and last pages retain nearby navigation without enumerating total (0.481262ms)
2026-10-07T05:06:30.8818780Z ✔ page input accepts only in-range integers, not coercions or partial numbers (0.401232ms)
2026-10-07T05:06:30.8820002Z ✔ invalid page metadata cannot produce navigable links (0.324048ms)
2026-10-07T05:06:30.8820834Z ℹ tests 16
2026-10-07T05:06:30.8821413Z ℹ suites 0
2026-10-07T05:06:30.8821789Z ℹ pass 16
2026-10-07T05:06:30.8822134Z ℹ fail 0
2026-10-07T05:06:30.8822500Z ℹ cancelled 0
2026-10-07T05:06:30.8822882Z ℹ skipped 0
2026-10-07T05:06:30.8823259Z ℹ todo 0
2026-10-07T05:06:30.8823665Z ℹ duration_ms 184.1475
2026-10-07T05:06:30.9001926Z ##[group]Run npx eslint src/weaveos
2026-10-07T05:06:30.9002265Z [36;1mnpx eslint src/weaveos[0m
2026-10-07T05:06:30.9065012Z shell: /usr/bin/bash -e {0}
2026-10-07T05:06:30.9065301Z ##[endgroup]
2026-10-07T05:06:34.1032068Z ##[group]Run npx tsc -b
2026-10-07T05:06:34.1032380Z [36;1mnpx tsc -b[0m
2026-10-07T05:06:34.1097393Z shell: /usr/bin/bash -e {0}
2026-10-07T05:06:34.1097992Z ##[endgroup]
2026-10-07T05:06:42.5795976Z ##[group]Run npm run build:weaveos
2026-10-07T05:06:42.5796327Z [36;1mnpm run build:weaveos[0m
2026-10-07T05:06:42.5861306Z shell: /usr/bin/bash -e {0}
2026-10-07T05:06:42.5861594Z ##[endgroup]
2026-10-07T05:06:42.6877088Z 
2026-10-07T05:06:42.6877911Z > arca-ui@0.0.1 build:weaveos
2026-10-07T05:06:42.6878492Z > vite build --config vite.weaveos.config.ts
2026-10-07T05:06:42.6878823Z 
2026-10-07T05:06:42.9700577Z [36mvite v8.3.0 [32mbuilding client environment for production...[36m[39m
2026-10-07T05:06:42.9797227Z transforming...
2026-10-07T05:06:43.2549847Z ✓ 2577 modules transformed.
2026-10-07T05:06:43.3168871Z rendering chunks...
2026-10-07T05:06:43.4022295Z computing gzip size...
2026-10-07T05:06:43.4119125Z dist-weaveos/weaveos.html                                            0.37 kB │ gzip:   0.30 kB
2026-10-07T05:06:43.4119952Z dist-weaveos/assets/geist-cyrillic-ext-wght-normal-DjL33-gN.woff2    7.42 kB
2026-10-07T05:06:43.4120778Z dist-weaveos/assets/geist-vietnamese-wght-normal-6IgcOCM7.woff2      8.00 kB
2026-10-07T05:06:43.4121511Z dist-weaveos/assets/geist-cyrillic-wght-normal-BEAKL7Jp.woff2       15.08 kB
2026-10-07T05:06:43.4122194Z dist-weaveos/assets/geist-latin-ext-wght-normal-DC-KSUi6.woff2      16.51 kB
2026-10-07T05:06:43.4122861Z dist-weaveos/assets/geist-latin-wght-normal-BgDaEnEv.woff2          29.40 kB
2026-10-07T05:06:43.4123673Z dist-weaveos/assets/weaveos-ia1A6GLz.css                            39.43 kB │ gzip:   9.05 kB
2026-10-07T05:06:43.4124505Z dist-weaveos/assets/weaveos-BZ1WQcu2.js                            583.01 kB │ gzip: 190.61 kB
2026-10-07T05:06:43.4125278Z 
2026-10-07T05:06:43.4167332Z [33m[plugin builtin:vite-reporter] 
2026-10-07T05:06:43.4168524Z (!) Some chunks are larger than 500 kB after minification. Consider:
2026-10-07T05:06:43.4169426Z - Using dynamic import() to code-split the application
2026-10-07T05:06:43.4170636Z - Use build.rolldownOptions.output.codeSplitting to improve chunking: https://rolldown.rs/reference/OutputOptions.codeSplitting
2026-10-07T05:06:43.4171976Z - Adjust chunk size limit for this warning via build.chunkSizeWarningLimit.[39m
2026-10-07T05:06:43.4308375Z [32m✓ built in 459ms[39m
2026-10-07T05:06:43.4725061Z ##[group]Run npm run build:weaveos:library
2026-10-07T05:06:43.4725442Z [36;1mnpm run build:weaveos:library[0m
2026-10-07T05:06:43.4788564Z shell: /usr/bin/bash -e {0}
2026-10-07T05:06:43.4788872Z ##[endgroup]
2026-10-07T05:06:43.5783162Z 
2026-10-07T05:06:43.5783798Z > arca-ui@0.0.1 build:weaveos:library
2026-10-07T05:06:43.5785099Z > vite build --config vite.weaveos-library.config.ts && tsc -p tsconfig.weaveos-library.json && node scripts/weaveos/package.mjs
2026-10-07T05:06:43.5785797Z 
2026-10-07T05:06:43.7537991Z [36mvite v8.3.0 [32mbuilding client environment for production...[36m[39m
2026-10-07T05:06:43.7688784Z transforming...
2026-10-07T05:06:43.7764825Z ✓ 21 modules transformed.
2026-10-07T05:06:43.7813880Z rendering chunks...
2026-10-07T05:06:43.7869162Z computing gzip size...
2026-10-07T05:06:43.7877838Z dist-library/index.js  41.60 kB │ gzip: 10.97 kB
2026-10-07T05:06:43.7878270Z 
2026-10-07T05:06:43.7889247Z [32m✓ built in 33ms[39m
2026-10-07T05:06:45.9757392Z Prepared private/unpublished component artifact at dist-library
2026-10-07T05:06:45.9978540Z ##[group]Run npm run test:weaveos:package
2026-10-07T05:06:45.9978904Z [36;1mnpm run test:weaveos:package[0m
2026-10-07T05:06:46.0041745Z shell: /usr/bin/bash -e {0}
2026-10-07T05:06:46.0042022Z ##[endgroup]
2026-10-07T05:06:46.1083607Z 
2026-10-07T05:06:46.1084340Z > arca-ui@0.0.1 test:weaveos:package
2026-10-07T05:06:46.1084959Z > node --test tests/weaveos/package.test.mjs
2026-10-07T05:06:46.1085279Z 
2026-10-07T05:06:46.6588908Z ✔ consumer artifact exports controls, theme and source-aware dialog (0.958056ms)
2026-10-07T05:06:46.6599567Z ✔ package has typed exports, explicit React peers and safe unpublished metadata (0.302568ms)
2026-10-07T05:06:46.6601107Z ✔ artifact has no source aliases or demo app and CSS stays scoped (0.472145ms)
2026-10-07T05:06:46.6602562Z ✔ distributed license and source attribution accompany components (0.203411ms)
2026-10-07T05:06:46.7028550Z ℹ tests 4
2026-10-07T05:06:46.7029079Z ℹ suites 0
2026-10-07T05:06:46.7029512Z ℹ pass 4
2026-10-07T05:06:46.7030004Z ℹ fail 0
2026-10-07T05:06:46.7030392Z ℹ cancelled 0
2026-10-07T05:06:46.7030787Z ℹ skipped 0
2026-10-07T05:06:46.7031170Z ℹ todo 0
2026-10-07T05:06:46.7031606Z ℹ duration_ms 558.919122
2026-10-07T05:06:46.7159546Z ##[group]Run npm run test:weaveos
2026-10-07T05:06:46.7159896Z [36;1mnpm run test:weaveos[0m
2026-10-07T05:06:46.7224363Z shell: /usr/bin/bash -e {0}
2026-10-07T05:06:46.7224775Z ##[endgroup]
2026-10-07T05:06:46.8234239Z 
2026-10-07T05:06:46.8234687Z > arca-ui@0.0.1 test:weaveos
2026-10-07T05:06:46.8235283Z > playwright test -c playwright.weaveos.config.ts
2026-10-07T05:06:46.8235638Z 
2026-10-07T05:06:48.2249389Z ✔ AND and OR compose without flattening or changing meaning (1.994619ms)
2026-10-07T05:06:48.2251396Z ✔ text supports only equal or not equal, numeric supports all six (0.877485ms)
2026-10-07T05:06:48.2281054Z ✔ depth three is valid and depth four is rejected (0.312927ms)
2026-10-07T05:06:48.2282595Z ✔ condition budget is twenty, independent of grouping (0.394719ms)
2026-10-07T05:06:48.2284225Z ✔ unknown fields, operators, empty groups and malformed leaves fail closed (0.374992ms)
2026-10-07T05:06:48.2286108Z ✔ empty text is an explicit valid equality, exact decimal strings remain unchanged (0.242505ms)
2026-10-07T05:06:48.2288059Z ✔ oversized and cyclic filters are rejected without throwing (0.326853ms)
2026-10-07T05:06:48.2511708Z ✔ opening starts at the source center with its size (1.935579ms)
2026-10-07T05:06:48.2539542Z ✔ each distinct source yields its own trajectory (0.397885ms)
2026-10-07T05:06:48.2568862Z ✔ absent source uses no displacement (0.292197ms)
2026-10-07T05:06:48.2570278Z ✔ invalid or zero rectangles fall back safely (0.323577ms)
2026-10-07T05:06:48.2598802Z ✔ no division by zero from an unmeasured panel (0.168686ms)
2026-10-07T05:06:49.0195041Z ✔ consumer artifact exports controls, theme and source-aware dialog (0.414597ms)
2026-10-07T05:06:49.0198841Z ✔ package has typed exports, explicit React peers and safe unpublished metadata (0.303529ms)
2026-10-07T05:06:49.0205381Z ✔ artifact has no source aliases or demo app and CSS stays scoped (0.595666ms)
2026-10-07T05:06:49.0207831Z ✔ distributed license and source attribution accompany components (0.190978ms)
2026-10-07T05:06:49.0338930Z ✔ small pages list exact pages; large totals use bounded windows (0.478838ms)
2026-10-07T05:06:49.0341110Z ✔ first and last pages retain nearby navigation without enumerating total (0.210995ms)
2026-10-07T05:06:49.0344187Z ✔ page input accepts only in-range integers, not coercions or partial numbers (0.241582ms)
2026-10-07T05:06:49.0347065Z ✔ invalid page metadata cannot produce navigable links (0.210574ms)
2026-10-07T05:06:49.0822394Z 
2026-10-07T05:06:49.0823093Z Running 40 tests using 2 workers
2026-10-07T05:06:49.0823502Z 
2026-10-07T05:06:52.9034389Z   ✓   2 [chromium] › tests/weaveos/data-workspace.spec.ts:5:1 › table renders only the current supplied page despite a large server total (1.8s)
2026-10-07T05:06:53.8076916Z   ✓   1 [chromium] › tests/weaveos/data-workspace.spec.ts:11:1 › arbitrary page jump emits controlled request and waits for returned page (2.7s)
2026-10-07T05:06:54.7675771Z   ✓   3 [chromium] › tests/weaveos/data-workspace.spec.ts:19:1 › text has no normal sort while numerical sorting is server-controlled (1.8s)
2026-10-07T05:06:57.2638134Z   ✓   4 [chromium] › tests/weaveos/data-workspace.spec.ts:27:1 › hide a column changes display without clearing sort or issuing a query (3.4s)
2026-10-07T05:06:57.4633788Z   ✓   5 [chromium] › tests/weaveos/data-workspace.spec.ts:38:1 › related data change requires refresh and refresh requests page one (2.7s)
2026-10-07T05:06:58.9511682Z   ✓   6 [chromium] › tests/weaveos/data-workspace.spec.ts:46:1 › only current page selection is controlled and filtering does not happen locally (1.7s)
2026-10-07T05:07:00.8879952Z   ✓   7 [chromium] › tests/weaveos/data-workspace.spec.ts:51:1 › table workspace passes settled accessibility and captures actual desktop UI (3.4s)
2026-10-07T05:07:01.9923487Z   ✓   8 [chromium] › tests/weaveos/data-workspace.spec.ts:56:1 › page-size change is a controlled request that resets to first page (3.0s)
2026-10-07T05:07:02.8936322Z   ✓   9 [chromium] › tests/weaveos/data-workspace.spec.ts:63:1 › invalid arbitrary page never emits a coerced query (2.0s)
2026-10-07T05:07:05.1110028Z   ✓  10 [chromium] › tests/weaveos/data-workspace.spec.ts:69:1 › failed response keeps previous confirmed page and exposes an explicit retry (3.1s)
2026-10-07T05:07:11.3490104Z   ✘  12 [chromium] › tests/weaveos/feedback.spec.ts:4:1 › progress distinguishes confirmed numeric value from indeterminate waiting (6.2s)
2026-10-07T05:07:18.1280982Z   ✘  13 [chromium] › tests/weaveos/feedback.spec.ts:5:1 › skeleton is decorative and dark feedback controls remain accessible (6.1s)
2026-10-07T05:07:19.9005916Z   ✓  14 [chromium] › tests/weaveos/field-basics.spec.ts:4:1 › decimal string retains every digit and trailing zero through edits and blur (1.2s)
2026-10-07T05:07:20.9465175Z   ✓  15 [chromium] › tests/weaveos/field-basics.spec.ts:10:1 › decimal zero remains a string while clearing produces explicit null (1.0s)
2026-10-07T05:07:22.0936502Z   ✓  16 [chromium] › tests/weaveos/field-basics.spec.ts:14:1 › nullable Boolean keeps null false and true separate (1.1s)
2026-10-07T05:07:23.1559235Z   ✘  11 [chromium] › tests/weaveos/feedback.spec.ts:3:1 › tooltip opens from keyboard focus, escapes and preserves trigger focus (20.2s)
2026-10-07T05:07:23.3730783Z   ✓  17 [chromium] › tests/weaveos/field-basics.spec.ts:21:1 › readonly fields cannot emit edits, including Boolean pointer and keyboard (1.3s)
2026-10-07T05:07:25.5980713Z   ✓  19 [chromium] › tests/weaveos/field-basics.spec.ts:28:1 › multiline text preserves Unicode newlines and intentional empty text (1.5s)
2026-10-07T05:07:25.9975965Z   ✓  18 [chromium] › tests/weaveos/field-basics.spec.ts:33:1 › field errors are associated with inputs and settled controls remain accessible (2.6s)
2026-10-07T05:07:29.9206055Z   ✓  21 [chromium] › tests/weaveos/filter-manager.spec.ts:14:1 › constructs AND with an OR subgroup and persists exact conditions (3.9s)
2026-10-07T05:07:30.5864363Z   ✓  20 [chromium] › tests/weaveos/filter-manager.spec.ts:4:1 › opens saved-filter management first, with only one preset applied (4.9s)
2026-10-07T05:07:33.4454667Z   ✓  22 [chromium] › tests/weaveos/filter-manager.spec.ts:27:1 › failed persistence retains editor and never reports saved (3.5s)
2026-10-07T05:07:33.9409890Z   ✓  23 [chromium] › tests/weaveos/filter-manager.spec.ts:36:1 › dirty Escape asks before discarding and restores source focus (3.3s)
2026-10-07T05:07:36.6288023Z   ✓  25 [chromium] › tests/weaveos/filter-manager.spec.ts:53:1 › applying a preset emits a page-one host query without client-side table filtering (2.7s)
2026-10-07T05:07:37.2370063Z   ✓  24 [chromium] › tests/weaveos/filter-manager.spec.ts:44:1 › text comparisons exclude range operators and editor is accessible (3.8s)
2026-10-07T05:07:39.8840103Z   ✓  27 [chromium] › tests/weaveos/filter-manager.spec.ts:66:1 › deleting a preset requires confirmation and cancellation preserves it (2.6s)
2026-10-07T05:07:40.0040379Z   ✓  26 [chromium] › tests/weaveos/filter-manager.spec.ts:59:1 › editing a saved preset preserves identity, saving alone does not apply (3.3s)
2026-10-07T05:07:43.9283031Z V042_OPENING_GEOMETRY {"count":26,"widths":[440,99.237060546875,103.7552490234375,164.5177001953125,223.0885009765625,279.829345703125,405.18902587890625,436.82611083984375,440.1073913574219,440.0000305175781,439.9999694824219,440,440,440,440,440,440,440,440,440,440,440,440,440,440,440],"expanded":440}
2026-10-07T05:07:44.1523275Z   ✓  28 [chromium] › tests/weaveos/origin-motion.spec.ts:3:1 › window geometry really travels from and returns toward the trigger (4.2s)
2026-10-07T05:07:44.6150787Z   ✓  29 [chromium] › tests/weaveos/origin-motion.spec.ts:29:1 › successful save returns the window toward its source too (4.6s)
2026-10-07T05:07:47.4276459Z   ✓  31 [chromium] › tests/weaveos/studio.spec.ts:6:1 › shell uses collapsible icon rail and edge-to-edge content card (2.3s)
2026-10-07T05:07:49.0980811Z   ✓  30 [chromium] › tests/weaveos/preview.spec.ts:3:1 › capture component studio review images (4.9s)
2026-10-07T05:07:49.9737134Z   ✓  32 [chromium] › tests/weaveos/studio.spec.ts:19:1 › source dialog has accessible title, focus isolation and restores origin (3.1s)
2026-10-07T05:07:51.7552257Z   ✓  33 [chromium] › tests/weaveos/studio.spec.ts:34:1 › second source restores its own focus (2.7s)
2026-10-07T05:07:55.0752499Z   ✓  34 [chromium] › tests/weaveos/studio.spec.ts:41:1 › close during opening and repeat never leaves an overlay or locked page (5.1s)
2026-10-07T05:07:57.4049885Z   ✓  35 [chromium] › tests/weaveos/studio.spec.ts:49:1 › save feedback waits for result and errors retain editable input (5.6s)
2026-10-07T05:07:58.0048272Z   ✓  36 [chromium] › tests/weaveos/studio.spec.ts:65:1 › nested select Escape dismisses only the list, then dialog (2.9s)
2026-10-07T05:07:59.9615583Z   ✓  37 [chromium] › tests/weaveos/studio.spec.ts:74:1 › reduced motion preserves usable modal without scale displacement (2.5s)
2026-10-07T05:08:01.2592480Z   ✓  38 [chromium] › tests/weaveos/studio.spec.ts:83:1 › mobile view fits viewport and dialog remains operable (3.2s)
2026-10-07T05:08:01.5987208Z   ✓  39 [chromium] › tests/weaveos/studio.spec.ts:92:1 › theme controls, basic controls and component navigation work (1.6s)
2026-10-07T05:08:04.3654427Z   ✓  40 [chromium] › tests/weaveos/studio.spec.ts:102:1 › studio and open modal have no serious accessibility violations (3.1s)
2026-10-07T05:08:04.4723642Z 
2026-10-07T05:08:04.4729911Z 
2026-10-07T05:08:04.4742555Z   1) [chromium] › tests/weaveos/feedback.spec.ts:3:1 › tooltip opens from keyboard focus, escapes and preserves trigger focus 
2026-10-07T05:08:04.4743549Z 
2026-10-07T05:08:04.4743863Z     Test timeout of 20000ms exceeded.
2026-10-07T05:08:04.4744226Z 
2026-10-07T05:08:04.4744570Z     Error: locator.focus: Test timeout of 20000ms exceeded.
2026-10-07T05:08:04.4745174Z     Call log:
2026-10-07T05:08:04.4746532Z       - waiting for getByRole('button', { name: '字段说明', exact: true })
2026-10-07T05:08:04.4747130Z 
2026-10-07T05:08:04.4747141Z 
2026-10-07T05:08:04.4748154Z       1 | import{test,expect}from'@playwright/test';import AxeBuilder from'@axe-core/playwright';
2026-10-07T05:08:04.4750075Z       2 | test.beforeEach(async({page})=>{await page.goto('/weaveos.html');await page.getByRole('button',{name:'基础控件',exact:true}).click()})
2026-10-07T05:08:04.4754377Z     > 3 | test('tooltip opens from keyboard focus, escapes and preserves trigger focus',async({page})=>{const button=page.getByRole('button',{name:'字段说明',exact:true});await page.keyboard.press('Tab');await button.focus();await expect(page.getByRole('tooltip')).toHaveText('仅说明字段用途，不改变权限');await page.keyboard.press('Escape');await expect(page.getByRole('tooltip')).toBeHidden();await expect(button).toBeFocused()});
2026-10-07T05:08:04.4758016Z         |                                                                                                                                                                                                            ^
2026-10-07T05:08:04.4762897Z       4 | test('progress distinguishes confirmed numeric value from indeterminate waiting',async({page})=>{const progress=page.getByRole('progressbar',{name:'处理进度'});await expect(progress).toHaveAttribute('aria-valuenow','32');await expect(progress).toHaveAttribute('aria-valuemax','100');await page.getByRole('checkbox',{name:'未知进度'}).check();await expect(progress).not.toHaveAttribute('aria-valuenow');await expect(page.getByRole('status',{name:'处理状态'})).toHaveText('正在处理');await expect(progress).not.toContainText('%')});
2026-10-07T05:08:04.4771399Z       5 | test('skeleton is decorative and dark feedback controls remain accessible',async({page})=>{const section=page.getByRole('region',{name:'提示与等待状态'});await expect(section.getByTestId('loading-skeleton')).toHaveAttribute('aria-hidden','true');await page.getByRole('button',{name:'深色模式',exact:true}).click();await section.scrollIntoViewIfNeeded();const result=await new AxeBuilder({page}).include('[data-testid="feedback-demo"]').analyze();expect(result.violations).toEqual([]);await page.screenshot({path:'test-results/weaveos-feedback-dark.png',fullPage:false})});
2026-10-07T05:08:04.4774961Z       6 |
2026-10-07T05:08:04.4775686Z         at /home/runner/work/arca-ui/arca-ui/tests/weaveos/feedback.spec.ts:3:204
2026-10-07T05:08:04.4776287Z 
2026-10-07T05:08:04.4777116Z     attachment #1: screenshot (image/png) ──────────────────────────────────────────────────────────
2026-10-07T05:08:04.4778849Z     test-results/feedback-tooltip-opens-fro-03b92-and-preserves-trigger-focus-chromium/test-failed-1.png
2026-10-07T05:08:04.4780387Z     ────────────────────────────────────────────────────────────────────────────────────────────────
2026-10-07T05:08:04.4780890Z 
2026-10-07T05:08:04.4781754Z     Error Context: test-results/feedback-tooltip-opens-fro-03b92-and-preserves-trigger-focus-chromium/error-context.md
2026-10-07T05:08:04.4782650Z 
2026-10-07T05:08:04.4783388Z     attachment #3: trace (application/zip) ─────────────────────────────────────────────────────────
2026-10-07T05:08:04.4784672Z     test-results/feedback-tooltip-opens-fro-03b92-and-preserves-trigger-focus-chromium/trace.zip
2026-10-07T05:08:04.4785555Z     Usage:
2026-10-07T05:08:04.4785740Z 
2026-10-07T05:08:04.4786632Z         npx playwright show-trace test-results/feedback-tooltip-opens-fro-03b92-and-preserves-trigger-focus-chromium/trace.zip
2026-10-07T05:08:04.4787781Z 
2026-10-07T05:08:04.4788467Z     ────────────────────────────────────────────────────────────────────────────────────────────────
2026-10-07T05:08:04.4788979Z 
2026-10-07T05:08:04.4789992Z   2) [chromium] › tests/weaveos/feedback.spec.ts:4:1 › progress distinguishes confirmed numeric value from indeterminate waiting 
2026-10-07T05:08:04.4790838Z 
2026-10-07T05:08:04.4791158Z     Error: expect(locator).toHaveAttribute(expected) failed
2026-10-07T05:08:04.4791578Z 
2026-10-07T05:08:04.4791966Z     Locator: getByRole('progressbar', { name: '处理进度' })
2026-10-07T05:08:04.4792734Z     Expected: "32"
2026-10-07T05:08:04.4793102Z     Timeout: 5000ms
2026-10-07T05:08:04.4793688Z     Error: element(s) not found
2026-10-07T05:08:04.4793964Z 
2026-10-07T05:08:04.4794105Z     Call log:
2026-10-07T05:08:04.4794990Z       - Expect "toHaveAttribute" getByRole('progressbar', { name: '处理进度' }) with timeout 5000ms
2026-10-07T05:08:04.4796046Z       - waiting for getByRole('progressbar', { name: '处理进度' })
2026-10-07T05:08:04.4796462Z 
2026-10-07T05:08:04.4796471Z 
2026-10-07T05:08:04.4797719Z       2 | test.beforeEach(async({page})=>{await page.goto('/weaveos.html');await page.getByRole('button',{name:'基础控件',exact:true}).click()})
2026-10-07T05:08:04.4801810Z       3 | test('tooltip opens from keyboard focus, escapes and preserves trigger focus',async({page})=>{const button=page.getByRole('button',{name:'字段说明',exact:true});await page.keyboard.press('Tab');await button.focus();await expect(page.getByRole('tooltip')).toHaveText('仅说明字段用途，不改变权限');await page.keyboard.press('Escape');await expect(page.getByRole('tooltip')).toBeHidden();await expect(button).toBeFocused()});
2026-10-07T05:08:04.4808410Z     > 4 | test('progress distinguishes confirmed numeric value from indeterminate waiting',async({page})=>{const progress=page.getByRole('progressbar',{name:'处理进度'});await expect(progress).toHaveAttribute('aria-valuenow','32');await expect(progress).toHaveAttribute('aria-valuemax','100');await page.getByRole('checkbox',{name:'未知进度'}).check();await expect(progress).not.toHaveAttribute('aria-valuenow');await expect(page.getByRole('status',{name:'处理状态'})).toHaveText('正在处理');await expect(progress).not.toContainText('%')});
2026-10-07T05:08:04.4812127Z         |                                                                                                                                                                                    ^
2026-10-07T05:08:04.4817156Z       5 | test('skeleton is decorative and dark feedback controls remain accessible',async({page})=>{const section=page.getByRole('region',{name:'提示与等待状态'});await expect(section.getByTestId('loading-skeleton')).toHaveAttribute('aria-hidden','true');await page.getByRole('button',{name:'深色模式',exact:true}).click();await section.scrollIntoViewIfNeeded();const result=await new AxeBuilder({page}).include('[data-testid="feedback-demo"]').analyze();expect(result.violations).toEqual([]);await page.screenshot({path:'test-results/weaveos-feedback-dark.png',fullPage:false})});
2026-10-07T05:08:04.4820875Z       6 |
2026-10-07T05:08:04.4821536Z         at /home/runner/work/arca-ui/arca-ui/tests/weaveos/feedback.spec.ts:4:180
2026-10-07T05:08:04.4822095Z 
2026-10-07T05:08:04.4822886Z     attachment #1: screenshot (image/png) ──────────────────────────────────────────────────────────
2026-10-07T05:08:04.4824262Z     test-results/feedback-progress-distingu-382e6--from-indeterminate-waiting-chromium/test-failed-1.png
2026-10-07T05:08:04.4825769Z     ────────────────────────────────────────────────────────────────────────────────────────────────
2026-10-07T05:08:04.4826613Z 
2026-10-07T05:08:04.4827803Z     Error Context: test-results/feedback-progress-distingu-382e6--from-indeterminate-waiting-chromium/error-context.md
2026-10-07T05:08:04.4829013Z 
2026-10-07T05:08:04.4829790Z     attachment #3: trace (application/zip) ─────────────────────────────────────────────────────────
2026-10-07T05:08:04.4831082Z     test-results/feedback-progress-distingu-382e6--from-indeterminate-waiting-chromium/trace.zip
2026-10-07T05:08:04.4831970Z     Usage:
2026-10-07T05:08:04.4832156Z 
2026-10-07T05:08:04.4833038Z         npx playwright show-trace test-results/feedback-progress-distingu-382e6--from-indeterminate-waiting-chromium/trace.zip
2026-10-07T05:08:04.4833962Z 
2026-10-07T05:08:04.4834600Z     ────────────────────────────────────────────────────────────────────────────────────────────────
2026-10-07T05:08:04.4835096Z 
2026-10-07T05:08:04.4835993Z   3) [chromium] › tests/weaveos/feedback.spec.ts:5:1 › skeleton is decorative and dark feedback controls remain accessible 
2026-10-07T05:08:04.4836785Z 
2026-10-07T05:08:04.4837117Z     Error: expect(locator).toHaveAttribute(expected) failed
2026-10-07T05:08:04.4837749Z 
2026-10-07T05:08:04.4838354Z     Locator: getByRole('region', { name: '提示与等待状态' }).getByTestId('loading-skeleton')
2026-10-07T05:08:04.4839056Z     Expected: "true"
2026-10-07T05:08:04.4839420Z     Timeout: 5000ms
2026-10-07T05:08:04.4839827Z     Error: element(s) not found
2026-10-07T05:08:04.4840106Z 
2026-10-07T05:08:04.4840248Z     Call log:
2026-10-07T05:08:04.4841317Z       - Expect "toHaveAttribute" getByRole('region', { name: '提示与等待状态' }).getByTestId('loading-skeleton') with timeout 5000ms
2026-10-07T05:08:04.4842687Z       - waiting for getByRole('region', { name: '提示与等待状态' }).getByTestId('loading-skeleton')
2026-10-07T05:08:04.4843260Z 
2026-10-07T05:08:04.4843269Z 
2026-10-07T05:08:04.4846435Z       3 | test('tooltip opens from keyboard focus, escapes and preserves trigger focus',async({page})=>{const button=page.getByRole('button',{name:'字段说明',exact:true});await page.keyboard.press('Tab');await button.focus();await expect(page.getByRole('tooltip')).toHaveText('仅说明字段用途，不改变权限');await page.keyboard.press('Escape');await expect(page.getByRole('tooltip')).toBeHidden();await expect(button).toBeFocused()});
2026-10-07T05:08:04.4853112Z       4 | test('progress distinguishes confirmed numeric value from indeterminate waiting',async({page})=>{const progress=page.getByRole('progressbar',{name:'处理进度'});await expect(progress).toHaveAttribute('aria-valuenow','32');await expect(progress).toHaveAttribute('aria-valuemax','100');await page.getByRole('checkbox',{name:'未知进度'}).check();await expect(progress).not.toHaveAttribute('aria-valuenow');await expect(page.getByRole('status',{name:'处理状态'})).toHaveText('正在处理');await expect(progress).not.toContainText('%')});
2026-10-07T05:08:04.4860636Z     > 5 | test('skeleton is decorative and dark feedback controls remain accessible',async({page})=>{const section=page.getByRole('region',{name:'提示与等待状态'});await expect(section.getByTestId('loading-skeleton')).toHaveAttribute('aria-hidden','true');await page.getByRole('button',{name:'深色模式',exact:true}).click();await section.scrollIntoViewIfNeeded();const result=await new AxeBuilder({page}).include('[data-testid="feedback-demo"]').analyze();expect(result.violations).toEqual([]);await page.screenshot({path:'test-results/weaveos-feedback-dark.png',fullPage:false})});
2026-10-07T05:08:04.4864249Z         |                                                                                                                                                                                                          ^
2026-10-07T05:08:04.4864906Z       6 |
2026-10-07T05:08:04.4865584Z         at /home/runner/work/arca-ui/arca-ui/tests/weaveos/feedback.spec.ts:5:202
2026-10-07T05:08:04.4866157Z 
2026-10-07T05:08:04.4866975Z     attachment #1: screenshot (image/png) ──────────────────────────────────────────────────────────
2026-10-07T05:08:04.4868953Z     test-results/feedback-skeleton-is-decor-cf27f--controls-remain-accessible-chromium/test-failed-1.png
2026-10-07T05:08:04.4870779Z     ────────────────────────────────────────────────────────────────────────────────────────────────
2026-10-07T05:08:04.4871701Z 
2026-10-07T05:08:04.4872645Z     Error Context: test-results/feedback-skeleton-is-decor-cf27f--controls-remain-accessible-chromium/error-context.md
2026-10-07T05:08:04.4873604Z 
2026-10-07T05:08:04.4874401Z     attachment #3: trace (application/zip) ─────────────────────────────────────────────────────────
2026-10-07T05:08:04.4875815Z     test-results/feedback-skeleton-is-decor-cf27f--controls-remain-accessible-chromium/trace.zip
2026-10-07T05:08:04.4876788Z     Usage:
2026-10-07T05:08:04.4877004Z 
2026-10-07T05:08:04.4878188Z         npx playwright show-trace test-results/feedback-skeleton-is-decor-cf27f--controls-remain-accessible-chromium/trace.zip
2026-10-07T05:08:04.4879130Z 
2026-10-07T05:08:04.4879911Z     ────────────────────────────────────────────────────────────────────────────────────────────────
2026-10-07T05:08:04.4880514Z 
2026-10-07T05:08:04.4880615Z   3 failed
2026-10-07T05:08:04.4881404Z     [chromium] › tests/weaveos/feedback.spec.ts:3:1 › tooltip opens from keyboard focus, escapes and preserves trigger focus 
2026-10-07T05:08:04.4882906Z     [chromium] › tests/weaveos/feedback.spec.ts:4:1 › progress distinguishes confirmed numeric value from indeterminate waiting 
2026-10-07T05:08:04.4884298Z     [chromium] › tests/weaveos/feedback.spec.ts:5:1 › skeleton is decorative and dark feedback controls remain accessible 
2026-10-07T05:08:04.4884905Z   37 passed (1.3m)
2026-10-07T05:08:04.5254881Z ##[error]Process completed with exit code 1.
2026-10-07T05:08:04.5340759Z ##[group]Run actions/upload-artifact@v4
2026-10-07T05:08:04.5341072Z with:
2026-10-07T05:08:04.5341303Z   name: weaveos-browser-evidence
2026-10-07T05:08:04.5341562Z   path: test-results/
2026-10-07T05:08:04.5341787Z   retention-days: 14
2026-10-07T05:08:04.5342004Z   if-no-files-found: warn
2026-10-07T05:08:04.5342236Z   compression-level: 6
2026-10-07T05:08:04.5342458Z   overwrite: false
2026-10-07T05:08:04.5342677Z   include-hidden-files: false
2026-10-07T05:08:04.5342944Z ##[endgroup]
2026-10-07T05:08:04.7049373Z (node:4398) [DEP0040] DeprecationWarning: The `punycode` module is deprecated. Please use a userland alternative instead.
2026-10-07T05:08:04.7050908Z (Use `node --trace-deprecation ...` to show where the warning was created)
2026-10-07T05:08:04.7151565Z With the provided path, there will be 15 files uploaded
2026-10-07T05:08:04.7158336Z Artifact name is valid!
2026-10-07T05:08:04.7159073Z Root directory input is valid!
2026-10-07T05:08:05.0745472Z Beginning upload of artifact content to blob storage
2026-10-07T05:08:05.1930550Z (node:4398) [DEP0169] DeprecationWarning: `url.parse()` behavior is not standardized and prone to errors that have security implications. Use the WHATWG URL API instead. CVEs are not issued for `url.parse()` vulnerabilities.
2026-10-07T05:08:05.9802659Z Uploaded bytes 2205584
2026-10-07T05:08:06.0579242Z Finished uploading artifact content to blob storage!
2026-10-07T05:08:06.0580216Z SHA256 digest of uploaded artifact zip is da8ee0823725978d09c9fdf3f262e0ef055283473416644bbc7a89dd5a693270
2026-10-07T05:08:06.0582294Z Finalizing artifact upload
2026-10-07T05:08:06.3071089Z Artifact weaveos-browser-evidence.zip successfully finalized. Artifact ID 11462955103
2026-10-07T05:08:06.3073012Z Artifact weaveos-browser-evidence has been successfully uploaded! Final size is 2205584 bytes. Artifact ID is 11462955103
2026-10-07T05:08:06.3080320Z Artifact download URL: https://github.com/Hubujiu/arca-ui/actions/runs/37574595386/artifacts/11462955103
2026-10-07T05:08:06.3289851Z Post job cleanup.
2026-10-07T05:08:06.4148801Z [command]/usr/bin/git version
2026-10-07T05:08:06.4195464Z git version 2.55.0
2026-10-07T05:08:06.4241888Z Temporarily overriding HOME='/home/runner/work/_temp/8a4c8aba-8773-450c-9825-6fb7f23197f9' before making global git config changes
2026-10-07T05:08:06.4243704Z Adding repository directory to the temporary git global config as a safe directory
2026-10-07T05:08:06.4249155Z [command]/usr/bin/git config --global --add safe.directory /home/runner/work/arca-ui/arca-ui
2026-10-07T05:08:06.4294108Z [command]/usr/bin/git config --local --name-only --get-regexp core\.sshCommand
2026-10-07T05:08:06.4332678Z [command]/usr/bin/git submodule foreach --recursive sh -c "git config --local --name-only --get-regexp 'core\.sshCommand' && git config --local --unset-all 'core.sshCommand' || :"
2026-10-07T05:08:06.4600009Z [command]/usr/bin/git config --local --name-only --get-regexp http\.https\:\/\/github\.com\/\.extraheader
2026-10-07T05:08:06.4661544Z http.https://github.com/.extraheader
2026-10-07T05:08:06.4673584Z [command]/usr/bin/git config --local --unset-all http.https://github.com/.extraheader
2026-10-07T05:08:06.4712037Z [command]/usr/bin/git submodule foreach --recursive sh -c "git config --local --name-only --get-regexp 'http\.https\:\/\/github\.com\/\.extraheader' && git config --local --unset-all 'http.https://github.com/.extraheader' || :"
2026-10-07T05:08:06.4965630Z [command]/usr/bin/git config --local --name-only --get-regexp ^includeIf\.gitdir:
2026-10-07T05:08:06.5008191Z [command]/usr/bin/git submodule foreach --recursive git config --local --show-origin --name-only --get-regexp remote.origin.url
2026-10-07T05:08:06.5442071Z Cleaning up orphan processes
2026-10-07T05:08:06.5809492Z ##[warning]Node.js 20 is deprecated. The following actions target Node.js 20 but are being forced to run on Node.js 24: actions/checkout@v4, actions/setup-node@v4, actions/upload-artifact@v4. For more information see: https://github.blog/changelog/2025-09-19-deprecation-of-node-20-on-github-actions-runners/
