2026-10-06T10:48:56.1239454Z Current runner version: '2.337.0'
2026-10-06T10:48:56.1265850Z ##[group]Runner Image Provisioner
2026-10-06T10:48:56.1267087Z Hosted Compute Agent
2026-10-06T10:48:56.1267787Z Version: 20260901.588
2026-10-06T10:48:56.1268435Z Commit: f88ec8081b781fac6c440065ac7ff9e710ce3d0b
2026-10-06T10:48:56.1269224Z Build Date: 2026-09-01T19:56:44Z
2026-10-06T10:48:56.1269919Z Worker ID: {cf7dbc40-06c0-4ddf-b884-073aa40dc7ab}
2026-10-06T10:48:56.1270625Z Azure Region: westus3
2026-10-06T10:48:56.1271295Z ##[endgroup]
2026-10-06T10:48:56.1273017Z ##[group]Operating System
2026-10-06T10:48:56.1273758Z Ubuntu
2026-10-06T10:48:56.1274290Z 24.04.5
2026-10-06T10:48:56.1274789Z LTS
2026-10-06T10:48:56.1275403Z ##[endgroup]
2026-10-06T10:48:56.1275958Z ##[group]Runner Image
2026-10-06T10:48:56.1276585Z Image: ubuntu-24.04
2026-10-06T10:48:56.1277383Z Version: 20260927.320.1
2026-10-06T10:48:56.1278740Z Included Software: https://github.com/actions/runner-images/blob/ubuntu24/20260927.320/images/ubuntu/Ubuntu2404-Readme.md
2026-10-06T10:48:56.1280347Z Image Release: https://github.com/actions/runner-images/releases/tag/ubuntu24%2F20260927.320
2026-10-06T10:48:56.1281718Z ##[endgroup]
2026-10-06T10:48:56.1282896Z ##[group]GITHUB_TOKEN Permissions
2026-10-06T10:48:56.1285159Z Contents: read
2026-10-06T10:48:56.1285803Z Metadata: read
2026-10-06T10:48:56.1286362Z ##[endgroup]
2026-10-06T10:48:56.1289104Z Secret source: Actions
2026-10-06T10:48:56.1290156Z Cache mode: write
2026-10-06T10:48:56.1290964Z Prepare workflow directory
2026-10-06T10:48:56.1647163Z Prepare all required actions
2026-10-06T10:48:56.1696126Z Getting action download info
2026-10-06T10:48:56.5129781Z Download action repository 'actions/checkout@v4' (SHA:11d5960a326750d5838078e36cf38b85af677262)
2026-10-06T10:48:56.6085820Z Download action repository 'actions/setup-node@v4' (SHA:49933ea5288caeca8642d1e84afbd3f7d6820020)
2026-10-06T10:48:56.6945173Z Download action repository 'actions/upload-artifact@v4' (SHA:ea165f8d65b6e75b540449e92b4886f43607fa02)
2026-10-06T10:48:56.9168207Z Complete job name: browser
2026-10-06T10:48:56.9978755Z ##[group]Run actions/checkout@v4
2026-10-06T10:48:56.9979639Z with:
2026-10-06T10:48:56.9980078Z   repository: Hubujiu/arca-ui
2026-10-06T10:48:56.9984085Z   token: ***
2026-10-06T10:48:56.9984507Z   ssh-strict: true
2026-10-06T10:48:56.9984939Z   ssh-user: git
2026-10-06T10:48:56.9985374Z   persist-credentials: true
2026-10-06T10:48:56.9985854Z   clean: true
2026-10-06T10:48:56.9986288Z   sparse-checkout-cone-mode: true
2026-10-06T10:48:56.9987059Z   fetch-depth: 1
2026-10-06T10:48:56.9987502Z   fetch-tags: false
2026-10-06T10:48:56.9987936Z   show-progress: true
2026-10-06T10:48:56.9988376Z   lfs: false
2026-10-06T10:48:56.9988774Z   submodules: false
2026-10-06T10:48:56.9989206Z   set-safe-directory: true
2026-10-06T10:48:56.9989696Z   allow-unsafe-pr-checkout: false
2026-10-06T10:48:56.9990473Z ##[endgroup]
2026-10-06T10:48:57.1038876Z Syncing repository: Hubujiu/arca-ui
2026-10-06T10:48:57.1041927Z ##[group]Getting Git version info
2026-10-06T10:48:57.1043317Z Working directory is '/home/runner/work/arca-ui/arca-ui'
2026-10-06T10:48:57.1049814Z [command]/usr/bin/git version
2026-10-06T10:48:57.1169147Z git version 2.55.0
2026-10-06T10:48:57.1192162Z ##[endgroup]
2026-10-06T10:48:57.1210460Z Temporarily overriding HOME='/home/runner/work/_temp/5eee7bf5-8681-492a-b66c-f900e46288d0' before making global git config changes
2026-10-06T10:48:57.1213238Z Adding repository directory to the temporary git global config as a safe directory
2026-10-06T10:48:57.1217223Z [command]/usr/bin/git config --global --add safe.directory /home/runner/work/arca-ui/arca-ui
2026-10-06T10:48:57.1272581Z Deleting the contents of '/home/runner/work/arca-ui/arca-ui'
2026-10-06T10:48:57.1278723Z ##[group]Initializing the repository
2026-10-06T10:48:57.1284084Z [command]/usr/bin/git init /home/runner/work/arca-ui/arca-ui
2026-10-06T10:48:57.1397053Z hint: Using 'master' as the name for the initial branch. This default branch name
2026-10-06T10:48:57.1398371Z hint: will change to "main" in Git 3.0. To configure the initial branch name
2026-10-06T10:48:57.1399737Z hint: to use in all of your new repositories, which will suppress this warning,
2026-10-06T10:48:57.1400537Z hint: call:
2026-10-06T10:48:57.1401287Z hint:
2026-10-06T10:48:57.1401839Z hint: 	git config --global init.defaultBranch <name>
2026-10-06T10:48:57.1402494Z hint:
2026-10-06T10:48:57.1403110Z hint: Names commonly chosen instead of 'master' are 'main', 'trunk' and
2026-10-06T10:48:57.1404104Z hint: 'development'. The just-created branch can be renamed via this command:
2026-10-06T10:48:57.1404898Z hint:
2026-10-06T10:48:57.1405335Z hint: 	git branch -m <name>
2026-10-06T10:48:57.1405839Z hint:
2026-10-06T10:48:57.1406500Z hint: Disable this message with "git config set advice.defaultBranchName false"
2026-10-06T10:48:57.1411775Z Initialized empty Git repository in /home/runner/work/arca-ui/arca-ui/.git/
2026-10-06T10:48:57.1437972Z [command]/usr/bin/git remote add origin https://github.com/Hubujiu/arca-ui
2026-10-06T10:48:57.1493449Z ##[endgroup]
2026-10-06T10:48:57.1494830Z ##[group]Disabling automatic garbage collection
2026-10-06T10:48:57.1498869Z [command]/usr/bin/git config --local gc.auto 0
2026-10-06T10:48:57.1535122Z ##[endgroup]
2026-10-06T10:48:57.1536948Z ##[group]Setting up auth
2026-10-06T10:48:57.1544536Z [command]/usr/bin/git config --local --name-only --get-regexp core\.sshCommand
2026-10-06T10:48:57.1588277Z [command]/usr/bin/git submodule foreach --recursive sh -c "git config --local --name-only --get-regexp 'core\.sshCommand' && git config --local --unset-all 'core.sshCommand' || :"
2026-10-06T10:48:57.2026203Z [command]/usr/bin/git config --local --name-only --get-regexp http\.https\:\/\/github\.com\/\.extraheader
2026-10-06T10:48:57.2065847Z [command]/usr/bin/git submodule foreach --recursive sh -c "git config --local --name-only --get-regexp 'http\.https\:\/\/github\.com\/\.extraheader' && git config --local --unset-all 'http.https://github.com/.extraheader' || :"
2026-10-06T10:48:57.2330482Z [command]/usr/bin/git config --local --name-only --get-regexp ^includeIf\.gitdir:
2026-10-06T10:48:57.2386252Z [command]/usr/bin/git submodule foreach --recursive git config --local --show-origin --name-only --get-regexp remote.origin.url
2026-10-06T10:48:57.2623400Z [command]/usr/bin/git config --local http.https://github.com/.extraheader AUTHORIZATION: basic ***
2026-10-06T10:48:57.2670014Z ##[endgroup]
2026-10-06T10:48:57.2671578Z ##[group]Fetching the repository
2026-10-06T10:48:57.2682692Z [command]/usr/bin/git -c protocol.version=2 fetch --no-tags --prune --no-recurse-submodules --depth=1 origin +37fadacfc8e8d97460eb1c7d39b2e8cb9e0a5e1e:refs/remotes/origin/task/V030-042-weaveos-components
2026-10-06T10:48:58.2894403Z From https://github.com/Hubujiu/arca-ui
2026-10-06T10:48:58.2898534Z  * [new ref]         37fadacfc8e8d97460eb1c7d39b2e8cb9e0a5e1e -> origin/task/V030-042-weaveos-components
2026-10-06T10:48:58.2906048Z ##[endgroup]
2026-10-06T10:48:58.2909133Z ##[group]Determining the checkout info
2026-10-06T10:48:58.2912368Z ##[endgroup]
2026-10-06T10:48:58.2914343Z [command]/usr/bin/git sparse-checkout disable
2026-10-06T10:48:58.2967313Z [command]/usr/bin/git config --local --unset-all extensions.worktreeConfig
2026-10-06T10:48:58.3002712Z ##[group]Checking out the ref
2026-10-06T10:48:58.3007817Z [command]/usr/bin/git checkout --progress --force -B task/V030-042-weaveos-components refs/remotes/origin/task/V030-042-weaveos-components
2026-10-06T10:48:58.3702739Z Switched to a new branch 'task/V030-042-weaveos-components'
2026-10-06T10:48:58.3707329Z branch 'task/V030-042-weaveos-components' set up to track 'origin/task/V030-042-weaveos-components'.
2026-10-06T10:48:58.3716414Z ##[endgroup]
2026-10-06T10:48:58.3763723Z [command]/usr/bin/git log -1 --format=%H
2026-10-06T10:48:58.3790656Z 37fadacfc8e8d97460eb1c7d39b2e8cb9e0a5e1e
2026-10-06T10:48:58.4280756Z ##[group]Run actions/setup-node@v4
2026-10-06T10:48:58.4282050Z with:
2026-10-06T10:48:58.4282974Z   node-version: 24.19.0
2026-10-06T10:48:58.4284008Z   cache: npm
2026-10-06T10:48:58.4285138Z   always-auth: false
2026-10-06T10:48:58.4286164Z   check-latest: false
2026-10-06T10:48:58.4297763Z   token: ***
2026-10-06T10:48:58.4298734Z ##[endgroup]
2026-10-06T10:48:58.5736548Z Attempting to download 24.19.0...
2026-10-06T10:48:58.5849786Z (node:2335) [DEP0040] DeprecationWarning: The `punycode` module is deprecated. Please use a userland alternative instead.
2026-10-06T10:48:58.5852937Z (Use `node --trace-deprecation ...` to show where the warning was created)
2026-10-06T10:48:59.5851943Z Acquiring 24.19.0 - x64 from https://github.com/actions/node-versions/releases/download/24.19.0-30872449280/node-24.19.0-linux-x64.tar.gz
2026-10-06T10:49:00.1745667Z Extracting ...
2026-10-06T10:49:00.1916185Z [command]/usr/bin/tar xz --strip 1 --warning=no-unknown-keyword --overwrite -C /home/runner/work/_temp/76e84f8b-a939-49e8-985f-da9ef8553585 -f /home/runner/work/_temp/03ba1773-0493-4dea-a9a9-40b85f2f72a9
2026-10-06T10:49:01.4225000Z Adding to the cache ...
2026-10-06T10:49:03.4724758Z ##[group]Environment details
2026-10-06T10:49:03.7064287Z node: v24.19.0
2026-10-06T10:49:03.7065018Z npm: 11.17.0
2026-10-06T10:49:03.7065480Z yarn: 1.22.22
2026-10-06T10:49:03.7066380Z ##[endgroup]
2026-10-06T10:49:03.7089286Z [command]/opt/hostedtoolcache/node/24.19.0/x64/bin/npm config get cache
2026-10-06T10:49:03.8036275Z /home/runner/.npm
2026-10-06T10:49:04.0082068Z npm cache is not found
2026-10-06T10:49:04.0252272Z ##[group]Run npm ci --ignore-scripts
2026-10-06T10:49:04.0252665Z [36;1mnpm ci --ignore-scripts[0m
2026-10-06T10:49:04.0523835Z shell: /usr/bin/bash -e {0}
2026-10-06T10:49:04.0524274Z ##[endgroup]
2026-10-06T10:49:23.4437843Z 
2026-10-06T10:49:23.4448165Z added 517 packages, and audited 518 packages in 19s
2026-10-06T10:49:23.4448715Z 
2026-10-06T10:49:23.4449054Z 163 packages are looking for funding
2026-10-06T10:49:23.4449587Z   run `npm fund` for details
2026-10-06T10:49:23.4511570Z 
2026-10-06T10:49:23.4512311Z 7 high severity vulnerabilities
2026-10-06T10:49:23.4512711Z 
2026-10-06T10:49:23.4513137Z To address issues that do not require attention, run:
2026-10-06T10:49:23.4513803Z   npm audit fix
2026-10-06T10:49:23.4514051Z 
2026-10-06T10:49:23.4514495Z To address all issues (including breaking changes), run:
2026-10-06T10:49:23.4515186Z   npm audit fix --force
2026-10-06T10:49:23.4515473Z 
2026-10-06T10:49:23.4515728Z Run `npm audit` for details.
2026-10-06T10:49:23.5205490Z ##[group]Run npx playwright install --with-deps chromium
2026-10-06T10:49:23.5205987Z [36;1mnpx playwright install --with-deps chromium[0m
2026-10-06T10:49:23.5275448Z shell: /usr/bin/bash -e {0}
2026-10-06T10:49:23.5275774Z ##[endgroup]
2026-10-06T10:49:24.2910979Z Installing dependencies...
2026-10-06T10:49:24.2995053Z Switching to root user to install dependencies...
2026-10-06T10:49:24.3833198Z Get:1 file:/etc/apt/apt-mirrors.txt Mirrorlist [144 B]
2026-10-06T10:49:24.4150853Z Hit:2 http://azure.archive.ubuntu.com/ubuntu noble InRelease
2026-10-06T10:49:24.4152370Z Get:6 https://packages.microsoft.com/ubuntu/24.04/prod noble InRelease [3600 B]
2026-10-06T10:49:24.4161347Z Get:3 http://azure.archive.ubuntu.com/ubuntu noble-updates InRelease [126 kB]
2026-10-06T10:49:24.4196516Z Get:4 http://azure.archive.ubuntu.com/ubuntu noble-backports InRelease [126 kB]
2026-10-06T10:49:24.4218451Z Get:5 http://azure.archive.ubuntu.com/ubuntu noble-security InRelease [126 kB]
2026-10-06T10:49:24.5459508Z Get:7 https://packages.microsoft.com/ubuntu/24.04/prod noble/main arm64 Packages [458 kB]
2026-10-06T10:49:24.5578073Z Get:8 https://packages.microsoft.com/ubuntu/24.04/prod noble/main amd64 Packages [515 kB]
2026-10-06T10:49:24.5621686Z Get:9 https://packages.microsoft.com/ubuntu/24.04/prod noble/main armhf Packages [12.6 kB]
2026-10-06T10:49:24.5974351Z Get:10 http://azure.archive.ubuntu.com/ubuntu noble-updates/main amd64 Packages [1370 kB]
2026-10-06T10:49:24.6055905Z Get:11 http://azure.archive.ubuntu.com/ubuntu noble-updates/main Translation-en [305 kB]
2026-10-06T10:49:24.6068109Z Get:12 http://azure.archive.ubuntu.com/ubuntu noble-updates/main amd64 Components [181 kB]
2026-10-06T10:49:24.6081346Z Get:13 http://azure.archive.ubuntu.com/ubuntu noble-updates/universe amd64 Packages [1701 kB]
2026-10-06T10:49:24.6160780Z Get:14 http://azure.archive.ubuntu.com/ubuntu noble-updates/universe Translation-en [341 kB]
2026-10-06T10:49:24.6179721Z Get:15 http://azure.archive.ubuntu.com/ubuntu noble-updates/universe amd64 Components [388 kB]
2026-10-06T10:49:24.6202077Z Get:16 http://azure.archive.ubuntu.com/ubuntu noble-updates/restricted amd64 Packages [1728 kB]
2026-10-06T10:49:24.6280843Z Get:17 http://azure.archive.ubuntu.com/ubuntu noble-updates/restricted Translation-en [395 kB]
2026-10-06T10:49:24.6302436Z Get:18 http://azure.archive.ubuntu.com/ubuntu noble-updates/multiverse Translation-en [13.3 kB]
2026-10-06T10:49:24.6308759Z Get:19 http://azure.archive.ubuntu.com/ubuntu noble-updates/multiverse amd64 Components [940 B]
2026-10-06T10:49:24.7030405Z Get:20 http://azure.archive.ubuntu.com/ubuntu noble-backports/main amd64 Components [5764 B]
2026-10-06T10:49:24.7041523Z Get:21 http://azure.archive.ubuntu.com/ubuntu noble-backports/universe amd64 Components [12.6 kB]
2026-10-06T10:49:24.7162112Z Get:22 http://azure.archive.ubuntu.com/ubuntu noble-security/main amd64 Packages [1071 kB]
2026-10-06T10:49:24.7298375Z Get:23 http://azure.archive.ubuntu.com/ubuntu noble-security/main Translation-en [222 kB]
2026-10-06T10:49:24.7312521Z Get:24 http://azure.archive.ubuntu.com/ubuntu noble-security/main amd64 Components [46.4 kB]
2026-10-06T10:49:24.7321117Z Get:25 http://azure.archive.ubuntu.com/ubuntu noble-security/universe amd64 Packages [1216 kB]
2026-10-06T10:49:24.7383530Z Get:26 http://azure.archive.ubuntu.com/ubuntu noble-security/universe Translation-en [244 kB]
2026-10-06T10:49:24.7428382Z Get:27 http://azure.archive.ubuntu.com/ubuntu noble-security/universe amd64 Components [76.3 kB]
2026-10-06T10:49:24.7429954Z Get:28 http://azure.archive.ubuntu.com/ubuntu noble-security/restricted amd64 Packages [1566 kB]
2026-10-06T10:49:24.7482330Z Get:29 http://azure.archive.ubuntu.com/ubuntu noble-security/restricted Translation-en [361 kB]
2026-10-06T10:49:29.4304596Z Fetched 12.6 MB in 1s (9279 kB/s)
2026-10-06T10:49:30.3853103Z Reading package lists...
2026-10-06T10:49:30.4092655Z Reading package lists...
2026-10-06T10:49:30.5772488Z Building dependency tree...
2026-10-06T10:49:30.5780181Z Reading state information...
2026-10-06T10:49:30.7132616Z libasound2t64 is already the newest version (1.2.11-1ubuntu0.3).
2026-10-06T10:49:30.7133895Z libasound2t64 set to manually installed.
2026-10-06T10:49:30.7134697Z libatk-bridge2.0-0t64 is already the newest version (2.52.0-1build1).
2026-10-06T10:49:30.7135471Z libatk-bridge2.0-0t64 set to manually installed.
2026-10-06T10:49:30.7136500Z libatk1.0-0t64 is already the newest version (2.52.0-1build1).
2026-10-06T10:49:30.7137623Z libatk1.0-0t64 set to manually installed.
2026-10-06T10:49:30.7138260Z libatspi2.0-0t64 is already the newest version (2.52.0-1build1).
2026-10-06T10:49:30.7138912Z libatspi2.0-0t64 set to manually installed.
2026-10-06T10:49:30.7139502Z libcairo2 is already the newest version (1.18.0-3build1).
2026-10-06T10:49:30.7140054Z libcairo2 set to manually installed.
2026-10-06T10:49:30.7140663Z libcups2t64 is already the newest version (2.4.7-1.2ubuntu7.14).
2026-10-06T10:49:30.7141439Z libcups2t64 set to manually installed.
2026-10-06T10:49:30.7142419Z libdbus-1-3 is already the newest version (1.14.10-4ubuntu4.1).
2026-10-06T10:49:30.7143369Z libdbus-1-3 set to manually installed.
2026-10-06T10:49:30.7144372Z libdrm2 is already the newest version (2.4.125-1ubuntu0.1~24.04.2).
2026-10-06T10:49:30.7145330Z libdrm2 set to manually installed.
2026-10-06T10:49:30.7146445Z libglib2.0-0t64 is already the newest version (2.80.0-6ubuntu3.9).
2026-10-06T10:49:30.7147657Z libglib2.0-0t64 set to manually installed.
2026-10-06T10:49:30.7148461Z libnspr4 is already the newest version (2:4.35-1.1build1).
2026-10-06T10:49:30.7149099Z libnspr4 set to manually installed.
2026-10-06T10:49:30.7149832Z libnss3 is already the newest version (2:3.98-1ubuntu0.2).
2026-10-06T10:49:30.7150209Z libnss3 set to manually installed.
2026-10-06T10:49:30.7150625Z libpango-1.0-0 is already the newest version (1.52.1+ds-1build1).
2026-10-06T10:49:30.7151034Z libpango-1.0-0 set to manually installed.
2026-10-06T10:49:30.7151858Z libx11-6 is already the newest version (2:1.8.7-1build1).
2026-10-06T10:49:30.7152529Z libx11-6 set to manually installed.
2026-10-06T10:49:30.7153198Z libxcb1 is already the newest version (1.15-1ubuntu2).
2026-10-06T10:49:30.7153904Z libxcb1 set to manually installed.
2026-10-06T10:49:30.7154527Z libxcomposite1 is already the newest version (1:0.4.5-1build3).
2026-10-06T10:49:30.7154951Z libxcomposite1 set to manually installed.
2026-10-06T10:49:30.7155384Z libxdamage1 is already the newest version (1:1.1.6-1build1).
2026-10-06T10:49:30.7155787Z libxdamage1 set to manually installed.
2026-10-06T10:49:30.7156182Z libxext6 is already the newest version (2:1.3.4-1build2).
2026-10-06T10:49:30.7157042Z libxext6 set to manually installed.
2026-10-06T10:49:30.7157824Z libxfixes3 is already the newest version (1:6.0.0-2build1).
2026-10-06T10:49:30.7158545Z libxfixes3 set to manually installed.
2026-10-06T10:49:30.7159055Z libxkbcommon0 is already the newest version (1.6.0-1build1).
2026-10-06T10:49:30.7159460Z libxkbcommon0 set to manually installed.
2026-10-06T10:49:30.7159874Z libxrandr2 is already the newest version (2:1.5.2-2build1).
2026-10-06T10:49:30.7160258Z libxrandr2 set to manually installed.
2026-10-06T10:49:30.7160659Z xvfb is already the newest version (2:21.1.12-1ubuntu1.8).
2026-10-06T10:49:30.7161194Z fonts-noto-color-emoji is already the newest version (2.047-0ubuntu0.24.04.1).
2026-10-06T10:49:30.7161770Z libfontconfig1 is already the newest version (2.15.0-1.1ubuntu2).
2026-10-06T10:49:30.7162196Z libfontconfig1 set to manually installed.
2026-10-06T10:49:30.7162644Z libfreetype6 is already the newest version (2.13.2+dfsg-1ubuntu0.1).
2026-10-06T10:49:30.7163069Z libfreetype6 set to manually installed.
2026-10-06T10:49:30.7163488Z fonts-liberation is already the newest version (1:2.1.5-3).
2026-10-06T10:49:30.7163911Z fonts-liberation set to manually installed.
2026-10-06T10:49:30.7164325Z The following additional packages will be installed:
2026-10-06T10:49:30.7165264Z   libgl1-mesa-dri libglx-mesa0 mesa-libgallium xfonts-encodings xfonts-utils
2026-10-06T10:49:30.7166327Z Recommended packages:
2026-10-06T10:49:30.7167092Z   fonts-ipafont-mincho fonts-tlwg-loma
2026-10-06T10:49:30.7332128Z The following NEW packages will be installed:
2026-10-06T10:49:30.7332993Z   fonts-freefont-ttf fonts-ipafont-gothic fonts-tlwg-loma-otf fonts-unifont
2026-10-06T10:49:30.7337694Z   fonts-wqy-zenhei xfonts-cyrillic xfonts-encodings xfonts-scalable
2026-10-06T10:49:30.7338164Z   xfonts-utils
2026-10-06T10:49:30.7341785Z The following packages will be upgraded:
2026-10-06T10:49:30.7346200Z   libgbm1 libgl1-mesa-dri libglx-mesa0 mesa-libgallium
2026-10-06T10:49:30.7509120Z 4 upgraded, 9 newly installed, 0 to remove and 21 not upgraded.
2026-10-06T10:49:30.7509952Z Need to get 32.1 MB of archives.
2026-10-06T10:49:30.7510738Z After this operation, 79.5 MB of additional disk space will be used.
2026-10-06T10:49:30.7511635Z Get:1 file:/etc/apt/apt-mirrors.txt Mirrorlist [144 B]
2026-10-06T10:49:30.8313871Z Get:2 http://azure.archive.ubuntu.com/ubuntu noble/universe amd64 fonts-ipafont-gothic all 00303-21ubuntu1 [3513 kB]
2026-10-06T10:49:30.9728661Z Get:3 http://azure.archive.ubuntu.com/ubuntu noble/main amd64 fonts-freefont-ttf all 20211204+svn4273-2 [5641 kB]
2026-10-06T10:49:31.1567115Z Get:4 http://azure.archive.ubuntu.com/ubuntu noble/universe amd64 fonts-tlwg-loma-otf all 1:0.7.3-1 [107 kB]
2026-10-06T10:49:31.2229942Z Get:5 http://azure.archive.ubuntu.com/ubuntu noble/universe amd64 fonts-unifont all 1:15.1.01-1build1 [2993 kB]
2026-10-06T10:49:31.3496099Z Get:6 http://azure.archive.ubuntu.com/ubuntu noble/universe amd64 fonts-wqy-zenhei all 0.9.45-8 [7472 kB]
2026-10-06T10:49:31.5784384Z Get:7 http://azure.archive.ubuntu.com/ubuntu noble-updates/main amd64 libgl1-mesa-dri amd64 25.2.8-0ubuntu0.24.04.4 [38.0 kB]
2026-10-06T10:49:31.6439445Z Get:8 http://azure.archive.ubuntu.com/ubuntu noble-updates/main amd64 libglx-mesa0 amd64 25.2.8-0ubuntu0.24.04.4 [110 kB]
2026-10-06T10:49:31.7103291Z Get:9 http://azure.archive.ubuntu.com/ubuntu noble-updates/main amd64 libgbm1 amd64 25.2.8-0ubuntu0.24.04.4 [34.2 kB]
2026-10-06T10:49:31.7757178Z Get:10 http://azure.archive.ubuntu.com/ubuntu noble-updates/main amd64 mesa-libgallium amd64 25.2.8-0ubuntu0.24.04.4 [10.8 MB]
2026-10-06T10:49:32.0835952Z Get:11 http://azure.archive.ubuntu.com/ubuntu noble/main amd64 xfonts-encodings all 1:1.0.5-0ubuntu2 [578 kB]
2026-10-06T10:49:32.1634113Z Get:12 http://azure.archive.ubuntu.com/ubuntu noble/main amd64 xfonts-utils amd64 1:7.7+6build3 [94.4 kB]
2026-10-06T10:49:32.2305549Z Get:13 http://azure.archive.ubuntu.com/ubuntu noble/universe amd64 xfonts-cyrillic all 1:1.0.5+nmu1 [384 kB]
2026-10-06T10:49:32.3015441Z Get:14 http://azure.archive.ubuntu.com/ubuntu noble/main amd64 xfonts-scalable all 1:1.0.3-1.3 [304 kB]
2026-10-06T10:49:32.5776194Z Fetched 32.1 MB in 2s (20.4 MB/s)
2026-10-06T10:49:32.6022316Z Selecting previously unselected package fonts-ipafont-gothic.
2026-10-06T10:49:32.6308709Z (Reading database ... 
2026-10-06T10:49:32.6309352Z (Reading database ... 5%
2026-10-06T10:49:32.6309743Z (Reading database ... 10%
2026-10-06T10:49:32.6310100Z (Reading database ... 15%
2026-10-06T10:49:32.6310422Z (Reading database ... 20%
2026-10-06T10:49:32.6310772Z (Reading database ... 25%
2026-10-06T10:49:32.6311123Z (Reading database ... 30%
2026-10-06T10:49:32.6311453Z (Reading database ... 35%
2026-10-06T10:49:32.6311795Z (Reading database ... 40%
2026-10-06T10:49:32.6312116Z (Reading database ... 45%
2026-10-06T10:49:32.6312449Z (Reading database ... 50%
2026-10-06T10:49:32.6347657Z (Reading database ... 55%
2026-10-06T10:49:32.7544235Z (Reading database ... 60%
2026-10-06T10:49:32.9453133Z (Reading database ... 65%
2026-10-06T10:49:33.1535531Z (Reading database ... 70%
2026-10-06T10:49:33.3401579Z (Reading database ... 75%
2026-10-06T10:49:33.4979453Z (Reading database ... 80%
2026-10-06T10:49:33.7030188Z (Reading database ... 85%
2026-10-06T10:49:33.8963993Z (Reading database ... 90%
2026-10-06T10:49:34.0527101Z (Reading database ... 95%
2026-10-06T10:49:34.0528187Z (Reading database ... 100%
2026-10-06T10:49:34.0529175Z (Reading database ... 202296 files and directories currently installed.)
2026-10-06T10:49:34.0568644Z Preparing to unpack .../00-fonts-ipafont-gothic_00303-21ubuntu1_all.deb ...
2026-10-06T10:49:34.0664775Z Unpacking fonts-ipafont-gothic (00303-21ubuntu1) ...
2026-10-06T10:49:34.2965813Z Selecting previously unselected package fonts-freefont-ttf.
2026-10-06T10:49:34.3092440Z Preparing to unpack .../01-fonts-freefont-ttf_20211204+svn4273-2_all.deb ...
2026-10-06T10:49:34.3101749Z Unpacking fonts-freefont-ttf (20211204+svn4273-2) ...
2026-10-06T10:49:34.3892248Z Selecting previously unselected package fonts-tlwg-loma-otf.
2026-10-06T10:49:34.4020866Z Preparing to unpack .../02-fonts-tlwg-loma-otf_1%3a0.7.3-1_all.deb ...
2026-10-06T10:49:34.4029860Z Unpacking fonts-tlwg-loma-otf (1:0.7.3-1) ...
2026-10-06T10:49:34.4237974Z Selecting previously unselected package fonts-unifont.
2026-10-06T10:49:34.4365595Z Preparing to unpack .../03-fonts-unifont_1%3a15.1.01-1build1_all.deb ...
2026-10-06T10:49:34.4373497Z Unpacking fonts-unifont (1:15.1.01-1build1) ...
2026-10-06T10:49:34.5445449Z Selecting previously unselected package fonts-wqy-zenhei.
2026-10-06T10:49:34.5572427Z Preparing to unpack .../04-fonts-wqy-zenhei_0.9.45-8_all.deb ...
2026-10-06T10:49:34.5668160Z Unpacking fonts-wqy-zenhei (0.9.45-8) ...
2026-10-06T10:49:35.0523726Z Preparing to unpack .../05-libgl1-mesa-dri_25.2.8-0ubuntu0.24.04.4_amd64.deb ...
2026-10-06T10:49:35.0670612Z Unpacking libgl1-mesa-dri:amd64 (25.2.8-0ubuntu0.24.04.4) over (25.2.8-0ubuntu0.24.04.2) ...
2026-10-06T10:49:35.1164024Z Preparing to unpack .../06-libglx-mesa0_25.2.8-0ubuntu0.24.04.4_amd64.deb ...
2026-10-06T10:49:35.1197544Z Unpacking libglx-mesa0:amd64 (25.2.8-0ubuntu0.24.04.4) over (25.2.8-0ubuntu0.24.04.2) ...
2026-10-06T10:49:35.1553211Z Preparing to unpack .../07-libgbm1_25.2.8-0ubuntu0.24.04.4_amd64.deb ...
2026-10-06T10:49:35.1578814Z Unpacking libgbm1:amd64 (25.2.8-0ubuntu0.24.04.4) over (25.2.8-0ubuntu0.24.04.2) ...
2026-10-06T10:49:35.1940322Z Preparing to unpack .../08-mesa-libgallium_25.2.8-0ubuntu0.24.04.4_amd64.deb ...
2026-10-06T10:49:35.1964148Z Unpacking mesa-libgallium:amd64 (25.2.8-0ubuntu0.24.04.4) over (25.2.8-0ubuntu0.24.04.2) ...
2026-10-06T10:49:35.3685387Z Selecting previously unselected package xfonts-encodings.
2026-10-06T10:49:35.3808910Z Preparing to unpack .../09-xfonts-encodings_1%3a1.0.5-0ubuntu2_all.deb ...
2026-10-06T10:49:35.3816015Z Unpacking xfonts-encodings (1:1.0.5-0ubuntu2) ...
2026-10-06T10:49:35.4091012Z Selecting previously unselected package xfonts-utils.
2026-10-06T10:49:35.4214867Z Preparing to unpack .../10-xfonts-utils_1%3a7.7+6build3_amd64.deb ...
2026-10-06T10:49:35.4222199Z Unpacking xfonts-utils (1:7.7+6build3) ...
2026-10-06T10:49:35.4567211Z Selecting previously unselected package xfonts-cyrillic.
2026-10-06T10:49:35.4690133Z Preparing to unpack .../11-xfonts-cyrillic_1%3a1.0.5+nmu1_all.deb ...
2026-10-06T10:49:35.4696660Z Unpacking xfonts-cyrillic (1:1.0.5+nmu1) ...
2026-10-06T10:49:35.5027088Z Selecting previously unselected package xfonts-scalable.
2026-10-06T10:49:35.5151264Z Preparing to unpack .../12-xfonts-scalable_1%3a1.0.3-1.3_all.deb ...
2026-10-06T10:49:35.5190979Z Unpacking xfonts-scalable (1:1.0.3-1.3) ...
2026-10-06T10:49:35.5611646Z Setting up mesa-libgallium:amd64 (25.2.8-0ubuntu0.24.04.4) ...
2026-10-06T10:49:35.5632836Z Setting up libgbm1:amd64 (25.2.8-0ubuntu0.24.04.4) ...
2026-10-06T10:49:35.5650549Z Setting up libgl1-mesa-dri:amd64 (25.2.8-0ubuntu0.24.04.4) ...
2026-10-06T10:49:35.5720416Z Setting up fonts-wqy-zenhei (0.9.45-8) ...
2026-10-06T10:49:35.5830384Z Setting up fonts-freefont-ttf (20211204+svn4273-2) ...
2026-10-06T10:49:35.5847841Z Setting up fonts-tlwg-loma-otf (1:0.7.3-1) ...
2026-10-06T10:49:35.5864242Z Setting up xfonts-encodings (1:1.0.5-0ubuntu2) ...
2026-10-06T10:49:35.5882171Z Setting up fonts-ipafont-gothic (00303-21ubuntu1) ...
2026-10-06T10:49:35.5946225Z update-alternatives: using /usr/share/fonts/opentype/ipafont-gothic/ipag.ttf to provide /usr/share/fonts/truetype/fonts-japanese-gothic.ttf (fonts-japanese-gothic.ttf) in auto mode
2026-10-06T10:49:35.5962033Z Setting up fonts-unifont (1:15.1.01-1build1) ...
2026-10-06T10:49:35.5980397Z Setting up libglx-mesa0:amd64 (25.2.8-0ubuntu0.24.04.4) ...
2026-10-06T10:49:35.5998157Z Setting up xfonts-utils (1:7.7+6build3) ...
2026-10-06T10:49:35.6035587Z Setting up xfonts-cyrillic (1:1.0.5+nmu1) ...
2026-10-06T10:49:35.6326178Z Setting up xfonts-scalable (1:1.0.3-1.3) ...
2026-10-06T10:49:35.6596476Z Processing triggers for libc-bin (2.39-0ubuntu8.9) ...
2026-10-06T10:49:35.6905446Z Processing triggers for man-db (2.12.0-4build2) ...
2026-10-06T10:49:35.6925798Z Not building database; man-db/auto-update is not 'true'.
2026-10-06T10:49:35.6937116Z Processing triggers for fontconfig (2.15.0-1.1ubuntu2) ...
2026-10-06T10:49:37.1846619Z 
2026-10-06T10:49:37.1849310Z Running kernel seems to be up-to-date.
2026-10-06T10:49:37.1849809Z 
2026-10-06T10:49:37.1850152Z No services need to be restarted.
2026-10-06T10:49:37.1850564Z 
2026-10-06T10:49:37.1850936Z No containers need to be restarted.
2026-10-06T10:49:37.1851355Z 
2026-10-06T10:49:37.1851778Z No user sessions are running outdated binaries.
2026-10-06T10:49:37.1852286Z 
2026-10-06T10:49:37.1852967Z No VM guests are running outdated hypervisor (qemu) binaries on this host.
2026-10-06T10:49:38.1043205Z Downloading Chrome for Testing 153.0.8010.12 (playwright chromium v1243) from https://cdn.playwright.dev/builds/cft/153.0.8010.12/linux64/chrome-linux64.zip
2026-10-06T10:49:38.5264318Z |                                                                                |   0% of 186.8 MiB
2026-10-06T10:49:38.7231084Z |■■■■■■■■                                                                        |  10% of 186.8 MiB
2026-10-06T10:49:38.8126134Z |■■■■■■■■■■■■■■■■                                                                |  20% of 186.8 MiB
2026-10-06T10:49:38.9041802Z |■■■■■■■■■■■■■■■■■■■■■■■■                                                        |  30% of 186.8 MiB
2026-10-06T10:49:38.9760927Z |■■■■■■■■■■■■■■■■■■■■■■■■■■■■■■■■                                                |  40% of 186.8 MiB
2026-10-06T10:49:39.0625087Z |■■■■■■■■■■■■■■■■■■■■■■■■■■■■■■■■■■■■■■■■                                        |  50% of 186.8 MiB
2026-10-06T10:49:39.1338567Z |■■■■■■■■■■■■■■■■■■■■■■■■■■■■■■■■■■■■■■■■■■■■■■■■                                |  60% of 186.8 MiB
2026-10-06T10:49:39.2066041Z |■■■■■■■■■■■■■■■■■■■■■■■■■■■■■■■■■■■■■■■■■■■■■■■■■■■■■■■■                        |  70% of 186.8 MiB
2026-10-06T10:49:39.3043894Z |■■■■■■■■■■■■■■■■■■■■■■■■■■■■■■■■■■■■■■■■■■■■■■■■■■■■■■■■■■■■■■■■                |  80% of 186.8 MiB
2026-10-06T10:49:39.3775591Z |■■■■■■■■■■■■■■■■■■■■■■■■■■■■■■■■■■■■■■■■■■■■■■■■■■■■■■■■■■■■■■■■■■■■■■■■        |  90% of 186.8 MiB
2026-10-06T10:49:39.4698486Z |■■■■■■■■■■■■■■■■■■■■■■■■■■■■■■■■■■■■■■■■■■■■■■■■■■■■■■■■■■■■■■■■■■■■■■■■■■■■■■■■| 100% of 186.8 MiB
2026-10-06T10:49:42.5481497Z Chrome for Testing 153.0.8010.12 (playwright chromium v1243) downloaded to /home/runner/.cache/ms-playwright/chromium-1243
2026-10-06T10:49:42.5485346Z Downloading FFmpeg (playwright ffmpeg v1011) from https://cdn.playwright.dev/dbazure/download/playwright/builds/ffmpeg/1011/ffmpeg-linux.zip
2026-10-06T10:49:42.9238706Z |                                                                                |   0% of 2.3 MiB
2026-10-06T10:49:42.9279337Z |■■■■■■■■                                                                        |  10% of 2.3 MiB
2026-10-06T10:49:42.9306142Z |■■■■■■■■■■■■■■■■                                                                |  20% of 2.3 MiB
2026-10-06T10:49:42.9333322Z |■■■■■■■■■■■■■■■■■■■■■■■■                                                        |  30% of 2.3 MiB
2026-10-06T10:49:42.9353840Z |■■■■■■■■■■■■■■■■■■■■■■■■■■■■■■■■                                                |  40% of 2.3 MiB
2026-10-06T10:49:42.9373546Z |■■■■■■■■■■■■■■■■■■■■■■■■■■■■■■■■■■■■■■■■                                        |  50% of 2.3 MiB
2026-10-06T10:49:42.9388010Z |■■■■■■■■■■■■■■■■■■■■■■■■■■■■■■■■■■■■■■■■■■■■■■■■                                |  60% of 2.3 MiB
2026-10-06T10:49:42.9410128Z |■■■■■■■■■■■■■■■■■■■■■■■■■■■■■■■■■■■■■■■■■■■■■■■■■■■■■■■■                        |  70% of 2.3 MiB
2026-10-06T10:49:42.9429389Z |■■■■■■■■■■■■■■■■■■■■■■■■■■■■■■■■■■■■■■■■■■■■■■■■■■■■■■■■■■■■■■■■                |  80% of 2.3 MiB
2026-10-06T10:49:42.9441619Z |■■■■■■■■■■■■■■■■■■■■■■■■■■■■■■■■■■■■■■■■■■■■■■■■■■■■■■■■■■■■■■■■■■■■■■■■        |  90% of 2.3 MiB
2026-10-06T10:49:42.9452762Z |■■■■■■■■■■■■■■■■■■■■■■■■■■■■■■■■■■■■■■■■■■■■■■■■■■■■■■■■■■■■■■■■■■■■■■■■■■■■■■■■| 100% of 2.3 MiB
2026-10-06T10:49:43.0055015Z FFmpeg (playwright ffmpeg v1011) downloaded to /home/runner/.cache/ms-playwright/ffmpeg-1011
2026-10-06T10:49:43.0058433Z Downloading Chrome Headless Shell 153.0.8010.12 (playwright chromium-headless-shell v1243) from https://cdn.playwright.dev/builds/cft/153.0.8010.12/linux64/chrome-headless-shell-linux64.zip
2026-10-06T10:49:43.4167057Z |                                                                                |   0% of 114.3 MiB
2026-10-06T10:49:43.5614147Z |■■■■■■■■                                                                        |  10% of 114.3 MiB
2026-10-06T10:49:43.6264716Z |■■■■■■■■■■■■■■■■                                                                |  20% of 114.3 MiB
2026-10-06T10:49:43.6783042Z |■■■■■■■■■■■■■■■■■■■■■■■■                                                        |  30% of 114.3 MiB
2026-10-06T10:49:43.7342728Z |■■■■■■■■■■■■■■■■■■■■■■■■■■■■■■■■                                                |  40% of 114.3 MiB
2026-10-06T10:49:43.7967772Z |■■■■■■■■■■■■■■■■■■■■■■■■■■■■■■■■■■■■■■■■                                        |  50% of 114.3 MiB
2026-10-06T10:49:43.8451933Z |■■■■■■■■■■■■■■■■■■■■■■■■■■■■■■■■■■■■■■■■■■■■■■■■                                |  60% of 114.3 MiB
2026-10-06T10:49:43.9109538Z |■■■■■■■■■■■■■■■■■■■■■■■■■■■■■■■■■■■■■■■■■■■■■■■■■■■■■■■■                        |  70% of 114.3 MiB
2026-10-06T10:49:43.9500561Z |■■■■■■■■■■■■■■■■■■■■■■■■■■■■■■■■■■■■■■■■■■■■■■■■■■■■■■■■■■■■■■■■                |  80% of 114.3 MiB
2026-10-06T10:49:43.9888720Z |■■■■■■■■■■■■■■■■■■■■■■■■■■■■■■■■■■■■■■■■■■■■■■■■■■■■■■■■■■■■■■■■■■■■■■■■        |  90% of 114.3 MiB
2026-10-06T10:49:44.0412576Z |■■■■■■■■■■■■■■■■■■■■■■■■■■■■■■■■■■■■■■■■■■■■■■■■■■■■■■■■■■■■■■■■■■■■■■■■■■■■■■■■| 100% of 114.3 MiB
2026-10-06T10:49:46.3253719Z Chrome Headless Shell 153.0.8010.12 (playwright chromium-headless-shell v1243) downloaded to /home/runner/.cache/ms-playwright/chromium_headless_shell-1243
2026-10-06T10:49:46.3556571Z ##[group]Run sudo apt-get install -y fonts-noto-cjk
2026-10-06T10:49:46.3557441Z [36;1msudo apt-get install -y fonts-noto-cjk[0m
2026-10-06T10:49:46.3621671Z shell: /usr/bin/bash -e {0}
2026-10-06T10:49:46.3621933Z ##[endgroup]
2026-10-06T10:49:46.3917651Z Reading package lists...
2026-10-06T10:49:46.5735879Z Building dependency tree...
2026-10-06T10:49:46.5743539Z Reading state information...
2026-10-06T10:49:46.7109777Z Suggested packages:
2026-10-06T10:49:46.7110408Z   fonts-noto-cjk-extra
2026-10-06T10:49:46.7238473Z The following NEW packages will be installed:
2026-10-06T10:49:46.7244877Z   fonts-noto-cjk
2026-10-06T10:49:46.7421217Z 0 upgraded, 1 newly installed, 0 to remove and 21 not upgraded.
2026-10-06T10:49:46.7422183Z Need to get 61.2 MB of archives.
2026-10-06T10:49:46.7423107Z After this operation, 93.2 MB of additional disk space will be used.
2026-10-06T10:49:46.7424113Z Get:1 file:/etc/apt/apt-mirrors.txt Mirrorlist [144 B]
2026-10-06T10:49:46.8248630Z Get:2 http://azure.archive.ubuntu.com/ubuntu noble/main amd64 fonts-noto-cjk all 1:20230817+repack1-3 [61.2 MB]
2026-10-06T10:49:48.3421723Z Fetched 61.2 MB in 1s (44.6 MB/s)
2026-10-06T10:49:48.3669024Z Selecting previously unselected package fonts-noto-cjk.
2026-10-06T10:49:48.3730168Z (Reading database ... 
2026-10-06T10:49:48.3730801Z (Reading database ... 5%
2026-10-06T10:49:48.3731302Z (Reading database ... 10%
2026-10-06T10:49:48.3731783Z (Reading database ... 15%
2026-10-06T10:49:48.3732257Z (Reading database ... 20%
2026-10-06T10:49:48.3732721Z (Reading database ... 25%
2026-10-06T10:49:48.3733191Z (Reading database ... 30%
2026-10-06T10:49:48.3733664Z (Reading database ... 35%
2026-10-06T10:49:48.3734129Z (Reading database ... 40%
2026-10-06T10:49:48.3734587Z (Reading database ... 45%
2026-10-06T10:49:48.3735049Z (Reading database ... 50%
2026-10-06T10:49:48.3752025Z (Reading database ... 55%
2026-10-06T10:49:48.3865128Z (Reading database ... 60%
2026-10-06T10:49:48.3895107Z (Reading database ... 65%
2026-10-06T10:49:48.3919855Z (Reading database ... 70%
2026-10-06T10:49:48.3957554Z (Reading database ... 75%
2026-10-06T10:49:48.3992294Z (Reading database ... 80%
2026-10-06T10:49:48.4018313Z (Reading database ... 85%
2026-10-06T10:49:48.4201416Z (Reading database ... 90%
2026-10-06T10:49:48.4487488Z (Reading database ... 95%
2026-10-06T10:49:48.4488340Z (Reading database ... 100%
2026-10-06T10:49:48.4489592Z (Reading database ... 202563 files and directories currently installed.)
2026-10-06T10:49:48.4531195Z Preparing to unpack .../fonts-noto-cjk_1%3a20230817+repack1-3_all.deb ...
2026-10-06T10:49:48.4609844Z Unpacking fonts-noto-cjk (1:20230817+repack1-3) ...
2026-10-06T10:49:48.9189723Z Setting up fonts-noto-cjk (1:20230817+repack1-3) ...
2026-10-06T10:49:48.9261661Z Processing triggers for fontconfig (2.15.0-1.1ubuntu2) ...
2026-10-06T10:49:49.5243147Z 
2026-10-06T10:49:49.5243936Z Running kernel seems to be up-to-date.
2026-10-06T10:49:49.5244368Z 
2026-10-06T10:49:49.5244686Z No services need to be restarted.
2026-10-06T10:49:49.5245029Z 
2026-10-06T10:49:49.5245300Z No containers need to be restarted.
2026-10-06T10:49:49.5245637Z 
2026-10-06T10:49:49.5245968Z No user sessions are running outdated binaries.
2026-10-06T10:49:49.5246396Z 
2026-10-06T10:49:49.5247143Z No VM guests are running outdated hypervisor (qemu) binaries on this host.
2026-10-06T10:49:50.5286332Z ##[group]Run npm run test:weaveos:unit
2026-10-06T10:49:50.5286677Z [36;1mnpm run test:weaveos:unit[0m
2026-10-06T10:49:50.5352346Z shell: /usr/bin/bash -e {0}
2026-10-06T10:49:50.5352612Z ##[endgroup]
2026-10-06T10:49:50.6341673Z 
2026-10-06T10:49:50.6342236Z > arca-ui@0.0.1 test:weaveos:unit
2026-10-06T10:49:50.6342822Z > node --test tests/weaveos/geometry.test.mjs
2026-10-06T10:49:50.6343093Z 
2026-10-06T10:49:50.7609577Z ✔ opening starts at the source center with its size (1.889644ms)
2026-10-06T10:49:50.7634516Z ✔ each distinct source yields its own trajectory (0.2093ms)
2026-10-06T10:49:50.7635517Z ✔ absent source uses no displacement (0.207547ms)
2026-10-06T10:49:50.7658466Z ✔ invalid or zero rectangles fall back safely (0.231902ms)
2026-10-06T10:49:50.7659967Z ✔ no division by zero from an unmeasured panel (0.22541ms)
2026-10-06T10:49:50.7795713Z ℹ tests 5
2026-10-06T10:49:50.7805957Z ℹ suites 0
2026-10-06T10:49:50.7817615Z ℹ pass 5
2026-10-06T10:49:50.7843524Z ℹ fail 0
2026-10-06T10:49:50.7854670Z ℹ cancelled 0
2026-10-06T10:49:50.7855447Z ℹ skipped 0
2026-10-06T10:49:50.7856246Z ℹ todo 0
2026-10-06T10:49:50.7857251Z ℹ duration_ms 113.589355
2026-10-06T10:49:50.7963014Z ##[group]Run npx eslint src/weaveos
2026-10-06T10:49:50.7963360Z [36;1mnpx eslint src/weaveos[0m
2026-10-06T10:49:50.8026332Z shell: /usr/bin/bash -e {0}
2026-10-06T10:49:50.8026589Z ##[endgroup]
2026-10-06T10:49:53.3059550Z ##[group]Run npx tsc -b
2026-10-06T10:49:53.3059838Z [36;1mnpx tsc -b[0m
2026-10-06T10:49:53.3122228Z shell: /usr/bin/bash -e {0}
2026-10-06T10:49:53.3122501Z ##[endgroup]
2026-10-06T10:50:01.4076153Z ##[group]Run npm run build:weaveos
2026-10-06T10:50:01.4077011Z [36;1mnpm run build:weaveos[0m
2026-10-06T10:50:01.4144671Z shell: /usr/bin/bash -e {0}
2026-10-06T10:50:01.4144943Z ##[endgroup]
2026-10-06T10:50:01.5218560Z 
2026-10-06T10:50:01.5219670Z > arca-ui@0.0.1 build:weaveos
2026-10-06T10:50:01.5220322Z > vite build --config vite.weaveos.config.ts
2026-10-06T10:50:01.5220709Z 
2026-10-06T10:50:01.8135492Z [36mvite v8.3.0 [32mbuilding client environment for production...[36m[39m
2026-10-06T10:50:01.8238044Z transforming...
2026-10-06T10:50:02.0841690Z ✓ 2551 modules transformed.
2026-10-06T10:50:02.1377162Z rendering chunks...
2026-10-06T10:50:02.2261190Z computing gzip size...
2026-10-06T10:50:02.2352696Z dist-weaveos/weaveos.html                                            0.37 kB │ gzip:   0.29 kB
2026-10-06T10:50:02.2353505Z dist-weaveos/assets/geist-cyrillic-ext-wght-normal-DjL33-gN.woff2    7.42 kB
2026-10-06T10:50:02.2358137Z dist-weaveos/assets/geist-vietnamese-wght-normal-6IgcOCM7.woff2      8.00 kB
2026-10-06T10:50:02.2359114Z dist-weaveos/assets/geist-cyrillic-wght-normal-BEAKL7Jp.woff2       15.08 kB
2026-10-06T10:50:02.2359890Z dist-weaveos/assets/geist-latin-ext-wght-normal-DC-KSUi6.woff2      16.51 kB
2026-10-06T10:50:02.2360728Z dist-weaveos/assets/geist-latin-wght-normal-BgDaEnEv.woff2          29.40 kB
2026-10-06T10:50:02.2361824Z dist-weaveos/assets/weaveos-DvVnpfBh.css                            30.63 kB │ gzip:   7.46 kB
2026-10-06T10:50:02.2362772Z dist-weaveos/assets/weaveos-Blyqm_IJ.js                            546.33 kB │ gzip: 179.00 kB
2026-10-06T10:50:02.2363197Z 
2026-10-06T10:50:02.2395347Z [33m[plugin builtin:vite-reporter] 
2026-10-06T10:50:02.2396483Z (!) Some chunks are larger than 500 kB after minification. Consider:
2026-10-06T10:50:02.2397803Z - Using dynamic import() to code-split the application
2026-10-06T10:50:02.2399521Z - Use build.rolldownOptions.output.codeSplitting to improve chunking: https://rolldown.rs/reference/OutputOptions.codeSplitting
2026-10-06T10:50:02.2401406Z - Adjust chunk size limit for this warning via build.chunkSizeWarningLimit.[39m
2026-10-06T10:50:02.2527505Z [32m✓ built in 438ms[39m
2026-10-06T10:50:02.2920766Z ##[group]Run npm run build:weaveos:library
2026-10-06T10:50:02.2921163Z [36;1mnpm run build:weaveos:library[0m
2026-10-06T10:50:02.2984898Z shell: /usr/bin/bash -e {0}
2026-10-06T10:50:02.2985176Z ##[endgroup]
2026-10-06T10:50:02.3975286Z 
2026-10-06T10:50:02.3975937Z > arca-ui@0.0.1 build:weaveos:library
2026-10-06T10:50:02.3977213Z > vite build --config vite.weaveos-library.config.ts && tsc -p tsconfig.weaveos-library.json && node scripts/weaveos/package.mjs
2026-10-06T10:50:02.3977858Z 
2026-10-06T10:50:02.5695254Z [36mvite v8.3.0 [32mbuilding client environment for production...[36m[39m
2026-10-06T10:50:02.5820830Z transforming...
2026-10-06T10:50:02.5878907Z ✓ 13 modules transformed.
2026-10-06T10:50:02.5927145Z rendering chunks...
2026-10-06T10:50:02.5964782Z computing gzip size...
2026-10-06T10:50:02.5970110Z dist-library/index.js  12.25 kB │ gzip: 3.63 kB
2026-10-06T10:50:02.5970754Z 
2026-10-06T10:50:02.5981001Z [32m✓ built in 26ms[39m
2026-10-06T10:50:04.4303397Z Prepared private/unpublished component artifact at dist-library
2026-10-06T10:50:04.4468804Z ##[group]Run npm run test:weaveos:package
2026-10-06T10:50:04.4469409Z [36;1mnpm run test:weaveos:package[0m
2026-10-06T10:50:04.4560848Z shell: /usr/bin/bash -e {0}
2026-10-06T10:50:04.4561132Z ##[endgroup]
2026-10-06T10:50:04.5620859Z 
2026-10-06T10:50:04.5621254Z > arca-ui@0.0.1 test:weaveos:package
2026-10-06T10:50:04.5621811Z > node --test tests/weaveos/package.test.mjs
2026-10-06T10:50:04.5622094Z 
2026-10-06T10:50:05.1090974Z ✔ consumer artifact exports controls, theme and source-aware dialog (1.068012ms)
2026-10-06T10:50:05.1093342Z ✔ package has typed exports, explicit React peers and safe unpublished metadata (0.285262ms)
2026-10-06T10:50:05.1095226Z ✔ artifact has no source aliases or demo app and CSS stays scoped (0.324004ms)
2026-10-06T10:50:05.1097314Z ✔ distributed license and source attribution accompany components (0.221954ms)
2026-10-06T10:50:05.1287185Z ℹ tests 4
2026-10-06T10:50:05.1287771Z ℹ suites 0
2026-10-06T10:50:05.1288271Z ℹ pass 4
2026-10-06T10:50:05.1289136Z ℹ fail 0
2026-10-06T10:50:05.1289639Z ℹ cancelled 0
2026-10-06T10:50:05.1290141Z ℹ skipped 0
2026-10-06T10:50:05.1290619Z ℹ todo 0
2026-10-06T10:50:05.1291171Z ℹ duration_ms 529.244488
2026-10-06T10:50:05.1429630Z ##[group]Run npm run test:weaveos
2026-10-06T10:50:05.1429974Z [36;1mnpm run test:weaveos[0m
2026-10-06T10:50:05.1493251Z shell: /usr/bin/bash -e {0}
2026-10-06T10:50:05.1493547Z ##[endgroup]
2026-10-06T10:50:05.2548242Z 
2026-10-06T10:50:05.2548900Z > arca-ui@0.0.1 test:weaveos
2026-10-06T10:50:05.2549433Z > playwright test -c playwright.weaveos.config.ts
2026-10-06T10:50:05.2549734Z 
2026-10-06T10:50:06.3124708Z ✔ opening starts at the source center with its size (2.491597ms)
2026-10-06T10:50:06.3126310Z ✔ each distinct source yields its own trajectory (0.231863ms)
2026-10-06T10:50:06.3128261Z ✔ absent source uses no displacement (0.309137ms)
2026-10-06T10:50:06.3129234Z ✔ invalid or zero rectangles fall back safely (0.274032ms)
2026-10-06T10:50:06.3129999Z ✔ no division by zero from an unmeasured panel (0.218497ms)
2026-10-06T10:50:07.1543118Z ✔ consumer artifact exports controls, theme and source-aware dialog (0.649872ms)
2026-10-06T10:50:07.1547632Z ✔ package has typed exports, explicit React peers and safe unpublished metadata (0.332911ms)
2026-10-06T10:50:07.1551749Z ✔ artifact has no source aliases or demo app and CSS stays scoped (0.385179ms)
2026-10-06T10:50:07.1556498Z ✔ distributed license and source attribution accompany components (0.257631ms)
2026-10-06T10:50:07.2422388Z 
2026-10-06T10:50:07.2423496Z Running 13 tests using 2 workers
2026-10-06T10:50:07.2423866Z 
2026-10-06T10:50:11.4963351Z V042_OPENING_GEOMETRY {"count":38,"widths":[440,440,440,440,440,440,440,440,440,440,440,440,440,440,440,440,440,440,440,440,440,440,440,440,440,440,440,440,440,440,440,440,440,440,440,440,440,440],"expanded":440}
2026-10-06T10:50:11.8356271Z   ✘   1 [chromium] › tests/weaveos/origin-motion.spec.ts:3:1 › window geometry really travels from and returns toward the trigger (3.7s)
2026-10-06T10:50:12.0041229Z   ✓   2 [chromium] › tests/weaveos/origin-motion.spec.ts:29:1 › successful save returns the window toward its source too (4.0s)
2026-10-06T10:50:14.0182073Z [Screenshot bytes retained separately]
2026-10-06T10:50:14.1897940Z   ✓   3 [chromium] › tests/weaveos/studio.spec.ts:6:1 › shell uses collapsible icon rail and edge-to-edge content card (2.1s)
2026-10-06T10:50:14.8215777Z [Screenshot bytes retained separately]
2026-10-06T10:50:15.9521535Z [Screenshot bytes retained separately]
2026-10-06T10:50:16.3623214Z [Screenshot bytes retained separately]
2026-10-06T10:50:16.6193848Z [Screenshot bytes retained separately]
2026-10-06T10:50:16.6673678Z   ✓   4 [chromium] › tests/weaveos/preview.spec.ts:3:1 › capture component studio review images (4.1s)
2026-10-06T10:50:17.0679130Z   ✓   5 [chromium] › tests/weaveos/studio.spec.ts:19:1 › source dialog has accessible title, focus isolation and restores origin (2.8s)
2026-10-06T10:50:19.0429116Z   ✓   6 [chromium] › tests/weaveos/studio.spec.ts:34:1 › second source restores its own focus (2.3s)
2026-10-06T10:50:22.2660900Z   ✓   7 [chromium] › tests/weaveos/studio.spec.ts:41:1 › close during opening and repeat never leaves an overlay or locked page (5.2s)
2026-10-06T10:50:23.2656195Z   ✓   8 [chromium] › tests/weaveos/studio.spec.ts:49:1 › save feedback waits for result and errors retain editable input (4.2s)
2026-10-06T10:50:24.9779729Z   ✓   9 [chromium] › tests/weaveos/studio.spec.ts:65:1 › nested select Escape dismisses only the list, then dialog (2.7s)
2026-10-06T10:50:25.5982693Z   ✓  10 [chromium] › tests/weaveos/studio.spec.ts:74:1 › reduced motion preserves usable modal without scale displacement (2.3s)
2026-10-06T10:50:27.2572606Z   ✓  12 [chromium] › tests/weaveos/studio.spec.ts:92:1 › theme controls, basic controls and component navigation work (1.6s)
2026-10-06T10:50:27.5938969Z   ✓  11 [chromium] › tests/weaveos/studio.spec.ts:83:1 › mobile view fits viewport and dialog remains operable (2.6s)
2026-10-06T10:50:29.9758881Z   ✓  13 [chromium] › tests/weaveos/studio.spec.ts:102:1 › studio and open modal have no serious accessibility violations (2.7s)
2026-10-06T10:50:30.0525129Z 
2026-10-06T10:50:30.0530205Z 
2026-10-06T10:50:30.0541200Z   1) [chromium] › tests/weaveos/origin-motion.spec.ts:3:1 › window geometry really travels from and returns toward the trigger 
2026-10-06T10:50:30.0542227Z 
2026-10-06T10:50:30.0542661Z     Error: expect(received).toBe(expected) // Object.is equality
2026-10-06T10:50:30.0543209Z 
2026-10-06T10:50:30.0543393Z     Expected: true
2026-10-06T10:50:30.0543819Z     Received: false
2026-10-06T10:50:30.0544085Z 
2026-10-06T10:50:30.0544534Z       21 |  await trigger.click();const opening=await openingSamples
2026-10-06T10:50:30.0546043Z       22 |  console.log('V042_OPENING_GEOMETRY',JSON.stringify({count:opening.length,widths:opening,expanded:opened!.width}))
2026-10-06T10:50:30.0547676Z     > 23 |  expect(opening.some(w=>w<opened!.width*.65)).toBe(true)
2026-10-06T10:50:30.0548485Z          |                                               ^
2026-10-06T10:50:30.0549365Z       24 |  await expect(dialog).toHaveCSS('transform','none')
2026-10-06T10:50:30.0550423Z       25 |  const final=await dialog.boundingBox();expect(Math.abs(final!.x+final!.width/2-720)).toBeLessThan(2)
2026-10-06T10:50:30.0550969Z       26 | })
2026-10-06T10:50:30.0551369Z         at /home/runner/work/arca-ui/arca-ui/tests/weaveos/origin-motion.spec.ts:23:47
2026-10-06T10:50:30.0551715Z 
2026-10-06T10:50:30.0552208Z     attachment #1: screenshot (image/png) ──────────────────────────────────────────────────────────
2026-10-06T10:50:30.0552981Z     test-results/origin-motion-window-geome-e7204--returns-toward-the-trigger-chromium/test-failed-1.png
2026-10-06T10:50:30.0553791Z     ────────────────────────────────────────────────────────────────────────────────────────────────
2026-10-06T10:50:30.0554076Z 
2026-10-06T10:50:30.0554538Z     Error Context: test-results/origin-motion-window-geome-e7204--returns-toward-the-trigger-chromium/error-context.md
2026-10-06T10:50:30.0555366Z 
2026-10-06T10:50:30.0555777Z     attachment #3: trace (application/zip) ─────────────────────────────────────────────────────────
2026-10-06T10:50:30.0556509Z     test-results/origin-motion-window-geome-e7204--returns-toward-the-trigger-chromium/trace.zip
2026-10-06T10:50:30.0557394Z     Usage:
2026-10-06T10:50:30.0557513Z 
2026-10-06T10:50:30.0558021Z         npx playwright show-trace test-results/origin-motion-window-geome-e7204--returns-toward-the-trigger-chromium/trace.zip
2026-10-06T10:50:30.0558540Z 
2026-10-06T10:50:30.0558904Z     ────────────────────────────────────────────────────────────────────────────────────────────────
2026-10-06T10:50:30.0559189Z 
2026-10-06T10:50:30.0559268Z   1 failed
2026-10-06T10:50:30.0559898Z     [chromium] › tests/weaveos/origin-motion.spec.ts:3:1 › window geometry really travels from and returns toward the trigger 
2026-10-06T10:50:30.0560466Z   12 passed (24.2s)
2026-10-06T10:50:30.0891642Z ##[error]Process completed with exit code 1.
2026-10-06T10:50:30.0971210Z ##[group]Run actions/upload-artifact@v4
2026-10-06T10:50:30.0971510Z with:
2026-10-06T10:50:30.0971719Z   name: weaveos-browser-evidence
2026-10-06T10:50:30.0971977Z   path: test-results/
2026-10-06T10:50:30.0972204Z   retention-days: 14
2026-10-06T10:50:30.0972421Z   if-no-files-found: warn
2026-10-06T10:50:30.0972656Z   compression-level: 6
2026-10-06T10:50:30.0972868Z   overwrite: false
2026-10-06T10:50:30.0973087Z   include-hidden-files: false
2026-10-06T10:50:30.0973329Z ##[endgroup]
2026-10-06T10:50:30.2641954Z (node:3836) [DEP0040] DeprecationWarning: The `punycode` module is deprecated. Please use a userland alternative instead.
2026-10-06T10:50:30.2642954Z (Use `node --trace-deprecation ...` to show where the warning was created)
2026-10-06T10:50:30.2712288Z With the provided path, there will be 4 files uploaded
2026-10-06T10:50:30.2719913Z Artifact name is valid!
2026-10-06T10:50:30.2720757Z Root directory input is valid!
2026-10-06T10:50:30.6099137Z Beginning upload of artifact content to blob storage
2026-10-06T10:50:30.6872885Z (node:3836) [DEP0169] DeprecationWarning: `url.parse()` behavior is not standardized and prone to errors that have security implications. Use the WHATWG URL API instead. CVEs are not issued for `url.parse()` vulnerabilities.
2026-10-06T10:50:31.2084629Z Uploaded bytes 1372910
2026-10-06T10:50:31.2662874Z Finished uploading artifact content to blob storage!
2026-10-06T10:50:31.2664731Z SHA256 digest of uploaded artifact zip is d03d761945d0b234ebe6086aa2cb5158b0de0cdf05cf87d8dd73062ccae1f43e
2026-10-06T10:50:31.2665773Z Finalizing artifact upload
2026-10-06T10:50:31.5026082Z Artifact weaveos-browser-evidence.zip successfully finalized. Artifact ID 11407510213
2026-10-06T10:50:31.5028026Z Artifact weaveos-browser-evidence has been successfully uploaded! Final size is 1372910 bytes. Artifact ID is 11407510213
2026-10-06T10:50:31.5033063Z Artifact download URL: https://github.com/Hubujiu/arca-ui/actions/runs/37452258348/artifacts/11407510213
2026-10-06T10:50:31.5238334Z Post job cleanup.
2026-10-06T10:50:31.6145821Z [command]/usr/bin/git version
2026-10-06T10:50:31.6193076Z git version 2.55.0
2026-10-06T10:50:31.6235039Z Temporarily overriding HOME='/home/runner/work/_temp/cfb1ed79-8702-42ef-8866-c8c22811d9df' before making global git config changes
2026-10-06T10:50:31.6236614Z Adding repository directory to the temporary git global config as a safe directory
2026-10-06T10:50:31.6242057Z [command]/usr/bin/git config --global --add safe.directory /home/runner/work/arca-ui/arca-ui
2026-10-06T10:50:31.6282505Z [command]/usr/bin/git config --local --name-only --get-regexp core\.sshCommand
2026-10-06T10:50:31.6318000Z [command]/usr/bin/git submodule foreach --recursive sh -c "git config --local --name-only --get-regexp 'core\.sshCommand' && git config --local --unset-all 'core.sshCommand' || :"
2026-10-06T10:50:31.6572015Z [command]/usr/bin/git config --local --name-only --get-regexp http\.https\:\/\/github\.com\/\.extraheader
2026-10-06T10:50:31.6601902Z http.https://github.com/.extraheader
2026-10-06T10:50:31.6615659Z [command]/usr/bin/git config --local --unset-all http.https://github.com/.extraheader
2026-10-06T10:50:31.6654087Z [command]/usr/bin/git submodule foreach --recursive sh -c "git config --local --name-only --get-regexp 'http\.https\:\/\/github\.com\/\.extraheader' && git config --local --unset-all 'http.https://github.com/.extraheader' || :"
2026-10-06T10:50:31.6917277Z [command]/usr/bin/git config --local --name-only --get-regexp ^includeIf\.gitdir:
2026-10-06T10:50:31.6954986Z [command]/usr/bin/git submodule foreach --recursive git config --local --show-origin --name-only --get-regexp remote.origin.url
2026-10-06T10:50:31.7408993Z Cleaning up orphan processes
2026-10-06T10:50:31.7720761Z ##[warning]Node.js 20 is deprecated. The following actions target Node.js 20 but are being forced to run on Node.js 24: actions/checkout@v4, actions/setup-node@v4, actions/upload-artifact@v4. For more information see: https://github.blog/changelog/2025-09-19-deprecation-of-node-20-on-github-actions-runners/
