2026-10-06T10:43:25.6343960Z Current runner version: '2.337.0'
2026-10-06T10:43:25.6362463Z ##[group]Runner Image Provisioner
2026-10-06T10:43:25.6363147Z Hosted Compute Agent
2026-10-06T10:43:25.6363614Z Version: 20260901.588
2026-10-06T10:43:25.6364046Z Commit: f88ec8081b781fac6c440065ac7ff9e710ce3d0b
2026-10-06T10:43:25.6364552Z Build Date: 2026-09-01T19:56:44Z
2026-10-06T10:43:25.6365027Z Worker ID: {134882ee-ff85-4f74-ba88-52fb1dc81955}
2026-10-06T10:43:25.6365556Z Azure Region: centralus
2026-10-06T10:43:25.6365978Z ##[endgroup]
2026-10-06T10:43:25.6366923Z ##[group]Operating System
2026-10-06T10:43:25.6367354Z Ubuntu
2026-10-06T10:43:25.6367714Z 24.04.5
2026-10-06T10:43:25.6368084Z LTS
2026-10-06T10:43:25.6368443Z ##[endgroup]
2026-10-06T10:43:25.6368812Z ##[group]Runner Image
2026-10-06T10:43:25.6369451Z Image: ubuntu-24.04
2026-10-06T10:43:25.6369901Z Version: 20260927.320.1
2026-10-06T10:43:25.6370798Z Included Software: https://github.com/actions/runner-images/blob/ubuntu24/20260927.320/images/ubuntu/Ubuntu2404-Readme.md
2026-10-06T10:43:25.6371945Z Image Release: https://github.com/actions/runner-images/releases/tag/ubuntu24%2F20260927.320
2026-10-06T10:43:25.6372851Z ##[endgroup]
2026-10-06T10:43:25.6373692Z ##[group]GITHUB_TOKEN Permissions
2026-10-06T10:43:25.6375469Z Contents: read
2026-10-06T10:43:25.6375881Z Metadata: read
2026-10-06T10:43:25.6376309Z ##[endgroup]
2026-10-06T10:43:25.6377794Z Secret source: Actions
2026-10-06T10:43:25.6378438Z Cache mode: write
2026-10-06T10:43:25.6378965Z Prepare workflow directory
2026-10-06T10:43:25.6641057Z Prepare all required actions
2026-10-06T10:43:25.6675690Z Getting action download info
2026-10-06T10:43:25.9164056Z Download action repository 'actions/checkout@v4' (SHA:11d5960a326750d5838078e36cf38b85af677262)
2026-10-06T10:43:26.2098074Z Download action repository 'actions/setup-node@v4' (SHA:49933ea5288caeca8642d1e84afbd3f7d6820020)
2026-10-06T10:43:26.3033658Z Download action repository 'actions/upload-artifact@v4' (SHA:ea165f8d65b6e75b540449e92b4886f43607fa02)
2026-10-06T10:43:26.5662174Z Complete job name: browser
2026-10-06T10:43:26.6316794Z ##[group]Run actions/checkout@v4
2026-10-06T10:43:26.6317562Z with:
2026-10-06T10:43:26.6318031Z   repository: Hubujiu/arca-ui
2026-10-06T10:43:26.6321777Z   token: ***
2026-10-06T10:43:26.6322292Z   ssh-strict: true
2026-10-06T10:43:26.6322738Z   ssh-user: git
2026-10-06T10:43:26.6323207Z   persist-credentials: true
2026-10-06T10:43:26.6323698Z   clean: true
2026-10-06T10:43:26.6324148Z   sparse-checkout-cone-mode: true
2026-10-06T10:43:26.6324697Z   fetch-depth: 1
2026-10-06T10:43:26.6325147Z   fetch-tags: false
2026-10-06T10:43:26.6325625Z   show-progress: true
2026-10-06T10:43:26.6326072Z   lfs: false
2026-10-06T10:43:26.6326495Z   submodules: false
2026-10-06T10:43:26.6327034Z   set-safe-directory: true
2026-10-06T10:43:26.6327526Z   allow-unsafe-pr-checkout: false
2026-10-06T10:43:26.6328157Z ##[endgroup]
2026-10-06T10:43:26.7108505Z Syncing repository: Hubujiu/arca-ui
2026-10-06T10:43:26.7111687Z ##[group]Getting Git version info
2026-10-06T10:43:26.7112989Z Working directory is '/home/runner/work/arca-ui/arca-ui'
2026-10-06T10:43:26.7124440Z [command]/usr/bin/git version
2026-10-06T10:43:26.8001786Z git version 2.55.0
2026-10-06T10:43:26.8017330Z ##[endgroup]
2026-10-06T10:43:26.8028849Z Temporarily overriding HOME='/home/runner/work/_temp/b740b050-61bf-465a-a5ce-735f0f6fe5d6' before making global git config changes
2026-10-06T10:43:26.8030453Z Adding repository directory to the temporary git global config as a safe directory
2026-10-06T10:43:26.8033327Z [command]/usr/bin/git config --global --add safe.directory /home/runner/work/arca-ui/arca-ui
2026-10-06T10:43:26.8075080Z Deleting the contents of '/home/runner/work/arca-ui/arca-ui'
2026-10-06T10:43:26.8078435Z ##[group]Initializing the repository
2026-10-06T10:43:26.8081828Z [command]/usr/bin/git init /home/runner/work/arca-ui/arca-ui
2026-10-06T10:43:26.8189542Z hint: Using 'master' as the name for the initial branch. This default branch name
2026-10-06T10:43:26.8190707Z hint: will change to "main" in Git 3.0. To configure the initial branch name
2026-10-06T10:43:26.8192250Z hint: to use in all of your new repositories, which will suppress this warning,
2026-10-06T10:43:26.8193381Z hint: call:
2026-10-06T10:43:26.8194052Z hint:
2026-10-06T10:43:26.8194825Z hint: 	git config --global init.defaultBranch <name>
2026-10-06T10:43:26.8195580Z hint:
2026-10-06T10:43:26.8196143Z hint: Names commonly chosen instead of 'master' are 'main', 'trunk' and
2026-10-06T10:43:26.8197085Z hint: 'development'. The just-created branch can be renamed via this command:
2026-10-06T10:43:26.8197919Z hint:
2026-10-06T10:43:26.8198570Z hint: 	git branch -m <name>
2026-10-06T10:43:26.8199320Z hint:
2026-10-06T10:43:26.8199944Z hint: Disable this message with "git config set advice.defaultBranchName false"
2026-10-06T10:43:26.8200838Z Initialized empty Git repository in /home/runner/work/arca-ui/arca-ui/.git/
2026-10-06T10:43:26.8202458Z [command]/usr/bin/git remote add origin https://github.com/Hubujiu/arca-ui
2026-10-06T10:43:26.8493335Z ##[endgroup]
2026-10-06T10:43:26.8494207Z ##[group]Disabling automatic garbage collection
2026-10-06T10:43:26.8495528Z [command]/usr/bin/git config --local gc.auto 0
2026-10-06T10:43:26.8521066Z ##[endgroup]
2026-10-06T10:43:26.8521840Z ##[group]Setting up auth
2026-10-06T10:43:26.8525776Z [command]/usr/bin/git config --local --name-only --get-regexp core\.sshCommand
2026-10-06T10:43:26.8549667Z [command]/usr/bin/git submodule foreach --recursive sh -c "git config --local --name-only --get-regexp 'core\.sshCommand' && git config --local --unset-all 'core.sshCommand' || :"
2026-10-06T10:43:26.9817355Z [command]/usr/bin/git config --local --name-only --get-regexp http\.https\:\/\/github\.com\/\.extraheader
2026-10-06T10:43:26.9843427Z [command]/usr/bin/git submodule foreach --recursive sh -c "git config --local --name-only --get-regexp 'http\.https\:\/\/github\.com\/\.extraheader' && git config --local --unset-all 'http.https://github.com/.extraheader' || :"
2026-10-06T10:43:26.9997828Z [command]/usr/bin/git config --local --name-only --get-regexp ^includeIf\.gitdir:
2026-10-06T10:43:27.0024675Z [command]/usr/bin/git submodule foreach --recursive git config --local --show-origin --name-only --get-regexp remote.origin.url
2026-10-06T10:43:27.0172403Z [command]/usr/bin/git config --local http.https://github.com/.extraheader AUTHORIZATION: basic ***
2026-10-06T10:43:27.0385233Z ##[endgroup]
2026-10-06T10:43:27.0386047Z ##[group]Fetching the repository
2026-10-06T10:43:27.0394193Z [command]/usr/bin/git -c protocol.version=2 fetch --no-tags --prune --no-recurse-submodules --depth=1 origin +65ea99c64d4821d23c3d3983de1b44cd1ddf8f5b:refs/remotes/origin/task/V030-042-weaveos-components
2026-10-06T10:43:27.7711531Z From https://github.com/Hubujiu/arca-ui
2026-10-06T10:43:27.7714142Z  * [new ref]         65ea99c64d4821d23c3d3983de1b44cd1ddf8f5b -> origin/task/V030-042-weaveos-components
2026-10-06T10:43:27.7718713Z ##[endgroup]
2026-10-06T10:43:27.7720415Z ##[group]Determining the checkout info
2026-10-06T10:43:27.7722455Z ##[endgroup]
2026-10-06T10:43:27.7723747Z [command]/usr/bin/git sparse-checkout disable
2026-10-06T10:43:27.7774854Z [command]/usr/bin/git config --local --unset-all extensions.worktreeConfig
2026-10-06T10:43:27.7801110Z ##[group]Checking out the ref
2026-10-06T10:43:27.7803682Z [command]/usr/bin/git checkout --progress --force -B task/V030-042-weaveos-components refs/remotes/origin/task/V030-042-weaveos-components
2026-10-06T10:43:27.8187539Z Switched to a new branch 'task/V030-042-weaveos-components'
2026-10-06T10:43:27.8190569Z branch 'task/V030-042-weaveos-components' set up to track 'origin/task/V030-042-weaveos-components'.
2026-10-06T10:43:27.8195722Z ##[endgroup]
2026-10-06T10:43:27.8226551Z [command]/usr/bin/git log -1 --format=%H
2026-10-06T10:43:27.8246638Z 65ea99c64d4821d23c3d3983de1b44cd1ddf8f5b
2026-10-06T10:43:27.8554291Z ##[group]Run actions/setup-node@v4
2026-10-06T10:43:27.8555189Z with:
2026-10-06T10:43:27.8555879Z   node-version: 24.19.0
2026-10-06T10:43:27.8556688Z   cache: npm
2026-10-06T10:43:27.8557544Z   always-auth: false
2026-10-06T10:43:27.8558404Z   check-latest: false
2026-10-06T10:43:27.8565370Z   token: ***
2026-10-06T10:43:27.8566066Z ##[endgroup]
2026-10-06T10:43:27.9563991Z Attempting to download 24.19.0...
2026-10-06T10:43:27.9644113Z (node:2083) [DEP0040] DeprecationWarning: The `punycode` module is deprecated. Please use a userland alternative instead.
2026-10-06T10:43:27.9651048Z (Use `node --trace-deprecation ...` to show where the warning was created)
2026-10-06T10:43:29.7002372Z Acquiring 24.19.0 - x64 from https://github.com/actions/node-versions/releases/download/24.19.0-30872449280/node-24.19.0-linux-x64.tar.gz
2026-10-06T10:43:30.2099975Z Extracting ...
2026-10-06T10:43:30.2194142Z [command]/usr/bin/tar xz --strip 1 --warning=no-unknown-keyword --overwrite -C /home/runner/work/_temp/408b3cb8-528a-4e8d-a573-4719fd3d68da -f /home/runner/work/_temp/81a33aec-d321-468c-baf6-01c296145745
2026-10-06T10:43:31.2173624Z Adding to the cache ...
2026-10-06T10:43:33.9070658Z ##[group]Environment details
2026-10-06T10:43:34.1458951Z node: v24.19.0
2026-10-06T10:43:34.1459444Z npm: 11.17.0
2026-10-06T10:43:34.1459768Z yarn: 1.22.22
2026-10-06T10:43:34.1460386Z ##[endgroup]
2026-10-06T10:43:34.1476257Z [command]/opt/hostedtoolcache/node/24.19.0/x64/bin/npm config get cache
2026-10-06T10:43:34.2138096Z /home/runner/.npm
2026-10-06T10:43:34.4810890Z npm cache is not found
2026-10-06T10:43:34.4936988Z ##[group]Run npm ci --ignore-scripts
2026-10-06T10:43:34.4937374Z [36;1mnpm ci --ignore-scripts[0m
2026-10-06T10:43:34.5105988Z shell: /usr/bin/bash -e {0}
2026-10-06T10:43:34.5106427Z ##[endgroup]
2026-10-06T10:44:05.3020349Z 
2026-10-06T10:44:05.3026843Z added 517 packages, and audited 518 packages in 31s
2026-10-06T10:44:05.3027611Z 
2026-10-06T10:44:05.3028163Z 163 packages are looking for funding
2026-10-06T10:44:05.3028594Z   run `npm fund` for details
2026-10-06T10:44:05.3069115Z 
2026-10-06T10:44:05.3069433Z 7 high severity vulnerabilities
2026-10-06T10:44:05.3069697Z 
2026-10-06T10:44:05.3069953Z To address issues that do not require attention, run:
2026-10-06T10:44:05.3070298Z   npm audit fix
2026-10-06T10:44:05.3070456Z 
2026-10-06T10:44:05.3070671Z To address all issues (including breaking changes), run:
2026-10-06T10:44:05.3070995Z   npm audit fix --force
2026-10-06T10:44:05.3071158Z 
2026-10-06T10:44:05.3071276Z Run `npm audit` for details.
2026-10-06T10:44:05.3350149Z ##[group]Run npx playwright install --with-deps chromium
2026-10-06T10:44:05.3350564Z [36;1mnpx playwright install --with-deps chromium[0m
2026-10-06T10:44:05.3387168Z shell: /usr/bin/bash -e {0}
2026-10-06T10:44:05.3387458Z ##[endgroup]
2026-10-06T10:44:05.8427997Z Installing dependencies...
2026-10-06T10:44:05.8485241Z Switching to root user to install dependencies...
2026-10-06T10:44:05.9552714Z Get:1 file:/etc/apt/apt-mirrors.txt Mirrorlist [144 B]
2026-10-06T10:44:06.0195963Z Hit:2 http://azure.archive.ubuntu.com/ubuntu noble InRelease
2026-10-06T10:44:06.0205944Z Get:3 http://azure.archive.ubuntu.com/ubuntu noble-updates InRelease [126 kB]
2026-10-06T10:44:06.0225647Z Get:4 http://azure.archive.ubuntu.com/ubuntu noble-backports InRelease [126 kB]
2026-10-06T10:44:06.0236329Z Get:5 http://azure.archive.ubuntu.com/ubuntu noble-security InRelease [126 kB]
2026-10-06T10:44:06.0510614Z Get:6 https://packages.microsoft.com/ubuntu/24.04/prod noble InRelease [3600 B]
2026-10-06T10:44:06.1852650Z Get:7 http://azure.archive.ubuntu.com/ubuntu noble-updates/main amd64 Packages [1370 kB]
2026-10-06T10:44:06.1953453Z Get:8 http://azure.archive.ubuntu.com/ubuntu noble-updates/main Translation-en [305 kB]
2026-10-06T10:44:06.1980902Z Get:9 http://azure.archive.ubuntu.com/ubuntu noble-updates/main amd64 Components [181 kB]
2026-10-06T10:44:06.1982564Z Get:10 http://azure.archive.ubuntu.com/ubuntu noble-updates/universe amd64 Packages [1701 kB]
2026-10-06T10:44:06.2070988Z Get:11 http://azure.archive.ubuntu.com/ubuntu noble-updates/universe Translation-en [341 kB]
2026-10-06T10:44:06.2090398Z Get:12 http://azure.archive.ubuntu.com/ubuntu noble-updates/universe amd64 Components [388 kB]
2026-10-06T10:44:06.2120566Z Get:13 http://azure.archive.ubuntu.com/ubuntu noble-updates/restricted amd64 Packages [1728 kB]
2026-10-06T10:44:06.2239586Z Get:14 http://azure.archive.ubuntu.com/ubuntu noble-updates/restricted Translation-en [395 kB]
2026-10-06T10:44:06.2260479Z Get:15 http://azure.archive.ubuntu.com/ubuntu noble-updates/multiverse Translation-en [13.3 kB]
2026-10-06T10:44:06.2267653Z Get:16 http://azure.archive.ubuntu.com/ubuntu noble-updates/multiverse amd64 Components [940 B]
2026-10-06T10:44:06.2690548Z Get:17 http://azure.archive.ubuntu.com/ubuntu noble-backports/main amd64 Components [5764 B]
2026-10-06T10:44:06.2730263Z Get:18 http://azure.archive.ubuntu.com/ubuntu noble-backports/universe amd64 Components [12.6 kB]
2026-10-06T10:44:06.2739262Z Get:19 http://azure.archive.ubuntu.com/ubuntu noble-security/main amd64 Packages [1071 kB]
2026-10-06T10:44:06.2745796Z Get:20 http://azure.archive.ubuntu.com/ubuntu noble-security/main Translation-en [222 kB]
2026-10-06T10:44:06.2764513Z Get:21 http://azure.archive.ubuntu.com/ubuntu noble-security/main amd64 Components [46.4 kB]
2026-10-06T10:44:06.2769572Z Get:22 http://azure.archive.ubuntu.com/ubuntu noble-security/universe amd64 Packages [1216 kB]
2026-10-06T10:44:06.2825697Z Get:23 http://azure.archive.ubuntu.com/ubuntu noble-security/universe Translation-en [244 kB]
2026-10-06T10:44:06.2840113Z Get:24 http://azure.archive.ubuntu.com/ubuntu noble-security/universe amd64 Components [76.3 kB]
2026-10-06T10:44:06.2846844Z Get:25 http://azure.archive.ubuntu.com/ubuntu noble-security/restricted amd64 Packages [1566 kB]
2026-10-06T10:44:06.2900712Z Get:26 http://azure.archive.ubuntu.com/ubuntu noble-security/restricted Translation-en [361 kB]
2026-10-06T10:44:06.2920549Z Get:27 https://packages.microsoft.com/ubuntu/24.04/prod noble/main armhf Packages [12.6 kB]
2026-10-06T10:44:06.2949069Z Get:28 https://packages.microsoft.com/ubuntu/24.04/prod noble/main arm64 Packages [458 kB]
2026-10-06T10:44:06.3004248Z Get:29 https://packages.microsoft.com/ubuntu/24.04/prod noble/main amd64 Packages [515 kB]
2026-10-06T10:44:13.9454069Z Fetched 12.6 MB in 1s (10.8 MB/s)
2026-10-06T10:44:14.6047674Z Reading package lists...
2026-10-06T10:44:14.6271886Z Reading package lists...
2026-10-06T10:44:14.7698554Z Building dependency tree...
2026-10-06T10:44:14.7705233Z Reading state information...
2026-10-06T10:44:14.9100860Z libasound2t64 is already the newest version (1.2.11-1ubuntu0.3).
2026-10-06T10:44:14.9101571Z libasound2t64 set to manually installed.
2026-10-06T10:44:14.9102038Z libatk-bridge2.0-0t64 is already the newest version (2.52.0-1build1).
2026-10-06T10:44:14.9102472Z libatk-bridge2.0-0t64 set to manually installed.
2026-10-06T10:44:14.9102938Z libatk1.0-0t64 is already the newest version (2.52.0-1build1).
2026-10-06T10:44:14.9103339Z libatk1.0-0t64 set to manually installed.
2026-10-06T10:44:14.9103744Z libatspi2.0-0t64 is already the newest version (2.52.0-1build1).
2026-10-06T10:44:14.9104177Z libatspi2.0-0t64 set to manually installed.
2026-10-06T10:44:14.9104549Z libcairo2 is already the newest version (1.18.0-3build1).
2026-10-06T10:44:14.9104995Z libcairo2 set to manually installed.
2026-10-06T10:44:14.9105423Z libcups2t64 is already the newest version (2.4.7-1.2ubuntu7.14).
2026-10-06T10:44:14.9105978Z libcups2t64 set to manually installed.
2026-10-06T10:44:14.9106453Z libdbus-1-3 is already the newest version (1.14.10-4ubuntu4.1).
2026-10-06T10:44:14.9106868Z libdbus-1-3 set to manually installed.
2026-10-06T10:44:14.9107273Z libdrm2 is already the newest version (2.4.125-1ubuntu0.1~24.04.2).
2026-10-06T10:44:14.9107660Z libdrm2 set to manually installed.
2026-10-06T10:44:14.9108003Z libglib2.0-0t64 is already the newest version (2.80.0-6ubuntu3.9).
2026-10-06T10:44:14.9108431Z libglib2.0-0t64 set to manually installed.
2026-10-06T10:44:14.9108782Z libnspr4 is already the newest version (2:4.35-1.1build1).
2026-10-06T10:44:14.9109405Z libnspr4 set to manually installed.
2026-10-06T10:44:14.9110112Z libnss3 is already the newest version (2:3.98-1ubuntu0.2).
2026-10-06T10:44:14.9110453Z libnss3 set to manually installed.
2026-10-06T10:44:14.9110803Z libpango-1.0-0 is already the newest version (1.52.1+ds-1build1).
2026-10-06T10:44:14.9111210Z libpango-1.0-0 set to manually installed.
2026-10-06T10:44:14.9111576Z libx11-6 is already the newest version (2:1.8.7-1build1).
2026-10-06T10:44:14.9111981Z libx11-6 set to manually installed.
2026-10-06T10:44:14.9112402Z libxcb1 is already the newest version (1.15-1ubuntu2).
2026-10-06T10:44:14.9112793Z libxcb1 set to manually installed.
2026-10-06T10:44:14.9113179Z libxcomposite1 is already the newest version (1:0.4.5-1build3).
2026-10-06T10:44:14.9113697Z libxcomposite1 set to manually installed.
2026-10-06T10:44:14.9114131Z libxdamage1 is already the newest version (1:1.1.6-1build1).
2026-10-06T10:44:14.9114554Z libxdamage1 set to manually installed.
2026-10-06T10:44:14.9114893Z libxext6 is already the newest version (2:1.3.4-1build2).
2026-10-06T10:44:14.9115295Z libxext6 set to manually installed.
2026-10-06T10:44:14.9115707Z libxfixes3 is already the newest version (1:6.0.0-2build1).
2026-10-06T10:44:14.9116028Z libxfixes3 set to manually installed.
2026-10-06T10:44:14.9116407Z libxkbcommon0 is already the newest version (1.6.0-1build1).
2026-10-06T10:44:14.9116736Z libxkbcommon0 set to manually installed.
2026-10-06T10:44:14.9117063Z libxrandr2 is already the newest version (2:1.5.2-2build1).
2026-10-06T10:44:14.9117427Z libxrandr2 set to manually installed.
2026-10-06T10:44:14.9117809Z xvfb is already the newest version (2:21.1.12-1ubuntu1.8).
2026-10-06T10:44:14.9118302Z fonts-noto-color-emoji is already the newest version (2.047-0ubuntu0.24.04.1).
2026-10-06T10:44:14.9118779Z libfontconfig1 is already the newest version (2.15.0-1.1ubuntu2).
2026-10-06T10:44:14.9119290Z libfontconfig1 set to manually installed.
2026-10-06T10:44:14.9119695Z libfreetype6 is already the newest version (2.13.2+dfsg-1ubuntu0.1).
2026-10-06T10:44:14.9120175Z libfreetype6 set to manually installed.
2026-10-06T10:44:14.9120607Z fonts-liberation is already the newest version (1:2.1.5-3).
2026-10-06T10:44:14.9121062Z fonts-liberation set to manually installed.
2026-10-06T10:44:14.9121514Z The following additional packages will be installed:
2026-10-06T10:44:14.9122033Z   libgl1-mesa-dri libglx-mesa0 mesa-libgallium xfonts-encodings xfonts-utils
2026-10-06T10:44:14.9122625Z Recommended packages:
2026-10-06T10:44:14.9122896Z   fonts-ipafont-mincho fonts-tlwg-loma
2026-10-06T10:44:14.9312542Z The following NEW packages will be installed:
2026-10-06T10:44:14.9313245Z   fonts-freefont-ttf fonts-ipafont-gothic fonts-tlwg-loma-otf fonts-unifont
2026-10-06T10:44:14.9319445Z   fonts-wqy-zenhei xfonts-cyrillic xfonts-encodings xfonts-scalable
2026-10-06T10:44:14.9320018Z   xfonts-utils
2026-10-06T10:44:14.9324504Z The following packages will be upgraded:
2026-10-06T10:44:14.9329894Z   libgbm1 libgl1-mesa-dri libglx-mesa0 mesa-libgallium
2026-10-06T10:44:14.9462148Z 4 upgraded, 9 newly installed, 0 to remove and 21 not upgraded.
2026-10-06T10:44:14.9462713Z Need to get 32.1 MB of archives.
2026-10-06T10:44:14.9463198Z After this operation, 79.5 MB of additional disk space will be used.
2026-10-06T10:44:14.9463792Z Get:1 file:/etc/apt/apt-mirrors.txt Mirrorlist [144 B]
2026-10-06T10:44:15.0131961Z Get:2 http://azure.archive.ubuntu.com/ubuntu noble/universe amd64 fonts-ipafont-gothic all 00303-21ubuntu1 [3513 kB]
2026-10-06T10:44:15.0748430Z Get:3 http://azure.archive.ubuntu.com/ubuntu noble/main amd64 fonts-freefont-ttf all 20211204+svn4273-2 [5641 kB]
2026-10-06T10:44:15.1477082Z Get:4 http://azure.archive.ubuntu.com/ubuntu noble/universe amd64 fonts-tlwg-loma-otf all 1:0.7.3-1 [107 kB]
2026-10-06T10:44:15.1782767Z Get:5 http://azure.archive.ubuntu.com/ubuntu noble/universe amd64 fonts-unifont all 1:15.1.01-1build1 [2993 kB]
2026-10-06T10:44:15.2354993Z Get:6 http://azure.archive.ubuntu.com/ubuntu noble/universe amd64 fonts-wqy-zenhei all 0.9.45-8 [7472 kB]
2026-10-06T10:44:15.3372155Z Get:7 http://azure.archive.ubuntu.com/ubuntu noble-updates/main amd64 libgl1-mesa-dri amd64 25.2.8-0ubuntu0.24.04.4 [38.0 kB]
2026-10-06T10:44:15.3659152Z Get:8 http://azure.archive.ubuntu.com/ubuntu noble-updates/main amd64 libglx-mesa0 amd64 25.2.8-0ubuntu0.24.04.4 [110 kB]
2026-10-06T10:44:15.3965613Z Get:9 http://azure.archive.ubuntu.com/ubuntu noble-updates/main amd64 libgbm1 amd64 25.2.8-0ubuntu0.24.04.4 [34.2 kB]
2026-10-06T10:44:15.4265024Z Get:10 http://azure.archive.ubuntu.com/ubuntu noble-updates/main amd64 mesa-libgallium amd64 25.2.8-0ubuntu0.24.04.4 [10.8 MB]
2026-10-06T10:44:15.5632144Z Get:11 http://azure.archive.ubuntu.com/ubuntu noble/main amd64 xfonts-encodings all 1:1.0.5-0ubuntu2 [578 kB]
2026-10-06T10:44:15.5955763Z Get:12 http://azure.archive.ubuntu.com/ubuntu noble/main amd64 xfonts-utils amd64 1:7.7+6build3 [94.4 kB]
2026-10-06T10:44:15.6237018Z Get:13 http://azure.archive.ubuntu.com/ubuntu noble/universe amd64 xfonts-cyrillic all 1:1.0.5+nmu1 [384 kB]
2026-10-06T10:44:15.6537620Z Get:14 http://azure.archive.ubuntu.com/ubuntu noble/main amd64 xfonts-scalable all 1:1.0.3-1.3 [304 kB]
2026-10-06T10:44:15.9112169Z Fetched 32.1 MB in 1s (44.7 MB/s)
2026-10-06T10:44:16.0269427Z Selecting previously unselected package fonts-ipafont-gothic.
2026-10-06T10:44:16.0635784Z (Reading database ... 
2026-10-06T10:44:16.0636107Z (Reading database ... 5%
2026-10-06T10:44:16.0636548Z (Reading database ... 10%
2026-10-06T10:44:16.0636880Z (Reading database ... 15%
2026-10-06T10:44:16.0637198Z (Reading database ... 20%
2026-10-06T10:44:16.0637479Z (Reading database ... 25%
2026-10-06T10:44:16.0637704Z (Reading database ... 30%
2026-10-06T10:44:16.0638486Z (Reading database ... 35%
2026-10-06T10:44:16.0638771Z (Reading database ... 40%
2026-10-06T10:44:16.0639213Z (Reading database ... 45%
2026-10-06T10:44:16.0639559Z (Reading database ... 50%
2026-10-06T10:44:16.0759887Z (Reading database ... 55%
2026-10-06T10:44:16.2085467Z (Reading database ... 60%
2026-10-06T10:44:16.4194882Z (Reading database ... 65%
2026-10-06T10:44:16.6928351Z (Reading database ... 70%
2026-10-06T10:44:16.9638457Z (Reading database ... 75%
2026-10-06T10:44:17.2060444Z (Reading database ... 80%
2026-10-06T10:44:17.4010510Z (Reading database ... 85%
2026-10-06T10:44:17.6070019Z (Reading database ... 90%
2026-10-06T10:44:17.8599780Z (Reading database ... 95%
2026-10-06T10:44:17.8600265Z (Reading database ... 100%
2026-10-06T10:44:17.8600942Z (Reading database ... 202296 files and directories currently installed.)
2026-10-06T10:44:17.8641303Z Preparing to unpack .../00-fonts-ipafont-gothic_00303-21ubuntu1_all.deb ...
2026-10-06T10:44:17.9592627Z Unpacking fonts-ipafont-gothic (00303-21ubuntu1) ...
2026-10-06T10:44:18.2276783Z Selecting previously unselected package fonts-freefont-ttf.
2026-10-06T10:44:18.2380908Z Preparing to unpack .../01-fonts-freefont-ttf_20211204+svn4273-2_all.deb ...
2026-10-06T10:44:18.2394229Z Unpacking fonts-freefont-ttf (20211204+svn4273-2) ...
2026-10-06T10:44:18.3872222Z Selecting previously unselected package fonts-tlwg-loma-otf.
2026-10-06T10:44:18.3972440Z Preparing to unpack .../02-fonts-tlwg-loma-otf_1%3a0.7.3-1_all.deb ...
2026-10-06T10:44:18.4477812Z Unpacking fonts-tlwg-loma-otf (1:0.7.3-1) ...
2026-10-06T10:44:18.4641369Z Selecting previously unselected package fonts-unifont.
2026-10-06T10:44:18.4743186Z Preparing to unpack .../03-fonts-unifont_1%3a15.1.01-1build1_all.deb ...
2026-10-06T10:44:18.4755423Z Unpacking fonts-unifont (1:15.1.01-1build1) ...
2026-10-06T10:44:18.7278418Z Selecting previously unselected package fonts-wqy-zenhei.
2026-10-06T10:44:18.7387799Z Preparing to unpack .../04-fonts-wqy-zenhei_0.9.45-8_all.deb ...
2026-10-06T10:44:18.7473721Z Unpacking fonts-wqy-zenhei (0.9.45-8) ...
2026-10-06T10:44:19.2915398Z Preparing to unpack .../05-libgl1-mesa-dri_25.2.8-0ubuntu0.24.04.4_amd64.deb ...
2026-10-06T10:44:19.3038215Z Unpacking libgl1-mesa-dri:amd64 (25.2.8-0ubuntu0.24.04.4) over (25.2.8-0ubuntu0.24.04.2) ...
2026-10-06T10:44:19.6413523Z Preparing to unpack .../06-libglx-mesa0_25.2.8-0ubuntu0.24.04.4_amd64.deb ...
2026-10-06T10:44:19.7026457Z Unpacking libglx-mesa0:amd64 (25.2.8-0ubuntu0.24.04.4) over (25.2.8-0ubuntu0.24.04.2) ...
2026-10-06T10:44:19.7918780Z Preparing to unpack .../07-libgbm1_25.2.8-0ubuntu0.24.04.4_amd64.deb ...
2026-10-06T10:44:19.8023828Z Unpacking libgbm1:amd64 (25.2.8-0ubuntu0.24.04.4) over (25.2.8-0ubuntu0.24.04.2) ...
2026-10-06T10:44:20.0359935Z Preparing to unpack .../08-mesa-libgallium_25.2.8-0ubuntu0.24.04.4_amd64.deb ...
2026-10-06T10:44:20.0534450Z Unpacking mesa-libgallium:amd64 (25.2.8-0ubuntu0.24.04.4) over (25.2.8-0ubuntu0.24.04.2) ...
2026-10-06T10:44:20.8314008Z Selecting previously unselected package xfonts-encodings.
2026-10-06T10:44:20.8428750Z Preparing to unpack .../09-xfonts-encodings_1%3a1.0.5-0ubuntu2_all.deb ...
2026-10-06T10:44:20.8484893Z Unpacking xfonts-encodings (1:1.0.5-0ubuntu2) ...
2026-10-06T10:44:21.2060339Z Selecting previously unselected package xfonts-utils.
2026-10-06T10:44:21.2174864Z Preparing to unpack .../10-xfonts-utils_1%3a7.7+6build3_amd64.deb ...
2026-10-06T10:44:21.3094869Z Unpacking xfonts-utils (1:7.7+6build3) ...
2026-10-06T10:44:21.4759899Z Selecting previously unselected package xfonts-cyrillic.
2026-10-06T10:44:21.4876983Z Preparing to unpack .../11-xfonts-cyrillic_1%3a1.0.5+nmu1_all.deb ...
2026-10-06T10:44:21.4941910Z Unpacking xfonts-cyrillic (1:1.0.5+nmu1) ...
2026-10-06T10:44:21.7734436Z Selecting previously unselected package xfonts-scalable.
2026-10-06T10:44:21.7848361Z Preparing to unpack .../12-xfonts-scalable_1%3a1.0.3-1.3_all.deb ...
2026-10-06T10:44:21.9399370Z Unpacking xfonts-scalable (1:1.0.3-1.3) ...
2026-10-06T10:44:22.0908423Z Setting up mesa-libgallium:amd64 (25.2.8-0ubuntu0.24.04.4) ...
2026-10-06T10:44:22.1469740Z Setting up libgbm1:amd64 (25.2.8-0ubuntu0.24.04.4) ...
2026-10-06T10:44:22.2664628Z Setting up libgl1-mesa-dri:amd64 (25.2.8-0ubuntu0.24.04.4) ...
2026-10-06T10:44:22.3562925Z Setting up fonts-wqy-zenhei (0.9.45-8) ...
2026-10-06T10:44:22.3851843Z Setting up fonts-freefont-ttf (20211204+svn4273-2) ...
2026-10-06T10:44:22.4983363Z Setting up fonts-tlwg-loma-otf (1:0.7.3-1) ...
2026-10-06T10:44:22.5061595Z Setting up xfonts-encodings (1:1.0.5-0ubuntu2) ...
2026-10-06T10:44:22.5156530Z Setting up fonts-ipafont-gothic (00303-21ubuntu1) ...
2026-10-06T10:44:22.5447459Z update-alternatives: using /usr/share/fonts/opentype/ipafont-gothic/ipag.ttf to provide /usr/share/fonts/truetype/fonts-japanese-gothic.ttf (fonts-japanese-gothic.ttf) in auto mode
2026-10-06T10:44:22.5554182Z Setting up fonts-unifont (1:15.1.01-1build1) ...
2026-10-06T10:44:22.5807523Z Setting up libglx-mesa0:amd64 (25.2.8-0ubuntu0.24.04.4) ...
2026-10-06T10:44:22.5844466Z Setting up xfonts-utils (1:7.7+6build3) ...
2026-10-06T10:44:22.5950795Z Setting up xfonts-cyrillic (1:1.0.5+nmu1) ...
2026-10-06T10:44:22.7436284Z Setting up xfonts-scalable (1:1.0.3-1.3) ...
2026-10-06T10:44:22.9249770Z Processing triggers for libc-bin (2.39-0ubuntu8.9) ...
2026-10-06T10:44:23.9078923Z Processing triggers for man-db (2.12.0-4build2) ...
2026-10-06T10:44:23.9099771Z Not building database; man-db/auto-update is not 'true'.
2026-10-06T10:44:23.9115719Z Processing triggers for fontconfig (2.15.0-1.1ubuntu2) ...
2026-10-06T10:44:24.6907415Z 
2026-10-06T10:44:24.6908311Z Running kernel seems to be up-to-date.
2026-10-06T10:44:24.6908657Z 
2026-10-06T10:44:24.6908859Z No services need to be restarted.
2026-10-06T10:44:24.6909258Z 
2026-10-06T10:44:24.6909670Z No containers need to be restarted.
2026-10-06T10:44:24.6909854Z 
2026-10-06T10:44:24.6910004Z No user sessions are running outdated binaries.
2026-10-06T10:44:24.6910209Z 
2026-10-06T10:44:24.6910419Z No VM guests are running outdated hypervisor (qemu) binaries on this host.
2026-10-06T10:44:25.3862899Z Downloading Chrome for Testing 153.0.8010.12 (playwright chromium v1243) from https://cdn.playwright.dev/builds/cft/153.0.8010.12/linux64/chrome-linux64.zip
2026-10-06T10:44:25.8258872Z |                                                                                |   0% of 186.8 MiB
2026-10-06T10:44:26.2045276Z |■■■■■■■■                                                                        |  10% of 186.8 MiB
2026-10-06T10:44:26.2792552Z |■■■■■■■■■■■■■■■■                                                                |  20% of 186.8 MiB
2026-10-06T10:44:26.3300071Z |■■■■■■■■■■■■■■■■■■■■■■■■                                                        |  30% of 186.8 MiB
2026-10-06T10:44:26.3927845Z |■■■■■■■■■■■■■■■■■■■■■■■■■■■■■■■■                                                |  40% of 186.8 MiB
2026-10-06T10:44:26.4315741Z |■■■■■■■■■■■■■■■■■■■■■■■■■■■■■■■■■■■■■■■■                                        |  50% of 186.8 MiB
2026-10-06T10:44:26.4835659Z |■■■■■■■■■■■■■■■■■■■■■■■■■■■■■■■■■■■■■■■■■■■■■■■■                                |  60% of 186.8 MiB
2026-10-06T10:44:26.5212174Z |■■■■■■■■■■■■■■■■■■■■■■■■■■■■■■■■■■■■■■■■■■■■■■■■■■■■■■■■                        |  70% of 186.8 MiB
2026-10-06T10:44:26.5751791Z |■■■■■■■■■■■■■■■■■■■■■■■■■■■■■■■■■■■■■■■■■■■■■■■■■■■■■■■■■■■■■■■■                |  80% of 186.8 MiB
2026-10-06T10:44:26.6386858Z |■■■■■■■■■■■■■■■■■■■■■■■■■■■■■■■■■■■■■■■■■■■■■■■■■■■■■■■■■■■■■■■■■■■■■■■■        |  90% of 186.8 MiB
2026-10-06T10:44:26.6895656Z |■■■■■■■■■■■■■■■■■■■■■■■■■■■■■■■■■■■■■■■■■■■■■■■■■■■■■■■■■■■■■■■■■■■■■■■■■■■■■■■■| 100% of 186.8 MiB
2026-10-06T10:44:29.4477460Z Chrome for Testing 153.0.8010.12 (playwright chromium v1243) downloaded to /home/runner/.cache/ms-playwright/chromium-1243
2026-10-06T10:44:29.4481450Z Downloading FFmpeg (playwright ffmpeg v1011) from https://cdn.playwright.dev/dbazure/download/playwright/builds/ffmpeg/1011/ffmpeg-linux.zip
2026-10-06T10:44:29.9003839Z |                                                                                |   0% of 2.3 MiB
2026-10-06T10:44:29.9177863Z |■■■■■■■■                                                                        |  10% of 2.3 MiB
2026-10-06T10:44:29.9297285Z |■■■■■■■■■■■■■■■■                                                                |  20% of 2.3 MiB
2026-10-06T10:44:29.9382605Z |■■■■■■■■■■■■■■■■■■■■■■■■                                                        |  30% of 2.3 MiB
2026-10-06T10:44:29.9454845Z |■■■■■■■■■■■■■■■■■■■■■■■■■■■■■■■■                                                |  40% of 2.3 MiB
2026-10-06T10:44:29.9483101Z |■■■■■■■■■■■■■■■■■■■■■■■■■■■■■■■■■■■■■■■■                                        |  50% of 2.3 MiB
2026-10-06T10:44:29.9547161Z |■■■■■■■■■■■■■■■■■■■■■■■■■■■■■■■■■■■■■■■■■■■■■■■■                                |  60% of 2.3 MiB
2026-10-06T10:44:29.9573353Z |■■■■■■■■■■■■■■■■■■■■■■■■■■■■■■■■■■■■■■■■■■■■■■■■■■■■■■■■                        |  70% of 2.3 MiB
2026-10-06T10:44:29.9629230Z |■■■■■■■■■■■■■■■■■■■■■■■■■■■■■■■■■■■■■■■■■■■■■■■■■■■■■■■■■■■■■■■■                |  80% of 2.3 MiB
2026-10-06T10:44:29.9641288Z |■■■■■■■■■■■■■■■■■■■■■■■■■■■■■■■■■■■■■■■■■■■■■■■■■■■■■■■■■■■■■■■■■■■■■■■■        |  90% of 2.3 MiB
2026-10-06T10:44:29.9655538Z |■■■■■■■■■■■■■■■■■■■■■■■■■■■■■■■■■■■■■■■■■■■■■■■■■■■■■■■■■■■■■■■■■■■■■■■■■■■■■■■■| 100% of 2.3 MiB
2026-10-06T10:44:30.0153227Z FFmpeg (playwright ffmpeg v1011) downloaded to /home/runner/.cache/ms-playwright/ffmpeg-1011
2026-10-06T10:44:30.0155439Z Downloading Chrome Headless Shell 153.0.8010.12 (playwright chromium-headless-shell v1243) from https://cdn.playwright.dev/builds/cft/153.0.8010.12/linux64/chrome-headless-shell-linux64.zip
2026-10-06T10:44:30.3690753Z |                                                                                |   0% of 114.3 MiB
2026-10-06T10:44:30.6285091Z |■■■■■■■■                                                                        |  10% of 114.3 MiB
2026-10-06T10:44:30.6840534Z |■■■■■■■■■■■■■■■■                                                                |  20% of 114.3 MiB
2026-10-06T10:44:30.7152885Z |■■■■■■■■■■■■■■■■■■■■■■■■                                                        |  30% of 114.3 MiB
2026-10-06T10:44:30.7485069Z |■■■■■■■■■■■■■■■■■■■■■■■■■■■■■■■■                                                |  40% of 114.3 MiB
2026-10-06T10:44:30.7894794Z |■■■■■■■■■■■■■■■■■■■■■■■■■■■■■■■■■■■■■■■■                                        |  50% of 114.3 MiB
2026-10-06T10:44:30.8111951Z |■■■■■■■■■■■■■■■■■■■■■■■■■■■■■■■■■■■■■■■■■■■■■■■■                                |  60% of 114.3 MiB
2026-10-06T10:44:30.8459550Z |■■■■■■■■■■■■■■■■■■■■■■■■■■■■■■■■■■■■■■■■■■■■■■■■■■■■■■■■                        |  70% of 114.3 MiB
2026-10-06T10:44:30.8783256Z |■■■■■■■■■■■■■■■■■■■■■■■■■■■■■■■■■■■■■■■■■■■■■■■■■■■■■■■■■■■■■■■■                |  80% of 114.3 MiB
2026-10-06T10:44:30.9006675Z |■■■■■■■■■■■■■■■■■■■■■■■■■■■■■■■■■■■■■■■■■■■■■■■■■■■■■■■■■■■■■■■■■■■■■■■■        |  90% of 114.3 MiB
2026-10-06T10:44:30.9382942Z |■■■■■■■■■■■■■■■■■■■■■■■■■■■■■■■■■■■■■■■■■■■■■■■■■■■■■■■■■■■■■■■■■■■■■■■■■■■■■■■■| 100% of 114.3 MiB
2026-10-06T10:44:32.8536839Z Chrome Headless Shell 153.0.8010.12 (playwright chromium-headless-shell v1243) downloaded to /home/runner/.cache/ms-playwright/chromium_headless_shell-1243
2026-10-06T10:44:32.8740374Z ##[group]Run sudo apt-get install -y fonts-noto-cjk
2026-10-06T10:44:32.8740757Z [36;1msudo apt-get install -y fonts-noto-cjk[0m
2026-10-06T10:44:32.8775878Z shell: /usr/bin/bash -e {0}
2026-10-06T10:44:32.8776221Z ##[endgroup]
2026-10-06T10:44:32.8975431Z Reading package lists...
2026-10-06T10:44:33.0490422Z Building dependency tree...
2026-10-06T10:44:33.0498281Z Reading state information...
2026-10-06T10:44:33.1884052Z Suggested packages:
2026-10-06T10:44:33.1884680Z   fonts-noto-cjk-extra
2026-10-06T10:44:33.1994328Z The following NEW packages will be installed:
2026-10-06T10:44:33.2000514Z   fonts-noto-cjk
2026-10-06T10:44:33.2134721Z 0 upgraded, 1 newly installed, 0 to remove and 21 not upgraded.
2026-10-06T10:44:33.2135156Z Need to get 61.2 MB of archives.
2026-10-06T10:44:33.2135600Z After this operation, 93.2 MB of additional disk space will be used.
2026-10-06T10:44:33.2136009Z Get:1 file:/etc/apt/apt-mirrors.txt Mirrorlist [144 B]
2026-10-06T10:44:33.2698677Z Get:2 http://azure.archive.ubuntu.com/ubuntu noble/main amd64 fonts-noto-cjk all 1:20230817+repack1-3 [61.2 MB]
2026-10-06T10:44:34.2166293Z Fetched 61.2 MB in 1s (74.3 MB/s)
2026-10-06T10:44:34.4993332Z Selecting previously unselected package fonts-noto-cjk.
2026-10-06T10:44:34.5020687Z (Reading database ... 
2026-10-06T10:44:34.5021803Z (Reading database ... 5%
2026-10-06T10:44:34.5022465Z (Reading database ... 10%
2026-10-06T10:44:34.5022842Z (Reading database ... 15%
2026-10-06T10:44:34.5023173Z (Reading database ... 20%
2026-10-06T10:44:34.5023579Z (Reading database ... 25%
2026-10-06T10:44:34.5023944Z (Reading database ... 30%
2026-10-06T10:44:34.5024273Z (Reading database ... 35%
2026-10-06T10:44:34.5024606Z (Reading database ... 40%
2026-10-06T10:44:34.5024929Z (Reading database ... 45%
2026-10-06T10:44:34.5025289Z (Reading database ... 50%
2026-10-06T10:44:34.5037199Z (Reading database ... 55%
2026-10-06T10:44:34.5129408Z (Reading database ... 60%
2026-10-06T10:44:34.5151846Z (Reading database ... 65%
2026-10-06T10:44:34.5169416Z (Reading database ... 70%
2026-10-06T10:44:34.5198509Z (Reading database ... 75%
2026-10-06T10:44:34.5226084Z (Reading database ... 80%
2026-10-06T10:44:34.5247206Z (Reading database ... 85%
2026-10-06T10:44:34.5385343Z (Reading database ... 90%
2026-10-06T10:44:34.5640905Z (Reading database ... 95%
2026-10-06T10:44:34.5641520Z (Reading database ... 100%
2026-10-06T10:44:34.5642085Z (Reading database ... 202563 files and directories currently installed.)
2026-10-06T10:44:34.5679863Z Preparing to unpack .../fonts-noto-cjk_1%3a20230817+repack1-3_all.deb ...
2026-10-06T10:44:34.5771517Z Unpacking fonts-noto-cjk (1:20230817+repack1-3) ...
2026-10-06T10:44:35.3782594Z Setting up fonts-noto-cjk (1:20230817+repack1-3) ...
2026-10-06T10:44:35.3843070Z Processing triggers for fontconfig (2.15.0-1.1ubuntu2) ...
2026-10-06T10:44:35.8071611Z 
2026-10-06T10:44:35.8073066Z Running kernel seems to be up-to-date.
2026-10-06T10:44:35.8073857Z 
2026-10-06T10:44:35.8074423Z No services need to be restarted.
2026-10-06T10:44:35.8074778Z 
2026-10-06T10:44:35.8074906Z No containers need to be restarted.
2026-10-06T10:44:35.8075092Z 
2026-10-06T10:44:35.8075267Z No user sessions are running outdated binaries.
2026-10-06T10:44:35.8075439Z 
2026-10-06T10:44:35.8075705Z No VM guests are running outdated hypervisor (qemu) binaries on this host.
2026-10-06T10:44:36.5624324Z ##[group]Run npm run test:weaveos:unit
2026-10-06T10:44:36.5624648Z [36;1mnpm run test:weaveos:unit[0m
2026-10-06T10:44:36.5660376Z shell: /usr/bin/bash -e {0}
2026-10-06T10:44:36.5660715Z ##[endgroup]
2026-10-06T10:44:36.6379425Z 
2026-10-06T10:44:36.6380110Z > arca-ui@0.0.1 test:weaveos:unit
2026-10-06T10:44:36.6380571Z > node --test tests/weaveos/geometry.test.mjs
2026-10-06T10:44:36.6380744Z 
2026-10-06T10:44:36.7316702Z ✔ opening starts at the source center with its size (0.955006ms)
2026-10-06T10:44:36.7326408Z ✔ each distinct source yields its own trajectory (0.120302ms)
2026-10-06T10:44:36.7335315Z ✔ absent source uses no displacement (0.086893ms)
2026-10-06T10:44:36.7335922Z ✔ invalid or zero rectangles fall back safely (0.104508ms)
2026-10-06T10:44:36.7336616Z ✔ no division by zero from an unmeasured panel (0.117104ms)
2026-10-06T10:44:36.7419814Z ℹ tests 5
2026-10-06T10:44:36.7420959Z ℹ suites 0
2026-10-06T10:44:36.7433894Z ℹ pass 5
2026-10-06T10:44:36.7441196Z ℹ fail 0
2026-10-06T10:44:36.7442238Z ℹ cancelled 0
2026-10-06T10:44:36.7442794Z ℹ skipped 0
2026-10-06T10:44:36.7443299Z ℹ todo 0
2026-10-06T10:44:36.7443838Z ℹ duration_ms 80.171952
2026-10-06T10:44:36.7541631Z ##[group]Run npx eslint src/weaveos
2026-10-06T10:44:36.7541940Z [36;1mnpx eslint src/weaveos[0m
2026-10-06T10:44:36.7578697Z shell: /usr/bin/bash -e {0}
2026-10-06T10:44:36.7579133Z ##[endgroup]
2026-10-06T10:44:38.4210837Z ##[group]Run npx tsc -b
2026-10-06T10:44:38.4211244Z [36;1mnpx tsc -b[0m
2026-10-06T10:44:38.4251872Z shell: /usr/bin/bash -e {0}
2026-10-06T10:44:38.4252203Z ##[endgroup]
2026-10-06T10:44:44.0441282Z ##[group]Run npm run build:weaveos
2026-10-06T10:44:44.0441671Z [36;1mnpm run build:weaveos[0m
2026-10-06T10:44:44.0476072Z shell: /usr/bin/bash -e {0}
2026-10-06T10:44:44.0476349Z ##[endgroup]
2026-10-06T10:44:44.1179593Z 
2026-10-06T10:44:44.1180156Z > arca-ui@0.0.1 build:weaveos
2026-10-06T10:44:44.1180658Z > vite build --config vite.weaveos.config.ts
2026-10-06T10:44:44.1180833Z 
2026-10-06T10:44:44.3253381Z [36mvite v8.3.0 [32mbuilding client environment for production...[36m[39m
2026-10-06T10:44:44.3330464Z transforming...
2026-10-06T10:44:44.4987428Z ✓ 2551 modules transformed.
2026-10-06T10:44:44.5473262Z rendering chunks...
2026-10-06T10:44:44.6190584Z computing gzip size...
2026-10-06T10:44:44.6244452Z dist-weaveos/weaveos.html                                            0.37 kB │ gzip:   0.29 kB
2026-10-06T10:44:44.6249878Z dist-weaveos/assets/geist-cyrillic-ext-wght-normal-DjL33-gN.woff2    7.42 kB
2026-10-06T10:44:44.6250780Z dist-weaveos/assets/geist-vietnamese-wght-normal-6IgcOCM7.woff2      8.00 kB
2026-10-06T10:44:44.6251453Z dist-weaveos/assets/geist-cyrillic-wght-normal-BEAKL7Jp.woff2       15.08 kB
2026-10-06T10:44:44.6251949Z dist-weaveos/assets/geist-latin-ext-wght-normal-DC-KSUi6.woff2      16.51 kB
2026-10-06T10:44:44.6252438Z dist-weaveos/assets/geist-latin-wght-normal-BgDaEnEv.woff2          29.40 kB
2026-10-06T10:44:44.6253009Z dist-weaveos/assets/weaveos-DvVnpfBh.css                            30.63 kB │ gzip:   7.46 kB
2026-10-06T10:44:44.6253598Z dist-weaveos/assets/weaveos-C8Npps5M.js                            546.24 kB │ gzip: 178.95 kB
2026-10-06T10:44:44.6253892Z 
2026-10-06T10:44:44.6278181Z [33m[plugin builtin:vite-reporter] 
2026-10-06T10:44:44.6278737Z (!) Some chunks are larger than 500 kB after minification. Consider:
2026-10-06T10:44:44.6279369Z - Using dynamic import() to code-split the application
2026-10-06T10:44:44.6280143Z - Use build.rolldownOptions.output.codeSplitting to improve chunking: https://rolldown.rs/reference/OutputOptions.codeSplitting
2026-10-06T10:44:44.6280859Z - Adjust chunk size limit for this warning via build.chunkSizeWarningLimit.[39m
2026-10-06T10:44:44.6377426Z [32m✓ built in 311ms[39m
2026-10-06T10:44:44.6637219Z ##[group]Run npm run build:weaveos:library
2026-10-06T10:44:44.6637572Z [36;1mnpm run build:weaveos:library[0m
2026-10-06T10:44:44.6672469Z shell: /usr/bin/bash -e {0}
2026-10-06T10:44:44.6672771Z ##[endgroup]
2026-10-06T10:44:44.7401234Z 
2026-10-06T10:44:44.7401823Z > arca-ui@0.0.1 build:weaveos:library
2026-10-06T10:44:44.7402738Z > vite build --config vite.weaveos-library.config.ts && tsc -p tsconfig.weaveos-library.json && node scripts/weaveos/package.mjs
2026-10-06T10:44:44.7403087Z 
2026-10-06T10:44:44.8638185Z [36mvite v8.3.0 [32mbuilding client environment for production...[36m[39m
2026-10-06T10:44:44.8735411Z transforming...
2026-10-06T10:44:44.8777190Z ✓ 13 modules transformed.
2026-10-06T10:44:44.8809609Z rendering chunks...
2026-10-06T10:44:44.8836398Z computing gzip size...
2026-10-06T10:44:44.8842847Z dist-library/index.js  12.09 kB │ gzip: 3.59 kB
2026-10-06T10:44:44.8843563Z 
2026-10-06T10:44:44.8849226Z [32m✓ built in 19ms[39m
2026-10-06T10:44:46.1120641Z Prepared private/unpublished component artifact at dist-library
2026-10-06T10:44:46.1247254Z ##[group]Run npm run test:weaveos:package
2026-10-06T10:44:46.1247583Z [36;1mnpm run test:weaveos:package[0m
2026-10-06T10:44:46.1283129Z shell: /usr/bin/bash -e {0}
2026-10-06T10:44:46.1283429Z ##[endgroup]
2026-10-06T10:44:46.1987858Z 
2026-10-06T10:44:46.1988625Z > arca-ui@0.0.1 test:weaveos:package
2026-10-06T10:44:46.1989396Z > node --test tests/weaveos/package.test.mjs
2026-10-06T10:44:46.1989656Z 
2026-10-06T10:44:46.5336384Z ✔ consumer artifact exports controls, theme and source-aware dialog (0.601048ms)
2026-10-06T10:44:46.5339656Z ✔ package has typed exports, explicit React peers and safe unpublished metadata (0.201266ms)
2026-10-06T10:44:46.5340459Z ✔ artifact has no source aliases or demo app and CSS stays scoped (0.219551ms)
2026-10-06T10:44:46.5341160Z ✔ distributed license and source attribution accompany components (0.10458ms)
2026-10-06T10:44:46.5449738Z ℹ tests 4
2026-10-06T10:44:46.5454434Z ℹ suites 0
2026-10-06T10:44:46.5454742Z ℹ pass 4
2026-10-06T10:44:46.5455668Z ℹ fail 0
2026-10-06T10:44:46.5455951Z ℹ cancelled 0
2026-10-06T10:44:46.5456178Z ℹ skipped 0
2026-10-06T10:44:46.5456419Z ℹ todo 0
2026-10-06T10:44:46.5456700Z ℹ duration_ms 321.841012
2026-10-06T10:44:46.5545868Z ##[group]Run npm run test:weaveos
2026-10-06T10:44:46.5546187Z [36;1mnpm run test:weaveos[0m
2026-10-06T10:44:46.5581182Z shell: /usr/bin/bash -e {0}
2026-10-06T10:44:46.5581434Z ##[endgroup]
2026-10-06T10:44:46.6274119Z 
2026-10-06T10:44:46.6274478Z > arca-ui@0.0.1 test:weaveos
2026-10-06T10:44:46.6274981Z > playwright test -c playwright.weaveos.config.ts
2026-10-06T10:44:46.6275169Z 
2026-10-06T10:44:47.5220754Z ✔ opening starts at the source center with its size (1.335151ms)
2026-10-06T10:44:47.5221668Z ✔ each distinct source yields its own trajectory (0.161932ms)
2026-10-06T10:44:47.5222410Z ✔ absent source uses no displacement (0.151339ms)
2026-10-06T10:44:47.5222956Z ✔ invalid or zero rectangles fall back safely (0.144884ms)
2026-10-06T10:44:47.5223567Z ✔ no division by zero from an unmeasured panel (0.095612ms)
2026-10-06T10:44:47.9546055Z ✔ consumer artifact exports controls, theme and source-aware dialog (0.416996ms)
2026-10-06T10:44:47.9550378Z ✔ package has typed exports, explicit React peers and safe unpublished metadata (0.268372ms)
2026-10-06T10:44:47.9560387Z ✔ artifact has no source aliases or demo app and CSS stays scoped (0.323706ms)
2026-10-06T10:44:47.9561773Z ✔ distributed license and source attribution accompany components (0.201476ms)
2026-10-06T10:44:48.0204751Z 
2026-10-06T10:44:48.0205490Z Running 13 tests using 2 workers
2026-10-06T10:44:48.0205737Z 
2026-10-06T10:44:52.2437306Z   ✘   1 [chromium] › tests/weaveos/origin-motion.spec.ts:3:1 › window geometry really travels from and returns toward the trigger (3.1s)
2026-10-06T10:44:52.5670464Z   ✓   2 [chromium] › tests/weaveos/origin-motion.spec.ts:28:1 › successful save returns the window toward its source too (3.5s)
2026-10-06T10:44:53.6851652Z [Screenshot bytes retained separately]
2026-10-06T10:44:54.0666463Z [Screenshot bytes retained separately]
2026-10-06T10:44:54.3571708Z   ✓   4 [chromium] › tests/weaveos/studio.spec.ts:6:1 › shell uses collapsible icon rail and edge-to-edge content card (1.7s)
2026-10-06T10:44:55.0072674Z [Screenshot bytes retained separately]
2026-10-06T10:44:55.4524931Z [Screenshot bytes retained separately]
2026-10-06T10:44:55.6987744Z [Screenshot bytes retained separately]
2026-10-06T10:44:55.7518499Z   ✓   3 [chromium] › tests/weaveos/preview.spec.ts:3:1 › capture component studio review images (3.1s)
2026-10-06T10:44:56.3947185Z   ✓   5 [chromium] › tests/weaveos/studio.spec.ts:19:1 › source dialog has accessible title, focus isolation and restores origin (2.0s)
2026-10-06T10:44:57.5965265Z   ✓   6 [chromium] › tests/weaveos/studio.spec.ts:27:1 › second source restores its own focus (1.8s)
2026-10-06T10:45:00.8576593Z   ✓   7 [chromium] › tests/weaveos/studio.spec.ts:34:1 › close during opening and repeat never leaves an overlay or locked page (4.4s)
2026-10-06T10:45:01.5860747Z   ✓   8 [chromium] › tests/weaveos/studio.spec.ts:42:1 › save feedback waits for result and errors retain editable input (4.0s)
2026-10-06T10:45:03.0794514Z   ✓   9 [chromium] › tests/weaveos/studio.spec.ts:58:1 › nested select Escape dismisses only the list, then dialog (2.2s)
2026-10-06T10:45:03.7051163Z   ✓  10 [chromium] › tests/weaveos/studio.spec.ts:67:1 › reduced motion preserves usable modal without scale displacement (2.1s)
2026-10-06T10:45:04.7718912Z   ✓  12 [chromium] › tests/weaveos/studio.spec.ts:85:1 › theme controls, basic controls and component navigation work (1.1s)
2026-10-06T10:45:05.1103985Z   ✓  11 [chromium] › tests/weaveos/studio.spec.ts:76:1 › mobile view fits viewport and dialog remains operable (2.0s)
2026-10-06T10:45:07.1311798Z   ✘  13 [chromium] › tests/weaveos/studio.spec.ts:95:1 › studio and open modal have no serious accessibility violations (2.1s)
2026-10-06T10:45:07.1737298Z 
2026-10-06T10:45:07.1740673Z 
2026-10-06T10:45:07.1748127Z   1) [chromium] › tests/weaveos/origin-motion.spec.ts:3:1 › window geometry really travels from and returns toward the trigger 
2026-10-06T10:45:07.1748675Z 
2026-10-06T10:45:07.1748903Z     Error: expect(received).toBe(expected) // Object.is equality
2026-10-06T10:45:07.1749254Z 
2026-10-06T10:45:07.1749355Z     Expected: true
2026-10-06T10:45:07.1749582Z     Received: false
2026-10-06T10:45:07.1749717Z 
2026-10-06T10:45:07.1749798Z       20 |  }))
2026-10-06T10:45:07.1750137Z       21 |  await trigger.click();const opening=await openingSamples
2026-10-06T10:45:07.1750647Z     > 22 |  expect(opening.some(w=>w<opened!.width*.65)).toBe(true)
2026-10-06T10:45:07.1751047Z          |                                               ^
2026-10-06T10:45:07.1751438Z       23 |  await expect(dialog).toHaveCSS('transform','none')
2026-10-06T10:45:07.1752388Z       24 |  const final=await dialog.boundingBox();expect(Math.abs(final!.x+final!.width/2-720)).toBeLessThan(2)
2026-10-06T10:45:07.1752888Z       25 | })
2026-10-06T10:45:07.1753400Z         at /home/runner/work/arca-ui/arca-ui/tests/weaveos/origin-motion.spec.ts:22:47
2026-10-06T10:45:07.1753740Z 
2026-10-06T10:45:07.1754192Z     attachment #1: screenshot (image/png) ──────────────────────────────────────────────────────────
2026-10-06T10:45:07.1754977Z     test-results/origin-motion-window-geome-e7204--returns-toward-the-trigger-chromium/test-failed-1.png
2026-10-06T10:45:07.1755806Z     ────────────────────────────────────────────────────────────────────────────────────────────────
2026-10-06T10:45:07.1756109Z 
2026-10-06T10:45:07.1756599Z     Error Context: test-results/origin-motion-window-geome-e7204--returns-toward-the-trigger-chromium/error-context.md
2026-10-06T10:45:07.1757114Z 
2026-10-06T10:45:07.1757531Z     attachment #3: trace (application/zip) ─────────────────────────────────────────────────────────
2026-10-06T10:45:07.1758287Z     test-results/origin-motion-window-geome-e7204--returns-toward-the-trigger-chromium/trace.zip
2026-10-06T10:45:07.1758813Z     Usage:
2026-10-06T10:45:07.1758948Z 
2026-10-06T10:45:07.1759551Z         npx playwright show-trace test-results/origin-motion-window-geome-e7204--returns-toward-the-trigger-chromium/trace.zip
2026-10-06T10:45:07.1760092Z 
2026-10-06T10:45:07.1760462Z     ────────────────────────────────────────────────────────────────────────────────────────────────
2026-10-06T10:45:07.1760759Z 
2026-10-06T10:45:07.1761308Z   2) [chromium] › tests/weaveos/studio.spec.ts:95:1 › studio and open modal have no serious accessibility violations 
2026-10-06T10:45:07.1761737Z 
2026-10-06T10:45:07.1761945Z     Error: expect(received).toEqual(expected) // deep equality
2026-10-06T10:45:07.1762203Z 
2026-10-06T10:45:07.1762300Z     - Expected  -   1
2026-10-06T10:45:07.1762538Z     + Received  + 164
2026-10-06T10:45:07.1762679Z 
2026-10-06T10:45:07.1762789Z     - Array []
2026-10-06T10:45:07.1762990Z     + Array [
2026-10-06T10:45:07.1763183Z     +   Object {
2026-10-06T10:45:07.1763794Z     +     "description": "Ensure the contrast between foreground and background colors meets WCAG 2 AA minimum contrast ratio thresholds",
2026-10-06T10:45:07.1764533Z     +     "help": "Elements must meet minimum color contrast ratio thresholds",
2026-10-06T10:45:07.1765198Z     +     "helpUrl": "https://dequeuniversity.com/rules/axe/4.13/color-contrast?application=playwright",
2026-10-06T10:45:07.1765710Z     +     "id": "color-contrast",
2026-10-06T10:45:07.1765990Z     +     "impact": "serious",
2026-10-06T10:45:07.1766240Z     +     "nodes": Array [
2026-10-06T10:45:07.1766501Z     +       Object {
2026-10-06T10:45:07.1766745Z     +         "all": Array [],
2026-10-06T10:45:07.1766993Z     +         "any": Array [
2026-10-06T10:45:07.1767226Z     +           Object {
2026-10-06T10:45:07.1767475Z     +             "data": Object {
2026-10-06T10:45:07.1767767Z     +               "bgColor": "#fcfcfc",
2026-10-06T10:45:07.1768155Z     +               "contrastRatio": 3.89,
2026-10-06T10:45:07.1768504Z     +               "expectedContrastRatio": "4.5:1",
2026-10-06T10:45:07.1768840Z     +               "fgColor": "#7e807a",
2026-10-06T10:45:07.1769295Z     +               "fontSize": "9.0pt (12px)",
2026-10-06T10:45:07.1769615Z     +               "fontWeight": "normal",
2026-10-06T10:45:07.1769928Z     +               "messageKey": null,
2026-10-06T10:45:07.1770186Z     +             },
2026-10-06T10:45:07.1770444Z     +             "id": "color-contrast",
2026-10-06T10:45:07.1770750Z     +             "impact": "serious",
2026-10-06T10:45:07.1771665Z     +             "message": "Element has insufficient color contrast of 3.89 (foreground color: #7e807a, background color: #fcfcfc, font size: 9.0pt (12px), font weight: normal). Expected contrast ratio of 4.5:1",
2026-10-06T10:45:07.1772497Z     +             "relatedNodes": Array [
2026-10-06T10:45:07.1772772Z     +               Object {
2026-10-06T10:45:07.1774066Z     +                 "html": "<div data-open=\"\" id=\"_r_0_\" role=\"dialog\" tabindex=\"-1\" data-base-ui-focusable=\"\" data-motion=\"spring\" class=\"wo-dialog \" aria-labelledby=\"base-ui-_r_e_\" aria-describedby=\"base-ui-_r_f_\" style=\"--nested-dialogs: 0; opacity: 0.3; transform: none;\">",
2026-10-06T10:45:07.1775193Z     +                 "target": Array [
2026-10-06T10:45:07.1775484Z     +                   "#_r_0_",
2026-10-06T10:45:07.1775730Z     +                 ],
2026-10-06T10:45:07.1775965Z     +               },
2026-10-06T10:45:07.1776194Z     +               Object {
2026-10-06T10:45:07.1776967Z     +                 "html": "<div data-open=\"\" role=\"presentation\" class=\"wo-backdrop\" aria-hidden=\"true\" data-base-ui-inert=\"\" style=\"user-select: none;\"></div>",
2026-10-06T10:45:07.1777653Z     +                 "target": Array [
2026-10-06T10:45:07.1777948Z     +                   ".wo-backdrop",
2026-10-06T10:45:07.1778217Z     +                 ],
2026-10-06T10:45:07.1778445Z     +               },
2026-10-06T10:45:07.1778666Z     +               Object {
2026-10-06T10:45:07.1779299Z     +                 "html": "<main class=\"wo-workspace-card\" data-testid=\"workspace-card\">",
2026-10-06T10:45:07.1779793Z     +                 "target": Array [
2026-10-06T10:45:07.1780074Z     +                   "main",
2026-10-06T10:45:07.1780312Z     +                 ],
2026-10-06T10:45:07.1780531Z     +               },
2026-10-06T10:45:07.1780742Z     +             ],
2026-10-06T10:45:07.1780951Z     +           },
2026-10-06T10:45:07.1781161Z     +         ],
2026-10-06T10:45:07.1781440Z     +         "failureSummary": "Fix any of the following:
2026-10-06T10:45:07.1782336Z     +   Element has insufficient color contrast of 3.89 (foreground color: #7e807a, background color: #fcfcfc, font size: 9.0pt (12px), font weight: normal). Expected contrast ratio of 4.5:1",
2026-10-06T10:45:07.1783437Z     +         "html": "<p id=\"base-ui-_r_f_\" class=\"wo-dialog-description\">给新的工作空间起一个名字</p>",
2026-10-06T10:45:07.1783879Z     +         "impact": "serious",
2026-10-06T10:45:07.1784165Z     +         "none": Array [],
2026-10-06T10:45:07.1784435Z     +         "target": Array [
2026-10-06T10:45:07.1784698Z     +           "#base-ui-_r_f_",
2026-10-06T10:45:07.1785074Z     +         ],
2026-10-06T10:45:07.1785273Z     +       },
2026-10-06T10:45:07.1785470Z     +       Object {
2026-10-06T10:45:07.1785714Z     +         "all": Array [],
2026-10-06T10:45:07.1785959Z     +         "any": Array [
2026-10-06T10:45:07.1786194Z     +           Object {
2026-10-06T10:45:07.1786445Z     +             "data": Object {
2026-10-06T10:45:07.1786734Z     +               "bgColor": "#fcfcfc",
2026-10-06T10:45:07.1787065Z     +               "contrastRatio": 3.89,
2026-10-06T10:45:07.1787415Z     +               "expectedContrastRatio": "4.5:1",
2026-10-06T10:45:07.1787747Z     +               "fgColor": "#7e807a",
2026-10-06T10:45:07.1788061Z     +               "fontSize": "7.5pt (10px)",
2026-10-06T10:45:07.1788481Z     +               "fontWeight": "normal",
2026-10-06T10:45:07.1788791Z     +               "messageKey": null,
2026-10-06T10:45:07.1789168Z     +             },
2026-10-06T10:45:07.1789427Z     +             "id": "color-contrast",
2026-10-06T10:45:07.1789730Z     +             "impact": "serious",
2026-10-06T10:45:07.1790642Z     +             "message": "Element has insufficient color contrast of 3.89 (foreground color: #7e807a, background color: #fcfcfc, font size: 7.5pt (10px), font weight: normal). Expected contrast ratio of 4.5:1",
2026-10-06T10:45:07.1791449Z     +             "relatedNodes": Array [
2026-10-06T10:45:07.1791740Z     +               Object {
2026-10-06T10:45:07.1792910Z     +                 "html": "<div data-open=\"\" id=\"_r_0_\" role=\"dialog\" tabindex=\"-1\" data-base-ui-focusable=\"\" data-motion=\"spring\" class=\"wo-dialog \" aria-labelledby=\"base-ui-_r_e_\" aria-describedby=\"base-ui-_r_f_\" style=\"--nested-dialogs: 0; opacity: 0.3; transform: none;\">",
2026-10-06T10:45:07.1793994Z     +                 "target": Array [
2026-10-06T10:45:07.1794277Z     +                   "#_r_0_",
2026-10-06T10:45:07.1794616Z     +                 ],
2026-10-06T10:45:07.1794837Z     +               },
2026-10-06T10:45:07.1795058Z     +               Object {
2026-10-06T10:45:07.1795782Z     +                 "html": "<div data-open=\"\" role=\"presentation\" class=\"wo-backdrop\" aria-hidden=\"true\" data-base-ui-inert=\"\" style=\"user-select: none;\"></div>",
2026-10-06T10:45:07.1796470Z     +                 "target": Array [
2026-10-06T10:45:07.1796771Z     +                   ".wo-backdrop",
2026-10-06T10:45:07.1797040Z     +                 ],
2026-10-06T10:45:07.1797261Z     +               },
2026-10-06T10:45:07.1797483Z     +               Object {
2026-10-06T10:45:07.1797914Z     +                 "html": "<main class=\"wo-workspace-card\" data-testid=\"workspace-card\">",
2026-10-06T10:45:07.1798358Z     +                 "target": Array [
2026-10-06T10:45:07.1798654Z     +                   "main",
2026-10-06T10:45:07.1798891Z     +                 ],
2026-10-06T10:45:07.1799202Z     +               },
2026-10-06T10:45:07.1799423Z     +             ],
2026-10-06T10:45:07.1799635Z     +           },
2026-10-06T10:45:07.1799838Z     +         ],
2026-10-06T10:45:07.1800139Z     +         "failureSummary": "Fix any of the following:
2026-10-06T10:45:07.1801046Z     +   Element has insufficient color contrast of 3.89 (foreground color: #7e807a, background color: #fcfcfc, font size: 7.5pt (10px), font weight: normal). Expected contrast ratio of 4.5:1",
2026-10-06T10:45:07.1801926Z     +         "html": "<small>可选</small>",
2026-10-06T10:45:07.1802226Z     +         "impact": "serious",
2026-10-06T10:45:07.1802504Z     +         "none": Array [],
2026-10-06T10:45:07.1802780Z     +         "target": Array [
2026-10-06T10:45:07.1803088Z     +           ".wo-field:nth-child(3) > span > small",
2026-10-06T10:45:07.1803384Z     +         ],
2026-10-06T10:45:07.1803594Z     +       },
2026-10-06T10:45:07.1803792Z     +       Object {
2026-10-06T10:45:07.1804028Z     +         "all": Array [],
2026-10-06T10:45:07.1804286Z     +         "any": Array [
2026-10-06T10:45:07.1804519Z     +           Object {
2026-10-06T10:45:07.1804767Z     +             "data": Object {
2026-10-06T10:45:07.1805053Z     +               "bgColor": "#fcfcfc",
2026-10-06T10:45:07.1805355Z     +               "contrastRatio": 3.89,
2026-10-06T10:45:07.1805692Z     +               "expectedContrastRatio": "4.5:1",
2026-10-06T10:45:07.1806028Z     +               "fgColor": "#7e807a",
2026-10-06T10:45:07.1806337Z     +               "fontSize": "6.8pt (9px)",
2026-10-06T10:45:07.1806658Z     +               "fontWeight": "normal",
2026-10-06T10:45:07.1806962Z     +               "messageKey": null,
2026-10-06T10:45:07.1807219Z     +             },
2026-10-06T10:45:07.1807479Z     +             "id": "color-contrast",
2026-10-06T10:45:07.1807776Z     +             "impact": "serious",
2026-10-06T10:45:07.1808778Z     +             "message": "Element has insufficient color contrast of 3.89 (foreground color: #7e807a, background color: #fcfcfc, font size: 6.8pt (9px), font weight: normal). Expected contrast ratio of 4.5:1",
2026-10-06T10:45:07.1810090Z     +             "relatedNodes": Array [
2026-10-06T10:45:07.1810387Z     +               Object {
2026-10-06T10:45:07.1811590Z     +                 "html": "<div data-open=\"\" id=\"_r_0_\" role=\"dialog\" tabindex=\"-1\" data-base-ui-focusable=\"\" data-motion=\"spring\" class=\"wo-dialog \" aria-labelledby=\"base-ui-_r_e_\" aria-describedby=\"base-ui-_r_f_\" style=\"--nested-dialogs: 0; opacity: 0.3; transform: none;\">",
2026-10-06T10:45:07.1812686Z     +                 "target": Array [
2026-10-06T10:45:07.1812980Z     +                   "#_r_0_",
2026-10-06T10:45:07.1813229Z     +                 ],
2026-10-06T10:45:07.1813459Z     +               },
2026-10-06T10:45:07.1813682Z     +               Object {
2026-10-06T10:45:07.1814410Z     +                 "html": "<div data-open=\"\" role=\"presentation\" class=\"wo-backdrop\" aria-hidden=\"true\" data-base-ui-inert=\"\" style=\"user-select: none;\"></div>",
2026-10-06T10:45:07.1815167Z     +                 "target": Array [
2026-10-06T10:45:07.1815455Z     +                   ".wo-backdrop",
2026-10-06T10:45:07.1815716Z     +                 ],
2026-10-06T10:45:07.1815938Z     +               },
2026-10-06T10:45:07.1816204Z     +               Object {
2026-10-06T10:45:07.1816670Z     +                 "html": "<main class=\"wo-workspace-card\" data-testid=\"workspace-card\">",
2026-10-06T10:45:07.1817121Z     +                 "target": Array [
2026-10-06T10:45:07.1817459Z     +                   "main",
2026-10-06T10:45:07.1817708Z     +                 ],
2026-10-06T10:45:07.1818077Z     +               },
2026-10-06T10:45:07.1818422Z     +             ],
2026-10-06T10:45:07.1818672Z     +           },
2026-10-06T10:45:07.1818906Z     +         ],
2026-10-06T10:45:07.1819305Z     +         "failureSummary": "Fix any of the following:
2026-10-06T10:45:07.1820216Z     +   Element has insufficient color contrast of 3.89 (foreground color: #7e807a, background color: #fcfcfc, font size: 6.8pt (9px), font weight: normal). Expected contrast ratio of 4.5:1",
2026-10-06T10:45:07.1821240Z     +         "html": "<span>交互演示</span>",
2026-10-06T10:45:07.1821916Z     +         "impact": "serious",
2026-10-06T10:45:07.1822213Z     +         "none": Array [],
2026-10-06T10:45:07.1822483Z     +         "target": Array [
2026-10-06T10:45:07.1822781Z     +           ".wo-demo-options > span",
2026-10-06T10:45:07.1823124Z     +         ],
2026-10-06T10:45:07.1823333Z     +       },
2026-10-06T10:45:07.1823526Z     +     ],
2026-10-06T10:45:07.1823750Z     +     "tags": Array [
2026-10-06T10:45:07.1824001Z     +       "cat.color",
2026-10-06T10:45:07.1824229Z     +       "wcag2aa",
2026-10-06T10:45:07.1824443Z     +       "wcag143",
2026-10-06T10:45:07.1824653Z     +       "TTv5",
2026-10-06T10:45:07.1824868Z     +       "TT13.c",
2026-10-06T10:45:07.1825085Z     +       "EN-301-549",
2026-10-06T10:45:07.1825313Z     +       "EN-9.1.4.3",
2026-10-06T10:45:07.1825540Z     +       "ACT",
2026-10-06T10:45:07.1825748Z     +       "RGAAv4",
2026-10-06T10:45:07.1825966Z     +       "RGAA-3.2.1",
2026-10-06T10:45:07.1826189Z     +     ],
2026-10-06T10:45:07.1826380Z     +   },
2026-10-06T10:45:07.1826565Z     + ]
2026-10-06T10:45:07.1826676Z 
2026-10-06T10:45:07.1827065Z        97 |  if(modal) await page.getByRole('button',{name:'新建应用',exact:true}).click()
2026-10-06T10:45:07.1827572Z        98 |  const result=await new AxeBuilder({page}).analyze()
2026-10-06T10:45:07.1828192Z     >  99 |  expect(result.violations.filter(v=>v.impact==='serious'||v.impact==='critical')).toEqual([])
2026-10-06T10:45:07.1828811Z           |                                                                                   ^
2026-10-06T10:45:07.1829238Z       100 |  }
2026-10-06T10:45:07.1829606Z       101 | })
2026-10-06T10:45:07.1830042Z       102 |
2026-10-06T10:45:07.1830511Z         at /home/runner/work/arca-ui/arca-ui/tests/weaveos/studio.spec.ts:99:83
2026-10-06T10:45:07.1830869Z 
2026-10-06T10:45:07.1831370Z     attachment #1: screenshot (image/png) ──────────────────────────────────────────────────────────
2026-10-06T10:45:07.1832228Z     test-results/studio-studio-and-open-mod-706fa-us-accessibility-violations-chromium/test-failed-1.png
2026-10-06T10:45:07.1833135Z     ────────────────────────────────────────────────────────────────────────────────────────────────
2026-10-06T10:45:07.1833518Z 
2026-10-06T10:45:07.1834061Z     Error Context: test-results/studio-studio-and-open-mod-706fa-us-accessibility-violations-chromium/error-context.md
2026-10-06T10:45:07.1834597Z 
2026-10-06T10:45:07.1835042Z     attachment #3: trace (application/zip) ─────────────────────────────────────────────────────────
2026-10-06T10:45:07.1835880Z     test-results/studio-studio-and-open-mod-706fa-us-accessibility-violations-chromium/trace.zip
2026-10-06T10:45:07.1836483Z     Usage:
2026-10-06T10:45:07.1836648Z 
2026-10-06T10:45:07.1837343Z         npx playwright show-trace test-results/studio-studio-and-open-mod-706fa-us-accessibility-violations-chromium/trace.zip
2026-10-06T10:45:07.1837916Z 
2026-10-06T10:45:07.1838370Z     ────────────────────────────────────────────────────────────────────────────────────────────────
2026-10-06T10:45:07.1838749Z 
2026-10-06T10:45:07.1838846Z   2 failed
2026-10-06T10:45:07.1839848Z     [chromium] › tests/weaveos/origin-motion.spec.ts:3:1 › window geometry really travels from and returns toward the trigger 
2026-10-06T10:45:07.1840925Z     [chromium] › tests/weaveos/studio.spec.ts:95:1 › studio and open modal have no serious accessibility violations 
2026-10-06T10:45:07.1841596Z   11 passed (20.2s)
2026-10-06T10:45:07.1995979Z ##[error]Process completed with exit code 1.
2026-10-06T10:45:07.2078702Z ##[group]Run actions/upload-artifact@v4
2026-10-06T10:45:07.2079228Z with:
2026-10-06T10:45:07.2079555Z   name: weaveos-browser-evidence
2026-10-06T10:45:07.2079964Z   path: test-results/
2026-10-06T10:45:07.2080300Z   retention-days: 14
2026-10-06T10:45:07.2080655Z   if-no-files-found: warn
2026-10-06T10:45:07.2081063Z   compression-level: 6
2026-10-06T10:45:07.2081346Z   overwrite: false
2026-10-06T10:45:07.2081589Z   include-hidden-files: false
2026-10-06T10:45:07.2081856Z ##[endgroup]
2026-10-06T10:45:07.3283790Z (node:3606) [DEP0040] DeprecationWarning: The `punycode` module is deprecated. Please use a userland alternative instead.
2026-10-06T10:45:07.3284651Z (Use `node --trace-deprecation ...` to show where the warning was created)
2026-10-06T10:45:07.3421629Z With the provided path, there will be 7 files uploaded
2026-10-06T10:45:07.3422205Z Artifact name is valid!
2026-10-06T10:45:07.3422527Z Root directory input is valid!
2026-10-06T10:45:07.6130439Z Beginning upload of artifact content to blob storage
2026-10-06T10:45:07.7302686Z (node:3606) [DEP0169] DeprecationWarning: `url.parse()` behavior is not standardized and prone to errors that have security implications. Use the WHATWG URL API instead. CVEs are not issued for `url.parse()` vulnerabilities.
2026-10-06T10:45:08.1441303Z Uploaded bytes 3272606
2026-10-06T10:45:08.1817060Z Finished uploading artifact content to blob storage!
2026-10-06T10:45:08.1818130Z SHA256 digest of uploaded artifact zip is ae11093a308d2b59d44e683bb1cee121437b5f8cc8857fedadafbd6ff0115a76
2026-10-06T10:45:08.1818831Z Finalizing artifact upload
2026-10-06T10:45:08.3863981Z Artifact weaveos-browser-evidence.zip successfully finalized. Artifact ID 11407078525
2026-10-06T10:45:08.3864904Z Artifact weaveos-browser-evidence has been successfully uploaded! Final size is 3272606 bytes. Artifact ID is 11407078525
2026-10-06T10:45:08.3871376Z Artifact download URL: https://github.com/Hubujiu/arca-ui/actions/runs/37451650852/artifacts/11407078525
2026-10-06T10:45:08.4034998Z Post job cleanup.
2026-10-06T10:45:08.4683594Z [command]/usr/bin/git version
2026-10-06T10:45:08.4716993Z git version 2.55.0
2026-10-06T10:45:08.4749584Z Temporarily overriding HOME='/home/runner/work/_temp/ccafa0f1-b8c5-43ef-b672-c3818a6042a3' before making global git config changes
2026-10-06T10:45:08.4751460Z Adding repository directory to the temporary git global config as a safe directory
2026-10-06T10:45:08.4758040Z [command]/usr/bin/git config --global --add safe.directory /home/runner/work/arca-ui/arca-ui
2026-10-06T10:45:08.4791634Z [command]/usr/bin/git config --local --name-only --get-regexp core\.sshCommand
2026-10-06T10:45:08.4829800Z [command]/usr/bin/git submodule foreach --recursive sh -c "git config --local --name-only --get-regexp 'core\.sshCommand' && git config --local --unset-all 'core.sshCommand' || :"
2026-10-06T10:45:08.5091214Z [command]/usr/bin/git config --local --name-only --get-regexp http\.https\:\/\/github\.com\/\.extraheader
2026-10-06T10:45:08.8115694Z http.https://github.com/.extraheader
2026-10-06T10:45:08.8127285Z [command]/usr/bin/git config --local --unset-all http.https://github.com/.extraheader
2026-10-06T10:45:08.8161710Z [command]/usr/bin/git submodule foreach --recursive sh -c "git config --local --name-only --get-regexp 'http\.https\:\/\/github\.com\/\.extraheader' && git config --local --unset-all 'http.https://github.com/.extraheader' || :"
2026-10-06T10:45:08.8325369Z [command]/usr/bin/git config --local --name-only --get-regexp ^includeIf\.gitdir:
2026-10-06T10:45:08.8351902Z [command]/usr/bin/git submodule foreach --recursive git config --local --show-origin --name-only --get-regexp remote.origin.url
2026-10-06T10:45:08.8610294Z Cleaning up orphan processes
2026-10-06T10:45:08.8793026Z ##[warning]Node.js 20 is deprecated. The following actions target Node.js 20 but are being forced to run on Node.js 24: actions/checkout@v4, actions/setup-node@v4, actions/upload-artifact@v4. For more information see: https://github.blog/changelog/2025-09-19-deprecation-of-node-20-on-github-actions-runners/
