npm warn Unknown env config "http-proxy". This will stop working in the next major version of npm.

> arca-ui@0.0.1 test:weaveos
> playwright test -c playwright.weaveos.config.ts

[WebServer] (node:42) Warning: The 'NO_COLOR' env is ignored due to the 'FORCE_COLOR' env being set.
[WebServer] (Use `node --trace-warnings ...` to show where the warning was created)
[WebServer] npm warn Unknown env config "http-proxy". This will stop working in the next major version of npm.
[WebServer] (node:55) Warning: The 'NO_COLOR' env is ignored due to the 'FORCE_COLOR' env being set.
[WebServer] (Use `node --trace-warnings ...` to show where the warning was created)
[WebServer] (!) Failed to run dependency scan. Skipping dependency pre-bundling. Error: The following dependencies are imported but could not be resolved:
[WebServer] 
[WebServer]   ajv/dist/2020 (imported by /workspace/scratch/75c2273f6a80/arca-ui-V030-042/enterprise/frontend/packages/business-shared/src/lowcode/field-model.ts)
[WebServer]   dompurify (imported by /workspace/scratch/75c2273f6a80/arca-ui-V030-042/enterprise/frontend/packages/business-shared/src/lowcode/ExtendedFields.tsx)
[WebServer] 
[WebServer] Are they installed?
[WebServer]     at file:///workspace/scratch/75c2273f6a80/arca-ui-V030-042/node_modules/vite/dist/node/chunks/node.js:27899:33
[WebServer]     at async file:///workspace/scratch/75c2273f6a80/arca-ui-V030-042/node_modules/vite/dist/node/chunks/node.js:35201:15

Running 10 tests using 2 workers

(node:94) Warning: The 'NO_COLOR' env is ignored due to the 'FORCE_COLOR' env being set.
(Use `node --trace-warnings ...` to show where the warning was created)
(node:93) Warning: The 'NO_COLOR' env is ignored due to the 'FORCE_COLOR' env being set.
(Use `node --trace-warnings ...` to show where the warning was created)
  ✘   1 [chromium] › tests/weaveos/studio.spec.ts:6:1 › shell uses collapsible icon rail and edge-to-edge content card (2ms)
  ✘   2 [chromium] › tests/weaveos/studio.spec.ts:19:1 › source dialog has accessible title, focus isolation and restores origin (2ms)
(node:155) Warning: The 'NO_COLOR' env is ignored due to the 'FORCE_COLOR' env being set.
(Use `node --trace-warnings ...` to show where the warning was created)
(node:161) Warning: The 'NO_COLOR' env is ignored due to the 'FORCE_COLOR' env being set.
(Use `node --trace-warnings ...` to show where the warning was created)
  ✘   3 [chromium] › tests/weaveos/studio.spec.ts:27:1 › second source restores its own focus (2ms)
  ✘   4 [chromium] › tests/weaveos/studio.spec.ts:34:1 › close during opening and repeat never leaves an overlay or locked page (2ms)
(node:218) Warning: The 'NO_COLOR' env is ignored due to the 'FORCE_COLOR' env being set.
(Use `node --trace-warnings ...` to show where the warning was created)
(node:217) Warning: The 'NO_COLOR' env is ignored due to the 'FORCE_COLOR' env being set.
(Use `node --trace-warnings ...` to show where the warning was created)
  ✘   5 [chromium] › tests/weaveos/studio.spec.ts:58:1 › nested select Escape dismisses only the list, then dialog (1ms)
  ✘   6 [chromium] › tests/weaveos/studio.spec.ts:42:1 › save feedback waits for result and errors retain editable input (2ms)
(node:280) Warning: The 'NO_COLOR' env is ignored due to the 'FORCE_COLOR' env being set.
(Use `node --trace-warnings ...` to show where the warning was created)
(node:279) Warning: The 'NO_COLOR' env is ignored due to the 'FORCE_COLOR' env being set.
(Use `node --trace-warnings ...` to show where the warning was created)
  ✘   7 [chromium] › tests/weaveos/studio.spec.ts:76:1 › mobile view fits viewport and dialog remains operable (1ms)
  ✘   8 [chromium] › tests/weaveos/studio.spec.ts:67:1 › reduced motion preserves usable modal without scale displacement (2ms)
(node:342) Warning: The 'NO_COLOR' env is ignored due to the 'FORCE_COLOR' env being set.
(Use `node --trace-warnings ...` to show where the warning was created)
(node:341) Warning: The 'NO_COLOR' env is ignored due to the 'FORCE_COLOR' env being set.
(Use `node --trace-warnings ...` to show where the warning was created)
  ✘   9 [chromium] › tests/weaveos/studio.spec.ts:95:1 › studio and open modal have no serious accessibility violations (2ms)
  ✘  10 [chromium] › tests/weaveos/studio.spec.ts:85:1 › theme controls, basic controls and component navigation work (2ms)


  1) [chromium] › tests/weaveos/studio.spec.ts:6:1 › shell uses collapsible icon rail and edge-to-edge content card 

    Error: browserType.launch: Target page, context or browser has been closed
    Browser logs:

    <launching> /usr/bin/chromium --disable-field-trial-config --disable-background-networking --disable-background-timer-throttling --disable-backgrounding-occluded-windows --disable-back-forward-cache --disable-breakpad --disable-client-side-phishing-detection --disable-component-extensions-with-background-pages --disable-component-update --no-default-browser-check --disable-default-apps --disable-dev-shm-usage --disable-edgeupdater --disable-extensions --disable-features=AvoidUnnecessaryBeforeUnloadCheckSync,DestroyProfileOnBrowserClose,DialMediaRouteProvider,GlobalMediaControls,HttpsUpgrades,LensOverlay,MediaRouter,PaintHolding,ThirdPartyStoragePartitioning,BlockOriginHeaderModificationOnRedirect,Translate,AutoDeElevate,OptimizationHints,msForceBrowserSignIn,msEdgeUpdateLaunchServicesPreferredVersion --enable-features=CDPScreenshotNewSurface --allow-pre-commit-input --disable-hang-monitor --disable-ipc-flooding-protection --disable-popup-blocking --disable-prompt-on-repost --disable-renderer-backgrounding --disable-updater-scheduler --force-color-profile=srgb --metrics-recording-only --no-first-run --password-store=basic --use-mock-keychain --no-service-autorun --export-tagged-pdf --disable-search-engine-choice-screen --unsafely-disable-devtools-self-xss-warnings --edge-skip-compat-layer-relaunch --disable-infobars --disable-search-engine-choice-screen --disable-sync --enable-unsafe-swiftshader --headless --hide-scrollbars --mute-audio --blink-settings=primaryHoverType=2,availableHoverTypes=2,primaryPointerType=4,availablePointerTypes=4 --no-sandbox --no-sandbox --user-data-dir=/tmp/playwright_chromiumdev_profile-NXl3vO --remote-debugging-pipe --no-startup-window
    <launched> pid=117
    [pid=117][err] [117:117:1006/003747.054279:ERROR:third_party/crashpad/crashpad/util/file/filesystem_posix.cc:63] mkdir : No such file or directory (2)
    [pid=117][err] chrome_crashpad_handler: --database is required
    [pid=117][err] Try 'chrome_crashpad_handler --help' for more information.
    [pid=117][err] [117:117:1006/003747.100439:FATAL:chrome/browser/process_singleton_posix.cc:297] Check failed: . socket() failed: Operation not permitted (1)
    Call log:
      - <launching> /usr/bin/chromium --disable-field-trial-config --disable-background-networking --disable-background-timer-throttling --disable-backgrounding-occluded-windows --disable-back-forward-cache --disable-breakpad --disable-client-side-phishing-detection --disable-component-extensions-with-background-pages --disable-component-update --no-default-browser-check --disable-default-apps --disable-dev-shm-usage --disable-edgeupdater --disable-extensions --disable-features=AvoidUnnecessaryBeforeUnloadCheckSync,DestroyProfileOnBrowserClose,DialMediaRouteProvider,GlobalMediaControls,HttpsUpgrades,LensOverlay,MediaRouter,PaintHolding,ThirdPartyStoragePartitioning,BlockOriginHeaderModificationOnRedirect,Translate,AutoDeElevate,OptimizationHints,msForceBrowserSignIn,msEdgeUpdateLaunchServicesPreferredVersion --enable-features=CDPScreenshotNewSurface --allow-pre-commit-input --disable-hang-monitor --disable-ipc-flooding-protection --disable-popup-blocking --disable-prompt-on-repost --disable-renderer-backgrounding --disable-updater-scheduler --force-color-profile=srgb --metrics-recording-only --no-first-run --password-store=basic --use-mock-keychain --no-service-autorun --export-tagged-pdf --disable-search-engine-choice-screen --unsafely-disable-devtools-self-xss-warnings --edge-skip-compat-layer-relaunch --disable-infobars --disable-search-engine-choice-screen --disable-sync --enable-unsafe-swiftshader --headless --hide-scrollbars --mute-audio --blink-settings=primaryHoverType=2,availableHoverTypes=2,primaryPointerType=4,availablePointerTypes=4 --no-sandbox --no-sandbox --user-data-dir=/tmp/playwright_chromiumdev_profile-NXl3vO --remote-debugging-pipe --no-startup-window
      - <launched> pid=117
      - [pid=117][err] [117:117:1006/003747.054279:ERROR:third_party/crashpad/crashpad/util/file/filesystem_posix.cc:63] mkdir : No such file or directory (2)
      - [pid=117][err] chrome_crashpad_handler: --database is required
      - [pid=117][err] Try 'chrome_crashpad_handler --help' for more information.
      - [pid=117][err] [117:117:1006/003747.100439:FATAL:chrome/browser/process_singleton_posix.cc:297] Check failed: . socket() failed: Operation not permitted (1)
      - [pid=117] <gracefully close start>
      - [pid=117] <kill>
      - [pid=117] <will force kill>
      - [pid=117] <process did exit: exitCode=null, signal=SIGABRT>
      - [pid=117] starting temporary directories cleanup
      - [pid=117] finished temporary directories cleanup
      - [pid=117] <gracefully close end>


    Error Context: test-results/studio-shell-uses-collapsi-2ce11-d-edge-to-edge-content-card-chromium/error-context.md

    attachment #2: trace (application/zip) ─────────────────────────────────────────────────────────
    test-results/studio-shell-uses-collapsi-2ce11-d-edge-to-edge-content-card-chromium/trace.zip
    Usage:

        npx playwright show-trace test-results/studio-shell-uses-collapsi-2ce11-d-edge-to-edge-content-card-chromium/trace.zip

    ────────────────────────────────────────────────────────────────────────────────────────────────

  2) [chromium] › tests/weaveos/studio.spec.ts:19:1 › source dialog has accessible title, focus isolation and restores origin 

    Error: browserType.launch: Target page, context or browser has been closed
    Browser logs:

    <launching> /usr/bin/chromium --disable-field-trial-config --disable-background-networking --disable-background-timer-throttling --disable-backgrounding-occluded-windows --disable-back-forward-cache --disable-breakpad --disable-client-side-phishing-detection --disable-component-extensions-with-background-pages --disable-component-update --no-default-browser-check --disable-default-apps --disable-dev-shm-usage --disable-edgeupdater --disable-extensions --disable-features=AvoidUnnecessaryBeforeUnloadCheckSync,DestroyProfileOnBrowserClose,DialMediaRouteProvider,GlobalMediaControls,HttpsUpgrades,LensOverlay,MediaRouter,PaintHolding,ThirdPartyStoragePartitioning,BlockOriginHeaderModificationOnRedirect,Translate,AutoDeElevate,OptimizationHints,msForceBrowserSignIn,msEdgeUpdateLaunchServicesPreferredVersion --enable-features=CDPScreenshotNewSurface --allow-pre-commit-input --disable-hang-monitor --disable-ipc-flooding-protection --disable-popup-blocking --disable-prompt-on-repost --disable-renderer-backgrounding --disable-updater-scheduler --force-color-profile=srgb --metrics-recording-only --no-first-run --password-store=basic --use-mock-keychain --no-service-autorun --export-tagged-pdf --disable-search-engine-choice-screen --unsafely-disable-devtools-self-xss-warnings --edge-skip-compat-layer-relaunch --disable-infobars --disable-search-engine-choice-screen --disable-sync --enable-unsafe-swiftshader --headless --hide-scrollbars --mute-audio --blink-settings=primaryHoverType=2,availableHoverTypes=2,primaryPointerType=4,availablePointerTypes=4 --no-sandbox --no-sandbox --user-data-dir=/tmp/playwright_chromiumdev_profile-8RxIpw --remote-debugging-pipe --no-startup-window
    <launched> pid=124
    [pid=124][err] [124:124:1006/003747.066730:ERROR:third_party/crashpad/crashpad/util/file/filesystem_posix.cc:63] mkdir : No such file or directory (2)
    [pid=124][err] chrome_crashpad_handler: --database is required
    [pid=124][err] Try 'chrome_crashpad_handler --help' for more information.
    [pid=124][err] [124:124:1006/003747.113131:FATAL:chrome/browser/process_singleton_posix.cc:297] Check failed: . socket() failed: Operation not permitted (1)
    Call log:
      - <launching> /usr/bin/chromium --disable-field-trial-config --disable-background-networking --disable-background-timer-throttling --disable-backgrounding-occluded-windows --disable-back-forward-cache --disable-breakpad --disable-client-side-phishing-detection --disable-component-extensions-with-background-pages --disable-component-update --no-default-browser-check --disable-default-apps --disable-dev-shm-usage --disable-edgeupdater --disable-extensions --disable-features=AvoidUnnecessaryBeforeUnloadCheckSync,DestroyProfileOnBrowserClose,DialMediaRouteProvider,GlobalMediaControls,HttpsUpgrades,LensOverlay,MediaRouter,PaintHolding,ThirdPartyStoragePartitioning,BlockOriginHeaderModificationOnRedirect,Translate,AutoDeElevate,OptimizationHints,msForceBrowserSignIn,msEdgeUpdateLaunchServicesPreferredVersion --enable-features=CDPScreenshotNewSurface --allow-pre-commit-input --disable-hang-monitor --disable-ipc-flooding-protection --disable-popup-blocking --disable-prompt-on-repost --disable-renderer-backgrounding --disable-updater-scheduler --force-color-profile=srgb --metrics-recording-only --no-first-run --password-store=basic --use-mock-keychain --no-service-autorun --export-tagged-pdf --disable-search-engine-choice-screen --unsafely-disable-devtools-self-xss-warnings --edge-skip-compat-layer-relaunch --disable-infobars --disable-search-engine-choice-screen --disable-sync --enable-unsafe-swiftshader --headless --hide-scrollbars --mute-audio --blink-settings=primaryHoverType=2,availableHoverTypes=2,primaryPointerType=4,availablePointerTypes=4 --no-sandbox --no-sandbox --user-data-dir=/tmp/playwright_chromiumdev_profile-8RxIpw --remote-debugging-pipe --no-startup-window
      - <launched> pid=124
      - [pid=124][err] [124:124:1006/003747.066730:ERROR:third_party/crashpad/crashpad/util/file/filesystem_posix.cc:63] mkdir : No such file or directory (2)
      - [pid=124][err] chrome_crashpad_handler: --database is required
      - [pid=124][err] Try 'chrome_crashpad_handler --help' for more information.
      - [pid=124][err] [124:124:1006/003747.113131:FATAL:chrome/browser/process_singleton_posix.cc:297] Check failed: . socket() failed: Operation not permitted (1)
      - [pid=124] <gracefully close start>
      - [pid=124] <kill>
      - [pid=124] <will force kill>
      - [pid=124] <process did exit: exitCode=null, signal=SIGABRT>
      - [pid=124] starting temporary directories cleanup
      - [pid=124] finished temporary directories cleanup
      - [pid=124] <gracefully close end>


    Error Context: test-results/studio-source-dialog-has-a-272f0-olation-and-restores-origin-chromium/error-context.md

    attachment #2: trace (application/zip) ─────────────────────────────────────────────────────────
    test-results/studio-source-dialog-has-a-272f0-olation-and-restores-origin-chromium/trace.zip
    Usage:

        npx playwright show-trace test-results/studio-source-dialog-has-a-272f0-olation-and-restores-origin-chromium/trace.zip

    ────────────────────────────────────────────────────────────────────────────────────────────────

  3) [chromium] › tests/weaveos/studio.spec.ts:27:1 › second source restores its own focus ─────────

    Error: browserType.launch: Target page, context or browser has been closed
    Browser logs:

    <launching> /usr/bin/chromium --disable-field-trial-config --disable-background-networking --disable-background-timer-throttling --disable-backgrounding-occluded-windows --disable-back-forward-cache --disable-breakpad --disable-client-side-phishing-detection --disable-component-extensions-with-background-pages --disable-component-update --no-default-browser-check --disable-default-apps --disable-dev-shm-usage --disable-edgeupdater --disable-extensions --disable-features=AvoidUnnecessaryBeforeUnloadCheckSync,DestroyProfileOnBrowserClose,DialMediaRouteProvider,GlobalMediaControls,HttpsUpgrades,LensOverlay,MediaRouter,PaintHolding,ThirdPartyStoragePartitioning,BlockOriginHeaderModificationOnRedirect,Translate,AutoDeElevate,OptimizationHints,msForceBrowserSignIn,msEdgeUpdateLaunchServicesPreferredVersion --enable-features=CDPScreenshotNewSurface --allow-pre-commit-input --disable-hang-monitor --disable-ipc-flooding-protection --disable-popup-blocking --disable-prompt-on-repost --disable-renderer-backgrounding --disable-updater-scheduler --force-color-profile=srgb --metrics-recording-only --no-first-run --password-store=basic --use-mock-keychain --no-service-autorun --export-tagged-pdf --disable-search-engine-choice-screen --unsafely-disable-devtools-self-xss-warnings --edge-skip-compat-layer-relaunch --disable-infobars --disable-search-engine-choice-screen --disable-sync --enable-unsafe-swiftshader --headless --hide-scrollbars --mute-audio --blink-settings=primaryHoverType=2,availableHoverTypes=2,primaryPointerType=4,availablePointerTypes=4 --no-sandbox --no-sandbox --user-data-dir=/tmp/playwright_chromiumdev_profile-4HJcwb --remote-debugging-pipe --no-startup-window
    <launched> pid=179
    [pid=179][err] [179:179:1006/003747.591562:ERROR:third_party/crashpad/crashpad/util/file/filesystem_posix.cc:63] mkdir : No such file or directory (2)
    [pid=179][err] chrome_crashpad_handler: --database is required
    [pid=179][err] Try 'chrome_crashpad_handler --help' for more information.
    [pid=179][err] [179:179:1006/003747.630419:FATAL:chrome/browser/process_singleton_posix.cc:297] Check failed: . socket() failed: Operation not permitted (1)
    Call log:
      - <launching> /usr/bin/chromium --disable-field-trial-config --disable-background-networking --disable-background-timer-throttling --disable-backgrounding-occluded-windows --disable-back-forward-cache --disable-breakpad --disable-client-side-phishing-detection --disable-component-extensions-with-background-pages --disable-component-update --no-default-browser-check --disable-default-apps --disable-dev-shm-usage --disable-edgeupdater --disable-extensions --disable-features=AvoidUnnecessaryBeforeUnloadCheckSync,DestroyProfileOnBrowserClose,DialMediaRouteProvider,GlobalMediaControls,HttpsUpgrades,LensOverlay,MediaRouter,PaintHolding,ThirdPartyStoragePartitioning,BlockOriginHeaderModificationOnRedirect,Translate,AutoDeElevate,OptimizationHints,msForceBrowserSignIn,msEdgeUpdateLaunchServicesPreferredVersion --enable-features=CDPScreenshotNewSurface --allow-pre-commit-input --disable-hang-monitor --disable-ipc-flooding-protection --disable-popup-blocking --disable-prompt-on-repost --disable-renderer-backgrounding --disable-updater-scheduler --force-color-profile=srgb --metrics-recording-only --no-first-run --password-store=basic --use-mock-keychain --no-service-autorun --export-tagged-pdf --disable-search-engine-choice-screen --unsafely-disable-devtools-self-xss-warnings --edge-skip-compat-layer-relaunch --disable-infobars --disable-search-engine-choice-screen --disable-sync --enable-unsafe-swiftshader --headless --hide-scrollbars --mute-audio --blink-settings=primaryHoverType=2,availableHoverTypes=2,primaryPointerType=4,availablePointerTypes=4 --no-sandbox --no-sandbox --user-data-dir=/tmp/playwright_chromiumdev_profile-4HJcwb --remote-debugging-pipe --no-startup-window
      - <launched> pid=179
      - [pid=179][err] [179:179:1006/003747.591562:ERROR:third_party/crashpad/crashpad/util/file/filesystem_posix.cc:63] mkdir : No such file or directory (2)
      - [pid=179][err] chrome_crashpad_handler: --database is required
      - [pid=179][err] Try 'chrome_crashpad_handler --help' for more information.
      - [pid=179][err] [179:179:1006/003747.630419:FATAL:chrome/browser/process_singleton_posix.cc:297] Check failed: . socket() failed: Operation not permitted (1)
      - [pid=179] <gracefully close start>
      - [pid=179] <kill>
      - [pid=179] <will force kill>
      - [pid=179] <process did exit: exitCode=null, signal=SIGABRT>
      - [pid=179] starting temporary directories cleanup
      - [pid=179] finished temporary directories cleanup
      - [pid=179] <gracefully close end>


    Error Context: test-results/studio-second-source-restores-its-own-focus-chromium/error-context.md

    attachment #2: trace (application/zip) ─────────────────────────────────────────────────────────
    test-results/studio-second-source-restores-its-own-focus-chromium/trace.zip
    Usage:

        npx playwright show-trace test-results/studio-second-source-restores-its-own-focus-chromium/trace.zip

    ────────────────────────────────────────────────────────────────────────────────────────────────

  4) [chromium] › tests/weaveos/studio.spec.ts:34:1 › close during opening and repeat never leaves an overlay or locked page 

    Error: browserType.launch: Target page, context or browser has been closed
    Browser logs:

    <launching> /usr/bin/chromium --disable-field-trial-config --disable-background-networking --disable-background-timer-throttling --disable-backgrounding-occluded-windows --disable-back-forward-cache --disable-breakpad --disable-client-side-phishing-detection --disable-component-extensions-with-background-pages --disable-component-update --no-default-browser-check --disable-default-apps --disable-dev-shm-usage --disable-edgeupdater --disable-extensions --disable-features=AvoidUnnecessaryBeforeUnloadCheckSync,DestroyProfileOnBrowserClose,DialMediaRouteProvider,GlobalMediaControls,HttpsUpgrades,LensOverlay,MediaRouter,PaintHolding,ThirdPartyStoragePartitioning,BlockOriginHeaderModificationOnRedirect,Translate,AutoDeElevate,OptimizationHints,msForceBrowserSignIn,msEdgeUpdateLaunchServicesPreferredVersion --enable-features=CDPScreenshotNewSurface --allow-pre-commit-input --disable-hang-monitor --disable-ipc-flooding-protection --disable-popup-blocking --disable-prompt-on-repost --disable-renderer-backgrounding --disable-updater-scheduler --force-color-profile=srgb --metrics-recording-only --no-first-run --password-store=basic --use-mock-keychain --no-service-autorun --export-tagged-pdf --disable-search-engine-choice-screen --unsafely-disable-devtools-self-xss-warnings --edge-skip-compat-layer-relaunch --disable-infobars --disable-search-engine-choice-screen --disable-sync --enable-unsafe-swiftshader --headless --hide-scrollbars --mute-audio --blink-settings=primaryHoverType=2,availableHoverTypes=2,primaryPointerType=4,availablePointerTypes=4 --no-sandbox --no-sandbox --user-data-dir=/tmp/playwright_chromiumdev_profile-xHGKaQ --remote-debugging-pipe --no-startup-window
    <launched> pid=185
    [pid=185][err] [185:185:1006/003747.597155:ERROR:third_party/crashpad/crashpad/util/file/filesystem_posix.cc:63] mkdir : No such file or directory (2)
    [pid=185][err] chrome_crashpad_handler: --database is required
    [pid=185][err] Try 'chrome_crashpad_handler --help' for more information.
    [pid=185][err] [185:185:1006/003747.634105:FATAL:chrome/browser/process_singleton_posix.cc:297] Check failed: . socket() failed: Operation not permitted (1)
    Call log:
      - <launching> /usr/bin/chromium --disable-field-trial-config --disable-background-networking --disable-background-timer-throttling --disable-backgrounding-occluded-windows --disable-back-forward-cache --disable-breakpad --disable-client-side-phishing-detection --disable-component-extensions-with-background-pages --disable-component-update --no-default-browser-check --disable-default-apps --disable-dev-shm-usage --disable-edgeupdater --disable-extensions --disable-features=AvoidUnnecessaryBeforeUnloadCheckSync,DestroyProfileOnBrowserClose,DialMediaRouteProvider,GlobalMediaControls,HttpsUpgrades,LensOverlay,MediaRouter,PaintHolding,ThirdPartyStoragePartitioning,BlockOriginHeaderModificationOnRedirect,Translate,AutoDeElevate,OptimizationHints,msForceBrowserSignIn,msEdgeUpdateLaunchServicesPreferredVersion --enable-features=CDPScreenshotNewSurface --allow-pre-commit-input --disable-hang-monitor --disable-ipc-flooding-protection --disable-popup-blocking --disable-prompt-on-repost --disable-renderer-backgrounding --disable-updater-scheduler --force-color-profile=srgb --metrics-recording-only --no-first-run --password-store=basic --use-mock-keychain --no-service-autorun --export-tagged-pdf --disable-search-engine-choice-screen --unsafely-disable-devtools-self-xss-warnings --edge-skip-compat-layer-relaunch --disable-infobars --disable-search-engine-choice-screen --disable-sync --enable-unsafe-swiftshader --headless --hide-scrollbars --mute-audio --blink-settings=primaryHoverType=2,availableHoverTypes=2,primaryPointerType=4,availablePointerTypes=4 --no-sandbox --no-sandbox --user-data-dir=/tmp/playwright_chromiumdev_profile-xHGKaQ --remote-debugging-pipe --no-startup-window
      - <launched> pid=185
      - [pid=185][err] [185:185:1006/003747.597155:ERROR:third_party/crashpad/crashpad/util/file/filesystem_posix.cc:63] mkdir : No such file or directory (2)
      - [pid=185][err] chrome_crashpad_handler: --database is required
      - [pid=185][err] Try 'chrome_crashpad_handler --help' for more information.
      - [pid=185][err] [185:185:1006/003747.634105:FATAL:chrome/browser/process_singleton_posix.cc:297] Check failed: . socket() failed: Operation not permitted (1)
      - [pid=185] <gracefully close start>
      - [pid=185] <kill>
      - [pid=185] <will force kill>
      - [pid=185] <process did exit: exitCode=null, signal=SIGABRT>
      - [pid=185] starting temporary directories cleanup
      - [pid=185] finished temporary directories cleanup
      - [pid=185] <gracefully close end>


    Error Context: test-results/studio-close-during-openin-2c0f0-s-an-overlay-or-locked-page-chromium/error-context.md

    attachment #2: trace (application/zip) ─────────────────────────────────────────────────────────
    test-results/studio-close-during-openin-2c0f0-s-an-overlay-or-locked-page-chromium/trace.zip
    Usage:

        npx playwright show-trace test-results/studio-close-during-openin-2c0f0-s-an-overlay-or-locked-page-chromium/trace.zip

    ────────────────────────────────────────────────────────────────────────────────────────────────

  5) [chromium] › tests/weaveos/studio.spec.ts:42:1 › save feedback waits for result and errors retain editable input 

    Error: browserType.launch: Target page, context or browser has been closed
    Browser logs:

    <launching> /usr/bin/chromium --disable-field-trial-config --disable-background-networking --disable-background-timer-throttling --disable-backgrounding-occluded-windows --disable-back-forward-cache --disable-breakpad --disable-client-side-phishing-detection --disable-component-extensions-with-background-pages --disable-component-update --no-default-browser-check --disable-default-apps --disable-dev-shm-usage --disable-edgeupdater --disable-extensions --disable-features=AvoidUnnecessaryBeforeUnloadCheckSync,DestroyProfileOnBrowserClose,DialMediaRouteProvider,GlobalMediaControls,HttpsUpgrades,LensOverlay,MediaRouter,PaintHolding,ThirdPartyStoragePartitioning,BlockOriginHeaderModificationOnRedirect,Translate,AutoDeElevate,OptimizationHints,msForceBrowserSignIn,msEdgeUpdateLaunchServicesPreferredVersion --enable-features=CDPScreenshotNewSurface --allow-pre-commit-input --disable-hang-monitor --disable-ipc-flooding-protection --disable-popup-blocking --disable-prompt-on-repost --disable-renderer-backgrounding --disable-updater-scheduler --force-color-profile=srgb --metrics-recording-only --no-first-run --password-store=basic --use-mock-keychain --no-service-autorun --export-tagged-pdf --disable-search-engine-choice-screen --unsafely-disable-devtools-self-xss-warnings --edge-skip-compat-layer-relaunch --disable-infobars --disable-search-engine-choice-screen --disable-sync --enable-unsafe-swiftshader --headless --hide-scrollbars --mute-audio --blink-settings=primaryHoverType=2,availableHoverTypes=2,primaryPointerType=4,availablePointerTypes=4 --no-sandbox --no-sandbox --user-data-dir=/tmp/playwright_chromiumdev_profile-dDQyFK --remote-debugging-pipe --no-startup-window
    <launched> pid=243
    [pid=243][err] [243:243:1006/003748.140276:ERROR:third_party/crashpad/crashpad/util/file/filesystem_posix.cc:63] mkdir : No such file or directory (2)
    [pid=243][err] chrome_crashpad_handler: --database is required
    [pid=243][err] Try 'chrome_crashpad_handler --help' for more information.
    [pid=243][err] [243:243:1006/003748.181077:FATAL:chrome/browser/process_singleton_posix.cc:297] Check failed: . socket() failed: Operation not permitted (1)
    Call log:
      - <launching> /usr/bin/chromium --disable-field-trial-config --disable-background-networking --disable-background-timer-throttling --disable-backgrounding-occluded-windows --disable-back-forward-cache --disable-breakpad --disable-client-side-phishing-detection --disable-component-extensions-with-background-pages --disable-component-update --no-default-browser-check --disable-default-apps --disable-dev-shm-usage --disable-edgeupdater --disable-extensions --disable-features=AvoidUnnecessaryBeforeUnloadCheckSync,DestroyProfileOnBrowserClose,DialMediaRouteProvider,GlobalMediaControls,HttpsUpgrades,LensOverlay,MediaRouter,PaintHolding,ThirdPartyStoragePartitioning,BlockOriginHeaderModificationOnRedirect,Translate,AutoDeElevate,OptimizationHints,msForceBrowserSignIn,msEdgeUpdateLaunchServicesPreferredVersion --enable-features=CDPScreenshotNewSurface --allow-pre-commit-input --disable-hang-monitor --disable-ipc-flooding-protection --disable-popup-blocking --disable-prompt-on-repost --disable-renderer-backgrounding --disable-updater-scheduler --force-color-profile=srgb --metrics-recording-only --no-first-run --password-store=basic --use-mock-keychain --no-service-autorun --export-tagged-pdf --disable-search-engine-choice-screen --unsafely-disable-devtools-self-xss-warnings --edge-skip-compat-layer-relaunch --disable-infobars --disable-search-engine-choice-screen --disable-sync --enable-unsafe-swiftshader --headless --hide-scrollbars --mute-audio --blink-settings=primaryHoverType=2,availableHoverTypes=2,primaryPointerType=4,availablePointerTypes=4 --no-sandbox --no-sandbox --user-data-dir=/tmp/playwright_chromiumdev_profile-dDQyFK --remote-debugging-pipe --no-startup-window
      - <launched> pid=243
      - [pid=243][err] [243:243:1006/003748.140276:ERROR:third_party/crashpad/crashpad/util/file/filesystem_posix.cc:63] mkdir : No such file or directory (2)
      - [pid=243][err] chrome_crashpad_handler: --database is required
      - [pid=243][err] Try 'chrome_crashpad_handler --help' for more information.
      - [pid=243][err] [243:243:1006/003748.181077:FATAL:chrome/browser/process_singleton_posix.cc:297] Check failed: . socket() failed: Operation not permitted (1)
      - [pid=243] <gracefully close start>
      - [pid=243] <kill>
      - [pid=243] <will force kill>
      - [pid=243] <process did exit: exitCode=null, signal=SIGABRT>
      - [pid=243] starting temporary directories cleanup
      - [pid=243] finished temporary directories cleanup
      - [pid=243] <gracefully close end>


    Error Context: test-results/studio-save-feedback-waits-86887-rrors-retain-editable-input-chromium/error-context.md

    attachment #2: trace (application/zip) ─────────────────────────────────────────────────────────
    test-results/studio-save-feedback-waits-86887-rrors-retain-editable-input-chromium/trace.zip
    Usage:

        npx playwright show-trace test-results/studio-save-feedback-waits-86887-rrors-retain-editable-input-chromium/trace.zip

    ────────────────────────────────────────────────────────────────────────────────────────────────

  6) [chromium] › tests/weaveos/studio.spec.ts:58:1 › nested select Escape dismisses only the list, then dialog 

    Error: browserType.launch: Target page, context or browser has been closed
    Browser logs:

    <launching> /usr/bin/chromium --disable-field-trial-config --disable-background-networking --disable-background-timer-throttling --disable-backgrounding-occluded-windows --disable-back-forward-cache --disable-breakpad --disable-client-side-phishing-detection --disable-component-extensions-with-background-pages --disable-component-update --no-default-browser-check --disable-default-apps --disable-dev-shm-usage --disable-edgeupdater --disable-extensions --disable-features=AvoidUnnecessaryBeforeUnloadCheckSync,DestroyProfileOnBrowserClose,DialMediaRouteProvider,GlobalMediaControls,HttpsUpgrades,LensOverlay,MediaRouter,PaintHolding,ThirdPartyStoragePartitioning,BlockOriginHeaderModificationOnRedirect,Translate,AutoDeElevate,OptimizationHints,msForceBrowserSignIn,msEdgeUpdateLaunchServicesPreferredVersion --enable-features=CDPScreenshotNewSurface --allow-pre-commit-input --disable-hang-monitor --disable-ipc-flooding-protection --disable-popup-blocking --disable-prompt-on-repost --disable-renderer-backgrounding --disable-updater-scheduler --force-color-profile=srgb --metrics-recording-only --no-first-run --password-store=basic --use-mock-keychain --no-service-autorun --export-tagged-pdf --disable-search-engine-choice-screen --unsafely-disable-devtools-self-xss-warnings --edge-skip-compat-layer-relaunch --disable-infobars --disable-search-engine-choice-screen --disable-sync --enable-unsafe-swiftshader --headless --hide-scrollbars --mute-audio --blink-settings=primaryHoverType=2,availableHoverTypes=2,primaryPointerType=4,availablePointerTypes=4 --no-sandbox --no-sandbox --user-data-dir=/tmp/playwright_chromiumdev_profile-h81lTz --remote-debugging-pipe --no-startup-window
    <launched> pid=241
    [pid=241][err] [241:241:1006/003748.140279:ERROR:third_party/crashpad/crashpad/util/file/filesystem_posix.cc:63] mkdir : No such file or directory (2)
    [pid=241][err] chrome_crashpad_handler: --database is required
    [pid=241][err] Try 'chrome_crashpad_handler --help' for more information.
    [pid=241][err] [241:241:1006/003748.177448:FATAL:chrome/browser/process_singleton_posix.cc:297] Check failed: . socket() failed: Operation not permitted (1)
    Call log:
      - <launching> /usr/bin/chromium --disable-field-trial-config --disable-background-networking --disable-background-timer-throttling --disable-backgrounding-occluded-windows --disable-back-forward-cache --disable-breakpad --disable-client-side-phishing-detection --disable-component-extensions-with-background-pages --disable-component-update --no-default-browser-check --disable-default-apps --disable-dev-shm-usage --disable-edgeupdater --disable-extensions --disable-features=AvoidUnnecessaryBeforeUnloadCheckSync,DestroyProfileOnBrowserClose,DialMediaRouteProvider,GlobalMediaControls,HttpsUpgrades,LensOverlay,MediaRouter,PaintHolding,ThirdPartyStoragePartitioning,BlockOriginHeaderModificationOnRedirect,Translate,AutoDeElevate,OptimizationHints,msForceBrowserSignIn,msEdgeUpdateLaunchServicesPreferredVersion --enable-features=CDPScreenshotNewSurface --allow-pre-commit-input --disable-hang-monitor --disable-ipc-flooding-protection --disable-popup-blocking --disable-prompt-on-repost --disable-renderer-backgrounding --disable-updater-scheduler --force-color-profile=srgb --metrics-recording-only --no-first-run --password-store=basic --use-mock-keychain --no-service-autorun --export-tagged-pdf --disable-search-engine-choice-screen --unsafely-disable-devtools-self-xss-warnings --edge-skip-compat-layer-relaunch --disable-infobars --disable-search-engine-choice-screen --disable-sync --enable-unsafe-swiftshader --headless --hide-scrollbars --mute-audio --blink-settings=primaryHoverType=2,availableHoverTypes=2,primaryPointerType=4,availablePointerTypes=4 --no-sandbox --no-sandbox --user-data-dir=/tmp/playwright_chromiumdev_profile-h81lTz --remote-debugging-pipe --no-startup-window
      - <launched> pid=241
      - [pid=241][err] [241:241:1006/003748.140279:ERROR:third_party/crashpad/crashpad/util/file/filesystem_posix.cc:63] mkdir : No such file or directory (2)
      - [pid=241][err] chrome_crashpad_handler: --database is required
      - [pid=241][err] Try 'chrome_crashpad_handler --help' for more information.
      - [pid=241][err] [241:241:1006/003748.177448:FATAL:chrome/browser/process_singleton_posix.cc:297] Check failed: . socket() failed: Operation not permitted (1)
      - [pid=241] <gracefully close start>
      - [pid=241] <kill>
      - [pid=241] <will force kill>
      - [pid=241][err] [275:275:0100/000000.180498:ERROR:content/zygote/zygote_linux.cc:662] write: Broken pipe (32)
      - [pid=241] <process did exit: exitCode=null, signal=SIGABRT>
      - [pid=241] starting temporary directories cleanup
      - [pid=241] finished temporary directories cleanup
      - [pid=241] <gracefully close end>


    Error Context: test-results/studio-nested-select-Escap-ea80d-s-only-the-list-then-dialog-chromium/error-context.md

    attachment #2: trace (application/zip) ─────────────────────────────────────────────────────────
    test-results/studio-nested-select-Escap-ea80d-s-only-the-list-then-dialog-chromium/trace.zip
    Usage:

        npx playwright show-trace test-results/studio-nested-select-Escap-ea80d-s-only-the-list-then-dialog-chromium/trace.zip

    ────────────────────────────────────────────────────────────────────────────────────────────────

  7) [chromium] › tests/weaveos/studio.spec.ts:67:1 › reduced motion preserves usable modal without scale displacement 

    Error: browserType.launch: Target page, context or browser has been closed
    Browser logs:

    <launching> /usr/bin/chromium --disable-field-trial-config --disable-background-networking --disable-background-timer-throttling --disable-backgrounding-occluded-windows --disable-back-forward-cache --disable-breakpad --disable-client-side-phishing-detection --disable-component-extensions-with-background-pages --disable-component-update --no-default-browser-check --disable-default-apps --disable-dev-shm-usage --disable-edgeupdater --disable-extensions --disable-features=AvoidUnnecessaryBeforeUnloadCheckSync,DestroyProfileOnBrowserClose,DialMediaRouteProvider,GlobalMediaControls,HttpsUpgrades,LensOverlay,MediaRouter,PaintHolding,ThirdPartyStoragePartitioning,BlockOriginHeaderModificationOnRedirect,Translate,AutoDeElevate,OptimizationHints,msForceBrowserSignIn,msEdgeUpdateLaunchServicesPreferredVersion --enable-features=CDPScreenshotNewSurface --allow-pre-commit-input --disable-hang-monitor --disable-ipc-flooding-protection --disable-popup-blocking --disable-prompt-on-repost --disable-renderer-backgrounding --disable-updater-scheduler --force-color-profile=srgb --metrics-recording-only --no-first-run --password-store=basic --use-mock-keychain --no-service-autorun --export-tagged-pdf --disable-search-engine-choice-screen --unsafely-disable-devtools-self-xss-warnings --edge-skip-compat-layer-relaunch --disable-infobars --disable-search-engine-choice-screen --disable-sync --enable-unsafe-swiftshader --headless --hide-scrollbars --mute-audio --blink-settings=primaryHoverType=2,availableHoverTypes=2,primaryPointerType=4,availablePointerTypes=4 --no-sandbox --no-sandbox --user-data-dir=/tmp/playwright_chromiumdev_profile-pP7c0Z --remote-debugging-pipe --no-startup-window
    <launched> pid=303
    [pid=303][err] [303:303:1006/003748.661722:ERROR:third_party/crashpad/crashpad/util/file/filesystem_posix.cc:63] mkdir : No such file or directory (2)
    [pid=303][err] chrome_crashpad_handler: --database is required
    [pid=303][err] Try 'chrome_crashpad_handler --help' for more information.
    [pid=303][err] [303:303:1006/003748.704469:FATAL:chrome/browser/process_singleton_posix.cc:297] Check failed: . socket() failed: Operation not permitted (1)
    Call log:
      - <launching> /usr/bin/chromium --disable-field-trial-config --disable-background-networking --disable-background-timer-throttling --disable-backgrounding-occluded-windows --disable-back-forward-cache --disable-breakpad --disable-client-side-phishing-detection --disable-component-extensions-with-background-pages --disable-component-update --no-default-browser-check --disable-default-apps --disable-dev-shm-usage --disable-edgeupdater --disable-extensions --disable-features=AvoidUnnecessaryBeforeUnloadCheckSync,DestroyProfileOnBrowserClose,DialMediaRouteProvider,GlobalMediaControls,HttpsUpgrades,LensOverlay,MediaRouter,PaintHolding,ThirdPartyStoragePartitioning,BlockOriginHeaderModificationOnRedirect,Translate,AutoDeElevate,OptimizationHints,msForceBrowserSignIn,msEdgeUpdateLaunchServicesPreferredVersion --enable-features=CDPScreenshotNewSurface --allow-pre-commit-input --disable-hang-monitor --disable-ipc-flooding-protection --disable-popup-blocking --disable-prompt-on-repost --disable-renderer-backgrounding --disable-updater-scheduler --force-color-profile=srgb --metrics-recording-only --no-first-run --password-store=basic --use-mock-keychain --no-service-autorun --export-tagged-pdf --disable-search-engine-choice-screen --unsafely-disable-devtools-self-xss-warnings --edge-skip-compat-layer-relaunch --disable-infobars --disable-search-engine-choice-screen --disable-sync --enable-unsafe-swiftshader --headless --hide-scrollbars --mute-audio --blink-settings=primaryHoverType=2,availableHoverTypes=2,primaryPointerType=4,availablePointerTypes=4 --no-sandbox --no-sandbox --user-data-dir=/tmp/playwright_chromiumdev_profile-pP7c0Z --remote-debugging-pipe --no-startup-window
      - <launched> pid=303
      - [pid=303][err] [303:303:1006/003748.661722:ERROR:third_party/crashpad/crashpad/util/file/filesystem_posix.cc:63] mkdir : No such file or directory (2)
      - [pid=303][err] chrome_crashpad_handler: --database is required
      - [pid=303][err] Try 'chrome_crashpad_handler --help' for more information.
      - [pid=303][err] [303:303:1006/003748.704469:FATAL:chrome/browser/process_singleton_posix.cc:297] Check failed: . socket() failed: Operation not permitted (1)
      - [pid=303] <gracefully close start>
      - [pid=303] <kill>
      - [pid=303] <will force kill>
      - [pid=303] <process did exit: exitCode=null, signal=SIGABRT>
      - [pid=303] starting temporary directories cleanup
      - [pid=303] finished temporary directories cleanup
      - [pid=303] <gracefully close end>


    Error Context: test-results/studio-reduced-motion-pres-54ccc--without-scale-displacement-chromium/error-context.md

    attachment #2: trace (application/zip) ─────────────────────────────────────────────────────────
    test-results/studio-reduced-motion-pres-54ccc--without-scale-displacement-chromium/trace.zip
    Usage:

        npx playwright show-trace test-results/studio-reduced-motion-pres-54ccc--without-scale-displacement-chromium/trace.zip

    ────────────────────────────────────────────────────────────────────────────────────────────────

  8) [chromium] › tests/weaveos/studio.spec.ts:76:1 › mobile view fits viewport and dialog remains operable 

    Error: browserType.launch: Target page, context or browser has been closed
    Browser logs:

    <launching> /usr/bin/chromium --disable-field-trial-config --disable-background-networking --disable-background-timer-throttling --disable-backgrounding-occluded-windows --disable-back-forward-cache --disable-breakpad --disable-client-side-phishing-detection --disable-component-extensions-with-background-pages --disable-component-update --no-default-browser-check --disable-default-apps --disable-dev-shm-usage --disable-edgeupdater --disable-extensions --disable-features=AvoidUnnecessaryBeforeUnloadCheckSync,DestroyProfileOnBrowserClose,DialMediaRouteProvider,GlobalMediaControls,HttpsUpgrades,LensOverlay,MediaRouter,PaintHolding,ThirdPartyStoragePartitioning,BlockOriginHeaderModificationOnRedirect,Translate,AutoDeElevate,OptimizationHints,msForceBrowserSignIn,msEdgeUpdateLaunchServicesPreferredVersion --enable-features=CDPScreenshotNewSurface --allow-pre-commit-input --disable-hang-monitor --disable-ipc-flooding-protection --disable-popup-blocking --disable-prompt-on-repost --disable-renderer-backgrounding --disable-updater-scheduler --force-color-profile=srgb --metrics-recording-only --no-first-run --password-store=basic --use-mock-keychain --no-service-autorun --export-tagged-pdf --disable-search-engine-choice-screen --unsafely-disable-devtools-self-xss-warnings --edge-skip-compat-layer-relaunch --disable-infobars --disable-search-engine-choice-screen --disable-sync --enable-unsafe-swiftshader --headless --hide-scrollbars --mute-audio --blink-settings=primaryHoverType=2,availableHoverTypes=2,primaryPointerType=4,availablePointerTypes=4 --no-sandbox --no-sandbox --user-data-dir=/tmp/playwright_chromiumdev_profile-5omOTn --remote-debugging-pipe --no-startup-window
    <launched> pid=306
    [pid=306][err] [306:306:1006/003748.662574:ERROR:third_party/crashpad/crashpad/util/file/filesystem_posix.cc:63] mkdir : No such file or directory (2)
    [pid=306][err] chrome_crashpad_handler: --database is required
    [pid=306][err] Try 'chrome_crashpad_handler --help' for more information.
    [pid=306][err] [306:306:1006/003748.703697:FATAL:chrome/browser/process_singleton_posix.cc:297] Check failed: . socket() failed: Operation not permitted (1)
    Call log:
      - <launching> /usr/bin/chromium --disable-field-trial-config --disable-background-networking --disable-background-timer-throttling --disable-backgrounding-occluded-windows --disable-back-forward-cache --disable-breakpad --disable-client-side-phishing-detection --disable-component-extensions-with-background-pages --disable-component-update --no-default-browser-check --disable-default-apps --disable-dev-shm-usage --disable-edgeupdater --disable-extensions --disable-features=AvoidUnnecessaryBeforeUnloadCheckSync,DestroyProfileOnBrowserClose,DialMediaRouteProvider,GlobalMediaControls,HttpsUpgrades,LensOverlay,MediaRouter,PaintHolding,ThirdPartyStoragePartitioning,BlockOriginHeaderModificationOnRedirect,Translate,AutoDeElevate,OptimizationHints,msForceBrowserSignIn,msEdgeUpdateLaunchServicesPreferredVersion --enable-features=CDPScreenshotNewSurface --allow-pre-commit-input --disable-hang-monitor --disable-ipc-flooding-protection --disable-popup-blocking --disable-prompt-on-repost --disable-renderer-backgrounding --disable-updater-scheduler --force-color-profile=srgb --metrics-recording-only --no-first-run --password-store=basic --use-mock-keychain --no-service-autorun --export-tagged-pdf --disable-search-engine-choice-screen --unsafely-disable-devtools-self-xss-warnings --edge-skip-compat-layer-relaunch --disable-infobars --disable-search-engine-choice-screen --disable-sync --enable-unsafe-swiftshader --headless --hide-scrollbars --mute-audio --blink-settings=primaryHoverType=2,availableHoverTypes=2,primaryPointerType=4,availablePointerTypes=4 --no-sandbox --no-sandbox --user-data-dir=/tmp/playwright_chromiumdev_profile-5omOTn --remote-debugging-pipe --no-startup-window
      - <launched> pid=306
      - [pid=306][err] [306:306:1006/003748.662574:ERROR:third_party/crashpad/crashpad/util/file/filesystem_posix.cc:63] mkdir : No such file or directory (2)
      - [pid=306][err] chrome_crashpad_handler: --database is required
      - [pid=306][err] Try 'chrome_crashpad_handler --help' for more information.
      - [pid=306][err] [306:306:1006/003748.703697:FATAL:chrome/browser/process_singleton_posix.cc:297] Check failed: . socket() failed: Operation not permitted (1)
      - [pid=306] <gracefully close start>
      - [pid=306] <kill>
      - [pid=306] <will force kill>
      - [pid=306] <process did exit: exitCode=null, signal=SIGABRT>
      - [pid=306] starting temporary directories cleanup
      - [pid=306] finished temporary directories cleanup
      - [pid=306] <gracefully close end>


    Error Context: test-results/studio-mobile-view-fits-viewport-and-dialog-remains-operable-chromium/error-context.md

    attachment #2: trace (application/zip) ─────────────────────────────────────────────────────────
    test-results/studio-mobile-view-fits-viewport-and-dialog-remains-operable-chromium/trace.zip
    Usage:

        npx playwright show-trace test-results/studio-mobile-view-fits-viewport-and-dialog-remains-operable-chromium/trace.zip

    ────────────────────────────────────────────────────────────────────────────────────────────────

  9) [chromium] › tests/weaveos/studio.spec.ts:85:1 › theme controls, basic controls and component navigation work 

    Error: browserType.launch: Target page, context or browser has been closed
    Browser logs:

    <launching> /usr/bin/chromium --disable-field-trial-config --disable-background-networking --disable-background-timer-throttling --disable-backgrounding-occluded-windows --disable-back-forward-cache --disable-breakpad --disable-client-side-phishing-detection --disable-component-extensions-with-background-pages --disable-component-update --no-default-browser-check --disable-default-apps --disable-dev-shm-usage --disable-edgeupdater --disable-extensions --disable-features=AvoidUnnecessaryBeforeUnloadCheckSync,DestroyProfileOnBrowserClose,DialMediaRouteProvider,GlobalMediaControls,HttpsUpgrades,LensOverlay,MediaRouter,PaintHolding,ThirdPartyStoragePartitioning,BlockOriginHeaderModificationOnRedirect,Translate,AutoDeElevate,OptimizationHints,msForceBrowserSignIn,msEdgeUpdateLaunchServicesPreferredVersion --enable-features=CDPScreenshotNewSurface --allow-pre-commit-input --disable-hang-monitor --disable-ipc-flooding-protection --disable-popup-blocking --disable-prompt-on-repost --disable-renderer-backgrounding --disable-updater-scheduler --force-color-profile=srgb --metrics-recording-only --no-first-run --password-store=basic --use-mock-keychain --no-service-autorun --export-tagged-pdf --disable-search-engine-choice-screen --unsafely-disable-devtools-self-xss-warnings --edge-skip-compat-layer-relaunch --disable-infobars --disable-search-engine-choice-screen --disable-sync --enable-unsafe-swiftshader --headless --hide-scrollbars --mute-audio --blink-settings=primaryHoverType=2,availableHoverTypes=2,primaryPointerType=4,availablePointerTypes=4 --no-sandbox --no-sandbox --user-data-dir=/tmp/playwright_chromiumdev_profile-2pfTQd --remote-debugging-pipe --no-startup-window
    <launched> pid=379
    [pid=379][err] [379:379:1006/003749.183259:ERROR:third_party/crashpad/crashpad/util/file/filesystem_posix.cc:63] mkdir : No such file or directory (2)
    [pid=379][err] chrome_crashpad_handler: --database is required
    [pid=379][err] Try 'chrome_crashpad_handler --help' for more information.
    [pid=379][err] [379:379:1006/003749.220551:FATAL:chrome/browser/process_singleton_posix.cc:297] Check failed: . socket() failed: Operation not permitted (1)
    Call log:
      - <launching> /usr/bin/chromium --disable-field-trial-config --disable-background-networking --disable-background-timer-throttling --disable-backgrounding-occluded-windows --disable-back-forward-cache --disable-breakpad --disable-client-side-phishing-detection --disable-component-extensions-with-background-pages --disable-component-update --no-default-browser-check --disable-default-apps --disable-dev-shm-usage --disable-edgeupdater --disable-extensions --disable-features=AvoidUnnecessaryBeforeUnloadCheckSync,DestroyProfileOnBrowserClose,DialMediaRouteProvider,GlobalMediaControls,HttpsUpgrades,LensOverlay,MediaRouter,PaintHolding,ThirdPartyStoragePartitioning,BlockOriginHeaderModificationOnRedirect,Translate,AutoDeElevate,OptimizationHints,msForceBrowserSignIn,msEdgeUpdateLaunchServicesPreferredVersion --enable-features=CDPScreenshotNewSurface --allow-pre-commit-input --disable-hang-monitor --disable-ipc-flooding-protection --disable-popup-blocking --disable-prompt-on-repost --disable-renderer-backgrounding --disable-updater-scheduler --force-color-profile=srgb --metrics-recording-only --no-first-run --password-store=basic --use-mock-keychain --no-service-autorun --export-tagged-pdf --disable-search-engine-choice-screen --unsafely-disable-devtools-self-xss-warnings --edge-skip-compat-layer-relaunch --disable-infobars --disable-search-engine-choice-screen --disable-sync --enable-unsafe-swiftshader --headless --hide-scrollbars --mute-audio --blink-settings=primaryHoverType=2,availableHoverTypes=2,primaryPointerType=4,availablePointerTypes=4 --no-sandbox --no-sandbox --user-data-dir=/tmp/playwright_chromiumdev_profile-2pfTQd --remote-debugging-pipe --no-startup-window
      - <launched> pid=379
      - [pid=379][err] [379:379:1006/003749.183259:ERROR:third_party/crashpad/crashpad/util/file/filesystem_posix.cc:63] mkdir : No such file or directory (2)
      - [pid=379][err] chrome_crashpad_handler: --database is required
      - [pid=379][err] Try 'chrome_crashpad_handler --help' for more information.
      - [pid=379][err] [379:379:1006/003749.220551:FATAL:chrome/browser/process_singleton_posix.cc:297] Check failed: . socket() failed: Operation not permitted (1)
      - [pid=379] <gracefully close start>
      - [pid=379] <kill>
      - [pid=379] <will force kill>
      - [pid=379] <process did exit: exitCode=null, signal=SIGABRT>
      - [pid=379] starting temporary directories cleanup
      - [pid=379] finished temporary directories cleanup
      - [pid=379] <gracefully close end>


    Error Context: test-results/studio-theme-controls-basi-1020b-d-component-navigation-work-chromium/error-context.md

    attachment #2: trace (application/zip) ─────────────────────────────────────────────────────────
    test-results/studio-theme-controls-basi-1020b-d-component-navigation-work-chromium/trace.zip
    Usage:

        npx playwright show-trace test-results/studio-theme-controls-basi-1020b-d-component-navigation-work-chromium/trace.zip

    ────────────────────────────────────────────────────────────────────────────────────────────────

  10) [chromium] › tests/weaveos/studio.spec.ts:95:1 › studio and open modal have no serious accessibility violations 

    Error: browserType.launch: Target page, context or browser has been closed
    Browser logs:

    <launching> /usr/bin/chromium --disable-field-trial-config --disable-background-networking --disable-background-timer-throttling --disable-backgrounding-occluded-windows --disable-back-forward-cache --disable-breakpad --disable-client-side-phishing-detection --disable-component-extensions-with-background-pages --disable-component-update --no-default-browser-check --disable-default-apps --disable-dev-shm-usage --disable-edgeupdater --disable-extensions --disable-features=AvoidUnnecessaryBeforeUnloadCheckSync,DestroyProfileOnBrowserClose,DialMediaRouteProvider,GlobalMediaControls,HttpsUpgrades,LensOverlay,MediaRouter,PaintHolding,ThirdPartyStoragePartitioning,BlockOriginHeaderModificationOnRedirect,Translate,AutoDeElevate,OptimizationHints,msForceBrowserSignIn,msEdgeUpdateLaunchServicesPreferredVersion --enable-features=CDPScreenshotNewSurface --allow-pre-commit-input --disable-hang-monitor --disable-ipc-flooding-protection --disable-popup-blocking --disable-prompt-on-repost --disable-renderer-backgrounding --disable-updater-scheduler --force-color-profile=srgb --metrics-recording-only --no-first-run --password-store=basic --use-mock-keychain --no-service-autorun --export-tagged-pdf --disable-search-engine-choice-screen --unsafely-disable-devtools-self-xss-warnings --edge-skip-compat-layer-relaunch --disable-infobars --disable-search-engine-choice-screen --disable-sync --enable-unsafe-swiftshader --headless --hide-scrollbars --mute-audio --blink-settings=primaryHoverType=2,availableHoverTypes=2,primaryPointerType=4,availablePointerTypes=4 --no-sandbox --no-sandbox --user-data-dir=/tmp/playwright_chromiumdev_profile-ZSCLQ7 --remote-debugging-pipe --no-startup-window
    <launched> pid=365
    [pid=365][err] [365:365:1006/003749.174508:ERROR:third_party/crashpad/crashpad/util/file/filesystem_posix.cc:63] mkdir : No such file or directory (2)
    [pid=365][err] chrome_crashpad_handler: --database is required
    [pid=365][err] Try 'chrome_crashpad_handler --help' for more information.
    [pid=365][err] [365:365:1006/003749.211963:FATAL:chrome/browser/process_singleton_posix.cc:297] Check failed: . socket() failed: Operation not permitted (1)
    Call log:
      - <launching> /usr/bin/chromium --disable-field-trial-config --disable-background-networking --disable-background-timer-throttling --disable-backgrounding-occluded-windows --disable-back-forward-cache --disable-breakpad --disable-client-side-phishing-detection --disable-component-extensions-with-background-pages --disable-component-update --no-default-browser-check --disable-default-apps --disable-dev-shm-usage --disable-edgeupdater --disable-extensions --disable-features=AvoidUnnecessaryBeforeUnloadCheckSync,DestroyProfileOnBrowserClose,DialMediaRouteProvider,GlobalMediaControls,HttpsUpgrades,LensOverlay,MediaRouter,PaintHolding,ThirdPartyStoragePartitioning,BlockOriginHeaderModificationOnRedirect,Translate,AutoDeElevate,OptimizationHints,msForceBrowserSignIn,msEdgeUpdateLaunchServicesPreferredVersion --enable-features=CDPScreenshotNewSurface --allow-pre-commit-input --disable-hang-monitor --disable-ipc-flooding-protection --disable-popup-blocking --disable-prompt-on-repost --disable-renderer-backgrounding --disable-updater-scheduler --force-color-profile=srgb --metrics-recording-only --no-first-run --password-store=basic --use-mock-keychain --no-service-autorun --export-tagged-pdf --disable-search-engine-choice-screen --unsafely-disable-devtools-self-xss-warnings --edge-skip-compat-layer-relaunch --disable-infobars --disable-search-engine-choice-screen --disable-sync --enable-unsafe-swiftshader --headless --hide-scrollbars --mute-audio --blink-settings=primaryHoverType=2,availableHoverTypes=2,primaryPointerType=4,availablePointerTypes=4 --no-sandbox --no-sandbox --user-data-dir=/tmp/playwright_chromiumdev_profile-ZSCLQ7 --remote-debugging-pipe --no-startup-window
      - <launched> pid=365
      - [pid=365][err] [365:365:1006/003749.174508:ERROR:third_party/crashpad/crashpad/util/file/filesystem_posix.cc:63] mkdir : No such file or directory (2)
      - [pid=365][err] chrome_crashpad_handler: --database is required
      - [pid=365][err] Try 'chrome_crashpad_handler --help' for more information.
      - [pid=365][err] [365:365:1006/003749.211963:FATAL:chrome/browser/process_singleton_posix.cc:297] Check failed: . socket() failed: Operation not permitted (1)
      - [pid=365] <gracefully close start>
      - [pid=365] <kill>
      - [pid=365] <will force kill>
      - [pid=365] <process did exit: exitCode=null, signal=SIGABRT>
      - [pid=365] starting temporary directories cleanup
      - [pid=365] finished temporary directories cleanup
      - [pid=365] <gracefully close end>


    Error Context: test-results/studio-studio-and-open-mod-706fa-us-accessibility-violations-chromium/error-context.md

    attachment #2: trace (application/zip) ─────────────────────────────────────────────────────────
    test-results/studio-studio-and-open-mod-706fa-us-accessibility-violations-chromium/trace.zip
    Usage:

        npx playwright show-trace test-results/studio-studio-and-open-mod-706fa-us-accessibility-violations-chromium/trace.zip

    ────────────────────────────────────────────────────────────────────────────────────────────────

  10 failed
    [chromium] › tests/weaveos/studio.spec.ts:6:1 › shell uses collapsible icon rail and edge-to-edge content card 
    [chromium] › tests/weaveos/studio.spec.ts:19:1 › source dialog has accessible title, focus isolation and restores origin 
    [chromium] › tests/weaveos/studio.spec.ts:27:1 › second source restores its own focus ──────────
    [chromium] › tests/weaveos/studio.spec.ts:34:1 › close during opening and repeat never leaves an overlay or locked page 
    [chromium] › tests/weaveos/studio.spec.ts:42:1 › save feedback waits for result and errors retain editable input 
    [chromium] › tests/weaveos/studio.spec.ts:58:1 › nested select Escape dismisses only the list, then dialog 
    [chromium] › tests/weaveos/studio.spec.ts:67:1 › reduced motion preserves usable modal without scale displacement 
    [chromium] › tests/weaveos/studio.spec.ts:76:1 › mobile view fits viewport and dialog remains operable 
    [chromium] › tests/weaveos/studio.spec.ts:85:1 › theme controls, basic controls and component navigation work 
    [chromium] › tests/weaveos/studio.spec.ts:95:1 › studio and open modal have no serious accessibility violations 
