2026-10-06T10:35:21.5809469Z Current runner version: '2.337.0'
2026-10-06T10:35:21.5835871Z ##[group]Runner Image Provisioner
2026-10-06T10:35:21.5836876Z Hosted Compute Agent
2026-10-06T10:35:21.5837514Z Version: 20260901.588
2026-10-06T10:35:21.5838161Z Commit: f88ec8081b781fac6c440065ac7ff9e710ce3d0b
2026-10-06T10:35:21.5839464Z Build Date: 2026-09-01T19:56:44Z
2026-10-06T10:35:21.5840180Z Worker ID: {c4238645-f19a-4f9d-be92-7fbc334bfe9b}
2026-10-06T10:35:21.5840888Z Azure Region: westus2
2026-10-06T10:35:21.5841532Z ##[endgroup]
2026-10-06T10:35:21.5843213Z ##[group]Operating System
2026-10-06T10:35:21.5844066Z Ubuntu
2026-10-06T10:35:21.5844602Z 24.04.5
2026-10-06T10:35:21.5845100Z LTS
2026-10-06T10:35:21.5845701Z ##[endgroup]
2026-10-06T10:35:21.5846264Z ##[group]Runner Image
2026-10-06T10:35:21.5846933Z Image: ubuntu-24.04
2026-10-06T10:35:21.5847528Z Version: 20260927.320.1
2026-10-06T10:35:21.5849043Z Included Software: https://github.com/actions/runner-images/blob/ubuntu24/20260927.320/images/ubuntu/Ubuntu2404-Readme.md
2026-10-06T10:35:21.5850634Z Image Release: https://github.com/actions/runner-images/releases/tag/ubuntu24%2F20260927.320
2026-10-06T10:35:21.5852064Z ##[endgroup]
2026-10-06T10:35:21.5853240Z ##[group]GITHUB_TOKEN Permissions
2026-10-06T10:35:21.5855442Z Contents: read
2026-10-06T10:35:21.5856084Z Metadata: read
2026-10-06T10:35:21.5856694Z ##[endgroup]
2026-10-06T10:35:21.5859442Z Secret source: Actions
2026-10-06T10:35:21.5860425Z Cache mode: write
2026-10-06T10:35:21.5861225Z Prepare workflow directory
2026-10-06T10:35:21.6262161Z Prepare all required actions
2026-10-06T10:35:21.6311374Z Getting action download info
2026-10-06T10:35:21.9749619Z Download action repository 'actions/checkout@v4' (SHA:11d5960a326750d5838078e36cf38b85af677262)
2026-10-06T10:35:22.0954580Z Download action repository 'actions/setup-node@v4' (SHA:49933ea5288caeca8642d1e84afbd3f7d6820020)
2026-10-06T10:35:22.1790737Z Download action repository 'actions/upload-artifact@v4' (SHA:ea165f8d65b6e75b540449e92b4886f43607fa02)
2026-10-06T10:35:22.4010409Z Complete job name: browser
2026-10-06T10:35:22.4810178Z ##[group]Run actions/checkout@v4
2026-10-06T10:35:22.4811093Z with:
2026-10-06T10:35:22.4811545Z   repository: Hubujiu/arca-ui
2026-10-06T10:35:22.4815338Z   token: ***
2026-10-06T10:35:22.4815773Z   ssh-strict: true
2026-10-06T10:35:22.4816214Z   ssh-user: git
2026-10-06T10:35:22.4816664Z   persist-credentials: true
2026-10-06T10:35:22.4817154Z   clean: true
2026-10-06T10:35:22.4817610Z   sparse-checkout-cone-mode: true
2026-10-06T10:35:22.4818134Z   fetch-depth: 1
2026-10-06T10:35:22.4818868Z   fetch-tags: false
2026-10-06T10:35:22.4819339Z   show-progress: true
2026-10-06T10:35:22.4819796Z   lfs: false
2026-10-06T10:35:22.4820218Z   submodules: false
2026-10-06T10:35:22.4820677Z   set-safe-directory: true
2026-10-06T10:35:22.4821189Z   allow-unsafe-pr-checkout: false
2026-10-06T10:35:22.4821997Z ##[endgroup]
2026-10-06T10:35:22.5902556Z Syncing repository: Hubujiu/arca-ui
2026-10-06T10:35:22.5905155Z ##[group]Getting Git version info
2026-10-06T10:35:22.5906438Z Working directory is '/home/runner/work/arca-ui/arca-ui'
2026-10-06T10:35:22.5908115Z [command]/usr/bin/git version
2026-10-06T10:35:22.5983532Z git version 2.55.0
2026-10-06T10:35:22.6013981Z ##[endgroup]
2026-10-06T10:35:22.6038322Z Temporarily overriding HOME='/home/runner/work/_temp/2afd33b9-e97e-4c86-9e39-2ef05b94813c' before making global git config changes
2026-10-06T10:35:22.6047358Z Adding repository directory to the temporary git global config as a safe directory
2026-10-06T10:35:22.6049303Z [command]/usr/bin/git config --global --add safe.directory /home/runner/work/arca-ui/arca-ui
2026-10-06T10:35:22.6097880Z Deleting the contents of '/home/runner/work/arca-ui/arca-ui'
2026-10-06T10:35:22.6106170Z ##[group]Initializing the repository
2026-10-06T10:35:22.6109732Z [command]/usr/bin/git init /home/runner/work/arca-ui/arca-ui
2026-10-06T10:35:22.6222992Z hint: Using 'master' as the name for the initial branch. This default branch name
2026-10-06T10:35:22.6224680Z hint: will change to "main" in Git 3.0. To configure the initial branch name
2026-10-06T10:35:22.6226509Z hint: to use in all of your new repositories, which will suppress this warning,
2026-10-06T10:35:22.6227709Z hint: call:
2026-10-06T10:35:22.6229009Z hint:
2026-10-06T10:35:22.6229825Z hint: 	git config --global init.defaultBranch <name>
2026-10-06T10:35:22.6230811Z hint:
2026-10-06T10:35:22.6231733Z hint: Names commonly chosen instead of 'master' are 'main', 'trunk' and
2026-10-06T10:35:22.6233232Z hint: 'development'. The just-created branch can be renamed via this command:
2026-10-06T10:35:22.6234435Z hint:
2026-10-06T10:35:22.6235087Z hint: 	git branch -m <name>
2026-10-06T10:35:22.6235834Z hint:
2026-10-06T10:35:22.6236877Z hint: Disable this message with "git config set advice.defaultBranchName false"
2026-10-06T10:35:22.6238708Z Initialized empty Git repository in /home/runner/work/arca-ui/arca-ui/.git/
2026-10-06T10:35:22.6241273Z [command]/usr/bin/git remote add origin https://github.com/Hubujiu/arca-ui
2026-10-06T10:35:22.6295390Z ##[endgroup]
2026-10-06T10:35:22.6296618Z ##[group]Disabling automatic garbage collection
2026-10-06T10:35:22.6299559Z [command]/usr/bin/git config --local gc.auto 0
2026-10-06T10:35:22.6350822Z ##[endgroup]
2026-10-06T10:35:22.6352210Z ##[group]Setting up auth
2026-10-06T10:35:22.6353711Z [command]/usr/bin/git config --local --name-only --get-regexp core\.sshCommand
2026-10-06T10:35:22.6387599Z [command]/usr/bin/git submodule foreach --recursive sh -c "git config --local --name-only --get-regexp 'core\.sshCommand' && git config --local --unset-all 'core.sshCommand' || :"
2026-10-06T10:35:22.6819567Z [command]/usr/bin/git config --local --name-only --get-regexp http\.https\:\/\/github\.com\/\.extraheader
2026-10-06T10:35:22.6863126Z [command]/usr/bin/git submodule foreach --recursive sh -c "git config --local --name-only --get-regexp 'http\.https\:\/\/github\.com\/\.extraheader' && git config --local --unset-all 'http.https://github.com/.extraheader' || :"
2026-10-06T10:35:22.7126248Z [command]/usr/bin/git config --local --name-only --get-regexp ^includeIf\.gitdir:
2026-10-06T10:35:22.7165848Z [command]/usr/bin/git submodule foreach --recursive git config --local --show-origin --name-only --get-regexp remote.origin.url
2026-10-06T10:35:22.7394639Z [command]/usr/bin/git config --local http.https://github.com/.extraheader AUTHORIZATION: basic ***
2026-10-06T10:35:22.7436698Z ##[endgroup]
2026-10-06T10:35:22.7438115Z ##[group]Fetching the repository
2026-10-06T10:35:22.7448788Z [command]/usr/bin/git -c protocol.version=2 fetch --no-tags --prune --no-recurse-submodules --depth=1 origin +53cc43c8ba0741aedef4f3433e4a3a98827cbe92:refs/remotes/origin/task/V030-042-weaveos-components
2026-10-06T10:35:23.1533870Z From https://github.com/Hubujiu/arca-ui
2026-10-06T10:35:23.1535254Z  * [new ref]         53cc43c8ba0741aedef4f3433e4a3a98827cbe92 -> origin/task/V030-042-weaveos-components
2026-10-06T10:35:23.1538115Z ##[endgroup]
2026-10-06T10:35:23.1540941Z ##[group]Determining the checkout info
2026-10-06T10:35:23.1542947Z ##[endgroup]
2026-10-06T10:35:23.1548329Z [command]/usr/bin/git sparse-checkout disable
2026-10-06T10:35:23.1625716Z [command]/usr/bin/git config --local --unset-all extensions.worktreeConfig
2026-10-06T10:35:23.1663745Z ##[group]Checking out the ref
2026-10-06T10:35:23.1669752Z [command]/usr/bin/git checkout --progress --force -B task/V030-042-weaveos-components refs/remotes/origin/task/V030-042-weaveos-components
2026-10-06T10:35:23.2351177Z Switched to a new branch 'task/V030-042-weaveos-components'
2026-10-06T10:35:23.2356697Z branch 'task/V030-042-weaveos-components' set up to track 'origin/task/V030-042-weaveos-components'.
2026-10-06T10:35:23.2363014Z ##[endgroup]
2026-10-06T10:35:23.2410707Z [command]/usr/bin/git log -1 --format=%H
2026-10-06T10:35:23.2437984Z 53cc43c8ba0741aedef4f3433e4a3a98827cbe92
2026-10-06T10:35:23.2829266Z ##[group]Run actions/setup-node@v4
2026-10-06T10:35:23.2830038Z with:
2026-10-06T10:35:23.2830498Z   node-version: 24.19.0
2026-10-06T10:35:23.2831025Z   cache: npm
2026-10-06T10:35:23.2831705Z   always-auth: false
2026-10-06T10:35:23.2832227Z   check-latest: false
2026-10-06T10:35:23.2837216Z   token: ***
2026-10-06T10:35:23.2837688Z ##[endgroup]
2026-10-06T10:35:23.4225162Z Attempting to download 24.19.0...
2026-10-06T10:35:23.4334194Z (node:2296) [DEP0040] DeprecationWarning: The `punycode` module is deprecated. Please use a userland alternative instead.
2026-10-06T10:35:23.4336426Z (Use `node --trace-deprecation ...` to show where the warning was created)
2026-10-06T10:35:24.2072532Z Acquiring 24.19.0 - x64 from https://github.com/actions/node-versions/releases/download/24.19.0-30872449280/node-24.19.0-linux-x64.tar.gz
2026-10-06T10:35:24.7265993Z Extracting ...
2026-10-06T10:35:24.7398783Z [command]/usr/bin/tar xz --strip 1 --warning=no-unknown-keyword --overwrite -C /home/runner/work/_temp/05ef221e-42dc-4e92-8d89-949e8d357b2e -f /home/runner/work/_temp/aa29329d-9b55-4afe-8964-5948bdabec68
2026-10-06T10:35:26.0158016Z Adding to the cache ...
2026-10-06T10:35:27.9883511Z ##[group]Environment details
2026-10-06T10:35:28.2216562Z node: v24.19.0
2026-10-06T10:35:28.2217116Z npm: 11.17.0
2026-10-06T10:35:28.2217493Z yarn: 1.22.22
2026-10-06T10:35:28.2218275Z ##[endgroup]
2026-10-06T10:35:28.2243494Z [command]/opt/hostedtoolcache/node/24.19.0/x64/bin/npm config get cache
2026-10-06T10:35:28.3197931Z /home/runner/.npm
2026-10-06T10:35:28.5694598Z npm cache is not found
2026-10-06T10:35:28.5873798Z ##[group]Run npm ci --ignore-scripts
2026-10-06T10:35:28.5874207Z [36;1mnpm ci --ignore-scripts[0m
2026-10-06T10:35:28.6141771Z shell: /usr/bin/bash -e {0}
2026-10-06T10:35:28.6142105Z ##[endgroup]
2026-10-06T10:35:56.9493596Z 
2026-10-06T10:35:56.9502473Z added 517 packages, and audited 518 packages in 28s
2026-10-06T10:35:56.9502816Z 
2026-10-06T10:35:56.9503031Z 163 packages are looking for funding
2026-10-06T10:35:56.9503358Z   run `npm fund` for details
2026-10-06T10:35:56.9569562Z 
2026-10-06T10:35:56.9570069Z 7 high severity vulnerabilities
2026-10-06T10:35:56.9570436Z 
2026-10-06T10:35:56.9570765Z To address issues that do not require attention, run:
2026-10-06T10:35:56.9571112Z   npm audit fix
2026-10-06T10:35:56.9571252Z 
2026-10-06T10:35:56.9571491Z To address all issues (including breaking changes), run:
2026-10-06T10:35:56.9571838Z   npm audit fix --force
2026-10-06T10:35:56.9571983Z 
2026-10-06T10:35:56.9572119Z Run `npm audit` for details.
2026-10-06T10:35:57.0188364Z ##[group]Run npx playwright install --with-deps chromium
2026-10-06T10:35:57.0189212Z [36;1mnpx playwright install --with-deps chromium[0m
2026-10-06T10:35:57.0257994Z shell: /usr/bin/bash -e {0}
2026-10-06T10:35:57.0258308Z ##[endgroup]
2026-10-06T10:35:57.7727876Z Installing dependencies...
2026-10-06T10:35:57.7813193Z Switching to root user to install dependencies...
2026-10-06T10:35:57.9062071Z Get:1 file:/etc/apt/apt-mirrors.txt Mirrorlist [144 B]
2026-10-06T10:35:57.9274670Z Get:6 https://packages.microsoft.com/ubuntu/24.04/prod noble InRelease [3600 B]
2026-10-06T10:35:57.9485443Z Hit:2 http://azure.archive.ubuntu.com/ubuntu noble InRelease
2026-10-06T10:35:57.9496949Z Get:3 http://azure.archive.ubuntu.com/ubuntu noble-updates InRelease [126 kB]
2026-10-06T10:35:57.9533635Z Get:4 http://azure.archive.ubuntu.com/ubuntu noble-backports InRelease [126 kB]
2026-10-06T10:35:57.9547365Z Get:5 http://azure.archive.ubuntu.com/ubuntu noble-security InRelease [126 kB]
2026-10-06T10:35:58.0449499Z Get:7 https://packages.microsoft.com/ubuntu/24.04/prod noble/main amd64 Packages [515 kB]
2026-10-06T10:35:58.0641016Z Get:8 https://packages.microsoft.com/ubuntu/24.04/prod noble/main arm64 Packages [458 kB]
2026-10-06T10:35:58.0725921Z Get:9 https://packages.microsoft.com/ubuntu/24.04/prod noble/main armhf Packages [12.6 kB]
2026-10-06T10:35:58.1547342Z Get:10 http://azure.archive.ubuntu.com/ubuntu noble-updates/main amd64 Packages [1370 kB]
2026-10-06T10:35:58.1645539Z Get:11 http://azure.archive.ubuntu.com/ubuntu noble-updates/main Translation-en [305 kB]
2026-10-06T10:35:58.1647162Z Get:12 http://azure.archive.ubuntu.com/ubuntu noble-updates/main amd64 Components [181 kB]
2026-10-06T10:35:58.1660869Z Get:13 http://azure.archive.ubuntu.com/ubuntu noble-updates/universe amd64 Packages [1701 kB]
2026-10-06T10:35:58.1728350Z Get:14 http://azure.archive.ubuntu.com/ubuntu noble-updates/universe Translation-en [341 kB]
2026-10-06T10:35:58.1750608Z Get:15 http://azure.archive.ubuntu.com/ubuntu noble-updates/universe amd64 Components [388 kB]
2026-10-06T10:35:58.1779983Z Get:16 http://azure.archive.ubuntu.com/ubuntu noble-updates/restricted amd64 Packages [1728 kB]
2026-10-06T10:35:58.1853882Z Get:17 http://azure.archive.ubuntu.com/ubuntu noble-updates/restricted Translation-en [395 kB]
2026-10-06T10:35:58.1874387Z Get:18 http://azure.archive.ubuntu.com/ubuntu noble-updates/multiverse Translation-en [13.3 kB]
2026-10-06T10:35:58.1879554Z Get:19 http://azure.archive.ubuntu.com/ubuntu noble-updates/multiverse amd64 Components [940 B]
2026-10-06T10:35:58.2614696Z Get:20 http://azure.archive.ubuntu.com/ubuntu noble-backports/main amd64 Components [5764 B]
2026-10-06T10:35:58.2627198Z Get:21 http://azure.archive.ubuntu.com/ubuntu noble-backports/universe amd64 Components [12.6 kB]
2026-10-06T10:35:58.2720170Z Get:22 http://azure.archive.ubuntu.com/ubuntu noble-security/main amd64 Packages [1071 kB]
2026-10-06T10:35:58.2755870Z Get:23 http://azure.archive.ubuntu.com/ubuntu noble-security/main Translation-en [222 kB]
2026-10-06T10:35:58.2769450Z Get:24 http://azure.archive.ubuntu.com/ubuntu noble-security/main amd64 Components [46.4 kB]
2026-10-06T10:35:58.2779063Z Get:25 http://azure.archive.ubuntu.com/ubuntu noble-security/universe amd64 Packages [1216 kB]
2026-10-06T10:35:58.2840646Z Get:26 http://azure.archive.ubuntu.com/ubuntu noble-security/universe Translation-en [244 kB]
2026-10-06T10:35:58.2855186Z Get:27 http://azure.archive.ubuntu.com/ubuntu noble-security/universe amd64 Components [76.3 kB]
2026-10-06T10:35:58.2873911Z Get:28 http://azure.archive.ubuntu.com/ubuntu noble-security/restricted amd64 Packages [1566 kB]
2026-10-06T10:35:58.2943758Z Get:29 http://azure.archive.ubuntu.com/ubuntu noble-security/restricted Translation-en [361 kB]
2026-10-06T10:36:03.0761898Z Fetched 12.6 MB in 1s (9053 kB/s)
2026-10-06T10:36:03.9559779Z Reading package lists...
2026-10-06T10:36:03.9806921Z Reading package lists...
2026-10-06T10:36:04.1712865Z Building dependency tree...
2026-10-06T10:36:04.1721098Z Reading state information...
2026-10-06T10:36:04.3292526Z libasound2t64 is already the newest version (1.2.11-1ubuntu0.3).
2026-10-06T10:36:04.3293437Z libasound2t64 set to manually installed.
2026-10-06T10:36:04.3294404Z libatk-bridge2.0-0t64 is already the newest version (2.52.0-1build1).
2026-10-06T10:36:04.3295491Z libatk-bridge2.0-0t64 set to manually installed.
2026-10-06T10:36:04.3296546Z libatk1.0-0t64 is already the newest version (2.52.0-1build1).
2026-10-06T10:36:04.3297336Z libatk1.0-0t64 set to manually installed.
2026-10-06T10:36:04.3298080Z libatspi2.0-0t64 is already the newest version (2.52.0-1build1).
2026-10-06T10:36:04.3299172Z libatspi2.0-0t64 set to manually installed.
2026-10-06T10:36:04.3299886Z libcairo2 is already the newest version (1.18.0-3build1).
2026-10-06T10:36:04.3300536Z libcairo2 set to manually installed.
2026-10-06T10:36:04.3301221Z libcups2t64 is already the newest version (2.4.7-1.2ubuntu7.14).
2026-10-06T10:36:04.3301660Z libcups2t64 set to manually installed.
2026-10-06T10:36:04.3302103Z libdbus-1-3 is already the newest version (1.14.10-4ubuntu4.1).
2026-10-06T10:36:04.3302539Z libdbus-1-3 set to manually installed.
2026-10-06T10:36:04.3303001Z libdrm2 is already the newest version (2.4.125-1ubuntu0.1~24.04.2).
2026-10-06T10:36:04.3303424Z libdrm2 set to manually installed.
2026-10-06T10:36:04.3304198Z libglib2.0-0t64 is already the newest version (2.80.0-6ubuntu3.9).
2026-10-06T10:36:04.3304947Z libglib2.0-0t64 set to manually installed.
2026-10-06T10:36:04.3305701Z libnspr4 is already the newest version (2:4.35-1.1build1).
2026-10-06T10:36:04.3306416Z libnspr4 set to manually installed.
2026-10-06T10:36:04.3307622Z libnss3 is already the newest version (2:3.98-1ubuntu0.2).
2026-10-06T10:36:04.3308871Z libnss3 set to manually installed.
2026-10-06T10:36:04.3309651Z libpango-1.0-0 is already the newest version (1.52.1+ds-1build1).
2026-10-06T10:36:04.3310475Z libpango-1.0-0 set to manually installed.
2026-10-06T10:36:04.3311374Z libx11-6 is already the newest version (2:1.8.7-1build1).
2026-10-06T10:36:04.3312069Z libx11-6 set to manually installed.
2026-10-06T10:36:04.3312714Z libxcb1 is already the newest version (1.15-1ubuntu2).
2026-10-06T10:36:04.3313500Z libxcb1 set to manually installed.
2026-10-06T10:36:04.3314241Z libxcomposite1 is already the newest version (1:0.4.5-1build3).
2026-10-06T10:36:04.3314991Z libxcomposite1 set to manually installed.
2026-10-06T10:36:04.3315755Z libxdamage1 is already the newest version (1:1.1.6-1build1).
2026-10-06T10:36:04.3316466Z libxdamage1 set to manually installed.
2026-10-06T10:36:04.3317168Z libxext6 is already the newest version (2:1.3.4-1build2).
2026-10-06T10:36:04.3318039Z libxext6 set to manually installed.
2026-10-06T10:36:04.3319035Z libxfixes3 is already the newest version (1:6.0.0-2build1).
2026-10-06T10:36:04.3319743Z libxfixes3 set to manually installed.
2026-10-06T10:36:04.3320484Z libxkbcommon0 is already the newest version (1.6.0-1build1).
2026-10-06T10:36:04.3321234Z libxkbcommon0 set to manually installed.
2026-10-06T10:36:04.3321971Z libxrandr2 is already the newest version (2:1.5.2-2build1).
2026-10-06T10:36:04.3322879Z libxrandr2 set to manually installed.
2026-10-06T10:36:04.3323600Z xvfb is already the newest version (2:21.1.12-1ubuntu1.8).
2026-10-06T10:36:04.3324623Z fonts-noto-color-emoji is already the newest version (2.047-0ubuntu0.24.04.1).
2026-10-06T10:36:04.3325692Z libfontconfig1 is already the newest version (2.15.0-1.1ubuntu2).
2026-10-06T10:36:04.3326489Z libfontconfig1 set to manually installed.
2026-10-06T10:36:04.3327335Z libfreetype6 is already the newest version (2.13.2+dfsg-1ubuntu0.1).
2026-10-06T10:36:04.3328143Z libfreetype6 set to manually installed.
2026-10-06T10:36:04.3329169Z fonts-liberation is already the newest version (1:2.1.5-3).
2026-10-06T10:36:04.3329924Z fonts-liberation set to manually installed.
2026-10-06T10:36:04.3330643Z The following additional packages will be installed:
2026-10-06T10:36:04.3331541Z   libgl1-mesa-dri libglx-mesa0 mesa-libgallium xfonts-encodings xfonts-utils
2026-10-06T10:36:04.3332739Z Recommended packages:
2026-10-06T10:36:04.3333255Z   fonts-ipafont-mincho fonts-tlwg-loma
2026-10-06T10:36:04.3517312Z The following NEW packages will be installed:
2026-10-06T10:36:04.3517952Z   fonts-freefont-ttf fonts-ipafont-gothic fonts-tlwg-loma-otf fonts-unifont
2026-10-06T10:36:04.3524781Z   fonts-wqy-zenhei xfonts-cyrillic xfonts-encodings xfonts-scalable
2026-10-06T10:36:04.3525416Z   xfonts-utils
2026-10-06T10:36:04.3539696Z The following packages will be upgraded:
2026-10-06T10:36:04.3540730Z   libgbm1 libgl1-mesa-dri libglx-mesa0 mesa-libgallium
2026-10-06T10:36:04.3706154Z 4 upgraded, 9 newly installed, 0 to remove and 21 not upgraded.
2026-10-06T10:36:04.3706973Z Need to get 32.1 MB of archives.
2026-10-06T10:36:04.3707739Z After this operation, 79.5 MB of additional disk space will be used.
2026-10-06T10:36:04.3708805Z Get:1 file:/etc/apt/apt-mirrors.txt Mirrorlist [144 B]
2026-10-06T10:36:04.6583738Z Get:2 http://azure.archive.ubuntu.com/ubuntu noble/universe amd64 fonts-ipafont-gothic all 00303-21ubuntu1 [3513 kB]
2026-10-06T10:36:05.9060452Z Get:3 http://azure.archive.ubuntu.com/ubuntu noble/main amd64 fonts-freefont-ttf all 20211204+svn4273-2 [5641 kB]
2026-10-06T10:36:06.2503987Z Get:4 http://azure.archive.ubuntu.com/ubuntu noble/universe amd64 fonts-tlwg-loma-otf all 1:0.7.3-1 [107 kB]
2026-10-06T10:36:06.3856381Z Get:5 http://azure.archive.ubuntu.com/ubuntu noble/universe amd64 fonts-unifont all 1:15.1.01-1build1 [2993 kB]
2026-10-06T10:36:06.5654089Z Get:6 http://azure.archive.ubuntu.com/ubuntu noble/universe amd64 fonts-wqy-zenhei all 0.9.45-8 [7472 kB]
2026-10-06T10:36:06.9841366Z Get:7 http://azure.archive.ubuntu.com/ubuntu noble-updates/main amd64 libgl1-mesa-dri amd64 25.2.8-0ubuntu0.24.04.4 [38.0 kB]
2026-10-06T10:36:07.1180599Z Get:8 http://azure.archive.ubuntu.com/ubuntu noble-updates/main amd64 libglx-mesa0 amd64 25.2.8-0ubuntu0.24.04.4 [110 kB]
2026-10-06T10:36:07.2526494Z Get:9 http://azure.archive.ubuntu.com/ubuntu noble-updates/main amd64 libgbm1 amd64 25.2.8-0ubuntu0.24.04.4 [34.2 kB]
2026-10-06T10:36:07.4202397Z Get:10 http://azure.archive.ubuntu.com/ubuntu noble-updates/main amd64 mesa-libgallium amd64 25.2.8-0ubuntu0.24.04.4 [10.8 MB]
2026-10-06T10:36:08.1301204Z Get:11 http://azure.archive.ubuntu.com/ubuntu noble/main amd64 xfonts-encodings all 1:1.0.5-0ubuntu2 [578 kB]
2026-10-06T10:36:08.3232955Z Get:12 http://azure.archive.ubuntu.com/ubuntu noble/main amd64 xfonts-utils amd64 1:7.7+6build3 [94.4 kB]
2026-10-06T10:36:08.4936864Z Get:13 http://azure.archive.ubuntu.com/ubuntu noble/universe amd64 xfonts-cyrillic all 1:1.0.5+nmu1 [384 kB]
2026-10-06T10:36:08.6763378Z Get:14 http://azure.archive.ubuntu.com/ubuntu noble/main amd64 xfonts-scalable all 1:1.0.3-1.3 [304 kB]
2026-10-06T10:36:09.4001928Z Fetched 32.1 MB in 4s (7401 kB/s)
2026-10-06T10:36:09.4376149Z Selecting previously unselected package fonts-ipafont-gothic.
2026-10-06T10:36:09.4718684Z (Reading database ... 
2026-10-06T10:36:09.4721092Z (Reading database ... 5%
2026-10-06T10:36:09.4721458Z (Reading database ... 10%
2026-10-06T10:36:09.4721772Z (Reading database ... 15%
2026-10-06T10:36:09.4722200Z (Reading database ... 20%
2026-10-06T10:36:09.4722530Z (Reading database ... 25%
2026-10-06T10:36:09.4722838Z (Reading database ... 30%
2026-10-06T10:36:09.4723139Z (Reading database ... 35%
2026-10-06T10:36:09.4723437Z (Reading database ... 40%
2026-10-06T10:36:09.4723734Z (Reading database ... 45%
2026-10-06T10:36:09.4724023Z (Reading database ... 50%
2026-10-06T10:36:09.5038502Z (Reading database ... 55%
2026-10-06T10:36:09.9310588Z (Reading database ... 60%
2026-10-06T10:36:10.1768464Z (Reading database ... 65%
2026-10-06T10:36:10.4260273Z (Reading database ... 70%
2026-10-06T10:36:10.6877096Z (Reading database ... 75%
2026-10-06T10:36:11.0133016Z (Reading database ... 80%
2026-10-06T10:36:11.5050751Z (Reading database ... 85%
2026-10-06T10:36:12.0467983Z (Reading database ... 90%
2026-10-06T10:36:12.6683523Z (Reading database ... 95%
2026-10-06T10:36:12.6684005Z (Reading database ... 100%
2026-10-06T10:36:12.6684986Z (Reading database ... 202296 files and directories currently installed.)
2026-10-06T10:36:12.6727200Z Preparing to unpack .../00-fonts-ipafont-gothic_00303-21ubuntu1_all.deb ...
2026-10-06T10:36:12.6816591Z Unpacking fonts-ipafont-gothic (00303-21ubuntu1) ...
2026-10-06T10:36:12.9056385Z Selecting previously unselected package fonts-freefont-ttf.
2026-10-06T10:36:12.9179775Z Preparing to unpack .../01-fonts-freefont-ttf_20211204+svn4273-2_all.deb ...
2026-10-06T10:36:12.9188713Z Unpacking fonts-freefont-ttf (20211204+svn4273-2) ...
2026-10-06T10:36:12.9989295Z Selecting previously unselected package fonts-tlwg-loma-otf.
2026-10-06T10:36:13.0115525Z Preparing to unpack .../02-fonts-tlwg-loma-otf_1%3a0.7.3-1_all.deb ...
2026-10-06T10:36:13.0123377Z Unpacking fonts-tlwg-loma-otf (1:0.7.3-1) ...
2026-10-06T10:36:13.0359836Z Selecting previously unselected package fonts-unifont.
2026-10-06T10:36:13.0481917Z Preparing to unpack .../03-fonts-unifont_1%3a15.1.01-1build1_all.deb ...
2026-10-06T10:36:13.0489953Z Unpacking fonts-unifont (1:15.1.01-1build1) ...
2026-10-06T10:36:13.1559213Z Selecting previously unselected package fonts-wqy-zenhei.
2026-10-06T10:36:13.1683810Z Preparing to unpack .../04-fonts-wqy-zenhei_0.9.45-8_all.deb ...
2026-10-06T10:36:13.1786228Z Unpacking fonts-wqy-zenhei (0.9.45-8) ...
2026-10-06T10:36:13.6618010Z Preparing to unpack .../05-libgl1-mesa-dri_25.2.8-0ubuntu0.24.04.4_amd64.deb ...
2026-10-06T10:36:13.6755898Z Unpacking libgl1-mesa-dri:amd64 (25.2.8-0ubuntu0.24.04.4) over (25.2.8-0ubuntu0.24.04.2) ...
2026-10-06T10:36:13.7355499Z Preparing to unpack .../06-libglx-mesa0_25.2.8-0ubuntu0.24.04.4_amd64.deb ...
2026-10-06T10:36:13.7385525Z Unpacking libglx-mesa0:amd64 (25.2.8-0ubuntu0.24.04.4) over (25.2.8-0ubuntu0.24.04.2) ...
2026-10-06T10:36:13.7783509Z Preparing to unpack .../07-libgbm1_25.2.8-0ubuntu0.24.04.4_amd64.deb ...
2026-10-06T10:36:13.7841014Z Unpacking libgbm1:amd64 (25.2.8-0ubuntu0.24.04.4) over (25.2.8-0ubuntu0.24.04.2) ...
2026-10-06T10:36:13.8212910Z Preparing to unpack .../08-mesa-libgallium_25.2.8-0ubuntu0.24.04.4_amd64.deb ...
2026-10-06T10:36:13.8233414Z Unpacking mesa-libgallium:amd64 (25.2.8-0ubuntu0.24.04.4) over (25.2.8-0ubuntu0.24.04.2) ...
2026-10-06T10:36:13.9935677Z Selecting previously unselected package xfonts-encodings.
2026-10-06T10:36:14.0060427Z Preparing to unpack .../09-xfonts-encodings_1%3a1.0.5-0ubuntu2_all.deb ...
2026-10-06T10:36:14.0066536Z Unpacking xfonts-encodings (1:1.0.5-0ubuntu2) ...
2026-10-06T10:36:14.0347498Z Selecting previously unselected package xfonts-utils.
2026-10-06T10:36:14.0471015Z Preparing to unpack .../10-xfonts-utils_1%3a7.7+6build3_amd64.deb ...
2026-10-06T10:36:14.0477918Z Unpacking xfonts-utils (1:7.7+6build3) ...
2026-10-06T10:36:14.0874692Z Selecting previously unselected package xfonts-cyrillic.
2026-10-06T10:36:14.0998833Z Preparing to unpack .../11-xfonts-cyrillic_1%3a1.0.5+nmu1_all.deb ...
2026-10-06T10:36:14.1005245Z Unpacking xfonts-cyrillic (1:1.0.5+nmu1) ...
2026-10-06T10:36:14.1344291Z Selecting previously unselected package xfonts-scalable.
2026-10-06T10:36:14.1467082Z Preparing to unpack .../12-xfonts-scalable_1%3a1.0.3-1.3_all.deb ...
2026-10-06T10:36:14.1475107Z Unpacking xfonts-scalable (1:1.0.3-1.3) ...
2026-10-06T10:36:14.1909691Z Setting up mesa-libgallium:amd64 (25.2.8-0ubuntu0.24.04.4) ...
2026-10-06T10:36:14.1931411Z Setting up libgbm1:amd64 (25.2.8-0ubuntu0.24.04.4) ...
2026-10-06T10:36:14.1953532Z Setting up libgl1-mesa-dri:amd64 (25.2.8-0ubuntu0.24.04.4) ...
2026-10-06T10:36:14.2027882Z Setting up fonts-wqy-zenhei (0.9.45-8) ...
2026-10-06T10:36:14.2137918Z Setting up fonts-freefont-ttf (20211204+svn4273-2) ...
2026-10-06T10:36:14.2157755Z Setting up fonts-tlwg-loma-otf (1:0.7.3-1) ...
2026-10-06T10:36:14.2176225Z Setting up xfonts-encodings (1:1.0.5-0ubuntu2) ...
2026-10-06T10:36:14.2193724Z Setting up fonts-ipafont-gothic (00303-21ubuntu1) ...
2026-10-06T10:36:14.2261035Z update-alternatives: using /usr/share/fonts/opentype/ipafont-gothic/ipag.ttf to provide /usr/share/fonts/truetype/fonts-japanese-gothic.ttf (fonts-japanese-gothic.ttf) in auto mode
2026-10-06T10:36:14.2279975Z Setting up fonts-unifont (1:15.1.01-1build1) ...
2026-10-06T10:36:14.2304052Z Setting up libglx-mesa0:amd64 (25.2.8-0ubuntu0.24.04.4) ...
2026-10-06T10:36:14.2326184Z Setting up xfonts-utils (1:7.7+6build3) ...
2026-10-06T10:36:14.2371665Z Setting up xfonts-cyrillic (1:1.0.5+nmu1) ...
2026-10-06T10:36:14.2727845Z Setting up xfonts-scalable (1:1.0.3-1.3) ...
2026-10-06T10:36:14.3024973Z Processing triggers for libc-bin (2.39-0ubuntu8.9) ...
2026-10-06T10:36:14.3577823Z Processing triggers for man-db (2.12.0-4build2) ...
2026-10-06T10:36:14.3617525Z Not building database; man-db/auto-update is not 'true'.
2026-10-06T10:36:14.3631776Z Processing triggers for fontconfig (2.15.0-1.1ubuntu2) ...
2026-10-06T10:36:15.5973305Z 
2026-10-06T10:36:15.5973967Z Running kernel seems to be up-to-date.
2026-10-06T10:36:15.5974257Z 
2026-10-06T10:36:15.5974428Z No services need to be restarted.
2026-10-06T10:36:15.5974641Z 
2026-10-06T10:36:15.5979853Z No containers need to be restarted.
2026-10-06T10:36:15.5980210Z 
2026-10-06T10:36:15.5980548Z No user sessions are running outdated binaries.
2026-10-06T10:36:15.5980952Z 
2026-10-06T10:36:15.5981485Z No VM guests are running outdated hypervisor (qemu) binaries on this host.
2026-10-06T10:36:16.5636923Z Downloading Chrome for Testing 153.0.8010.12 (playwright chromium v1243) from https://cdn.playwright.dev/builds/cft/153.0.8010.12/linux64/chrome-linux64.zip
2026-10-06T10:36:16.9579194Z |                                                                                |   0% of 186.8 MiB
2026-10-06T10:36:17.1246734Z |■■■■■■■■                                                                        |  10% of 186.8 MiB
2026-10-06T10:36:17.2634649Z |■■■■■■■■■■■■■■■■                                                                |  20% of 186.8 MiB
2026-10-06T10:36:17.3608046Z |■■■■■■■■■■■■■■■■■■■■■■■■                                                        |  30% of 186.8 MiB
2026-10-06T10:36:17.4487545Z |■■■■■■■■■■■■■■■■■■■■■■■■■■■■■■■■                                                |  40% of 186.8 MiB
2026-10-06T10:36:17.5367375Z |■■■■■■■■■■■■■■■■■■■■■■■■■■■■■■■■■■■■■■■■                                        |  50% of 186.8 MiB
2026-10-06T10:36:17.6305437Z |■■■■■■■■■■■■■■■■■■■■■■■■■■■■■■■■■■■■■■■■■■■■■■■■                                |  60% of 186.8 MiB
2026-10-06T10:36:17.7450183Z |■■■■■■■■■■■■■■■■■■■■■■■■■■■■■■■■■■■■■■■■■■■■■■■■■■■■■■■■                        |  70% of 186.8 MiB
2026-10-06T10:36:17.8455957Z |■■■■■■■■■■■■■■■■■■■■■■■■■■■■■■■■■■■■■■■■■■■■■■■■■■■■■■■■■■■■■■■■                |  80% of 186.8 MiB
2026-10-06T10:36:17.9355130Z |■■■■■■■■■■■■■■■■■■■■■■■■■■■■■■■■■■■■■■■■■■■■■■■■■■■■■■■■■■■■■■■■■■■■■■■■        |  90% of 186.8 MiB
2026-10-06T10:36:18.0704783Z |■■■■■■■■■■■■■■■■■■■■■■■■■■■■■■■■■■■■■■■■■■■■■■■■■■■■■■■■■■■■■■■■■■■■■■■■■■■■■■■■| 100% of 186.8 MiB
2026-10-06T10:36:21.3004995Z Chrome for Testing 153.0.8010.12 (playwright chromium v1243) downloaded to /home/runner/.cache/ms-playwright/chromium-1243
2026-10-06T10:36:21.3009390Z Downloading FFmpeg (playwright ffmpeg v1011) from https://cdn.playwright.dev/dbazure/download/playwright/builds/ffmpeg/1011/ffmpeg-linux.zip
2026-10-06T10:36:21.6613655Z |                                                                                |   0% of 2.3 MiB
2026-10-06T10:36:21.6756171Z |■■■■■■■■                                                                        |  10% of 2.3 MiB
2026-10-06T10:36:21.6843438Z |■■■■■■■■■■■■■■■■                                                                |  20% of 2.3 MiB
2026-10-06T10:36:21.6892155Z |■■■■■■■■■■■■■■■■■■■■■■■■                                                        |  30% of 2.3 MiB
2026-10-06T10:36:21.6938228Z |■■■■■■■■■■■■■■■■■■■■■■■■■■■■■■■■                                                |  40% of 2.3 MiB
2026-10-06T10:36:21.6955010Z |■■■■■■■■■■■■■■■■■■■■■■■■■■■■■■■■■■■■■■■■                                        |  50% of 2.3 MiB
2026-10-06T10:36:21.6992814Z |■■■■■■■■■■■■■■■■■■■■■■■■■■■■■■■■■■■■■■■■■■■■■■■■                                |  60% of 2.3 MiB
2026-10-06T10:36:21.7017911Z |■■■■■■■■■■■■■■■■■■■■■■■■■■■■■■■■■■■■■■■■■■■■■■■■■■■■■■■■                        |  70% of 2.3 MiB
2026-10-06T10:36:21.7046114Z |■■■■■■■■■■■■■■■■■■■■■■■■■■■■■■■■■■■■■■■■■■■■■■■■■■■■■■■■■■■■■■■■                |  80% of 2.3 MiB
2026-10-06T10:36:21.7051497Z |■■■■■■■■■■■■■■■■■■■■■■■■■■■■■■■■■■■■■■■■■■■■■■■■■■■■■■■■■■■■■■■■■■■■■■■■        |  90% of 2.3 MiB
2026-10-06T10:36:21.7077716Z |■■■■■■■■■■■■■■■■■■■■■■■■■■■■■■■■■■■■■■■■■■■■■■■■■■■■■■■■■■■■■■■■■■■■■■■■■■■■■■■■| 100% of 2.3 MiB
2026-10-06T10:36:21.7680732Z FFmpeg (playwright ffmpeg v1011) downloaded to /home/runner/.cache/ms-playwright/ffmpeg-1011
2026-10-06T10:36:21.7683778Z Downloading Chrome Headless Shell 153.0.8010.12 (playwright chromium-headless-shell v1243) from https://cdn.playwright.dev/builds/cft/153.0.8010.12/linux64/chrome-headless-shell-linux64.zip
2026-10-06T10:36:22.1606976Z |                                                                                |   0% of 114.3 MiB
2026-10-06T10:36:22.3332475Z |■■■■■■■■                                                                        |  10% of 114.3 MiB
2026-10-06T10:36:22.4204576Z |■■■■■■■■■■■■■■■■                                                                |  20% of 114.3 MiB
2026-10-06T10:36:22.4857127Z |■■■■■■■■■■■■■■■■■■■■■■■■                                                        |  30% of 114.3 MiB
2026-10-06T10:36:22.5442973Z |■■■■■■■■■■■■■■■■■■■■■■■■■■■■■■■■                                                |  40% of 114.3 MiB
2026-10-06T10:36:22.6037482Z |■■■■■■■■■■■■■■■■■■■■■■■■■■■■■■■■■■■■■■■■                                        |  50% of 114.3 MiB
2026-10-06T10:36:22.6540441Z |■■■■■■■■■■■■■■■■■■■■■■■■■■■■■■■■■■■■■■■■■■■■■■■■                                |  60% of 114.3 MiB
2026-10-06T10:36:22.7290323Z |■■■■■■■■■■■■■■■■■■■■■■■■■■■■■■■■■■■■■■■■■■■■■■■■■■■■■■■■                        |  70% of 114.3 MiB
2026-10-06T10:36:22.7678836Z |■■■■■■■■■■■■■■■■■■■■■■■■■■■■■■■■■■■■■■■■■■■■■■■■■■■■■■■■■■■■■■■■                |  80% of 114.3 MiB
2026-10-06T10:36:22.8189957Z |■■■■■■■■■■■■■■■■■■■■■■■■■■■■■■■■■■■■■■■■■■■■■■■■■■■■■■■■■■■■■■■■■■■■■■■■        |  90% of 114.3 MiB
2026-10-06T10:36:22.8894244Z |■■■■■■■■■■■■■■■■■■■■■■■■■■■■■■■■■■■■■■■■■■■■■■■■■■■■■■■■■■■■■■■■■■■■■■■■■■■■■■■■| 100% of 114.3 MiB
2026-10-06T10:36:25.1084017Z Chrome Headless Shell 153.0.8010.12 (playwright chromium-headless-shell v1243) downloaded to /home/runner/.cache/ms-playwright/chromium_headless_shell-1243
2026-10-06T10:36:25.1383272Z ##[group]Run sudo apt-get install -y fonts-noto-cjk
2026-10-06T10:36:25.1383695Z [36;1msudo apt-get install -y fonts-noto-cjk[0m
2026-10-06T10:36:25.1467522Z shell: /usr/bin/bash -e {0}
2026-10-06T10:36:25.1467829Z ##[endgroup]
2026-10-06T10:36:25.1754616Z Reading package lists...
2026-10-06T10:36:25.3696641Z Building dependency tree...
2026-10-06T10:36:25.3703989Z Reading state information...
2026-10-06T10:36:25.5120899Z Suggested packages:
2026-10-06T10:36:25.5121310Z   fonts-noto-cjk-extra
2026-10-06T10:36:25.5259570Z The following NEW packages will be installed:
2026-10-06T10:36:25.5266374Z   fonts-noto-cjk
2026-10-06T10:36:25.5454982Z 0 upgraded, 1 newly installed, 0 to remove and 21 not upgraded.
2026-10-06T10:36:25.5455653Z Need to get 61.2 MB of archives.
2026-10-06T10:36:25.5456556Z After this operation, 93.2 MB of additional disk space will be used.
2026-10-06T10:36:25.5457543Z Get:1 file:/etc/apt/apt-mirrors.txt Mirrorlist [144 B]
2026-10-06T10:36:25.8890354Z Get:2 http://azure.archive.ubuntu.com/ubuntu noble/main amd64 fonts-noto-cjk all 1:20230817+repack1-3 [61.2 MB]
2026-10-06T10:36:30.5054466Z Fetched 61.2 MB in 5s (12.9 MB/s)
2026-10-06T10:36:30.5281504Z Selecting previously unselected package fonts-noto-cjk.
2026-10-06T10:36:30.5336996Z (Reading database ... 
2026-10-06T10:36:30.5337968Z (Reading database ... 5%
2026-10-06T10:36:30.5338676Z (Reading database ... 10%
2026-10-06T10:36:30.5339157Z (Reading database ... 15%
2026-10-06T10:36:30.5339592Z (Reading database ... 20%
2026-10-06T10:36:30.5340016Z (Reading database ... 25%
2026-10-06T10:36:30.5340431Z (Reading database ... 30%
2026-10-06T10:36:30.5340837Z (Reading database ... 35%
2026-10-06T10:36:30.5341253Z (Reading database ... 40%
2026-10-06T10:36:30.5341657Z (Reading database ... 45%
2026-10-06T10:36:30.5342077Z (Reading database ... 50%
2026-10-06T10:36:30.5352170Z (Reading database ... 55%
2026-10-06T10:36:30.5456345Z (Reading database ... 60%
2026-10-06T10:36:30.5484155Z (Reading database ... 65%
2026-10-06T10:36:30.5506386Z (Reading database ... 70%
2026-10-06T10:36:30.5540257Z (Reading database ... 75%
2026-10-06T10:36:30.5572093Z (Reading database ... 80%
2026-10-06T10:36:30.5596641Z (Reading database ... 85%
2026-10-06T10:36:30.5751266Z (Reading database ... 90%
2026-10-06T10:36:30.6012197Z (Reading database ... 95%
2026-10-06T10:36:30.6012572Z (Reading database ... 100%
2026-10-06T10:36:30.6013098Z (Reading database ... 202563 files and directories currently installed.)
2026-10-06T10:36:30.6053083Z Preparing to unpack .../fonts-noto-cjk_1%3a20230817+repack1-3_all.deb ...
2026-10-06T10:36:30.6120281Z Unpacking fonts-noto-cjk (1:20230817+repack1-3) ...
2026-10-06T10:36:31.0295503Z Setting up fonts-noto-cjk (1:20230817+repack1-3) ...
2026-10-06T10:36:31.0373367Z Processing triggers for fontconfig (2.15.0-1.1ubuntu2) ...
2026-10-06T10:36:31.6222557Z 
2026-10-06T10:36:31.6223166Z Running kernel seems to be up-to-date.
2026-10-06T10:36:31.6223668Z 
2026-10-06T10:36:31.6223914Z No services need to be restarted.
2026-10-06T10:36:31.6224127Z 
2026-10-06T10:36:31.6224301Z No containers need to be restarted.
2026-10-06T10:36:31.6224511Z 
2026-10-06T10:36:31.6224716Z No user sessions are running outdated binaries.
2026-10-06T10:36:31.6224974Z 
2026-10-06T10:36:31.6225301Z No VM guests are running outdated hypervisor (qemu) binaries on this host.
2026-10-06T10:36:32.5484281Z ##[group]Run npm run test:weaveos:unit
2026-10-06T10:36:32.5484625Z [36;1mnpm run test:weaveos:unit[0m
2026-10-06T10:36:32.5549623Z shell: /usr/bin/bash -e {0}
2026-10-06T10:36:32.5549885Z ##[endgroup]
2026-10-06T10:36:32.6555842Z 
2026-10-06T10:36:32.6556454Z > arca-ui@0.0.1 test:weaveos:unit
2026-10-06T10:36:32.6557055Z > node --test tests/weaveos/geometry.test.mjs
2026-10-06T10:36:32.6557302Z 
2026-10-06T10:36:32.7978375Z ✔ opening starts at the source center with its size (2.18765ms)
2026-10-06T10:36:32.7991489Z ✔ each distinct source yields its own trajectory (0.272649ms)
2026-10-06T10:36:32.8021746Z ✔ absent source uses no displacement (0.249877ms)
2026-10-06T10:36:32.8023006Z ✔ invalid or zero rectangles fall back safely (0.320037ms)
2026-10-06T10:36:32.8024285Z ✔ no division by zero from an unmeasured panel (0.324254ms)
2026-10-06T10:36:32.8173512Z ℹ tests 5
2026-10-06T10:36:32.8179774Z ℹ suites 0
2026-10-06T10:36:32.8180611Z ℹ pass 5
2026-10-06T10:36:32.8181441Z ℹ fail 0
2026-10-06T10:36:32.8182144Z ℹ cancelled 0
2026-10-06T10:36:32.8182884Z ℹ skipped 0
2026-10-06T10:36:32.8183502Z ℹ todo 0
2026-10-06T10:36:32.8184220Z ℹ duration_ms 124.400257
2026-10-06T10:36:32.8326682Z ##[group]Run npx eslint src/weaveos
2026-10-06T10:36:32.8327031Z [36;1mnpx eslint src/weaveos[0m
2026-10-06T10:36:32.8390154Z shell: /usr/bin/bash -e {0}
2026-10-06T10:36:32.8390423Z ##[endgroup]
2026-10-06T10:36:35.3079666Z ##[group]Run npx tsc -b
2026-10-06T10:36:35.3079973Z [36;1mnpx tsc -b[0m
2026-10-06T10:36:35.3142053Z shell: /usr/bin/bash -e {0}
2026-10-06T10:36:35.3142314Z ##[endgroup]
2026-10-06T10:36:43.5276393Z ##[group]Run npm run build:weaveos
2026-10-06T10:36:43.5276776Z [36;1mnpm run build:weaveos[0m
2026-10-06T10:36:43.5338848Z shell: /usr/bin/bash -e {0}
2026-10-06T10:36:43.5339107Z ##[endgroup]
2026-10-06T10:36:43.6386830Z 
2026-10-06T10:36:43.6387338Z > arca-ui@0.0.1 build:weaveos
2026-10-06T10:36:43.6387950Z > vite build --config vite.weaveos.config.ts
2026-10-06T10:36:43.6388184Z 
2026-10-06T10:36:43.9260865Z [36mvite v8.3.0 [32mbuilding client environment for production...[36m[39m
2026-10-06T10:36:43.9365390Z transforming...
2026-10-06T10:36:44.1861339Z ✓ 2551 modules transformed.
2026-10-06T10:36:44.2365720Z rendering chunks...
2026-10-06T10:36:44.3247478Z computing gzip size...
2026-10-06T10:36:44.3339305Z dist-weaveos/weaveos.html                                            0.37 kB │ gzip:   0.29 kB
2026-10-06T10:36:44.3340483Z dist-weaveos/assets/geist-cyrillic-ext-wght-normal-DjL33-gN.woff2    7.42 kB
2026-10-06T10:36:44.3341700Z dist-weaveos/assets/geist-vietnamese-wght-normal-6IgcOCM7.woff2      8.00 kB
2026-10-06T10:36:44.3342660Z dist-weaveos/assets/geist-cyrillic-wght-normal-BEAKL7Jp.woff2       15.08 kB
2026-10-06T10:36:44.3343306Z dist-weaveos/assets/geist-latin-ext-wght-normal-DC-KSUi6.woff2      16.51 kB
2026-10-06T10:36:44.3343930Z dist-weaveos/assets/geist-latin-wght-normal-BgDaEnEv.woff2          29.40 kB
2026-10-06T10:36:44.3344702Z dist-weaveos/assets/weaveos-Dvs-bkRg.css                            30.63 kB │ gzip:   7.46 kB
2026-10-06T10:36:44.3345487Z dist-weaveos/assets/weaveos-VY6SPnKW.js                            546.23 kB │ gzip: 178.95 kB
2026-10-06T10:36:44.3345831Z 
2026-10-06T10:36:44.3382350Z [33m[plugin builtin:vite-reporter] 
2026-10-06T10:36:44.3383332Z (!) Some chunks are larger than 500 kB after minification. Consider:
2026-10-06T10:36:44.3384136Z - Using dynamic import() to code-split the application
2026-10-06T10:36:44.3385612Z - Use build.rolldownOptions.output.codeSplitting to improve chunking: https://rolldown.rs/reference/OutputOptions.codeSplitting
2026-10-06T10:36:44.3387663Z - Adjust chunk size limit for this warning via build.chunkSizeWarningLimit.[39m
2026-10-06T10:36:44.3520379Z [32m✓ built in 424ms[39m
2026-10-06T10:36:44.3931218Z ##[group]Run npm run build:weaveos:library
2026-10-06T10:36:44.3931600Z [36;1mnpm run build:weaveos:library[0m
2026-10-06T10:36:44.3993331Z shell: /usr/bin/bash -e {0}
2026-10-06T10:36:44.3993594Z ##[endgroup]
2026-10-06T10:36:44.5003647Z 
2026-10-06T10:36:44.5004067Z > arca-ui@0.0.1 build:weaveos:library
2026-10-06T10:36:44.5005016Z > vite build --config vite.weaveos-library.config.ts && tsc -p tsconfig.weaveos-library.json && node scripts/weaveos/package.mjs
2026-10-06T10:36:44.5005571Z 
2026-10-06T10:36:44.6763570Z [36mvite v8.3.0 [32mbuilding client environment for production...[36m[39m
2026-10-06T10:36:44.6884186Z transforming...
2026-10-06T10:36:44.6933881Z ✓ 13 modules transformed.
2026-10-06T10:36:44.6978800Z rendering chunks...
2026-10-06T10:36:44.7024938Z computing gzip size...
2026-10-06T10:36:44.7026227Z dist-library/index.js  12.06 kB │ gzip: 3.58 kB
2026-10-06T10:36:44.7027849Z 
2026-10-06T10:36:44.7037727Z [32m✓ built in 25ms[39m
2026-10-06T10:36:46.5295513Z Prepared private/unpublished component artifact at dist-library
2026-10-06T10:36:46.5445761Z ##[group]Run npm run test:weaveos:package
2026-10-06T10:36:46.5446112Z [36;1mnpm run test:weaveos:package[0m
2026-10-06T10:36:46.5508677Z shell: /usr/bin/bash -e {0}
2026-10-06T10:36:46.5508956Z ##[endgroup]
2026-10-06T10:36:46.6521844Z 
2026-10-06T10:36:46.6522435Z > arca-ui@0.0.1 test:weaveos:package
2026-10-06T10:36:46.6522905Z > node --test tests/weaveos/package.test.mjs
2026-10-06T10:36:46.6523134Z 
2026-10-06T10:36:47.1953189Z ✔ consumer artifact exports controls, theme and source-aware dialog (0.969608ms)
2026-10-06T10:36:47.1955247Z ✔ package has typed exports, explicit React peers and safe unpublished metadata (0.382264ms)
2026-10-06T10:36:47.1957054Z ✔ artifact has no source aliases or demo app and CSS stays scoped (0.436614ms)
2026-10-06T10:36:47.1958985Z ✔ distributed license and source attribution accompany components (0.266336ms)
2026-10-06T10:36:47.2165280Z ℹ tests 4
2026-10-06T10:36:47.2166010Z ℹ suites 0
2026-10-06T10:36:47.2169037Z ℹ pass 4
2026-10-06T10:36:47.2170523Z ℹ fail 0
2026-10-06T10:36:47.2171259Z ℹ cancelled 0
2026-10-06T10:36:47.2171732Z ℹ skipped 0
2026-10-06T10:36:47.2172142Z ℹ todo 0
2026-10-06T10:36:47.2172611Z ℹ duration_ms 531.929167
2026-10-06T10:36:47.2311435Z ##[group]Run npm run test:weaveos
2026-10-06T10:36:47.2311765Z [36;1mnpm run test:weaveos[0m
2026-10-06T10:36:47.2373624Z shell: /usr/bin/bash -e {0}
2026-10-06T10:36:47.2373874Z ##[endgroup]
2026-10-06T10:36:47.3449356Z 
2026-10-06T10:36:47.3475990Z > arca-ui@0.0.1 test:weaveos
2026-10-06T10:36:47.3476868Z > playwright test -c playwright.weaveos.config.ts
2026-10-06T10:36:47.3477432Z 
2026-10-06T10:36:48.9022640Z ✔ opening starts at the source center with its size (2.24662ms)
2026-10-06T10:36:48.9024079Z ✔ each distinct source yields its own trajectory (0.26271ms)
2026-10-06T10:36:48.9026594Z ✔ absent source uses no displacement (0.25743ms)
2026-10-06T10:36:48.9027843Z ✔ invalid or zero rectangles fall back safely (0.235139ms)
2026-10-06T10:36:48.9030433Z ✔ no division by zero from an unmeasured panel (0.184584ms)
2026-10-06T10:36:49.5074013Z ✔ consumer artifact exports controls, theme and source-aware dialog (0.607012ms)
2026-10-06T10:36:49.5077505Z ✔ package has typed exports, explicit React peers and safe unpublished metadata (0.339583ms)
2026-10-06T10:36:49.5082800Z ✔ artifact has no source aliases or demo app and CSS stays scoped (0.417719ms)
2026-10-06T10:36:49.5086836Z ✔ distributed license and source attribution accompany components (0.247612ms)
2026-10-06T10:36:49.5983804Z 
2026-10-06T10:36:49.5984430Z Running 12 tests using 2 workers
2026-10-06T10:36:49.5984716Z 
2026-10-06T10:36:52.9205635Z [Screenshot bytes omitted from this derived text log; captured review PNGs retained separately]
2026-10-06T10:36:53.5876211Z [Screenshot bytes omitted from this derived text log; captured review PNGs retained separately]
2026-10-06T10:36:54.5352021Z [Screenshot bytes omitted from this derived text log; captured review PNGs retained separately]
2026-10-06T10:36:54.9792824Z [Screenshot bytes omitted from this derived text log; captured review PNGs retained separately]
2026-10-06T10:36:55.3072847Z [Screenshot bytes omitted from this derived text log; captured review PNGs retained separately]
2026-10-06T10:36:55.3592352Z   ✓   2 [chromium] › tests/weaveos/preview.spec.ts:3:1 › capture component studio review images (4.0s)
2026-10-06T10:36:55.3957714Z   ✘   1 [chromium] › tests/weaveos/origin-motion.spec.ts:3:1 › window geometry really travels from and returns toward the trigger (3.8s)
2026-10-06T10:36:57.5998265Z   ✓   3 [chromium] › tests/weaveos/studio.spec.ts:6:1 › shell uses collapsible icon rail and edge-to-edge content card (2.2s)
2026-10-06T10:36:58.7050800Z   ✘   4 [chromium] › tests/weaveos/studio.spec.ts:19:1 › source dialog has accessible title, focus isolation and restores origin (2.4s)
2026-10-06T10:36:59.9400585Z   ✓   5 [chromium] › tests/weaveos/studio.spec.ts:27:1 › second source restores its own focus (2.3s)
2026-10-06T10:37:01.5892638Z   ✘   7 [chromium] › tests/weaveos/studio.spec.ts:42:1 › save feedback waits for result and errors retain editable input (1.6s)
2026-10-06T10:37:04.9252707Z   ✓   6 [chromium] › tests/weaveos/studio.spec.ts:34:1 › close during opening and repeat never leaves an overlay or locked page (5.5s)
2026-10-06T10:37:05.2660764Z   ✓   8 [chromium] › tests/weaveos/studio.spec.ts:58:1 › nested select Escape dismisses only the list, then dialog (3.0s)
2026-10-06T10:37:07.6861458Z   ✓   9 [chromium] › tests/weaveos/studio.spec.ts:67:1 › reduced motion preserves usable modal without scale displacement (2.7s)
2026-10-06T10:37:08.2178345Z   ✓  10 [chromium] › tests/weaveos/studio.spec.ts:76:1 › mobile view fits viewport and dialog remains operable (2.9s)
2026-10-06T10:37:09.4520833Z   ✓  11 [chromium] › tests/weaveos/studio.spec.ts:85:1 › theme controls, basic controls and component navigation work (1.7s)
2026-10-06T10:37:10.8625324Z   ✘  12 [chromium] › tests/weaveos/studio.spec.ts:95:1 › studio and open modal have no serious accessibility violations (2.5s)
2026-10-06T10:37:10.9212951Z 
2026-10-06T10:37:10.9219518Z 
2026-10-06T10:37:10.9231586Z   1) [chromium] › tests/weaveos/origin-motion.spec.ts:3:1 › window geometry really travels from and returns toward the trigger 
2026-10-06T10:37:10.9232557Z 
2026-10-06T10:37:10.9232937Z     Error: expect(received).toBe(expected) // Object.is equality
2026-10-06T10:37:10.9233394Z 
2026-10-06T10:37:10.9233555Z     Expected: true
2026-10-06T10:37:10.9233946Z     Received: false
2026-10-06T10:37:10.9234159Z 
2026-10-06T10:37:10.9234302Z       20 |  }))
2026-10-06T10:37:10.9234873Z       21 |  await trigger.click();const opening=await openingSamples
2026-10-06T10:37:10.9235704Z     > 22 |  expect(opening.some(w=>w<opened!.width*.65)).toBe(true)
2026-10-06T10:37:10.9236376Z          |                                               ^
2026-10-06T10:37:10.9237036Z       23 |  await expect(dialog).toHaveCSS('transform','none')
2026-10-06T10:37:10.9238169Z       24 |  const final=await dialog.boundingBox();expect(Math.abs(final!.x+final!.width/2-720)).toBeLessThan(2)
2026-10-06T10:37:10.9239264Z       25 | })
2026-10-06T10:37:10.9239974Z         at /home/runner/work/arca-ui/arca-ui/tests/weaveos/origin-motion.spec.ts:22:47
2026-10-06T10:37:10.9240933Z 
2026-10-06T10:37:10.9241763Z     attachment #1: screenshot (image/png) ──────────────────────────────────────────────────────────
2026-10-06T10:37:10.9243333Z     test-results/origin-motion-window-geome-e7204--returns-toward-the-trigger-chromium/test-failed-1.png
2026-10-06T10:37:10.9244801Z     ────────────────────────────────────────────────────────────────────────────────────────────────
2026-10-06T10:37:10.9245314Z 
2026-10-06T10:37:10.9246163Z     Error Context: test-results/origin-motion-window-geome-e7204--returns-toward-the-trigger-chromium/error-context.md
2026-10-06T10:37:10.9247051Z 
2026-10-06T10:37:10.9247781Z     attachment #3: trace (application/zip) ─────────────────────────────────────────────────────────
2026-10-06T10:37:10.9249286Z     test-results/origin-motion-window-geome-e7204--returns-toward-the-trigger-chromium/trace.zip
2026-10-06T10:37:10.9250180Z     Usage:
2026-10-06T10:37:10.9250366Z 
2026-10-06T10:37:10.9251253Z         npx playwright show-trace test-results/origin-motion-window-geome-e7204--returns-toward-the-trigger-chromium/trace.zip
2026-10-06T10:37:10.9252203Z 
2026-10-06T10:37:10.9252876Z     ────────────────────────────────────────────────────────────────────────────────────────────────
2026-10-06T10:37:10.9253387Z 
2026-10-06T10:37:10.9254337Z   2) [chromium] › tests/weaveos/studio.spec.ts:19:1 › source dialog has accessible title, focus isolation and restores origin 
2026-10-06T10:37:10.9255143Z 
2026-10-06T10:37:10.9255499Z     Error: expect(received).toBe(expected) // Object.is equality
2026-10-06T10:37:10.9255937Z 
2026-10-06T10:37:10.9256092Z     Expected: true
2026-10-06T10:37:10.9256447Z     Received: false
2026-10-06T10:37:10.9256666Z 
2026-10-06T10:37:10.9257464Z       21 |  const dialog=page.getByRole('dialog',{name:'创建应用',exact:true}); await expect(dialog).toBeVisible()
2026-10-06T10:37:10.9261327Z       22 |  await expect(dialog.getByLabel('应用名称')).toBeFocused()
2026-10-06T10:37:10.9262756Z     > 23 |  for(let i=0;i<10;i++) { await page.keyboard.press('Tab'); expect(await dialog.evaluate(el=>el.contains(document.activeElement))).toBe(true) }
2026-10-06T10:37:10.9264218Z          |                                                                                                                                   ^
2026-10-06T10:37:10.9265471Z       24 |  await page.keyboard.press('Escape'); await expect(dialog).toBeHidden(); await expect(trigger).toBeFocused()
2026-10-06T10:37:10.9266362Z       25 | })
2026-10-06T10:37:10.9266674Z       26 |
2026-10-06T10:37:10.9267291Z         at /home/runner/work/arca-ui/arca-ui/tests/weaveos/studio.spec.ts:23:131
2026-10-06T10:37:10.9267831Z 
2026-10-06T10:37:10.9268927Z     attachment #1: screenshot (image/png) ──────────────────────────────────────────────────────────
2026-10-06T10:37:10.9270300Z     test-results/studio-source-dialog-has-a-272f0-olation-and-restores-origin-chromium/test-failed-1.png
2026-10-06T10:37:10.9271769Z     ────────────────────────────────────────────────────────────────────────────────────────────────
2026-10-06T10:37:10.9272524Z 
2026-10-06T10:37:10.9273377Z     Error Context: test-results/studio-source-dialog-has-a-272f0-olation-and-restores-origin-chromium/error-context.md
2026-10-06T10:37:10.9274447Z 
2026-10-06T10:37:10.9275177Z     attachment #3: trace (application/zip) ─────────────────────────────────────────────────────────
2026-10-06T10:37:10.9276449Z     test-results/studio-source-dialog-has-a-272f0-olation-and-restores-origin-chromium/trace.zip
2026-10-06T10:37:10.9277322Z     Usage:
2026-10-06T10:37:10.9277501Z 
2026-10-06T10:37:10.9278385Z         npx playwright show-trace test-results/studio-source-dialog-has-a-272f0-olation-and-restores-origin-chromium/trace.zip
2026-10-06T10:37:10.9279553Z 
2026-10-06T10:37:10.9280196Z     ────────────────────────────────────────────────────────────────────────────────────────────────
2026-10-06T10:37:10.9280701Z 
2026-10-06T10:37:10.9281595Z   3) [chromium] › tests/weaveos/studio.spec.ts:42:1 › save feedback waits for result and errors retain editable input 
2026-10-06T10:37:10.9282377Z 
2026-10-06T10:37:10.9283543Z     Error: locator.check: Error: strict mode violation: getByRole('dialog', { name: '创建应用', exact: true }).getByLabel('模拟保存失败') resolved to 2 elements:
2026-10-06T10:37:10.9287518Z         1) <span tabindex="0" role="checkbox" data-unchecked="" id="base-ui-_r_k_" aria-checked="false" data-slot="checkbox" aria-labelledby="base-ui-_r_l_-label" class="cn-checkbox peer relative shrink-0 outline-none after:absolute after:-inset-x-3 after:-inset-y-2 disabled:cursor-not-allowed disabled:opacity-50 wo-checkbox"></span> aka getByRole('checkbox', { name: '模拟保存失败' })
2026-10-06T10:37:10.9290906Z         2) <input tabindex="-1" type="checkbox" id="base-ui-_r_l_" aria-hidden="true"/> aka locator('#base-ui-_r_l_')
2026-10-06T10:37:10.9291616Z 
2026-10-06T10:37:10.9291761Z     Call log:
2026-10-06T10:37:10.9292610Z       - waiting for getByRole('dialog', { name: '创建应用', exact: true }).getByLabel('模拟保存失败')
2026-10-06T10:37:10.9293199Z 
2026-10-06T10:37:10.9293228Z 
2026-10-06T10:37:10.9293732Z       44 |  const dialog=page.getByRole('dialog',{name:'创建应用',exact:true})
2026-10-06T10:37:10.9294630Z       45 |  await dialog.getByLabel('应用名称').fill('测试应用')
2026-10-06T10:37:10.9295382Z     > 46 |  await dialog.getByLabel('模拟保存失败').check()
2026-10-06T10:37:10.9295950Z          |                                    ^
2026-10-06T10:37:10.9296767Z       47 |  await dialog.getByRole('button',{name:'创建',exact:true}).click()
2026-10-06T10:37:10.9297801Z       48 |  await expect(dialog.getByRole('button',{name:'保存中'})).toBeDisabled()
2026-10-06T10:37:10.9299375Z       49 |  await expect(page.getByText('应用已创建',{exact:true})).toHaveCount(0)
2026-10-06T10:37:10.9300336Z         at /home/runner/work/arca-ui/arca-ui/tests/weaveos/studio.spec.ts:46:36
2026-10-06T10:37:10.9300868Z 
2026-10-06T10:37:10.9301589Z     attachment #1: screenshot (image/png) ──────────────────────────────────────────────────────────
2026-10-06T10:37:10.9302936Z     test-results/studio-save-feedback-waits-86887-rrors-retain-editable-input-chromium/test-failed-1.png
2026-10-06T10:37:10.9304640Z     ────────────────────────────────────────────────────────────────────────────────────────────────
2026-10-06T10:37:10.9305156Z 
2026-10-06T10:37:10.9306017Z     Error Context: test-results/studio-save-feedback-waits-86887-rrors-retain-editable-input-chromium/error-context.md
2026-10-06T10:37:10.9306926Z 
2026-10-06T10:37:10.9307642Z     attachment #3: trace (application/zip) ─────────────────────────────────────────────────────────
2026-10-06T10:37:10.9309215Z     test-results/studio-save-feedback-waits-86887-rrors-retain-editable-input-chromium/trace.zip
2026-10-06T10:37:10.9310112Z     Usage:
2026-10-06T10:37:10.9310291Z 
2026-10-06T10:37:10.9311181Z         npx playwright show-trace test-results/studio-save-feedback-waits-86887-rrors-retain-editable-input-chromium/trace.zip
2026-10-06T10:37:10.9312232Z 
2026-10-06T10:37:10.9312888Z     ────────────────────────────────────────────────────────────────────────────────────────────────
2026-10-06T10:37:10.9313438Z 
2026-10-06T10:37:10.9314402Z   4) [chromium] › tests/weaveos/studio.spec.ts:95:1 › studio and open modal have no serious accessibility violations 
2026-10-06T10:37:10.9315358Z 
2026-10-06T10:37:10.9315706Z     Error: expect(received).toEqual(expected) // deep equality
2026-10-06T10:37:10.9316152Z 
2026-10-06T10:37:10.9316311Z     - Expected  -   1
2026-10-06T10:37:10.9316693Z     + Received  + 338
2026-10-06T10:37:10.9316909Z 
2026-10-06T10:37:10.9317055Z     - Array []
2026-10-06T10:37:10.9317375Z     + Array [
2026-10-06T10:37:10.9317687Z     +   Object {
2026-10-06T10:37:10.9318963Z     +     "description": "Ensure the contrast between foreground and background colors meets WCAG 2 AA minimum contrast ratio thresholds",
2026-10-06T10:37:10.9320281Z     +     "help": "Elements must meet minimum color contrast ratio thresholds",
2026-10-06T10:37:10.9321418Z     +     "helpUrl": "https://dequeuniversity.com/rules/axe/4.13/color-contrast?application=playwright",
2026-10-06T10:37:10.9322373Z     +     "id": "color-contrast",
2026-10-06T10:37:10.9322842Z     +     "impact": "serious",
2026-10-06T10:37:10.9323246Z     +     "nodes": Array [
2026-10-06T10:37:10.9323633Z     +       Object {
2026-10-06T10:37:10.9324162Z     +         "all": Array [],
2026-10-06T10:37:10.9324563Z     +         "any": Array [
2026-10-06T10:37:10.9324946Z     +           Object {
2026-10-06T10:37:10.9325358Z     +             "data": Object {
2026-10-06T10:37:10.9325834Z     +               "bgColor": "#f4f4f2",
2026-10-06T10:37:10.9326357Z     +               "contrastRatio": 4.23,
2026-10-06T10:37:10.9326924Z     +               "expectedContrastRatio": "4.5:1",
2026-10-06T10:37:10.9327474Z     +               "fgColor": "#737570",
2026-10-06T10:37:10.9327991Z     +               "fontSize": "7.5pt (10px)",
2026-10-06T10:37:10.9328724Z     +               "fontWeight": "normal",
2026-10-06T10:37:10.9329245Z     +               "messageKey": null,
2026-10-06T10:37:10.9329681Z     +             },
2026-10-06T10:37:10.9330100Z     +             "id": "color-contrast",
2026-10-06T10:37:10.9330605Z     +             "impact": "serious",
2026-10-06T10:37:10.9332214Z     +             "message": "Element has insufficient color contrast of 4.23 (foreground color: #737570, background color: #f4f4f2, font size: 7.5pt (10px), font weight: normal). Expected contrast ratio of 4.5:1",
2026-10-06T10:37:10.9333664Z     +             "relatedNodes": Array [
2026-10-06T10:37:10.9334125Z     +               Object {
2026-10-06T10:37:10.9335018Z     +                 "html": "<div data-testid=\"studio\" data-theme=\"light\" class=\"wo-theme style-nova wo-studio\">",
2026-10-06T10:37:10.9335905Z     +                 "target": Array [
2026-10-06T10:37:10.9336385Z     +                   ".wo-theme",
2026-10-06T10:37:10.9336802Z     +                 ],
2026-10-06T10:37:10.9337227Z     +               },
2026-10-06T10:37:10.9337576Z     +             ],
2026-10-06T10:37:10.9337911Z     +           },
2026-10-06T10:37:10.9338719Z     +         ],
2026-10-06T10:37:10.9339203Z     +         "failureSummary": "Fix any of the following:
2026-10-06T10:37:10.9341104Z     +   Element has insufficient color contrast of 4.23 (foreground color: #737570, background color: #f4f4f2, font size: 7.5pt (10px), font weight: normal). Expected contrast ratio of 4.5:1",
2026-10-06T10:37:10.9342536Z     +         "html": "<small>Arca / Base UI</small>",
2026-10-06T10:37:10.9343083Z     +         "impact": "serious",
2026-10-06T10:37:10.9343543Z     +         "none": Array [],
2026-10-06T10:37:10.9343979Z     +         "target": Array [
2026-10-06T10:37:10.9344547Z     +           ".wo-workspace > .wo-nav-text:nth-child(2) > small",
2026-10-06T10:37:10.9345098Z     +         ],
2026-10-06T10:37:10.9345420Z     +       },
2026-10-06T10:37:10.9345740Z     +       Object {
2026-10-06T10:37:10.9346124Z     +         "all": Array [],
2026-10-06T10:37:10.9346516Z     +         "any": Array [
2026-10-06T10:37:10.9346892Z     +           Object {
2026-10-06T10:37:10.9347316Z     +             "data": Object {
2026-10-06T10:37:10.9347787Z     +               "bgColor": "#f4f4f2",
2026-10-06T10:37:10.9348297Z     +               "contrastRatio": 4.23,
2026-10-06T10:37:10.9349229Z     +               "expectedContrastRatio": "4.5:1",
2026-10-06T10:37:10.9349788Z     +               "fgColor": "#737570",
2026-10-06T10:37:10.9350366Z     +               "fontSize": "7.5pt (10px)",
2026-10-06T10:37:10.9350901Z     +               "fontWeight": "normal",
2026-10-06T10:37:10.9351406Z     +               "messageKey": null,
2026-10-06T10:37:10.9351832Z     +             },
2026-10-06T10:37:10.9352240Z     +             "id": "color-contrast",
2026-10-06T10:37:10.9352755Z     +             "impact": "serious",
2026-10-06T10:37:10.9354356Z     +             "message": "Element has insufficient color contrast of 4.23 (foreground color: #737570, background color: #f4f4f2, font size: 7.5pt (10px), font weight: normal). Expected contrast ratio of 4.5:1",
2026-10-06T10:37:10.9355808Z     +             "relatedNodes": Array [
2026-10-06T10:37:10.9356261Z     +               Object {
2026-10-06T10:37:10.9357164Z     +                 "html": "<div data-testid=\"studio\" data-theme=\"light\" class=\"wo-theme style-nova wo-studio\">",
2026-10-06T10:37:10.9358055Z     +                 "target": Array [
2026-10-06T10:37:10.9358720Z     +                   ".wo-theme",
2026-10-06T10:37:10.9359137Z     +                 ],
2026-10-06T10:37:10.9359492Z     +               },
2026-10-06T10:37:10.9359835Z     +             ],
2026-10-06T10:37:10.9360175Z     +           },
2026-10-06T10:37:10.9360495Z     +         ],
2026-10-06T10:37:10.9360965Z     +         "failureSummary": "Fix any of the following:
2026-10-06T10:37:10.9362525Z     +   Element has insufficient color contrast of 4.23 (foreground color: #737570, background color: #f4f4f2, font size: 7.5pt (10px), font weight: normal). Expected contrast ratio of 4.5:1",
2026-10-06T10:37:10.9364135Z     +         "html": "<div class=\"wo-nav-caption\">组件库</div>",
2026-10-06T10:37:10.9364738Z     +         "impact": "serious",
2026-10-06T10:37:10.9365199Z     +         "none": Array [],
2026-10-06T10:37:10.9365644Z     +         "target": Array [
2026-10-06T10:37:10.9366126Z     +           ".wo-nav-caption:nth-child(2)",
2026-10-06T10:37:10.9366594Z     +         ],
2026-10-06T10:37:10.9366913Z     +       },
2026-10-06T10:37:10.9367240Z     +       Object {
2026-10-06T10:37:10.9367624Z     +         "all": Array [],
2026-10-06T10:37:10.9368018Z     +         "any": Array [
2026-10-06T10:37:10.9368597Z     +           Object {
2026-10-06T10:37:10.9369013Z     +             "data": Object {
2026-10-06T10:37:10.9369485Z     +               "bgColor": "#f4f4f2",
2026-10-06T10:37:10.9370001Z     +               "contrastRatio": 4.23,
2026-10-06T10:37:10.9370563Z     +               "expectedContrastRatio": "4.5:1",
2026-10-06T10:37:10.9371115Z     +               "fgColor": "#737570",
2026-10-06T10:37:10.9371631Z     +               "fontSize": "9.0pt (12px)",
2026-10-06T10:37:10.9372365Z     +               "fontWeight": "normal",
2026-10-06T10:37:10.9372883Z     +               "messageKey": null,
2026-10-06T10:37:10.9373464Z     +             },
2026-10-06T10:37:10.9373875Z     +             "id": "color-contrast",
2026-10-06T10:37:10.9374381Z     +             "impact": "serious",
2026-10-06T10:37:10.9375984Z     +             "message": "Element has insufficient color contrast of 4.23 (foreground color: #737570, background color: #f4f4f2, font size: 9.0pt (12px), font weight: normal). Expected contrast ratio of 4.5:1",
2026-10-06T10:37:10.9377440Z     +             "relatedNodes": Array [
2026-10-06T10:37:10.9377884Z     +               Object {
2026-10-06T10:37:10.9380943Z     +                 "html": "<div data-testid=\"studio\" data-theme=\"light\" class=\"wo-theme style-nova wo-studio\">",
2026-10-06T10:37:10.9382022Z     +                 "target": Array [
2026-10-06T10:37:10.9382518Z     +                   ".wo-theme",
2026-10-06T10:37:10.9382963Z     +                 ],
2026-10-06T10:37:10.9383327Z     +               },
2026-10-06T10:37:10.9383670Z     +             ],
2026-10-06T10:37:10.9384004Z     +           },
2026-10-06T10:37:10.9384338Z     +         ],
2026-10-06T10:37:10.9384807Z     +         "failureSummary": "Fix any of the following:
2026-10-06T10:37:10.9386383Z     +   Element has insufficient color contrast of 4.23 (foreground color: #737570, background color: #f4f4f2, font size: 9.0pt (12px), font weight: normal). Expected contrast ratio of 4.5:1",
2026-10-06T10:37:10.9387994Z     +         "html": "<span class=\"wo-nav-text\">基础控件</span>",
2026-10-06T10:37:10.9388864Z     +         "impact": "serious",
2026-10-06T10:37:10.9389377Z     +         "none": Array [],
2026-10-06T10:37:10.9389812Z     +         "target": Array [
2026-10-06T10:37:10.9390482Z     +           "button[aria-label=\"基础控件\"] > .wo-nav-text",
2026-10-06T10:37:10.9390986Z     +         ],
2026-10-06T10:37:10.9391304Z     +       },
2026-10-06T10:37:10.9391639Z     +       Object {
2026-10-06T10:37:10.9392023Z     +         "all": Array [],
2026-10-06T10:37:10.9392416Z     +         "any": Array [
2026-10-06T10:37:10.9392800Z     +           Object {
2026-10-06T10:37:10.9393221Z     +             "data": Object {
2026-10-06T10:37:10.9393696Z     +               "bgColor": "#f4f4f2",
2026-10-06T10:37:10.9394212Z     +               "contrastRatio": 4.23,
2026-10-06T10:37:10.9394769Z     +               "expectedContrastRatio": "4.5:1",
2026-10-06T10:37:10.9395309Z     +               "fgColor": "#737570",
2026-10-06T10:37:10.9395872Z     +               "fontSize": "9.0pt (12px)",
2026-10-06T10:37:10.9396405Z     +               "fontWeight": "normal",
2026-10-06T10:37:10.9396922Z     +               "messageKey": null,
2026-10-06T10:37:10.9397349Z     +             },
2026-10-06T10:37:10.9397755Z     +             "id": "color-contrast",
2026-10-06T10:37:10.9398254Z     +             "impact": "serious",
2026-10-06T10:37:10.9400017Z     +             "message": "Element has insufficient color contrast of 4.23 (foreground color: #737570, background color: #f4f4f2, font size: 9.0pt (12px), font weight: normal). Expected contrast ratio of 4.5:1",
2026-10-06T10:37:10.9401468Z     +             "relatedNodes": Array [
2026-10-06T10:37:10.9401919Z     +               Object {
2026-10-06T10:37:10.9402804Z     +                 "html": "<div data-testid=\"studio\" data-theme=\"light\" class=\"wo-theme style-nova wo-studio\">",
2026-10-06T10:37:10.9403683Z     +                 "target": Array [
2026-10-06T10:37:10.9404160Z     +                   ".wo-theme",
2026-10-06T10:37:10.9404570Z     +                 ],
2026-10-06T10:37:10.9404933Z     +               },
2026-10-06T10:37:10.9405271Z     +             ],
2026-10-06T10:37:10.9405602Z     +           },
2026-10-06T10:37:10.9405932Z     +         ],
2026-10-06T10:37:10.9406391Z     +         "failureSummary": "Fix any of the following:
2026-10-06T10:37:10.9407947Z     +   Element has insufficient color contrast of 4.23 (foreground color: #737570, background color: #f4f4f2, font size: 9.0pt (12px), font weight: normal). Expected contrast ratio of 4.5:1",
2026-10-06T10:37:10.9410112Z     +         "html": "<span class=\"wo-nav-text\">窗口与浮层</span>",
2026-10-06T10:37:10.9410709Z     +         "impact": "serious",
2026-10-06T10:37:10.9411213Z     +         "none": Array [],
2026-10-06T10:37:10.9411662Z     +         "target": Array [
2026-10-06T10:37:10.9412325Z     +           "button[aria-label=\"窗口与浮层\"] > .wo-nav-text",
2026-10-06T10:37:10.9412829Z     +         ],
2026-10-06T10:37:10.9413148Z     +       },
2026-10-06T10:37:10.9413467Z     +       Object {
2026-10-06T10:37:10.9413848Z     +         "all": Array [],
2026-10-06T10:37:10.9414237Z     +         "any": Array [
2026-10-06T10:37:10.9414623Z     +           Object {
2026-10-06T10:37:10.9415032Z     +             "data": Object {
2026-10-06T10:37:10.9415503Z     +               "bgColor": "#f4f4f2",
2026-10-06T10:37:10.9416010Z     +               "contrastRatio": 4.23,
2026-10-06T10:37:10.9416578Z     +               "expectedContrastRatio": "4.5:1",
2026-10-06T10:37:10.9417118Z     +               "fgColor": "#737570",
2026-10-06T10:37:10.9417645Z     +               "fontSize": "9.0pt (12px)",
2026-10-06T10:37:10.9418174Z     +               "fontWeight": "normal",
2026-10-06T10:37:10.9418900Z     +               "messageKey": null,
2026-10-06T10:37:10.9419328Z     +             },
2026-10-06T10:37:10.9419732Z     +             "id": "color-contrast",
2026-10-06T10:37:10.9420226Z     +             "impact": "serious",
2026-10-06T10:37:10.9421798Z     +             "message": "Element has insufficient color contrast of 4.23 (foreground color: #737570, background color: #f4f4f2, font size: 9.0pt (12px), font weight: normal). Expected contrast ratio of 4.5:1",
2026-10-06T10:37:10.9423227Z     +             "relatedNodes": Array [
2026-10-06T10:37:10.9423675Z     +               Object {
2026-10-06T10:37:10.9424560Z     +                 "html": "<div data-testid=\"studio\" data-theme=\"light\" class=\"wo-theme style-nova wo-studio\">",
2026-10-06T10:37:10.9425452Z     +                 "target": Array [
2026-10-06T10:37:10.9425934Z     +                   ".wo-theme",
2026-10-06T10:37:10.9426347Z     +                 ],
2026-10-06T10:37:10.9426703Z     +               },
2026-10-06T10:37:10.9427045Z     +             ],
2026-10-06T10:37:10.9427377Z     +           },
2026-10-06T10:37:10.9427705Z     +         ],
2026-10-06T10:37:10.9428169Z     +         "failureSummary": "Fix any of the following:
2026-10-06T10:37:10.9429896Z     +   Element has insufficient color contrast of 4.23 (foreground color: #737570, background color: #f4f4f2, font size: 9.0pt (12px), font weight: normal). Expected contrast ratio of 4.5:1",
2026-10-06T10:37:10.9431458Z     +         "html": "<span class=\"wo-nav-text\">导航与布局</span>",
2026-10-06T10:37:10.9432038Z     +         "impact": "serious",
2026-10-06T10:37:10.9432499Z     +         "none": Array [],
2026-10-06T10:37:10.9432944Z     +         "target": Array [
2026-10-06T10:37:10.9433586Z     +           "button[aria-label=\"导航与布局\"] > .wo-nav-text",
2026-10-06T10:37:10.9434091Z     +         ],
2026-10-06T10:37:10.9434420Z     +       },
2026-10-06T10:37:10.9434743Z     +       Object {
2026-10-06T10:37:10.9435131Z     +         "all": Array [],
2026-10-06T10:37:10.9435529Z     +         "any": Array [
2026-10-06T10:37:10.9435913Z     +           Object {
2026-10-06T10:37:10.9436323Z     +             "data": Object {
2026-10-06T10:37:10.9436795Z     +               "bgColor": "#f4f4f2",
2026-10-06T10:37:10.9437376Z     +               "contrastRatio": 4.23,
2026-10-06T10:37:10.9437946Z     +               "expectedContrastRatio": "4.5:1",
2026-10-06T10:37:10.9438707Z     +               "fgColor": "#737570",
2026-10-06T10:37:10.9439232Z     +               "fontSize": "7.5pt (10px)",
2026-10-06T10:37:10.9439762Z     +               "fontWeight": "normal",
2026-10-06T10:37:10.9440261Z     +               "messageKey": null,
2026-10-06T10:37:10.9440905Z     +             },
2026-10-06T10:37:10.9441311Z     +             "id": "color-contrast",
2026-10-06T10:37:10.9441807Z     +             "impact": "serious",
2026-10-06T10:37:10.9443657Z     +             "message": "Element has insufficient color contrast of 4.23 (foreground color: #737570, background color: #f4f4f2, font size: 7.5pt (10px), font weight: normal). Expected contrast ratio of 4.5:1",
2026-10-06T10:37:10.9445107Z     +             "relatedNodes": Array [
2026-10-06T10:37:10.9445565Z     +               Object {
2026-10-06T10:37:10.9446449Z     +                 "html": "<div data-testid=\"studio\" data-theme=\"light\" class=\"wo-theme style-nova wo-studio\">",
2026-10-06T10:37:10.9447331Z     +                 "target": Array [
2026-10-06T10:37:10.9447811Z     +                   ".wo-theme",
2026-10-06T10:37:10.9448224Z     +                 ],
2026-10-06T10:37:10.9448866Z     +               },
2026-10-06T10:37:10.9449210Z     +             ],
2026-10-06T10:37:10.9449542Z     +           },
2026-10-06T10:37:10.9449870Z     +         ],
2026-10-06T10:37:10.9450337Z     +         "failureSummary": "Fix any of the following:
2026-10-06T10:37:10.9451885Z     +   Element has insufficient color contrast of 4.23 (foreground color: #737570, background color: #f4f4f2, font size: 7.5pt (10px), font weight: normal). Expected contrast ratio of 4.5:1",
2026-10-06T10:37:10.9453468Z     +         "html": "<div class=\"wo-nav-caption\">资源</div>",
2026-10-06T10:37:10.9454062Z     +         "impact": "serious",
2026-10-06T10:37:10.9454519Z     +         "none": Array [],
2026-10-06T10:37:10.9454951Z     +         "target": Array [
2026-10-06T10:37:10.9455433Z     +           ".wo-nav-caption:nth-child(4)",
2026-10-06T10:37:10.9455903Z     +         ],
2026-10-06T10:37:10.9456220Z     +       },
2026-10-06T10:37:10.9456534Z     +       Object {
2026-10-06T10:37:10.9456916Z     +         "all": Array [],
2026-10-06T10:37:10.9457308Z     +         "any": Array [
2026-10-06T10:37:10.9457688Z     +           Object {
2026-10-06T10:37:10.9458120Z     +             "data": Object {
2026-10-06T10:37:10.9459063Z     +               "bgColor": "#f4f4f2",
2026-10-06T10:37:10.9459597Z     +               "contrastRatio": 4.23,
2026-10-06T10:37:10.9460158Z     +               "expectedContrastRatio": "4.5:1",
2026-10-06T10:37:10.9460701Z     +               "fgColor": "#737570",
2026-10-06T10:37:10.9461211Z     +               "fontSize": "9.0pt (12px)",
2026-10-06T10:37:10.9461742Z     +               "fontWeight": "normal",
2026-10-06T10:37:10.9462255Z     +               "messageKey": null,
2026-10-06T10:37:10.9462686Z     +             },
2026-10-06T10:37:10.9463094Z     +             "id": "color-contrast",
2026-10-06T10:37:10.9463592Z     +             "impact": "serious",
2026-10-06T10:37:10.9465175Z     +             "message": "Element has insufficient color contrast of 4.23 (foreground color: #737570, background color: #f4f4f2, font size: 9.0pt (12px), font weight: normal). Expected contrast ratio of 4.5:1",
2026-10-06T10:37:10.9466615Z     +             "relatedNodes": Array [
2026-10-06T10:37:10.9467063Z     +               Object {
2026-10-06T10:37:10.9467952Z     +                 "html": "<div data-testid=\"studio\" data-theme=\"light\" class=\"wo-theme style-nova wo-studio\">",
2026-10-06T10:37:10.9469223Z     +                 "target": Array [
2026-10-06T10:37:10.9469713Z     +                   ".wo-theme",
2026-10-06T10:37:10.9470131Z     +                 ],
2026-10-06T10:37:10.9470487Z     +               },
2026-10-06T10:37:10.9470829Z     +             ],
2026-10-06T10:37:10.9471161Z     +           },
2026-10-06T10:37:10.9471483Z     +         ],
2026-10-06T10:37:10.9471956Z     +         "failureSummary": "Fix any of the following:
2026-10-06T10:37:10.9473500Z     +   Element has insufficient color contrast of 4.23 (foreground color: #737570, background color: #f4f4f2, font size: 9.0pt (12px), font weight: normal). Expected contrast ratio of 4.5:1",
2026-10-06T10:37:10.9475077Z     +         "html": "<span class=\"wo-nav-text\">ReUI 文档</span>",
2026-10-06T10:37:10.9475928Z     +         "impact": "serious",
2026-10-06T10:37:10.9476388Z     +         "none": Array [],
2026-10-06T10:37:10.9476982Z     +         "target": Array [
2026-10-06T10:37:10.9477553Z     +           "a[href$=\"docs\"] > .wo-nav-text:nth-child(2)",
2026-10-06T10:37:10.9478078Z     +         ],
2026-10-06T10:37:10.9478631Z     +       },
2026-10-06T10:37:10.9478969Z     +       Object {
2026-10-06T10:37:10.9479354Z     +         "all": Array [],
2026-10-06T10:37:10.9479761Z     +         "any": Array [
2026-10-06T10:37:10.9480144Z     +           Object {
2026-10-06T10:37:10.9480554Z     +             "data": Object {
2026-10-06T10:37:10.9481025Z     +               "bgColor": "#f4f4f2",
2026-10-06T10:37:10.9481536Z     +               "contrastRatio": 4.23,
2026-10-06T10:37:10.9482104Z     +               "expectedContrastRatio": "4.5:1",
2026-10-06T10:37:10.9482652Z     +               "fgColor": "#737570",
2026-10-06T10:37:10.9483179Z     +               "fontSize": "7.5pt (10px)",
2026-10-06T10:37:10.9483715Z     +               "fontWeight": "normal",
2026-10-06T10:37:10.9484218Z     +               "messageKey": null,
2026-10-06T10:37:10.9484647Z     +             },
2026-10-06T10:37:10.9485060Z     +             "id": "color-contrast",
2026-10-06T10:37:10.9485560Z     +             "impact": "serious",
2026-10-06T10:37:10.9487155Z     +             "message": "Element has insufficient color contrast of 4.23 (foreground color: #737570, background color: #f4f4f2, font size: 7.5pt (10px), font weight: normal). Expected contrast ratio of 4.5:1",
2026-10-06T10:37:10.9488758Z     +             "relatedNodes": Array [
2026-10-06T10:37:10.9489206Z     +               Object {
2026-10-06T10:37:10.9490100Z     +                 "html": "<div data-testid=\"studio\" data-theme=\"light\" class=\"wo-theme style-nova wo-studio\">",
2026-10-06T10:37:10.9490979Z     +                 "target": Array [
2026-10-06T10:37:10.9491462Z     +                   ".wo-theme",
2026-10-06T10:37:10.9491879Z     +                 ],
2026-10-06T10:37:10.9492232Z     +               },
2026-10-06T10:37:10.9492581Z     +             ],
2026-10-06T10:37:10.9492916Z     +           },
2026-10-06T10:37:10.9493238Z     +         ],
2026-10-06T10:37:10.9493701Z     +         "failureSummary": "Fix any of the following:
2026-10-06T10:37:10.9495312Z     +   Element has insufficient color contrast of 4.23 (foreground color: #737570, background color: #f4f4f2, font size: 7.5pt (10px), font weight: normal). Expected contrast ratio of 4.5:1",
2026-10-06T10:37:10.9496845Z     +         "html": "<small>本地交互演示</small>",
2026-10-06T10:37:10.9497358Z     +         "impact": "serious",
2026-10-06T10:37:10.9497820Z     +         "none": Array [],
2026-10-06T10:37:10.9498258Z     +         "target": Array [
2026-10-06T10:37:10.9499131Z     +           ".wo-sidebar-footer > .wo-nav-text:nth-child(2) > small",
2026-10-06T10:37:10.9499712Z     +         ],
2026-10-06T10:37:10.9500049Z     +       },
2026-10-06T10:37:10.9500364Z     +       Object {
2026-10-06T10:37:10.9500745Z     +         "all": Array [],
2026-10-06T10:37:10.9501141Z     +         "any": Array [
2026-10-06T10:37:10.9501528Z     +           Object {
2026-10-06T10:37:10.9501937Z     +             "data": Object {
2026-10-06T10:37:10.9502413Z     +               "bgColor": "#fafaf9",
2026-10-06T10:37:10.9502920Z     +               "contrastRatio": 4.46,
2026-10-06T10:37:10.9503478Z     +               "expectedContrastRatio": "4.5:1",
2026-10-06T10:37:10.9504021Z     +               "fgColor": "#737570",
2026-10-06T10:37:10.9504528Z     +               "fontSize": "6.8pt (9px)",
2026-10-06T10:37:10.9505055Z     +               "fontWeight": "normal",
2026-10-06T10:37:10.9505574Z     +               "messageKey": null,
2026-10-06T10:37:10.9506000Z     +             },
2026-10-06T10:37:10.9506404Z     +             "id": "color-contrast",
2026-10-06T10:37:10.9506908Z     +             "impact": "serious",
2026-10-06T10:37:10.9509008Z     +             "message": "Element has insufficient color contrast of 4.46 (foreground color: #737570, background color: #fafaf9, font size: 6.8pt (9px), font weight: normal). Expected contrast ratio of 4.5:1",
2026-10-06T10:37:10.9510510Z     +             "relatedNodes": Array [
2026-10-06T10:37:10.9510962Z     +               Object {
2026-10-06T10:37:10.9511505Z     +                 "html": "<div class=\"wo-inline-message\">",
2026-10-06T10:37:10.9512091Z     +                 "target": Array [
2026-10-06T10:37:10.9512602Z     +                   ".wo-inline-message",
2026-10-06T10:37:10.9513068Z     +                 ],
2026-10-06T10:37:10.9513421Z     +               },
2026-10-06T10:37:10.9513762Z     +             ],
2026-10-06T10:37:10.9514100Z     +           },
2026-10-06T10:37:10.9514425Z     +         ],
2026-10-06T10:37:10.9514893Z     +         "failureSummary": "Fix any of the following:
2026-10-06T10:37:10.9516450Z     +   Element has insufficient color contrast of 4.46 (foreground color: #737570, background color: #fafaf9, font size: 6.8pt (9px), font weight: normal). Expected contrast ratio of 4.5:1",
2026-10-06T10:37:10.9517929Z     +         "html": "<small>状态示例</small>",
2026-10-06T10:37:10.9518625Z     +         "impact": "serious",
2026-10-06T10:37:10.9519090Z     +         "none": Array [],
2026-10-06T10:37:10.9519523Z     +         "target": Array [
2026-10-06T10:37:10.9520005Z     +           ".wo-inline-message > small",
2026-10-06T10:37:10.9520459Z     +         ],
2026-10-06T10:37:10.9520777Z     +       },
2026-10-06T10:37:10.9521088Z     +     ],
2026-10-06T10:37:10.9521411Z     +     "tags": Array [
2026-10-06T10:37:10.9521784Z     +       "cat.color",
2026-10-06T10:37:10.9522158Z     +       "wcag2aa",
2026-10-06T10:37:10.9522506Z     +       "wcag143",
2026-10-06T10:37:10.9522851Z     +       "TTv5",
2026-10-06T10:37:10.9523183Z     +       "TT13.c",
2026-10-06T10:37:10.9523531Z     +       "EN-301-549",
2026-10-06T10:37:10.9523895Z     +       "EN-9.1.4.3",
2026-10-06T10:37:10.9524267Z     +       "ACT",
2026-10-06T10:37:10.9524595Z     +       "RGAAv4",
2026-10-06T10:37:10.9524945Z     +       "RGAA-3.2.1",
2026-10-06T10:37:10.9525302Z     +     ],
2026-10-06T10:37:10.9525618Z     +   },
2026-10-06T10:37:10.9525925Z     + ]
2026-10-06T10:37:10.9526103Z 
2026-10-06T10:37:10.9526708Z        97 |  if(modal) await page.getByRole('button',{name:'新建应用',exact:true}).click()
2026-10-06T10:37:10.9527567Z        98 |  const result=await new AxeBuilder({page}).analyze()
2026-10-06T10:37:10.9528779Z     >  99 |  expect(result.violations.filter(v=>v.impact==='serious'||v.impact==='critical')).toEqual([])
2026-10-06T10:37:10.9529783Z           |                                                                                   ^
2026-10-06T10:37:10.9530330Z       100 |  }
2026-10-06T10:37:10.9530647Z       101 | })
2026-10-06T10:37:10.9530955Z       102 |
2026-10-06T10:37:10.9531554Z         at /home/runner/work/arca-ui/arca-ui/tests/weaveos/studio.spec.ts:99:83
2026-10-06T10:37:10.9532090Z 
2026-10-06T10:37:10.9532830Z     attachment #1: screenshot (image/png) ──────────────────────────────────────────────────────────
2026-10-06T10:37:10.9534191Z     test-results/studio-studio-and-open-mod-706fa-us-accessibility-violations-chromium/test-failed-1.png
2026-10-06T10:37:10.9535638Z     ────────────────────────────────────────────────────────────────────────────────────────────────
2026-10-06T10:37:10.9536138Z 
2026-10-06T10:37:10.9537047Z     Error Context: test-results/studio-studio-and-open-mod-706fa-us-accessibility-violations-chromium/error-context.md
2026-10-06T10:37:10.9537944Z 
2026-10-06T10:37:10.9538851Z     attachment #3: trace (application/zip) ─────────────────────────────────────────────────────────
2026-10-06T10:37:10.9540122Z     test-results/studio-studio-and-open-mod-706fa-us-accessibility-violations-chromium/trace.zip
2026-10-06T10:37:10.9541055Z     Usage:
2026-10-06T10:37:10.9541232Z 
2026-10-06T10:37:10.9542117Z         npx playwright show-trace test-results/studio-studio-and-open-mod-706fa-us-accessibility-violations-chromium/trace.zip
2026-10-06T10:37:10.9543257Z 
2026-10-06T10:37:10.9544068Z     ────────────────────────────────────────────────────────────────────────────────────────────────
2026-10-06T10:37:10.9544576Z 
2026-10-06T10:37:10.9544704Z   4 failed
2026-10-06T10:37:10.9545838Z     [chromium] › tests/weaveos/origin-motion.spec.ts:3:1 › window geometry really travels from and returns toward the trigger 
2026-10-06T10:37:10.9547566Z     [chromium] › tests/weaveos/studio.spec.ts:19:1 › source dialog has accessible title, focus isolation and restores origin 
2026-10-06T10:37:10.9549436Z     [chromium] › tests/weaveos/studio.spec.ts:42:1 › save feedback waits for result and errors retain editable input 
2026-10-06T10:37:10.9551013Z     [chromium] › tests/weaveos/studio.spec.ts:95:1 › studio and open modal have no serious accessibility violations 
2026-10-06T10:37:10.9551910Z   8 passed (23.0s)
2026-10-06T10:37:10.9689912Z ##[error]Process completed with exit code 1.
2026-10-06T10:37:10.9771982Z ##[group]Run actions/upload-artifact@v4
2026-10-06T10:37:10.9772284Z with:
2026-10-06T10:37:10.9772493Z   name: weaveos-browser-evidence
2026-10-06T10:37:10.9772750Z   path: test-results/
2026-10-06T10:37:10.9772970Z   retention-days: 14
2026-10-06T10:37:10.9773187Z   if-no-files-found: warn
2026-10-06T10:37:10.9773415Z   compression-level: 6
2026-10-06T10:37:10.9773625Z   overwrite: false
2026-10-06T10:37:10.9773837Z   include-hidden-files: false
2026-10-06T10:37:10.9774067Z ##[endgroup]
2026-10-06T10:37:11.1505600Z (node:3926) [DEP0040] DeprecationWarning: The `punycode` module is deprecated. Please use a userland alternative instead.
2026-10-06T10:37:11.1507196Z (Use `node --trace-deprecation ...` to show where the warning was created)
2026-10-06T10:37:11.1668724Z With the provided path, there will be 13 files uploaded
2026-10-06T10:37:11.1670139Z Artifact name is valid!
2026-10-06T10:37:11.1670861Z Root directory input is valid!
2026-10-06T10:37:11.5346444Z Beginning upload of artifact content to blob storage
2026-10-06T10:37:11.6988054Z (node:3926) [DEP0169] DeprecationWarning: `url.parse()` behavior is not standardized and prone to errors that have security implications. Use the WHATWG URL API instead. CVEs are not issued for `url.parse()` vulnerabilities.
2026-10-06T10:37:12.5805821Z Uploaded bytes 3830686
2026-10-06T10:37:12.6605612Z Finished uploading artifact content to blob storage!
2026-10-06T10:37:12.6606478Z SHA256 digest of uploaded artifact zip is 97cdd85cb28cbf045c14b50dd5d2b5f6f5ce38dde003f1792377d3023124c9d3
2026-10-06T10:37:12.6608759Z Finalizing artifact upload
2026-10-06T10:37:12.9527565Z Artifact weaveos-browser-evidence.zip successfully finalized. Artifact ID 11406762331
2026-10-06T10:37:12.9529904Z Artifact weaveos-browser-evidence has been successfully uploaded! Final size is 3830686 bytes. Artifact ID is 11406762331
2026-10-06T10:37:12.9534461Z Artifact download URL: https://github.com/Hubujiu/arca-ui/actions/runs/37450767300/artifacts/11406762331
2026-10-06T10:37:12.9737842Z Post job cleanup.
2026-10-06T10:37:13.0614235Z [command]/usr/bin/git version
2026-10-06T10:37:13.0662225Z git version 2.55.0
2026-10-06T10:37:13.0703135Z Temporarily overriding HOME='/home/runner/work/_temp/91d3dacd-3772-413a-b6c7-06feef3128eb' before making global git config changes
2026-10-06T10:37:13.0704718Z Adding repository directory to the temporary git global config as a safe directory
2026-10-06T10:37:13.0710283Z [command]/usr/bin/git config --global --add safe.directory /home/runner/work/arca-ui/arca-ui
2026-10-06T10:37:13.0750762Z [command]/usr/bin/git config --local --name-only --get-regexp core\.sshCommand
2026-10-06T10:37:13.0790027Z [command]/usr/bin/git submodule foreach --recursive sh -c "git config --local --name-only --get-regexp 'core\.sshCommand' && git config --local --unset-all 'core.sshCommand' || :"
2026-10-06T10:37:13.1049759Z [command]/usr/bin/git config --local --name-only --get-regexp http\.https\:\/\/github\.com\/\.extraheader
2026-10-06T10:37:13.1100582Z http.https://github.com/.extraheader
2026-10-06T10:37:13.1102234Z [command]/usr/bin/git config --local --unset-all http.https://github.com/.extraheader
2026-10-06T10:37:13.1141687Z [command]/usr/bin/git submodule foreach --recursive sh -c "git config --local --name-only --get-regexp 'http\.https\:\/\/github\.com\/\.extraheader' && git config --local --unset-all 'http.https://github.com/.extraheader' || :"
2026-10-06T10:37:13.1412127Z [command]/usr/bin/git config --local --name-only --get-regexp ^includeIf\.gitdir:
2026-10-06T10:37:13.1450577Z [command]/usr/bin/git submodule foreach --recursive git config --local --show-origin --name-only --get-regexp remote.origin.url
2026-10-06T10:37:13.1896977Z Cleaning up orphan processes
2026-10-06T10:37:13.2299322Z ##[warning]Node.js 20 is deprecated. The following actions target Node.js 20 but are being forced to run on Node.js 24: actions/checkout@v4, actions/setup-node@v4, actions/upload-artifact@v4. For more information see: https://github.blog/changelog/2025-09-19-deprecation-of-node-20-on-github-actions-runners/
