2026-10-06T07:42:01.7812458Z Current runner version: '2.337.0'
2026-10-06T07:42:01.7837715Z ##[group]Runner Image Provisioner
2026-10-06T07:42:01.7838639Z Hosted Compute Agent
2026-10-06T07:42:01.7839396Z Version: 20260901.588
2026-10-06T07:42:01.7840110Z Commit: f88ec8081b781fac6c440065ac7ff9e710ce3d0b
2026-10-06T07:42:01.7840943Z Build Date: 2026-09-01T19:56:44Z
2026-10-06T07:42:01.7841989Z Worker ID: {fd07596e-dc53-4b61-b060-146fac1b1787}
2026-10-06T07:42:01.7842754Z Azure Region: westcentralus
2026-10-06T07:42:01.7843564Z ##[endgroup]
2026-10-06T07:42:01.7845136Z ##[group]Operating System
2026-10-06T07:42:01.7845774Z Ubuntu
2026-10-06T07:42:01.7846413Z 24.04.5
2026-10-06T07:42:01.7846963Z LTS
2026-10-06T07:42:01.7847584Z ##[endgroup]
2026-10-06T07:42:01.7848231Z ##[group]Runner Image
2026-10-06T07:42:01.7848900Z Image: ubuntu-24.04
2026-10-06T07:42:01.7849575Z Version: 20260927.320.1
2026-10-06T07:42:01.7850964Z Included Software: https://github.com/actions/runner-images/blob/ubuntu24/20260927.320/images/ubuntu/Ubuntu2404-Readme.md
2026-10-06T07:42:01.7852849Z Image Release: https://github.com/actions/runner-images/releases/tag/ubuntu24%2F20260927.320
2026-10-06T07:42:01.7853840Z ##[endgroup]
2026-10-06T07:42:01.7855040Z ##[group]GITHUB_TOKEN Permissions
2026-10-06T07:42:01.7857239Z Contents: read
2026-10-06T07:42:01.7858344Z Metadata: read
2026-10-06T07:42:01.7858934Z ##[endgroup]
2026-10-06T07:42:01.7861084Z Secret source: Actions
2026-10-06T07:42:01.7862261Z Cache mode: write
2026-10-06T07:42:01.7863060Z Prepare workflow directory
2026-10-06T07:42:01.8238565Z Prepare all required actions
2026-10-06T07:42:01.8286470Z Getting action download info
2026-10-06T07:42:02.1412440Z Download action repository 'actions/checkout@v4' (SHA:11d5960a326750d5838078e36cf38b85af677262)
2026-10-06T07:42:02.2575155Z Download action repository 'actions/setup-node@v4' (SHA:49933ea5288caeca8642d1e84afbd3f7d6820020)
2026-10-06T07:42:02.3479413Z Download action repository 'actions/upload-artifact@v4' (SHA:ea165f8d65b6e75b540449e92b4886f43607fa02)
2026-10-06T07:42:02.5654596Z Complete job name: browser
2026-10-06T07:42:02.6403623Z ##[group]Run actions/checkout@v4
2026-10-06T07:42:02.6404451Z with:
2026-10-06T07:42:02.6404905Z   repository: Hubujiu/arca-ui
2026-10-06T07:42:02.6408600Z   token: ***
2026-10-06T07:42:02.6409055Z   ssh-strict: true
2026-10-06T07:42:02.6409514Z   ssh-user: git
2026-10-06T07:42:02.6409985Z   persist-credentials: true
2026-10-06T07:42:02.6410482Z   clean: true
2026-10-06T07:42:02.6410944Z   sparse-checkout-cone-mode: true
2026-10-06T07:42:02.6411717Z   fetch-depth: 1
2026-10-06T07:42:02.6412167Z   fetch-tags: false
2026-10-06T07:42:02.6412632Z   show-progress: true
2026-10-06T07:42:02.6413093Z   lfs: false
2026-10-06T07:42:02.6413514Z   submodules: false
2026-10-06T07:42:02.6413969Z   set-safe-directory: true
2026-10-06T07:42:02.6414581Z   allow-unsafe-pr-checkout: false
2026-10-06T07:42:02.6415331Z ##[endgroup]
2026-10-06T07:42:02.7451814Z Syncing repository: Hubujiu/arca-ui
2026-10-06T07:42:02.7454395Z ##[group]Getting Git version info
2026-10-06T07:42:02.7455545Z Working directory is '/home/runner/work/arca-ui/arca-ui'
2026-10-06T07:42:02.7457044Z [command]/usr/bin/git version
2026-10-06T07:42:02.7538551Z git version 2.55.0
2026-10-06T07:42:02.7560519Z ##[endgroup]
2026-10-06T07:42:02.7577407Z Temporarily overriding HOME='/home/runner/work/_temp/656016d3-9042-4d96-9506-72dc4daaada0' before making global git config changes
2026-10-06T07:42:02.7580057Z Adding repository directory to the temporary git global config as a safe directory
2026-10-06T07:42:02.7585312Z [command]/usr/bin/git config --global --add safe.directory /home/runner/work/arca-ui/arca-ui
2026-10-06T07:42:02.7642787Z Deleting the contents of '/home/runner/work/arca-ui/arca-ui'
2026-10-06T07:42:02.7645559Z ##[group]Initializing the repository
2026-10-06T07:42:02.7651245Z [command]/usr/bin/git init /home/runner/work/arca-ui/arca-ui
2026-10-06T07:42:02.7753631Z hint: Using 'master' as the name for the initial branch. This default branch name
2026-10-06T07:42:02.7755274Z hint: will change to "main" in Git 3.0. To configure the initial branch name
2026-10-06T07:42:02.7757033Z hint: to use in all of your new repositories, which will suppress this warning,
2026-10-06T07:42:02.7758120Z hint: call:
2026-10-06T07:42:02.7759122Z hint:
2026-10-06T07:42:02.7759768Z hint: 	git config --global init.defaultBranch <name>
2026-10-06T07:42:02.7760681Z hint:
2026-10-06T07:42:02.7762017Z hint: Names commonly chosen instead of 'master' are 'main', 'trunk' and
2026-10-06T07:42:02.7763046Z hint: 'development'. The just-created branch can be renamed via this command:
2026-10-06T07:42:02.7763812Z hint:
2026-10-06T07:42:02.7764255Z hint: 	git branch -m <name>
2026-10-06T07:42:02.7764747Z hint:
2026-10-06T07:42:02.7765378Z hint: Disable this message with "git config set advice.defaultBranchName false"
2026-10-06T07:42:02.7766401Z Initialized empty Git repository in /home/runner/work/arca-ui/arca-ui/.git/
2026-10-06T07:42:02.7769319Z [command]/usr/bin/git remote add origin https://github.com/Hubujiu/arca-ui
2026-10-06T07:42:02.7816362Z ##[endgroup]
2026-10-06T07:42:02.7817605Z ##[group]Disabling automatic garbage collection
2026-10-06T07:42:02.7820848Z [command]/usr/bin/git config --local gc.auto 0
2026-10-06T07:42:02.7854220Z ##[endgroup]
2026-10-06T07:42:02.7855370Z ##[group]Setting up auth
2026-10-06T07:42:02.7861642Z [command]/usr/bin/git config --local --name-only --get-regexp core\.sshCommand
2026-10-06T07:42:02.7895800Z [command]/usr/bin/git submodule foreach --recursive sh -c "git config --local --name-only --get-regexp 'core\.sshCommand' && git config --local --unset-all 'core.sshCommand' || :"
2026-10-06T07:42:02.8324810Z [command]/usr/bin/git config --local --name-only --get-regexp http\.https\:\/\/github\.com\/\.extraheader
2026-10-06T07:42:02.8378668Z [command]/usr/bin/git submodule foreach --recursive sh -c "git config --local --name-only --get-regexp 'http\.https\:\/\/github\.com\/\.extraheader' && git config --local --unset-all 'http.https://github.com/.extraheader' || :"
2026-10-06T07:42:02.8669868Z [command]/usr/bin/git config --local --name-only --get-regexp ^includeIf\.gitdir:
2026-10-06T07:42:02.8712937Z [command]/usr/bin/git submodule foreach --recursive git config --local --show-origin --name-only --get-regexp remote.origin.url
2026-10-06T07:42:02.8966856Z [command]/usr/bin/git config --local http.https://github.com/.extraheader AUTHORIZATION: basic ***
2026-10-06T07:42:02.9008572Z ##[endgroup]
2026-10-06T07:42:02.9017638Z ##[group]Fetching the repository
2026-10-06T07:42:02.9019412Z [command]/usr/bin/git -c protocol.version=2 fetch --no-tags --prune --no-recurse-submodules --depth=1 origin +6907ed510ac76e433af5d5cee8fba33986d6d786:refs/remotes/origin/task/V030-042-weaveos-components
2026-10-06T07:42:03.7307472Z From https://github.com/Hubujiu/arca-ui
2026-10-06T07:42:03.7309647Z  * [new ref]         6907ed510ac76e433af5d5cee8fba33986d6d786 -> origin/task/V030-042-weaveos-components
2026-10-06T07:42:03.7313614Z ##[endgroup]
2026-10-06T07:42:03.7315213Z ##[group]Determining the checkout info
2026-10-06T07:42:03.7317019Z ##[endgroup]
2026-10-06T07:42:03.7322492Z [command]/usr/bin/git sparse-checkout disable
2026-10-06T07:42:03.7380022Z [command]/usr/bin/git config --local --unset-all extensions.worktreeConfig
2026-10-06T07:42:03.7419293Z ##[group]Checking out the ref
2026-10-06T07:42:03.7425160Z [command]/usr/bin/git checkout --progress --force -B task/V030-042-weaveos-components refs/remotes/origin/task/V030-042-weaveos-components
2026-10-06T07:42:03.8064167Z Switched to a new branch 'task/V030-042-weaveos-components'
2026-10-06T07:42:03.8067073Z branch 'task/V030-042-weaveos-components' set up to track 'origin/task/V030-042-weaveos-components'.
2026-10-06T07:42:03.8075877Z ##[endgroup]
2026-10-06T07:42:03.8124426Z [command]/usr/bin/git log -1 --format=%H
2026-10-06T07:42:03.8152593Z 6907ed510ac76e433af5d5cee8fba33986d6d786
2026-10-06T07:42:03.8532038Z ##[group]Run actions/setup-node@v4
2026-10-06T07:42:03.8533351Z with:
2026-10-06T07:42:03.8534313Z   node-version: 24.19.0
2026-10-06T07:42:03.8535601Z   cache: npm
2026-10-06T07:42:03.8536581Z   always-auth: false
2026-10-06T07:42:03.8537662Z   check-latest: false
2026-10-06T07:42:03.8546755Z   token: ***
2026-10-06T07:42:03.8547748Z ##[endgroup]
2026-10-06T07:42:04.0008155Z Attempting to download 24.19.0...
2026-10-06T07:42:04.0136038Z (node:2367) [DEP0040] DeprecationWarning: The `punycode` module is deprecated. Please use a userland alternative instead.
2026-10-06T07:42:04.0139795Z (Use `node --trace-deprecation ...` to show where the warning was created)
2026-10-06T07:42:04.9950334Z Acquiring 24.19.0 - x64 from https://github.com/actions/node-versions/releases/download/24.19.0-30872449280/node-24.19.0-linux-x64.tar.gz
2026-10-06T07:42:05.6685398Z Extracting ...
2026-10-06T07:42:05.6800738Z [command]/usr/bin/tar xz --strip 1 --warning=no-unknown-keyword --overwrite -C /home/runner/work/_temp/6ac84577-66d3-4f34-af17-7e24a914d36a -f /home/runner/work/_temp/954d8182-66f8-4acf-ab67-aee52998c54b
2026-10-06T07:42:07.0232885Z Adding to the cache ...
2026-10-06T07:42:08.6618392Z ##[group]Environment details
2026-10-06T07:42:08.8997344Z node: v24.19.0
2026-10-06T07:42:08.8997880Z npm: 11.17.0
2026-10-06T07:42:08.8998246Z yarn: 1.22.22
2026-10-06T07:42:08.8998951Z ##[endgroup]
2026-10-06T07:42:08.9018861Z [command]/opt/hostedtoolcache/node/24.19.0/x64/bin/npm config get cache
2026-10-06T07:42:08.9960645Z /home/runner/.npm
2026-10-06T07:42:09.1818263Z npm cache is not found
2026-10-06T07:42:09.1997300Z ##[group]Run npm ci --ignore-scripts
2026-10-06T07:42:09.1997698Z [36;1mnpm ci --ignore-scripts[0m
2026-10-06T07:42:09.2252942Z shell: /usr/bin/bash -e {0}
2026-10-06T07:42:09.2253279Z ##[endgroup]
2026-10-06T07:42:26.6848623Z 
2026-10-06T07:42:26.6856416Z added 517 packages, and audited 518 packages in 17s
2026-10-06T07:42:26.6856766Z 
2026-10-06T07:42:26.6856991Z 163 packages are looking for funding
2026-10-06T07:42:26.6857336Z   run `npm fund` for details
2026-10-06T07:42:26.6922768Z 
2026-10-06T07:42:26.6923100Z 7 high severity vulnerabilities
2026-10-06T07:42:26.6923445Z 
2026-10-06T07:42:26.6923788Z To address issues that do not require attention, run:
2026-10-06T07:42:26.6924213Z   npm audit fix
2026-10-06T07:42:26.6924360Z 
2026-10-06T07:42:26.6924597Z To address all issues (including breaking changes), run:
2026-10-06T07:42:26.6924948Z   npm audit fix --force
2026-10-06T07:42:26.6925100Z 
2026-10-06T07:42:26.6925234Z Run `npm audit` for details.
2026-10-06T07:42:26.7590750Z ##[group]Run npx playwright install --with-deps chromium
2026-10-06T07:42:26.7591587Z [36;1mnpx playwright install --with-deps chromium[0m
2026-10-06T07:42:26.7662741Z shell: /usr/bin/bash -e {0}
2026-10-06T07:42:26.7663046Z ##[endgroup]
2026-10-06T07:42:27.4845921Z Installing dependencies...
2026-10-06T07:42:27.4926593Z Switching to root user to install dependencies...
2026-10-06T07:42:27.5759816Z Get:1 file:/etc/apt/apt-mirrors.txt Mirrorlist [144 B]
2026-10-06T07:42:27.6032415Z Get:6 https://packages.microsoft.com/ubuntu/24.04/prod noble InRelease [3600 B]
2026-10-06T07:42:27.6104309Z Hit:2 http://azure.archive.ubuntu.com/ubuntu noble InRelease
2026-10-06T07:42:27.6115041Z Get:3 http://azure.archive.ubuntu.com/ubuntu noble-updates InRelease [126 kB]
2026-10-06T07:42:27.6152782Z Get:4 http://azure.archive.ubuntu.com/ubuntu noble-backports InRelease [126 kB]
2026-10-06T07:42:27.6182437Z Get:5 http://azure.archive.ubuntu.com/ubuntu noble-security InRelease [126 kB]
2026-10-06T07:42:27.6692610Z Get:7 https://packages.microsoft.com/ubuntu/24.04/prod noble/main arm64 Packages [458 kB]
2026-10-06T07:42:27.6903281Z Get:8 https://packages.microsoft.com/ubuntu/24.04/prod noble/main amd64 Packages [515 kB]
2026-10-06T07:42:27.6922020Z Get:9 https://packages.microsoft.com/ubuntu/24.04/prod noble/main armhf Packages [12.6 kB]
2026-10-06T07:42:27.7943774Z Get:10 http://azure.archive.ubuntu.com/ubuntu noble-updates/main amd64 Packages [1370 kB]
2026-10-06T07:42:27.8033408Z Get:11 http://azure.archive.ubuntu.com/ubuntu noble-updates/main Translation-en [305 kB]
2026-10-06T07:42:27.8063887Z Get:12 http://azure.archive.ubuntu.com/ubuntu noble-updates/main amd64 Components [181 kB]
2026-10-06T07:42:27.8091005Z Get:13 http://azure.archive.ubuntu.com/ubuntu noble-updates/universe amd64 Packages [1701 kB]
2026-10-06T07:42:27.8153318Z Get:14 http://azure.archive.ubuntu.com/ubuntu noble-updates/universe Translation-en [341 kB]
2026-10-06T07:42:27.8187130Z Get:15 http://azure.archive.ubuntu.com/ubuntu noble-updates/universe amd64 Components [388 kB]
2026-10-06T07:42:27.8237089Z Get:16 http://azure.archive.ubuntu.com/ubuntu noble-updates/restricted amd64 Packages [1728 kB]
2026-10-06T07:42:27.8414038Z Get:17 http://azure.archive.ubuntu.com/ubuntu noble-updates/restricted Translation-en [395 kB]
2026-10-06T07:42:27.8437743Z Get:18 http://azure.archive.ubuntu.com/ubuntu noble-updates/multiverse Translation-en [13.3 kB]
2026-10-06T07:42:27.8447105Z Get:19 http://azure.archive.ubuntu.com/ubuntu noble-updates/multiverse amd64 Components [940 B]
2026-10-06T07:42:27.9002813Z Get:20 http://azure.archive.ubuntu.com/ubuntu noble-backports/main amd64 Components [5764 B]
2026-10-06T07:42:27.9010519Z Get:21 http://azure.archive.ubuntu.com/ubuntu noble-backports/universe amd64 Components [12.6 kB]
2026-10-06T07:42:27.9073853Z Get:22 http://azure.archive.ubuntu.com/ubuntu noble-security/main amd64 Packages [1071 kB]
2026-10-06T07:42:27.9134380Z Get:23 http://azure.archive.ubuntu.com/ubuntu noble-security/main Translation-en [222 kB]
2026-10-06T07:42:27.9155487Z Get:24 http://azure.archive.ubuntu.com/ubuntu noble-security/main amd64 Components [46.4 kB]
2026-10-06T07:42:27.9167274Z Get:25 http://azure.archive.ubuntu.com/ubuntu noble-security/universe amd64 Packages [1216 kB]
2026-10-06T07:42:27.9234987Z Get:26 http://azure.archive.ubuntu.com/ubuntu noble-security/universe Translation-en [244 kB]
2026-10-06T07:42:27.9255720Z Get:27 http://azure.archive.ubuntu.com/ubuntu noble-security/universe amd64 Components [76.3 kB]
2026-10-06T07:42:27.9269736Z Get:28 http://azure.archive.ubuntu.com/ubuntu noble-security/restricted amd64 Packages [1566 kB]
2026-10-06T07:42:27.9351514Z Get:29 http://azure.archive.ubuntu.com/ubuntu noble-security/restricted Translation-en [361 kB]
2026-10-06T07:42:32.4393292Z Fetched 12.6 MB in 1s (8731 kB/s)
2026-10-06T07:42:33.2436078Z Reading package lists...
2026-10-06T07:42:33.2694283Z Reading package lists...
2026-10-06T07:42:33.4633413Z Building dependency tree...
2026-10-06T07:42:33.4641208Z Reading state information...
2026-10-06T07:42:33.6245275Z libasound2t64 is already the newest version (1.2.11-1ubuntu0.3).
2026-10-06T07:42:33.6245964Z libasound2t64 set to manually installed.
2026-10-06T07:42:33.6246602Z libatk-bridge2.0-0t64 is already the newest version (2.52.0-1build1).
2026-10-06T07:42:33.6247227Z libatk-bridge2.0-0t64 set to manually installed.
2026-10-06T07:42:33.6247842Z libatk1.0-0t64 is already the newest version (2.52.0-1build1).
2026-10-06T07:42:33.6248377Z libatk1.0-0t64 set to manually installed.
2026-10-06T07:42:33.6249040Z libatspi2.0-0t64 is already the newest version (2.52.0-1build1).
2026-10-06T07:42:33.6249728Z libatspi2.0-0t64 set to manually installed.
2026-10-06T07:42:33.6250221Z libcairo2 is already the newest version (1.18.0-3build1).
2026-10-06T07:42:33.6250602Z libcairo2 set to manually installed.
2026-10-06T07:42:33.6251019Z libcups2t64 is already the newest version (2.4.7-1.2ubuntu7.14).
2026-10-06T07:42:33.6251825Z libcups2t64 set to manually installed.
2026-10-06T07:42:33.6252297Z libdbus-1-3 is already the newest version (1.14.10-4ubuntu4.1).
2026-10-06T07:42:33.6252690Z libdbus-1-3 set to manually installed.
2026-10-06T07:42:33.6253096Z libdrm2 is already the newest version (2.4.125-1ubuntu0.1~24.04.2).
2026-10-06T07:42:33.6253502Z libdrm2 set to manually installed.
2026-10-06T07:42:33.6253916Z libglib2.0-0t64 is already the newest version (2.80.0-6ubuntu3.9).
2026-10-06T07:42:33.6254622Z libglib2.0-0t64 set to manually installed.
2026-10-06T07:42:33.6255284Z libnspr4 is already the newest version (2:4.35-1.1build1).
2026-10-06T07:42:33.6255683Z libnspr4 set to manually installed.
2026-10-06T07:42:33.6256452Z libnss3 is already the newest version (2:3.98-1ubuntu0.2).
2026-10-06T07:42:33.6256818Z libnss3 set to manually installed.
2026-10-06T07:42:33.6257215Z libpango-1.0-0 is already the newest version (1.52.1+ds-1build1).
2026-10-06T07:42:33.6257834Z libpango-1.0-0 set to manually installed.
2026-10-06T07:42:33.6258485Z libx11-6 is already the newest version (2:1.8.7-1build1).
2026-10-06T07:42:33.6259038Z libx11-6 set to manually installed.
2026-10-06T07:42:33.6259742Z libxcb1 is already the newest version (1.15-1ubuntu2).
2026-10-06T07:42:33.6260292Z libxcb1 set to manually installed.
2026-10-06T07:42:33.6260923Z libxcomposite1 is already the newest version (1:0.4.5-1build3).
2026-10-06T07:42:33.6261868Z libxcomposite1 set to manually installed.
2026-10-06T07:42:33.6262560Z libxdamage1 is already the newest version (1:1.1.6-1build1).
2026-10-06T07:42:33.6263206Z libxdamage1 set to manually installed.
2026-10-06T07:42:33.6263848Z libxext6 is already the newest version (2:1.3.4-1build2).
2026-10-06T07:42:33.6264473Z libxext6 set to manually installed.
2026-10-06T07:42:33.6265224Z libxfixes3 is already the newest version (1:6.0.0-2build1).
2026-10-06T07:42:33.6265853Z libxfixes3 set to manually installed.
2026-10-06T07:42:33.6266515Z libxkbcommon0 is already the newest version (1.6.0-1build1).
2026-10-06T07:42:33.6267165Z libxkbcommon0 set to manually installed.
2026-10-06T07:42:33.6267860Z libxrandr2 is already the newest version (2:1.5.2-2build1).
2026-10-06T07:42:33.6268471Z libxrandr2 set to manually installed.
2026-10-06T07:42:33.6269113Z xvfb is already the newest version (2:21.1.12-1ubuntu1.8).
2026-10-06T07:42:33.6270184Z fonts-noto-color-emoji is already the newest version (2.047-0ubuntu0.24.04.1).
2026-10-06T07:42:33.6271120Z libfontconfig1 is already the newest version (2.15.0-1.1ubuntu2).
2026-10-06T07:42:33.6272004Z libfontconfig1 set to manually installed.
2026-10-06T07:42:33.6272816Z libfreetype6 is already the newest version (2.13.2+dfsg-1ubuntu0.1).
2026-10-06T07:42:33.6273524Z libfreetype6 set to manually installed.
2026-10-06T07:42:33.6274206Z fonts-liberation is already the newest version (1:2.1.5-3).
2026-10-06T07:42:33.6274889Z fonts-liberation set to manually installed.
2026-10-06T07:42:33.6275537Z The following additional packages will be installed:
2026-10-06T07:42:33.6276348Z   libgl1-mesa-dri libglx-mesa0 mesa-libgallium xfonts-encodings xfonts-utils
2026-10-06T07:42:33.6277261Z Recommended packages:
2026-10-06T07:42:33.6277714Z   fonts-ipafont-mincho fonts-tlwg-loma
2026-10-06T07:42:33.6453359Z The following NEW packages will be installed:
2026-10-06T07:42:33.6454078Z   fonts-freefont-ttf fonts-ipafont-gothic fonts-tlwg-loma-otf fonts-unifont
2026-10-06T07:42:33.6458609Z   fonts-wqy-zenhei xfonts-cyrillic xfonts-encodings xfonts-scalable
2026-10-06T07:42:33.6459191Z   xfonts-utils
2026-10-06T07:42:33.6462573Z The following packages will be upgraded:
2026-10-06T07:42:33.6466758Z   libgbm1 libgl1-mesa-dri libglx-mesa0 mesa-libgallium
2026-10-06T07:42:33.6643579Z 4 upgraded, 9 newly installed, 0 to remove and 21 not upgraded.
2026-10-06T07:42:33.6644284Z Need to get 32.1 MB of archives.
2026-10-06T07:42:33.6644769Z After this operation, 79.5 MB of additional disk space will be used.
2026-10-06T07:42:33.6645276Z Get:1 file:/etc/apt/apt-mirrors.txt Mirrorlist [144 B]
2026-10-06T07:42:33.7379581Z Get:2 http://azure.archive.ubuntu.com/ubuntu noble/universe amd64 fonts-ipafont-gothic all 00303-21ubuntu1 [3513 kB]
2026-10-06T07:42:34.5462672Z Get:3 http://azure.archive.ubuntu.com/ubuntu noble/main amd64 fonts-freefont-ttf all 20211204+svn4273-2 [5641 kB]
2026-10-06T07:42:35.7011633Z Get:4 http://azure.archive.ubuntu.com/ubuntu noble/universe amd64 fonts-tlwg-loma-otf all 1:0.7.3-1 [107 kB]
2026-10-06T07:42:35.7730838Z Get:5 http://azure.archive.ubuntu.com/ubuntu noble/universe amd64 fonts-unifont all 1:15.1.01-1build1 [2993 kB]
2026-10-06T07:42:36.3670085Z Get:6 http://azure.archive.ubuntu.com/ubuntu noble/universe amd64 fonts-wqy-zenhei all 0.9.45-8 [7472 kB]
2026-10-06T07:42:37.3995575Z Get:7 http://azure.archive.ubuntu.com/ubuntu noble-updates/main amd64 libgl1-mesa-dri amd64 25.2.8-0ubuntu0.24.04.4 [38.0 kB]
2026-10-06T07:42:37.4554146Z Get:8 http://azure.archive.ubuntu.com/ubuntu noble-updates/main amd64 libglx-mesa0 amd64 25.2.8-0ubuntu0.24.04.4 [110 kB]
2026-10-06T07:42:37.5191632Z Get:9 http://azure.archive.ubuntu.com/ubuntu noble-updates/main amd64 libgbm1 amd64 25.2.8-0ubuntu0.24.04.4 [34.2 kB]
2026-10-06T07:42:37.5731966Z Get:10 http://azure.archive.ubuntu.com/ubuntu noble-updates/main amd64 mesa-libgallium amd64 25.2.8-0ubuntu0.24.04.4 [10.8 MB]
2026-10-06T07:42:38.9097370Z Get:11 http://azure.archive.ubuntu.com/ubuntu noble/main amd64 xfonts-encodings all 1:1.0.5-0ubuntu2 [578 kB]
2026-10-06T07:42:39.0268073Z Get:12 http://azure.archive.ubuntu.com/ubuntu noble/main amd64 xfonts-utils amd64 1:7.7+6build3 [94.4 kB]
2026-10-06T07:42:39.0818906Z Get:13 http://azure.archive.ubuntu.com/ubuntu noble/universe amd64 xfonts-cyrillic all 1:1.0.5+nmu1 [384 kB]
2026-10-06T07:42:39.1843503Z Get:14 http://azure.archive.ubuntu.com/ubuntu noble/main amd64 xfonts-scalable all 1:1.0.3-1.3 [304 kB]
2026-10-06T07:42:39.4699616Z Fetched 32.1 MB in 6s (5771 kB/s)
2026-10-06T07:42:39.4938038Z Selecting previously unselected package fonts-ipafont-gothic.
2026-10-06T07:42:39.5219679Z (Reading database ... 
2026-10-06T07:42:39.5220119Z (Reading database ... 5%
2026-10-06T07:42:39.5220439Z (Reading database ... 10%
2026-10-06T07:42:39.5220702Z (Reading database ... 15%
2026-10-06T07:42:39.5220942Z (Reading database ... 20%
2026-10-06T07:42:39.5221453Z (Reading database ... 25%
2026-10-06T07:42:39.5222452Z (Reading database ... 30%
2026-10-06T07:42:39.5222845Z (Reading database ... 35%
2026-10-06T07:42:39.5223230Z (Reading database ... 40%
2026-10-06T07:42:39.5223535Z (Reading database ... 45%
2026-10-06T07:42:39.5223774Z (Reading database ... 50%
2026-10-06T07:42:39.5255177Z (Reading database ... 55%
2026-10-06T07:42:39.6439639Z (Reading database ... 60%
2026-10-06T07:42:39.8490021Z (Reading database ... 65%
2026-10-06T07:42:40.0497724Z (Reading database ... 70%
2026-10-06T07:42:40.2484935Z (Reading database ... 75%
2026-10-06T07:42:40.3915441Z (Reading database ... 80%
2026-10-06T07:42:40.5560905Z (Reading database ... 85%
2026-10-06T07:42:40.7465329Z (Reading database ... 90%
2026-10-06T07:42:40.9128548Z (Reading database ... 95%
2026-10-06T07:42:40.9129033Z (Reading database ... 100%
2026-10-06T07:42:40.9130028Z (Reading database ... 202296 files and directories currently installed.)
2026-10-06T07:42:40.9176707Z Preparing to unpack .../00-fonts-ipafont-gothic_00303-21ubuntu1_all.deb ...
2026-10-06T07:42:40.9266977Z Unpacking fonts-ipafont-gothic (00303-21ubuntu1) ...
2026-10-06T07:42:41.1679730Z Selecting previously unselected package fonts-freefont-ttf.
2026-10-06T07:42:41.1811107Z Preparing to unpack .../01-fonts-freefont-ttf_20211204+svn4273-2_all.deb ...
2026-10-06T07:42:41.1816883Z Unpacking fonts-freefont-ttf (20211204+svn4273-2) ...
2026-10-06T07:42:41.2630129Z Selecting previously unselected package fonts-tlwg-loma-otf.
2026-10-06T07:42:41.2760653Z Preparing to unpack .../02-fonts-tlwg-loma-otf_1%3a0.7.3-1_all.deb ...
2026-10-06T07:42:41.2766317Z Unpacking fonts-tlwg-loma-otf (1:0.7.3-1) ...
2026-10-06T07:42:41.2966935Z Selecting previously unselected package fonts-unifont.
2026-10-06T07:42:41.3097778Z Preparing to unpack .../03-fonts-unifont_1%3a15.1.01-1build1_all.deb ...
2026-10-06T07:42:41.3103846Z Unpacking fonts-unifont (1:15.1.01-1build1) ...
2026-10-06T07:42:41.4187041Z Selecting previously unselected package fonts-wqy-zenhei.
2026-10-06T07:42:41.4318490Z Preparing to unpack .../04-fonts-wqy-zenhei_0.9.45-8_all.deb ...
2026-10-06T07:42:41.4423068Z Unpacking fonts-wqy-zenhei (0.9.45-8) ...
2026-10-06T07:42:41.9275211Z Preparing to unpack .../05-libgl1-mesa-dri_25.2.8-0ubuntu0.24.04.4_amd64.deb ...
2026-10-06T07:42:41.9422306Z Unpacking libgl1-mesa-dri:amd64 (25.2.8-0ubuntu0.24.04.4) over (25.2.8-0ubuntu0.24.04.2) ...
2026-10-06T07:42:41.9908600Z Preparing to unpack .../06-libglx-mesa0_25.2.8-0ubuntu0.24.04.4_amd64.deb ...
2026-10-06T07:42:41.9934188Z Unpacking libglx-mesa0:amd64 (25.2.8-0ubuntu0.24.04.4) over (25.2.8-0ubuntu0.24.04.2) ...
2026-10-06T07:42:42.0295276Z Preparing to unpack .../07-libgbm1_25.2.8-0ubuntu0.24.04.4_amd64.deb ...
2026-10-06T07:42:42.0311890Z Unpacking libgbm1:amd64 (25.2.8-0ubuntu0.24.04.4) over (25.2.8-0ubuntu0.24.04.2) ...
2026-10-06T07:42:42.0673078Z Preparing to unpack .../08-mesa-libgallium_25.2.8-0ubuntu0.24.04.4_amd64.deb ...
2026-10-06T07:42:42.0694270Z Unpacking mesa-libgallium:amd64 (25.2.8-0ubuntu0.24.04.4) over (25.2.8-0ubuntu0.24.04.2) ...
2026-10-06T07:42:42.2441924Z Selecting previously unselected package xfonts-encodings.
2026-10-06T07:42:42.2575305Z Preparing to unpack .../09-xfonts-encodings_1%3a1.0.5-0ubuntu2_all.deb ...
2026-10-06T07:42:42.2581633Z Unpacking xfonts-encodings (1:1.0.5-0ubuntu2) ...
2026-10-06T07:42:42.2857010Z Selecting previously unselected package xfonts-utils.
2026-10-06T07:42:42.2989160Z Preparing to unpack .../10-xfonts-utils_1%3a7.7+6build3_amd64.deb ...
2026-10-06T07:42:42.2996308Z Unpacking xfonts-utils (1:7.7+6build3) ...
2026-10-06T07:42:42.3330184Z Selecting previously unselected package xfonts-cyrillic.
2026-10-06T07:42:42.3467304Z Preparing to unpack .../11-xfonts-cyrillic_1%3a1.0.5+nmu1_all.deb ...
2026-10-06T07:42:42.3475085Z Unpacking xfonts-cyrillic (1:1.0.5+nmu1) ...
2026-10-06T07:42:42.3807986Z Selecting previously unselected package xfonts-scalable.
2026-10-06T07:42:42.3942390Z Preparing to unpack .../12-xfonts-scalable_1%3a1.0.3-1.3_all.deb ...
2026-10-06T07:42:42.3949067Z Unpacking xfonts-scalable (1:1.0.3-1.3) ...
2026-10-06T07:42:42.4403692Z Setting up mesa-libgallium:amd64 (25.2.8-0ubuntu0.24.04.4) ...
2026-10-06T07:42:42.4427989Z Setting up libgbm1:amd64 (25.2.8-0ubuntu0.24.04.4) ...
2026-10-06T07:42:42.4443377Z Setting up libgl1-mesa-dri:amd64 (25.2.8-0ubuntu0.24.04.4) ...
2026-10-06T07:42:42.4516942Z Setting up fonts-wqy-zenhei (0.9.45-8) ...
2026-10-06T07:42:42.4628490Z Setting up fonts-freefont-ttf (20211204+svn4273-2) ...
2026-10-06T07:42:42.4644262Z Setting up fonts-tlwg-loma-otf (1:0.7.3-1) ...
2026-10-06T07:42:42.4657692Z Setting up xfonts-encodings (1:1.0.5-0ubuntu2) ...
2026-10-06T07:42:42.4671095Z Setting up fonts-ipafont-gothic (00303-21ubuntu1) ...
2026-10-06T07:42:42.4737124Z update-alternatives: using /usr/share/fonts/opentype/ipafont-gothic/ipag.ttf to provide /usr/share/fonts/truetype/fonts-japanese-gothic.ttf (fonts-japanese-gothic.ttf) in auto mode
2026-10-06T07:42:42.4749739Z Setting up fonts-unifont (1:15.1.01-1build1) ...
2026-10-06T07:42:42.4763276Z Setting up libglx-mesa0:amd64 (25.2.8-0ubuntu0.24.04.4) ...
2026-10-06T07:42:42.4788722Z Setting up xfonts-utils (1:7.7+6build3) ...
2026-10-06T07:42:42.4828719Z Setting up xfonts-cyrillic (1:1.0.5+nmu1) ...
2026-10-06T07:42:42.5138159Z Setting up xfonts-scalable (1:1.0.3-1.3) ...
2026-10-06T07:42:42.5428412Z Processing triggers for libc-bin (2.39-0ubuntu8.9) ...
2026-10-06T07:42:42.5723630Z Processing triggers for man-db (2.12.0-4build2) ...
2026-10-06T07:42:42.5743210Z Not building database; man-db/auto-update is not 'true'.
2026-10-06T07:42:42.5753753Z Processing triggers for fontconfig (2.15.0-1.1ubuntu2) ...
2026-10-06T07:42:43.2923244Z 
2026-10-06T07:42:43.2923924Z Running kernel seems to be up-to-date.
2026-10-06T07:42:43.2924304Z 
2026-10-06T07:42:43.2924528Z No services need to be restarted.
2026-10-06T07:42:43.2924798Z 
2026-10-06T07:42:43.2925083Z No containers need to be restarted.
2026-10-06T07:42:43.2925359Z 
2026-10-06T07:42:43.2925643Z No user sessions are running outdated binaries.
2026-10-06T07:42:43.2925978Z 
2026-10-06T07:42:43.2926268Z No VM guests are running outdated hypervisor (qemu) binaries on this host.
2026-10-06T07:42:44.2870388Z Downloading Chrome for Testing 153.0.8010.12 (playwright chromium v1243) from https://cdn.playwright.dev/builds/cft/153.0.8010.12/linux64/chrome-linux64.zip
2026-10-06T07:42:44.7103452Z |                                                                                |   0% of 186.8 MiB
2026-10-06T07:42:44.9326423Z |■■■■■■■■                                                                        |  10% of 186.8 MiB
2026-10-06T07:42:45.0100361Z |■■■■■■■■■■■■■■■■                                                                |  20% of 186.8 MiB
2026-10-06T07:42:45.1013671Z |■■■■■■■■■■■■■■■■■■■■■■■■                                                        |  30% of 186.8 MiB
2026-10-06T07:42:45.1643155Z |■■■■■■■■■■■■■■■■■■■■■■■■■■■■■■■■                                                |  40% of 186.8 MiB
2026-10-06T07:42:45.2376619Z |■■■■■■■■■■■■■■■■■■■■■■■■■■■■■■■■■■■■■■■■                                        |  50% of 186.8 MiB
2026-10-06T07:42:45.2965915Z |■■■■■■■■■■■■■■■■■■■■■■■■■■■■■■■■■■■■■■■■■■■■■■■■                                |  60% of 186.8 MiB
2026-10-06T07:42:45.3726102Z |■■■■■■■■■■■■■■■■■■■■■■■■■■■■■■■■■■■■■■■■■■■■■■■■■■■■■■■■                        |  70% of 186.8 MiB
2026-10-06T07:42:45.4583740Z |■■■■■■■■■■■■■■■■■■■■■■■■■■■■■■■■■■■■■■■■■■■■■■■■■■■■■■■■■■■■■■■■                |  80% of 186.8 MiB
2026-10-06T07:42:45.5173059Z |■■■■■■■■■■■■■■■■■■■■■■■■■■■■■■■■■■■■■■■■■■■■■■■■■■■■■■■■■■■■■■■■■■■■■■■■        |  90% of 186.8 MiB
2026-10-06T07:42:45.5953270Z |■■■■■■■■■■■■■■■■■■■■■■■■■■■■■■■■■■■■■■■■■■■■■■■■■■■■■■■■■■■■■■■■■■■■■■■■■■■■■■■■| 100% of 186.8 MiB
2026-10-06T07:42:48.5699119Z Chrome for Testing 153.0.8010.12 (playwright chromium v1243) downloaded to /home/runner/.cache/ms-playwright/chromium-1243
2026-10-06T07:42:48.5703233Z Downloading FFmpeg (playwright ffmpeg v1011) from https://cdn.playwright.dev/dbazure/download/playwright/builds/ffmpeg/1011/ffmpeg-linux.zip
2026-10-06T07:42:48.9733246Z |                                                                                |   0% of 2.3 MiB
2026-10-06T07:42:49.0229151Z |■■■■■■■■                                                                        |  10% of 2.3 MiB
2026-10-06T07:42:49.0420160Z |■■■■■■■■■■■■■■■■                                                                |  20% of 2.3 MiB
2026-10-06T07:42:49.0580445Z |■■■■■■■■■■■■■■■■■■■■■■■■                                                        |  30% of 2.3 MiB
2026-10-06T07:42:49.0732770Z |■■■■■■■■■■■■■■■■■■■■■■■■■■■■■■■■                                                |  40% of 2.3 MiB
2026-10-06T07:42:49.0768592Z |■■■■■■■■■■■■■■■■■■■■■■■■■■■■■■■■■■■■■■■■                                        |  50% of 2.3 MiB
2026-10-06T07:42:49.0915779Z |■■■■■■■■■■■■■■■■■■■■■■■■■■■■■■■■■■■■■■■■■■■■■■■■                                |  60% of 2.3 MiB
2026-10-06T07:42:49.0929929Z |■■■■■■■■■■■■■■■■■■■■■■■■■■■■■■■■■■■■■■■■■■■■■■■■■■■■■■■■                        |  70% of 2.3 MiB
2026-10-06T07:42:49.0952879Z |■■■■■■■■■■■■■■■■■■■■■■■■■■■■■■■■■■■■■■■■■■■■■■■■■■■■■■■■■■■■■■■■                |  80% of 2.3 MiB
2026-10-06T07:42:49.1085079Z |■■■■■■■■■■■■■■■■■■■■■■■■■■■■■■■■■■■■■■■■■■■■■■■■■■■■■■■■■■■■■■■■■■■■■■■■        |  90% of 2.3 MiB
2026-10-06T07:42:49.1099188Z |■■■■■■■■■■■■■■■■■■■■■■■■■■■■■■■■■■■■■■■■■■■■■■■■■■■■■■■■■■■■■■■■■■■■■■■■■■■■■■■■| 100% of 2.3 MiB
2026-10-06T07:42:49.1665989Z FFmpeg (playwright ffmpeg v1011) downloaded to /home/runner/.cache/ms-playwright/ffmpeg-1011
2026-10-06T07:42:49.1669324Z Downloading Chrome Headless Shell 153.0.8010.12 (playwright chromium-headless-shell v1243) from https://cdn.playwright.dev/builds/cft/153.0.8010.12/linux64/chrome-headless-shell-linux64.zip
2026-10-06T07:42:49.6164007Z |                                                                                |   0% of 114.3 MiB
2026-10-06T07:42:49.7862577Z |■■■■■■■■                                                                        |  10% of 114.3 MiB
2026-10-06T07:42:49.8593931Z |■■■■■■■■■■■■■■■■                                                                |  20% of 114.3 MiB
2026-10-06T07:42:49.9075491Z |■■■■■■■■■■■■■■■■■■■■■■■■                                                        |  30% of 114.3 MiB
2026-10-06T07:42:49.9916098Z |■■■■■■■■■■■■■■■■■■■■■■■■■■■■■■■■                                                |  40% of 114.3 MiB
2026-10-06T07:42:50.0623913Z |■■■■■■■■■■■■■■■■■■■■■■■■■■■■■■■■■■■■■■■■                                        |  50% of 114.3 MiB
2026-10-06T07:42:50.1082131Z |■■■■■■■■■■■■■■■■■■■■■■■■■■■■■■■■■■■■■■■■■■■■■■■■                                |  60% of 114.3 MiB
2026-10-06T07:42:50.1588235Z |■■■■■■■■■■■■■■■■■■■■■■■■■■■■■■■■■■■■■■■■■■■■■■■■■■■■■■■■                        |  70% of 114.3 MiB
2026-10-06T07:42:50.1962497Z |■■■■■■■■■■■■■■■■■■■■■■■■■■■■■■■■■■■■■■■■■■■■■■■■■■■■■■■■■■■■■■■■                |  80% of 114.3 MiB
2026-10-06T07:42:50.2304811Z |■■■■■■■■■■■■■■■■■■■■■■■■■■■■■■■■■■■■■■■■■■■■■■■■■■■■■■■■■■■■■■■■■■■■■■■■        |  90% of 114.3 MiB
2026-10-06T07:42:50.2810733Z |■■■■■■■■■■■■■■■■■■■■■■■■■■■■■■■■■■■■■■■■■■■■■■■■■■■■■■■■■■■■■■■■■■■■■■■■■■■■■■■■| 100% of 114.3 MiB
2026-10-06T07:42:52.4378859Z Chrome Headless Shell 153.0.8010.12 (playwright chromium-headless-shell v1243) downloaded to /home/runner/.cache/ms-playwright/chromium_headless_shell-1243
2026-10-06T07:42:52.4699002Z ##[group]Run npm run test:weaveos
2026-10-06T07:42:52.4699315Z [36;1mnpm run test:weaveos[0m
2026-10-06T07:42:52.4769170Z shell: /usr/bin/bash -e {0}
2026-10-06T07:42:52.4769476Z ##[endgroup]
2026-10-06T07:42:52.5766367Z 
2026-10-06T07:42:52.5766958Z > arca-ui@0.0.1 test:weaveos
2026-10-06T07:42:52.5767532Z > playwright test -c playwright.weaveos.config.ts
2026-10-06T07:42:52.5767797Z 
2026-10-06T07:42:53.8700628Z [WebServer] (!) Failed to run dependency scan. Skipping dependency pre-bundling. Error: The following dependencies are imported but could not be resolved:
2026-10-06T07:42:53.8702300Z [WebServer] 
2026-10-06T07:42:53.8703450Z [WebServer]   ajv/dist/2020 (imported by /home/runner/work/arca-ui/arca-ui/enterprise/frontend/packages/business-shared/src/lowcode/field-model.ts)
2026-10-06T07:42:53.8704660Z [WebServer]   dompurify (imported by /home/runner/work/arca-ui/arca-ui/enterprise/frontend/packages/business-shared/src/lowcode/ExtendedFields.tsx)
2026-10-06T07:42:53.8705430Z [WebServer] 
2026-10-06T07:42:53.8705734Z [WebServer] Are they installed?
2026-10-06T07:42:53.8706521Z [WebServer]     at file:///home/runner/work/arca-ui/arca-ui/node_modules/vite/dist/node/chunks/node.js:27899:33
2026-10-06T07:42:53.8707913Z [WebServer]     at async file:///home/runner/work/arca-ui/arca-ui/node_modules/vite/dist/node/chunks/node.js:35201:15
2026-10-06T07:42:54.1726660Z 
2026-10-06T07:42:54.1727325Z Running 10 tests using 2 workers
2026-10-06T07:42:54.1727660Z 
2026-10-06T07:43:00.6488842Z   ✘   2 [chromium] › tests/weaveos/studio.spec.ts:6:1 › shell uses collapsible icon rail and edge-to-edge content card (5.6s)
2026-10-06T07:43:15.1239869Z   ✘   1 [chromium] › tests/weaveos/studio.spec.ts:19:1 › source dialog has accessible title, focus isolation and restores origin (20.1s)
2026-10-06T07:43:21.3453878Z   ✘   3 [chromium] › tests/weaveos/studio.spec.ts:27:1 › second source restores its own focus (20.1s)
2026-10-06T07:43:35.8167922Z   ✘   4 [chromium] › tests/weaveos/studio.spec.ts:34:1 › close during opening and repeat never leaves an overlay or locked page (20.1s)
2026-10-06T07:43:42.0527812Z   ✘   5 [chromium] › tests/weaveos/studio.spec.ts:42:1 › save feedback waits for result and errors retain editable input (20.1s)
2026-10-06T07:43:56.5511185Z   ✘   6 [chromium] › tests/weaveos/studio.spec.ts:58:1 › nested select Escape dismisses only the list, then dialog (20.1s)
2026-10-06T07:44:02.7558690Z   ✘   7 [chromium] › tests/weaveos/studio.spec.ts:67:1 › reduced motion preserves usable modal without scale displacement (20.1s)
2026-10-06T07:44:17.2292918Z   ✘   8 [chromium] › tests/weaveos/studio.spec.ts:76:1 › mobile view fits viewport and dialog remains operable (20.1s)
2026-10-06T07:44:23.4544780Z   ✘   9 [chromium] › tests/weaveos/studio.spec.ts:85:1 › theme controls, basic controls and component navigation work (20.1s)
2026-10-06T07:44:38.0619281Z   ✘  10 [chromium] › tests/weaveos/studio.spec.ts:95:1 › studio and open modal have no serious accessibility violations (20.2s)
2026-10-06T07:44:38.0997488Z 
2026-10-06T07:44:38.1003616Z 
2026-10-06T07:44:38.1014480Z   1) [chromium] › tests/weaveos/studio.spec.ts:6:1 › shell uses collapsible icon rail and edge-to-edge content card 
2026-10-06T07:44:38.1015322Z 
2026-10-06T07:44:38.1015612Z     Error: expect(locator).toBeVisible() failed
2026-10-06T07:44:38.1015966Z 
2026-10-06T07:44:38.1016211Z     Locator: getByTestId('workspace-card')
2026-10-06T07:44:38.1016692Z     Expected: visible
2026-10-06T07:44:38.1017058Z     Timeout: 5000ms
2026-10-06T07:44:38.1017454Z     Error: element(s) not found
2026-10-06T07:44:38.1017732Z 
2026-10-06T07:44:38.1017878Z     Call log:
2026-10-06T07:44:38.1018489Z       - Expect "toBeVisible" getByTestId('workspace-card') with timeout 5000ms
2026-10-06T07:44:38.1019247Z       - waiting for getByTestId('workspace-card')
2026-10-06T07:44:38.1019584Z 
2026-10-06T07:44:38.1019592Z 
2026-10-06T07:44:38.1020130Z        6 | test('shell uses collapsible icon rail and edge-to-edge content card', async ({ page }) => {
2026-10-06T07:44:38.1021736Z        7 |  const shell = page.getByTestId('workspace-card')
2026-10-06T07:44:38.1022418Z     >  8 |  await expect(shell).toBeVisible()
2026-10-06T07:44:38.1022950Z          |                      ^
2026-10-06T07:44:38.1023923Z        9 |  const b = await shell.boundingBox(); expect(b!.y).toBe(0); expect(b!.x + b!.width).toBe(1440); expect(b!.height).toBe(1000)
2026-10-06T07:44:38.1025184Z       10 |  await page.getByRole('button', { name: '收起侧边栏' }).click()
2026-10-06T07:44:38.1026112Z       11 |  await expect(page.getByTestId('sidebar')).toHaveAttribute('data-collapsed','true')
2026-10-06T07:44:38.1027068Z         at /home/runner/work/arca-ui/arca-ui/tests/weaveos/studio.spec.ts:8:22
2026-10-06T07:44:38.1027543Z 
2026-10-06T07:44:38.1028266Z     attachment #1: screenshot (image/png) ──────────────────────────────────────────────────────────
2026-10-06T07:44:38.1029499Z     test-results/studio-shell-uses-collapsi-2ce11-d-edge-to-edge-content-card-chromium/test-failed-1.png
2026-10-06T07:44:38.1030937Z     ────────────────────────────────────────────────────────────────────────────────────────────────
2026-10-06T07:44:38.1031749Z 
2026-10-06T07:44:38.1032881Z     Error Context: test-results/studio-shell-uses-collapsi-2ce11-d-edge-to-edge-content-card-chromium/error-context.md
2026-10-06T07:44:38.1033704Z 
2026-10-06T07:44:38.1034455Z     attachment #3: trace (application/zip) ─────────────────────────────────────────────────────────
2026-10-06T07:44:38.1035651Z     test-results/studio-shell-uses-collapsi-2ce11-d-edge-to-edge-content-card-chromium/trace.zip
2026-10-06T07:44:38.1036509Z     Usage:
2026-10-06T07:44:38.1036695Z 
2026-10-06T07:44:38.1037533Z         npx playwright show-trace test-results/studio-shell-uses-collapsi-2ce11-d-edge-to-edge-content-card-chromium/trace.zip
2026-10-06T07:44:38.1038473Z 
2026-10-06T07:44:38.1039124Z     ────────────────────────────────────────────────────────────────────────────────────────────────
2026-10-06T07:44:38.1039529Z 
2026-10-06T07:44:38.1040350Z   2) [chromium] › tests/weaveos/studio.spec.ts:19:1 › source dialog has accessible title, focus isolation and restores origin 
2026-10-06T07:44:38.1041119Z 
2026-10-06T07:44:38.1041565Z     Test timeout of 20000ms exceeded.
2026-10-06T07:44:38.1041864Z 
2026-10-06T07:44:38.1042188Z     Error: locator.click: Test timeout of 20000ms exceeded.
2026-10-06T07:44:38.1042711Z     Call log:
2026-10-06T07:44:38.1043408Z       - waiting for getByRole('button', { name: '新建应用', exact: true })
2026-10-06T07:44:38.1043853Z 
2026-10-06T07:44:38.1043862Z 
2026-10-06T07:44:38.1043999Z       18 |
2026-10-06T07:44:38.1044784Z       19 | test('source dialog has accessible title, focus isolation and restores origin', async ({ page }) => {
2026-10-06T07:44:38.1046097Z     > 20 |  const trigger=page.getByRole('button',{name:'新建应用',exact:true}); await trigger.click()
2026-10-06T07:44:38.1046983Z          |                                                                                 ^
2026-10-06T07:44:38.1048121Z       21 |  const dialog=page.getByRole('dialog',{name:'创建应用',exact:true}); await expect(dialog).toBeVisible()
2026-10-06T07:44:38.1049181Z       22 |  await expect(dialog.getByLabel('应用名称')).toBeFocused()
2026-10-06T07:44:38.1050448Z       23 |  for(let i=0;i<10;i++) { await page.keyboard.press('Tab'); expect(await dialog.evaluate(el=>el.contains(document.activeElement))).toBe(true) }
2026-10-06T07:44:38.1051892Z         at /home/runner/work/arca-ui/arca-ui/tests/weaveos/studio.spec.ts:20:81
2026-10-06T07:44:38.1052397Z 
2026-10-06T07:44:38.1053114Z     attachment #1: screenshot (image/png) ──────────────────────────────────────────────────────────
2026-10-06T07:44:38.1054364Z     test-results/studio-source-dialog-has-a-272f0-olation-and-restores-origin-chromium/test-failed-1.png
2026-10-06T07:44:38.1055592Z     ────────────────────────────────────────────────────────────────────────────────────────────────
2026-10-06T07:44:38.1056068Z 
2026-10-06T07:44:38.1059073Z     Error Context: test-results/studio-source-dialog-has-a-272f0-olation-and-restores-origin-chromium/error-context.md
2026-10-06T07:44:38.1059999Z 
2026-10-06T07:44:38.1060758Z     attachment #3: trace (application/zip) ─────────────────────────────────────────────────────────
2026-10-06T07:44:38.1062369Z     test-results/studio-source-dialog-has-a-272f0-olation-and-restores-origin-chromium/trace.zip
2026-10-06T07:44:38.1063103Z     Usage:
2026-10-06T07:44:38.1063288Z 
2026-10-06T07:44:38.1064087Z         npx playwright show-trace test-results/studio-source-dialog-has-a-272f0-olation-and-restores-origin-chromium/trace.zip
2026-10-06T07:44:38.1064918Z 
2026-10-06T07:44:38.1065578Z     ────────────────────────────────────────────────────────────────────────────────────────────────
2026-10-06T07:44:38.1066036Z 
2026-10-06T07:44:38.1066772Z   3) [chromium] › tests/weaveos/studio.spec.ts:27:1 › second source restores its own focus ─────────
2026-10-06T07:44:38.1067364Z 
2026-10-06T07:44:38.1067576Z     Test timeout of 20000ms exceeded.
2026-10-06T07:44:38.1067869Z 
2026-10-06T07:44:38.1068196Z     Error: locator.click: Test timeout of 20000ms exceeded.
2026-10-06T07:44:38.1068729Z     Call log:
2026-10-06T07:44:38.1069397Z       - waiting for getByRole('button', { name: '从卡片打开' })
2026-10-06T07:44:38.1069744Z 
2026-10-06T07:44:38.1069750Z 
2026-10-06T07:44:38.1069913Z       26 |
2026-10-06T07:44:38.1070478Z       27 | test('second source restores its own focus', async ({page})=>{
2026-10-06T07:44:38.1071751Z     > 28 |  const trigger=page.getByRole('button',{name:'从卡片打开'}); await trigger.click()
2026-10-06T07:44:38.1072570Z          |                                                                       ^
2026-10-06T07:44:38.1073580Z       29 |  await expect(page.getByRole('dialog',{name:'创建应用',exact:true})).toBeVisible()
2026-10-06T07:44:38.1074612Z       30 |  await page.getByRole('button',{name:'关闭窗口',exact:true}).click()
2026-10-06T07:44:38.1075566Z       31 |  await expect(page.getByRole('dialog')).toHaveCount(0); await expect(trigger).toBeFocused()
2026-10-06T07:44:38.1076638Z         at /home/runner/work/arca-ui/arca-ui/tests/weaveos/studio.spec.ts:28:71
2026-10-06T07:44:38.1077106Z 
2026-10-06T07:44:38.1077863Z     attachment #1: screenshot (image/png) ──────────────────────────────────────────────────────────
2026-10-06T07:44:38.1079026Z     test-results/studio-second-source-restores-its-own-focus-chromium/test-failed-1.png
2026-10-06T07:44:38.1080419Z     ────────────────────────────────────────────────────────────────────────────────────────────────
2026-10-06T07:44:38.1080864Z 
2026-10-06T07:44:38.1081620Z     Error Context: test-results/studio-second-source-restores-its-own-focus-chromium/error-context.md
2026-10-06T07:44:38.1082353Z 
2026-10-06T07:44:38.1082955Z     attachment #3: trace (application/zip) ─────────────────────────────────────────────────────────
2026-10-06T07:44:38.1083885Z     test-results/studio-second-source-restores-its-own-focus-chromium/trace.zip
2026-10-06T07:44:38.1084527Z     Usage:
2026-10-06T07:44:38.1084686Z 
2026-10-06T07:44:38.1085763Z         npx playwright show-trace test-results/studio-second-source-restores-its-own-focus-chromium/trace.zip
2026-10-06T07:44:38.1086427Z 
2026-10-06T07:44:38.1087120Z     ────────────────────────────────────────────────────────────────────────────────────────────────
2026-10-06T07:44:38.1087543Z 
2026-10-06T07:44:38.1088321Z   4) [chromium] › tests/weaveos/studio.spec.ts:34:1 › close during opening and repeat never leaves an overlay or locked page 
2026-10-06T07:44:38.1089000Z 
2026-10-06T07:44:38.1089191Z     Test timeout of 20000ms exceeded.
2026-10-06T07:44:38.1089451Z 
2026-10-06T07:44:38.1089731Z     Error: locator.click: Test timeout of 20000ms exceeded.
2026-10-06T07:44:38.1090209Z     Call log:
2026-10-06T07:44:38.1090778Z       - waiting for getByRole('button', { name: '新建应用', exact: true })
2026-10-06T07:44:38.1091175Z 
2026-10-06T07:44:38.1091183Z 
2026-10-06T07:44:38.1091946Z       34 | test('close during opening and repeat never leaves an overlay or locked page', async ({page})=>{
2026-10-06T07:44:38.1092950Z       35 |  const trigger=page.getByRole('button',{name:'新建应用',exact:true})
2026-10-06T07:44:38.1094069Z     > 36 |  for(let i=0;i<3;i++) { await trigger.click(); await page.keyboard.press('Escape'); await expect(page.getByRole('dialog')).toHaveCount(0) }
2026-10-06T07:44:38.1095006Z          |                                       ^
2026-10-06T07:44:38.1095929Z       37 |  await trigger.click(); await expect(page.getByRole('dialog')).toBeVisible(); await page.keyboard.press('Escape')
2026-10-06T07:44:38.1096861Z       38 |  await expect(page.getByRole('dialog')).toHaveCount(0)
2026-10-06T07:44:38.1097721Z       39 |  await expect(page.getByRole('button',{name:'收起侧边栏'})).toBeEnabled()
2026-10-06T07:44:38.1098473Z         at /home/runner/work/arca-ui/arca-ui/tests/weaveos/studio.spec.ts:36:39
2026-10-06T07:44:38.1098924Z 
2026-10-06T07:44:38.1099529Z     attachment #1: screenshot (image/png) ──────────────────────────────────────────────────────────
2026-10-06T07:44:38.1100648Z     test-results/studio-close-during-openin-2c0f0-s-an-overlay-or-locked-page-chromium/test-failed-1.png
2026-10-06T07:44:38.1101976Z     ────────────────────────────────────────────────────────────────────────────────────────────────
2026-10-06T07:44:38.1102406Z 
2026-10-06T07:44:38.1103046Z     Error Context: test-results/studio-close-during-openin-2c0f0-s-an-overlay-or-locked-page-chromium/error-context.md
2026-10-06T07:44:38.1103865Z 
2026-10-06T07:44:38.1104521Z     attachment #3: trace (application/zip) ─────────────────────────────────────────────────────────
2026-10-06T07:44:38.1105657Z     test-results/studio-close-during-openin-2c0f0-s-an-overlay-or-locked-page-chromium/trace.zip
2026-10-06T07:44:38.1106409Z     Usage:
2026-10-06T07:44:38.1106566Z 
2026-10-06T07:44:38.1107287Z         npx playwright show-trace test-results/studio-close-during-openin-2c0f0-s-an-overlay-or-locked-page-chromium/trace.zip
2026-10-06T07:44:38.1108048Z 
2026-10-06T07:44:38.1108780Z     ────────────────────────────────────────────────────────────────────────────────────────────────
2026-10-06T07:44:38.1109193Z 
2026-10-06T07:44:38.1109947Z   5) [chromium] › tests/weaveos/studio.spec.ts:42:1 › save feedback waits for result and errors retain editable input 
2026-10-06T07:44:38.1110750Z 
2026-10-06T07:44:38.1110937Z     Test timeout of 20000ms exceeded.
2026-10-06T07:44:38.1111208Z 
2026-10-06T07:44:38.1111657Z     Error: locator.click: Test timeout of 20000ms exceeded.
2026-10-06T07:44:38.1112120Z     Call log:
2026-10-06T07:44:38.1112689Z       - waiting for getByRole('button', { name: '新建应用', exact: true })
2026-10-06T07:44:38.1113070Z 
2026-10-06T07:44:38.1113077Z 
2026-10-06T07:44:38.1113189Z       41 |
2026-10-06T07:44:38.1113802Z       42 | test('save feedback waits for result and errors retain editable input', async ({page})=>{
2026-10-06T07:44:38.1114738Z     > 43 |  await page.getByRole('button',{name:'新建应用',exact:true}).click()
2026-10-06T07:44:38.1115363Z          |                                                          ^
2026-10-06T07:44:38.1116098Z       44 |  const dialog=page.getByRole('dialog',{name:'创建应用',exact:true})
2026-10-06T07:44:38.1116829Z       45 |  await dialog.getByLabel('应用名称').fill('测试应用')
2026-10-06T07:44:38.1117468Z       46 |  await dialog.getByLabel('模拟保存失败').check()
2026-10-06T07:44:38.1118126Z         at /home/runner/work/arca-ui/arca-ui/tests/weaveos/studio.spec.ts:43:58
2026-10-06T07:44:38.1118543Z 
2026-10-06T07:44:38.1119150Z     attachment #1: screenshot (image/png) ──────────────────────────────────────────────────────────
2026-10-06T07:44:38.1120273Z     test-results/studio-save-feedback-waits-86887-rrors-retain-editable-input-chromium/test-failed-1.png
2026-10-06T07:44:38.1121613Z     ────────────────────────────────────────────────────────────────────────────────────────────────
2026-10-06T07:44:38.1122035Z 
2026-10-06T07:44:38.1122860Z     Error Context: test-results/studio-save-feedback-waits-86887-rrors-retain-editable-input-chromium/error-context.md
2026-10-06T07:44:38.1123661Z 
2026-10-06T07:44:38.1124352Z     attachment #3: trace (application/zip) ─────────────────────────────────────────────────────────
2026-10-06T07:44:38.1125478Z     test-results/studio-save-feedback-waits-86887-rrors-retain-editable-input-chromium/trace.zip
2026-10-06T07:44:38.1126297Z     Usage:
2026-10-06T07:44:38.1126469Z 
2026-10-06T07:44:38.1127265Z         npx playwright show-trace test-results/studio-save-feedback-waits-86887-rrors-retain-editable-input-chromium/trace.zip
2026-10-06T07:44:38.1128047Z 
2026-10-06T07:44:38.1128619Z     ────────────────────────────────────────────────────────────────────────────────────────────────
2026-10-06T07:44:38.1129057Z 
2026-10-06T07:44:38.1129781Z   6) [chromium] › tests/weaveos/studio.spec.ts:58:1 › nested select Escape dismisses only the list, then dialog 
2026-10-06T07:44:38.1130436Z 
2026-10-06T07:44:38.1130653Z     Test timeout of 20000ms exceeded.
2026-10-06T07:44:38.1130945Z 
2026-10-06T07:44:38.1131237Z     Error: locator.click: Test timeout of 20000ms exceeded.
2026-10-06T07:44:38.1132088Z     Call log:
2026-10-06T07:44:38.1132708Z       - waiting for getByRole('button', { name: '新建应用', exact: true })
2026-10-06T07:44:38.1133134Z 
2026-10-06T07:44:38.1133142Z 
2026-10-06T07:44:38.1133261Z       57 |
2026-10-06T07:44:38.1133849Z       58 | test('nested select Escape dismisses only the list, then dialog', async ({page})=>{
2026-10-06T07:44:38.1134784Z     > 59 |  await page.getByRole('button',{name:'新建应用',exact:true}).click()
2026-10-06T07:44:38.1135462Z          |                                                          ^
2026-10-06T07:44:38.1136243Z       60 |  const dialog=page.getByRole('dialog',{name:'创建应用',exact:true})
2026-10-06T07:44:38.1137052Z       61 |  await dialog.getByRole('combobox',{name:'应用分组'}).click()
2026-10-06T07:44:38.1137731Z       62 |  await expect(page.getByRole('listbox')).toBeVisible()
2026-10-06T07:44:38.1138560Z         at /home/runner/work/arca-ui/arca-ui/tests/weaveos/studio.spec.ts:59:58
2026-10-06T07:44:38.1139036Z 
2026-10-06T07:44:38.1139710Z     attachment #1: screenshot (image/png) ──────────────────────────────────────────────────────────
2026-10-06T07:44:38.1140947Z     test-results/studio-nested-select-Escap-ea80d-s-only-the-list-then-dialog-chromium/test-failed-1.png
2026-10-06T07:44:38.1142612Z     ────────────────────────────────────────────────────────────────────────────────────────────────
2026-10-06T07:44:38.1143050Z 
2026-10-06T07:44:38.1143759Z     Error Context: test-results/studio-nested-select-Escap-ea80d-s-only-the-list-then-dialog-chromium/error-context.md
2026-10-06T07:44:38.1144557Z 
2026-10-06T07:44:38.1145217Z     attachment #3: trace (application/zip) ─────────────────────────────────────────────────────────
2026-10-06T07:44:38.1146379Z     test-results/studio-nested-select-Escap-ea80d-s-only-the-list-then-dialog-chromium/trace.zip
2026-10-06T07:44:38.1147187Z     Usage:
2026-10-06T07:44:38.1147353Z 
2026-10-06T07:44:38.1148193Z         npx playwright show-trace test-results/studio-nested-select-Escap-ea80d-s-only-the-list-then-dialog-chromium/trace.zip
2026-10-06T07:44:38.1148990Z 
2026-10-06T07:44:38.1149523Z     ────────────────────────────────────────────────────────────────────────────────────────────────
2026-10-06T07:44:38.1149962Z 
2026-10-06T07:44:38.1150700Z   7) [chromium] › tests/weaveos/studio.spec.ts:67:1 › reduced motion preserves usable modal without scale displacement 
2026-10-06T07:44:38.1151462Z 
2026-10-06T07:44:38.1151645Z     Test timeout of 20000ms exceeded.
2026-10-06T07:44:38.1151901Z 
2026-10-06T07:44:38.1152170Z     Error: locator.click: Test timeout of 20000ms exceeded.
2026-10-06T07:44:38.1152628Z     Call log:
2026-10-06T07:44:38.1153198Z       - waiting for getByRole('button', { name: '新建应用', exact: true })
2026-10-06T07:44:38.1153587Z 
2026-10-06T07:44:38.1153593Z 
2026-10-06T07:44:38.1154083Z       67 | test('reduced motion preserves usable modal without scale displacement', async ({page})=>{
2026-10-06T07:44:38.1155014Z       68 |  await page.emulateMedia({reducedMotion:'reduce'}); await page.reload()
2026-10-06T07:44:38.1155902Z     > 69 |  await page.getByRole('button',{name:'新建应用',exact:true}).click()
2026-10-06T07:44:38.1156523Z          |                                                          ^
2026-10-06T07:44:38.1157273Z       70 |  const dialog=page.getByRole('dialog',{name:'创建应用',exact:true})
2026-10-06T07:44:38.1157991Z       71 |  await expect(dialog).toHaveAttribute('data-motion','reduced')
2026-10-06T07:44:38.1158650Z       72 |  await expect(dialog).toHaveCSS('transform', 'none')
2026-10-06T07:44:38.1159365Z         at /home/runner/work/arca-ui/arca-ui/tests/weaveos/studio.spec.ts:69:58
2026-10-06T07:44:38.1159818Z 
2026-10-06T07:44:38.1160414Z     attachment #1: screenshot (image/png) ──────────────────────────────────────────────────────────
2026-10-06T07:44:38.1161681Z     test-results/studio-reduced-motion-pres-54ccc--without-scale-displacement-chromium/test-failed-1.png
2026-10-06T07:44:38.1163079Z     ────────────────────────────────────────────────────────────────────────────────────────────────
2026-10-06T07:44:38.1163506Z 
2026-10-06T07:44:38.1164222Z     Error Context: test-results/studio-reduced-motion-pres-54ccc--without-scale-displacement-chromium/error-context.md
2026-10-06T07:44:38.1165141Z 
2026-10-06T07:44:38.1165734Z     attachment #3: trace (application/zip) ─────────────────────────────────────────────────────────
2026-10-06T07:44:38.1166820Z     test-results/studio-reduced-motion-pres-54ccc--without-scale-displacement-chromium/trace.zip
2026-10-06T07:44:38.1167675Z     Usage:
2026-10-06T07:44:38.1167845Z 
2026-10-06T07:44:38.1168629Z         npx playwright show-trace test-results/studio-reduced-motion-pres-54ccc--without-scale-displacement-chromium/trace.zip
2026-10-06T07:44:38.1169468Z 
2026-10-06T07:44:38.1170077Z     ────────────────────────────────────────────────────────────────────────────────────────────────
2026-10-06T07:44:38.1170551Z 
2026-10-06T07:44:38.1171446Z   8) [chromium] › tests/weaveos/studio.spec.ts:76:1 › mobile view fits viewport and dialog remains operable 
2026-10-06T07:44:38.1172084Z 
2026-10-06T07:44:38.1172281Z     Test timeout of 20000ms exceeded.
2026-10-06T07:44:38.1172564Z 
2026-10-06T07:44:38.1172878Z     Error: locator.click: Test timeout of 20000ms exceeded.
2026-10-06T07:44:38.1173381Z     Call log:
2026-10-06T07:44:38.1173990Z       - waiting for getByRole('button', { name: '新建应用', exact: true })
2026-10-06T07:44:38.1174399Z 
2026-10-06T07:44:38.1174406Z 
2026-10-06T07:44:38.1174823Z       77 |  await page.setViewportSize({width:390,height:844}); await page.reload()
2026-10-06T07:44:38.1175898Z       78 |  expect(await page.evaluate(()=>document.documentElement.scrollWidth)).toBeLessThanOrEqual(390)
2026-10-06T07:44:38.1177015Z     > 79 |  await page.getByRole('button',{name:'新建应用',exact:true}).click()
2026-10-06T07:44:38.1177693Z          |                                                          ^
2026-10-06T07:44:38.1178739Z       80 |  const dialog=page.getByRole('dialog',{name:'创建应用',exact:true}); await expect(dialog).toBeVisible()
2026-10-06T07:44:38.1180056Z       81 |  const b=await dialog.boundingBox(); expect(b!.x).toBeGreaterThanOrEqual(8); expect(b!.x+b!.width).toBeLessThanOrEqual(382)
2026-10-06T07:44:38.1181215Z       82 |  await page.keyboard.press('Escape'); await expect(dialog).toBeHidden()
2026-10-06T07:44:38.1182250Z         at /home/runner/work/arca-ui/arca-ui/tests/weaveos/studio.spec.ts:79:58
2026-10-06T07:44:38.1182729Z 
2026-10-06T07:44:38.1183400Z     attachment #1: screenshot (image/png) ──────────────────────────────────────────────────────────
2026-10-06T07:44:38.1184661Z     test-results/studio-mobile-view-fits-viewport-and-dialog-remains-operable-chromium/test-failed-1.png
2026-10-06T07:44:38.1185974Z     ────────────────────────────────────────────────────────────────────────────────────────────────
2026-10-06T07:44:38.1186435Z 
2026-10-06T07:44:38.1187219Z     Error Context: test-results/studio-mobile-view-fits-viewport-and-dialog-remains-operable-chromium/error-context.md
2026-10-06T07:44:38.1188048Z 
2026-10-06T07:44:38.1188901Z     attachment #3: trace (application/zip) ─────────────────────────────────────────────────────────
2026-10-06T07:44:38.1190228Z     test-results/studio-mobile-view-fits-viewport-and-dialog-remains-operable-chromium/trace.zip
2026-10-06T07:44:38.1191037Z     Usage:
2026-10-06T07:44:38.1191202Z 
2026-10-06T07:44:38.1192148Z         npx playwright show-trace test-results/studio-mobile-view-fits-viewport-and-dialog-remains-operable-chromium/trace.zip
2026-10-06T07:44:38.1193052Z 
2026-10-06T07:44:38.1193643Z     ────────────────────────────────────────────────────────────────────────────────────────────────
2026-10-06T07:44:38.1194105Z 
2026-10-06T07:44:38.1194870Z   9) [chromium] › tests/weaveos/studio.spec.ts:85:1 › theme controls, basic controls and component navigation work 
2026-10-06T07:44:38.1195546Z 
2026-10-06T07:44:38.1195741Z     Test timeout of 20000ms exceeded.
2026-10-06T07:44:38.1196030Z 
2026-10-06T07:44:38.1196339Z     Error: locator.click: Test timeout of 20000ms exceeded.
2026-10-06T07:44:38.1196815Z     Call log:
2026-10-06T07:44:38.1197406Z       - waiting for getByRole('button', { name: '基础控件', exact: true })
2026-10-06T07:44:38.1197822Z 
2026-10-06T07:44:38.1197829Z 
2026-10-06T07:44:38.1197949Z       84 |
2026-10-06T07:44:38.1198592Z       85 | test('theme controls, basic controls and component navigation work', async ({page})=>{
2026-10-06T07:44:38.1199549Z     > 86 |  await page.getByRole('button',{name:'基础控件',exact:true}).click()
2026-10-06T07:44:38.1200189Z          |                                                          ^
2026-10-06T07:44:38.1201038Z       87 |  await expect(page.getByRole('heading',{name:'基础控件',exact:true})).toBeVisible()
2026-10-06T07:44:38.1201937Z       88 |  await page.getByLabel('项目名称').fill('WeaveOS')
2026-10-06T07:44:38.1202675Z       89 |  await page.getByRole('switch',{name:'允许编辑'}).click(); await expect(page.getByRole('switch',{name:'允许编辑'})).toBeChecked()
2026-10-06T07:44:38.1203373Z         at /home/runner/work/arca-ui/arca-ui/tests/weaveos/studio.spec.ts:86:58
2026-10-06T07:44:38.1203666Z 
2026-10-06T07:44:38.1204055Z     attachment #1: screenshot (image/png) ──────────────────────────────────────────────────────────
2026-10-06T07:44:38.1204784Z     test-results/studio-theme-controls-basi-1020b-d-component-navigation-work-chromium/test-failed-1.png
2026-10-06T07:44:38.1205548Z     ────────────────────────────────────────────────────────────────────────────────────────────────
2026-10-06T07:44:38.1205813Z 
2026-10-06T07:44:38.1206250Z     Error Context: test-results/studio-theme-controls-basi-1020b-d-component-navigation-work-chromium/error-context.md
2026-10-06T07:44:38.1206720Z 
2026-10-06T07:44:38.1207102Z     attachment #3: trace (application/zip) ─────────────────────────────────────────────────────────
2026-10-06T07:44:38.1207771Z     test-results/studio-theme-controls-basi-1020b-d-component-navigation-work-chromium/trace.zip
2026-10-06T07:44:38.1208245Z     Usage:
2026-10-06T07:44:38.1208356Z 
2026-10-06T07:44:38.1209017Z         npx playwright show-trace test-results/studio-theme-controls-basi-1020b-d-component-navigation-work-chromium/trace.zip
2026-10-06T07:44:38.1209514Z 
2026-10-06T07:44:38.1210006Z     ────────────────────────────────────────────────────────────────────────────────────────────────
2026-10-06T07:44:38.1210277Z 
2026-10-06T07:44:38.1210750Z   10) [chromium] › tests/weaveos/studio.spec.ts:95:1 › studio and open modal have no serious accessibility violations 
2026-10-06T07:44:38.1211151Z 
2026-10-06T07:44:38.1211436Z     Test timeout of 20000ms exceeded.
2026-10-06T07:44:38.1211687Z 
2026-10-06T07:44:38.1211873Z     Error: locator.click: Test timeout of 20000ms exceeded.
2026-10-06T07:44:38.1212194Z     Call log:
2026-10-06T07:44:38.1212587Z       - waiting for getByRole('button', { name: '新建应用', exact: true })
2026-10-06T07:44:38.1212842Z 
2026-10-06T07:44:38.1212853Z 
2026-10-06T07:44:38.1213149Z        95 | test('studio and open modal have no serious accessibility violations', async ({page})=>{
2026-10-06T07:44:38.1213634Z        96 |  for(const modal of [false,true]) {
2026-10-06T07:44:38.1214152Z     >  97 |  if(modal) await page.getByRole('button',{name:'新建应用',exact:true}).click()
2026-10-06T07:44:38.1214617Z           |                                                                    ^
2026-10-06T07:44:38.1215017Z        98 |  const result=await new AxeBuilder({page}).analyze()
2026-10-06T07:44:38.1215572Z        99 |  expect(result.violations.filter(v=>v.impact==='serious'||v.impact==='critical')).toEqual([])
2026-10-06T07:44:38.1216008Z       100 |  }
2026-10-06T07:44:38.1216358Z         at /home/runner/work/arca-ui/arca-ui/tests/weaveos/studio.spec.ts:97:68
2026-10-06T07:44:38.1216639Z 
2026-10-06T07:44:38.1217033Z     attachment #1: screenshot (image/png) ──────────────────────────────────────────────────────────
2026-10-06T07:44:38.1217760Z     test-results/studio-studio-and-open-mod-706fa-us-accessibility-violations-chromium/test-failed-1.png
2026-10-06T07:44:38.1218529Z     ────────────────────────────────────────────────────────────────────────────────────────────────
2026-10-06T07:44:38.1218799Z 
2026-10-06T07:44:38.1219236Z     Error Context: test-results/studio-studio-and-open-mod-706fa-us-accessibility-violations-chromium/error-context.md
2026-10-06T07:44:38.1219719Z 
2026-10-06T07:44:38.1220101Z     attachment #3: trace (application/zip) ─────────────────────────────────────────────────────────
2026-10-06T07:44:38.1220757Z     test-results/studio-studio-and-open-mod-706fa-us-accessibility-violations-chromium/trace.zip
2026-10-06T07:44:38.1221228Z     Usage:
2026-10-06T07:44:38.1221530Z 
2026-10-06T07:44:38.1222294Z         npx playwright show-trace test-results/studio-studio-and-open-mod-706fa-us-accessibility-violations-chromium/trace.zip
2026-10-06T07:44:38.1222999Z 
2026-10-06T07:44:38.1223359Z     ────────────────────────────────────────────────────────────────────────────────────────────────
2026-10-06T07:44:38.1223633Z 
2026-10-06T07:44:38.1223728Z   10 failed
2026-10-06T07:44:38.1224495Z     [chromium] › tests/weaveos/studio.spec.ts:6:1 › shell uses collapsible icon rail and edge-to-edge content card 
2026-10-06T07:44:38.1225399Z     [chromium] › tests/weaveos/studio.spec.ts:19:1 › source dialog has accessible title, focus isolation and restores origin 
2026-10-06T07:44:38.1226221Z     [chromium] › tests/weaveos/studio.spec.ts:27:1 › second source restores its own focus ──────────
2026-10-06T07:44:38.1227044Z     [chromium] › tests/weaveos/studio.spec.ts:34:1 › close during opening and repeat never leaves an overlay or locked page 
2026-10-06T07:44:38.1227904Z     [chromium] › tests/weaveos/studio.spec.ts:42:1 › save feedback waits for result and errors retain editable input 
2026-10-06T07:44:38.1228719Z     [chromium] › tests/weaveos/studio.spec.ts:58:1 › nested select Escape dismisses only the list, then dialog 
2026-10-06T07:44:38.1229538Z     [chromium] › tests/weaveos/studio.spec.ts:67:1 › reduced motion preserves usable modal without scale displacement 
2026-10-06T07:44:38.1230360Z     [chromium] › tests/weaveos/studio.spec.ts:76:1 › mobile view fits viewport and dialog remains operable 
2026-10-06T07:44:38.1231166Z     [chromium] › tests/weaveos/studio.spec.ts:85:1 › theme controls, basic controls and component navigation work 
2026-10-06T07:44:38.1232323Z     [chromium] › tests/weaveos/studio.spec.ts:95:1 › studio and open modal have no serious accessibility violations 
2026-10-06T07:44:38.1337074Z ##[error]Process completed with exit code 1.
2026-10-06T07:44:38.1416897Z ##[group]Run actions/upload-artifact@v4
2026-10-06T07:44:38.1417196Z with:
2026-10-06T07:44:38.1417413Z   name: weaveos-browser-evidence
2026-10-06T07:44:38.1417667Z   path: test-results/
2026-10-06T07:44:38.1417885Z   retention-days: 14
2026-10-06T07:44:38.1418105Z   if-no-files-found: warn
2026-10-06T07:44:38.1418335Z   compression-level: 6
2026-10-06T07:44:38.1418549Z   overwrite: false
2026-10-06T07:44:38.1418763Z   include-hidden-files: false
2026-10-06T07:44:38.1419003Z ##[endgroup]
2026-10-06T07:44:38.3051886Z (node:3937) [DEP0040] DeprecationWarning: The `punycode` module is deprecated. Please use a userland alternative instead.
2026-10-06T07:44:38.3052696Z (Use `node --trace-deprecation ...` to show where the warning was created)
2026-10-06T07:44:38.3216559Z With the provided path, there will be 31 files uploaded
2026-10-06T07:44:38.3217659Z Artifact name is valid!
2026-10-06T07:44:38.3218293Z Root directory input is valid!
2026-10-06T07:44:38.6385298Z Beginning upload of artifact content to blob storage
2026-10-06T07:44:38.7175349Z (node:3937) [DEP0169] DeprecationWarning: `url.parse()` behavior is not standardized and prone to errors that have security implications. Use the WHATWG URL API instead. CVEs are not issued for `url.parse()` vulnerabilities.
2026-10-06T07:44:39.1817349Z Uploaded bytes 765009
2026-10-06T07:44:39.2400781Z Finished uploading artifact content to blob storage!
2026-10-06T07:44:39.2402137Z SHA256 digest of uploaded artifact zip is 0df95b45a97f8751c4f662311f1baa5c22f4255138089f6f585fcdb185330d1e
2026-10-06T07:44:39.2403950Z Finalizing artifact upload
2026-10-06T07:44:39.5007962Z Artifact weaveos-browser-evidence.zip successfully finalized. Artifact ID 11396753692
2026-10-06T07:44:39.5009437Z Artifact weaveos-browser-evidence has been successfully uploaded! Final size is 765009 bytes. Artifact ID is 11396753692
2026-10-06T07:44:39.5017678Z Artifact download URL: https://github.com/Hubujiu/arca-ui/actions/runs/37431293338/artifacts/11396753692
2026-10-06T07:44:39.5233147Z Post job cleanup.
2026-10-06T07:44:39.6114508Z [command]/usr/bin/git version
2026-10-06T07:44:39.6156930Z git version 2.55.0
2026-10-06T07:44:39.6193694Z Temporarily overriding HOME='/home/runner/work/_temp/03f66e86-a63a-4fa6-94a1-611343e52fd7' before making global git config changes
2026-10-06T07:44:39.6195262Z Adding repository directory to the temporary git global config as a safe directory
2026-10-06T07:44:39.6199877Z [command]/usr/bin/git config --global --add safe.directory /home/runner/work/arca-ui/arca-ui
2026-10-06T07:44:39.6239681Z [command]/usr/bin/git config --local --name-only --get-regexp core\.sshCommand
2026-10-06T07:44:39.6275487Z [command]/usr/bin/git submodule foreach --recursive sh -c "git config --local --name-only --get-regexp 'core\.sshCommand' && git config --local --unset-all 'core.sshCommand' || :"
2026-10-06T07:44:39.6537588Z [command]/usr/bin/git config --local --name-only --get-regexp http\.https\:\/\/github\.com\/\.extraheader
2026-10-06T07:44:39.6570181Z http.https://github.com/.extraheader
2026-10-06T07:44:39.6583191Z [command]/usr/bin/git config --local --unset-all http.https://github.com/.extraheader
2026-10-06T07:44:39.6621229Z [command]/usr/bin/git submodule foreach --recursive sh -c "git config --local --name-only --get-regexp 'http\.https\:\/\/github\.com\/\.extraheader' && git config --local --unset-all 'http.https://github.com/.extraheader' || :"
2026-10-06T07:44:39.6888332Z [command]/usr/bin/git config --local --name-only --get-regexp ^includeIf\.gitdir:
2026-10-06T07:44:39.6929254Z [command]/usr/bin/git submodule foreach --recursive git config --local --show-origin --name-only --get-regexp remote.origin.url
2026-10-06T07:44:39.7393075Z Cleaning up orphan processes
2026-10-06T07:44:39.7722304Z ##[warning]Node.js 20 is deprecated. The following actions target Node.js 20 but are being forced to run on Node.js 24: actions/checkout@v4, actions/setup-node@v4, actions/upload-artifact@v4. For more information see: https://github.blog/changelog/2025-09-19-deprecation-of-node-20-on-github-actions-runners/

