npm warn Unknown env config "http-proxy". This will stop working in the next major version of npm.

> arca-ui@0.0.1 build:weaveos:library
> vite build --config vite.weaveos-library.config.ts && tsc -p tsconfig.weaveos-library.json && node scripts/weaveos/package.mjs

vite v8.3.0 building client environment for production...
transforming...
✓ 13 modules transformed.
rendering chunks...
computing gzip size...
dist-library/index.js  12.06 kB │ gzip: 3.58 kB

✓ built in 24ms
Prepared private/unpublished component artifact at dist-library
npm warn Unknown env config "http-proxy". This will stop working in the next major version of npm.

> arca-ui@0.0.1 test:weaveos:package
> node --test tests/weaveos/package.test.mjs

✔ consumer artifact exports controls, theme and source-aware dialog (0.793059ms)
✔ package has typed exports, explicit React peers and safe unpublished metadata (0.27751ms)
✔ artifact has no source aliases or demo app and CSS stays scoped (0.306754ms)
✔ distributed license and source attribution accompany components (0.144108ms)
ℹ tests 4
ℹ suites 0
ℹ pass 4
ℹ fail 0
ℹ cancelled 0
ℹ skipped 0
ℹ todo 0
ℹ duration_ms 449.941315
