npm warn Unknown env config "http-proxy". This will stop working in the next major version of npm.

> arca-ui@0.0.1 build:weaveos
> vite build --config vite.weaveos.config.ts

vite v8.3.0 building client environment for production...
transforming...
✓ 2546 modules transformed.
rendering chunks...
computing gzip size...
dist-weaveos/weaveos.html                                            0.37 kB │ gzip:   0.29 kB
dist-weaveos/assets/geist-cyrillic-ext-wght-normal-DjL33-gN.woff2    7.42 kB
dist-weaveos/assets/geist-vietnamese-wght-normal-6IgcOCM7.woff2      8.00 kB
dist-weaveos/assets/geist-cyrillic-wght-normal-BEAKL7Jp.woff2       15.08 kB
dist-weaveos/assets/geist-latin-ext-wght-normal-DC-KSUi6.woff2      16.51 kB
dist-weaveos/assets/geist-latin-wght-normal-BgDaEnEv.woff2          29.40 kB
dist-weaveos/assets/weaveos-BvaHvbQT.css                            28.00 kB │ gzip:   7.06 kB
dist-weaveos/assets/weaveos-Da9aLtN4.js                            545.20 kB │ gzip: 178.68 kB

[plugin builtin:vite-reporter] 
(!) Some chunks are larger than 500 kB after minification. Consider:
- Using dynamic import() to code-split the application
- Use build.rolldownOptions.output.codeSplitting to improve chunking: https://rolldown.rs/reference/OutputOptions.codeSplitting
- Adjust chunk size limit for this warning via build.chunkSizeWarningLimit.
✓ built in 302ms
