
> arca-ui@0.0.1 test:weaveos
> playwright test -c playwright.weaveos.config.ts --grep constructs AND

[WebServer] (node:4283) Warning: The 'NO_COLOR' env is ignored due to the 'FORCE_COLOR' env being set.
[WebServer] (Use `node --trace-warnings ...` to show where the warning was created)
[WebServer] (node:4296) Warning: The 'NO_COLOR' env is ignored due to the 'FORCE_COLOR' env being set.
[WebServer] (Use `node --trace-warnings ...` to show where the warning was created)
✔ AND and OR compose without flattening or changing meaning (3.315919ms)
✔ text supports only equal or not equal, numeric supports all six (0.489024ms)
✔ depth three is valid and depth four is rejected (0.135802ms)
✔ condition budget is twenty, independent of grouping (0.206306ms)
✔ unknown fields, operators, empty groups and malformed leaves fail closed (0.203121ms)
✔ empty text is an explicit valid equality, exact decimal strings remain unchanged (0.123633ms)
✔ oversized and cyclic filters are rejected without throwing (0.16207ms)
✔ opening starts at the source center with its size (0.98601ms)
✔ each distinct source yields its own trajectory (0.257291ms)
✔ absent source uses no displacement (0.202279ms)
✔ invalid or zero rectangles fall back safely (0.20946ms)
✔ no division by zero from an unmeasured panel (0.088971ms)
✔ consumer artifact exports controls, theme and source-aware dialog (0.319323ms)
✔ package has typed exports, explicit React peers and safe unpublished metadata (0.225394ms)
✔ artifact has no source aliases or demo app and CSS stays scoped (0.355266ms)
✔ distributed license and source attribution accompany components (0.103493ms)
✔ small pages list exact pages; large totals use bounded windows (0.242039ms)
✔ first and last pages retain nearby navigation without enumerating total (0.103063ms)
✔ page input accepts only in-range integers, not coercions or partial numbers (0.151375ms)
✔ invalid page metadata cannot produce navigable links (0.161268ms)

Running 1 test using 1 worker

(node:4324) Warning: The 'NO_COLOR' env is ignored due to the 'FORCE_COLOR' env being set.
(Use `node --trace-warnings ...` to show where the warning was created)
  ✘  1 [chromium] › tests/weaveos/filter-manager.spec.ts:14:1 › constructs AND with an OR subgroup and persists exact conditions (3.3s)


  1) [chromium] › tests/weaveos/filter-manager.spec.ts:14:1 › constructs AND with an OR subgroup and persists exact conditions 

    Error: expect(received).toEqual(expected) // deep equality

    - Expected  - 1
    + Received  + 1

    @@ -15,10 +15,10 @@
                },
              ],
              "operator": "or",
            },
          ],
    -     "operator": "and",
    +     "operator": "or",
        },
        "id": Any<String>,
        "name": "财务检查",
      }

      23 |  await expect(dialog.getByRole('button',{name:'应用：财务检查'})).toBeVisible()
      24 |  const saved=JSON.parse(await page.getByTestId('filter-saved').innerText()).find((preset:{name:string})=>preset.name==='财务检查')
    > 25 |  expect(saved).toEqual({id:expect.any(String),name:'财务检查',filter:{operator:'and',children:[{fieldId:'reason',operator:'eq',value:'差旅'},{operator:'or',children:[{fieldId:'reason',operator:'eq',value:'客户'}]}]}})
         |                ^
      26 | })
      27 | test('failed persistence retains editor and never reports saved',async({page})=>{
      28 |  await page.getByRole('dialog').getByRole('button',{name:'新建筛选'}).click()
        at /workspace/arca-ui-v030-048/tests/weaveos/filter-manager.spec.ts:25:16

    attachment #1: screenshot (image/png) ──────────────────────────────────────────────────────────
    test-results/filter-manager-constructs--a4e12-d-persists-exact-conditions-chromium/test-failed-1.png
    ────────────────────────────────────────────────────────────────────────────────────────────────

    Error Context: test-results/filter-manager-constructs--a4e12-d-persists-exact-conditions-chromium/error-context.md

    attachment #3: trace (application/zip) ─────────────────────────────────────────────────────────
    test-results/filter-manager-constructs--a4e12-d-persists-exact-conditions-chromium/trace.zip
    Usage:

        npx playwright show-trace test-results/filter-manager-constructs--a4e12-d-persists-exact-conditions-chromium/trace.zip

    ────────────────────────────────────────────────────────────────────────────────────────────────

  1 failed
    [chromium] › tests/weaveos/filter-manager.spec.ts:14:1 › constructs AND with an OR subgroup and persists exact conditions 
npm notice
npm notice New major version of npm available! 11.9.0 -> 12.2.0
npm notice Changelog: https://github.com/npm/cli/releases/tag/v12.2.0
npm notice To update run: npm install -g npm@12.2.0
npm notice
