
> arca-ui@0.0.1 test:weaveos
> playwright test -c playwright.weaveos.config.ts --grep constructs AND

[WebServer] (node:4083) Warning: The 'NO_COLOR' env is ignored due to the 'FORCE_COLOR' env being set.
[WebServer] (Use `node --trace-warnings ...` to show where the warning was created)
[WebServer] (node:4096) Warning: The 'NO_COLOR' env is ignored due to the 'FORCE_COLOR' env being set.
[WebServer] (Use `node --trace-warnings ...` to show where the warning was created)
✔ AND and OR compose without flattening or changing meaning (1.217743ms)
✔ text supports only equal or not equal, numeric supports all six (0.523374ms)
✔ depth three is valid and depth four is rejected (0.165475ms)
✔ condition budget is twenty, independent of grouping (0.227067ms)
✔ unknown fields, operators, empty groups and malformed leaves fail closed (0.271682ms)
✔ empty text is an explicit valid equality, exact decimal strings remain unchanged (0.143873ms)
✔ oversized and cyclic filters are rejected without throwing (0.217042ms)
✔ opening starts at the source center with its size (1.457949ms)
✔ each distinct source yields its own trajectory (0.294466ms)
✔ absent source uses no displacement (0.291432ms)
✔ invalid or zero rectangles fall back safely (0.198164ms)
✔ no division by zero from an unmeasured panel (0.109712ms)
✔ consumer artifact exports controls, theme and source-aware dialog (0.361986ms)
✔ package has typed exports, explicit React peers and safe unpublished metadata (0.281818ms)
✔ artifact has no source aliases or demo app and CSS stays scoped (0.410357ms)
✔ distributed license and source attribution accompany components (0.127569ms)
✔ small pages list exact pages; large totals use bounded windows (0.279013ms)
✔ first and last pages retain nearby navigation without enumerating total (0.152256ms)
✔ page input accepts only in-range integers, not coercions or partial numbers (0.171855ms)
✔ invalid page metadata cannot produce navigable links (0.144334ms)

Running 1 test using 1 worker

(node:4124) Warning: The 'NO_COLOR' env is ignored due to the 'FORCE_COLOR' env being set.
(Use `node --trace-warnings ...` to show where the warning was created)
  ✓  1 [chromium] › tests/weaveos/filter-manager.spec.ts:14:1 › constructs AND with an OR subgroup and persists exact conditions (3.3s)

  1 passed (5.6s)
npm notice
npm notice New major version of npm available! 11.9.0 -> 12.2.0
npm notice Changelog: https://github.com/npm/cli/releases/tag/v12.2.0
npm notice To update run: npm install -g npm@12.2.0
npm notice
