2026-10-07T04:06:02.5296520Z Current runner version: '2.337.0'
2026-10-07T04:06:02.5332617Z ##[group]Runner Image Provisioner
2026-10-07T04:06:02.5334159Z Hosted Compute Agent
2026-10-07T04:06:02.5335232Z Version: 20261002.596
2026-10-07T04:06:02.5336484Z Commit: c3d12f3313a95f25162a1503be624f3b0617f8c0
2026-10-07T04:06:02.5337814Z Build Date: 2026-10-02T22:28:27Z
2026-10-07T04:06:02.5339132Z Worker ID: {2730e826-643b-4c8b-b340-48a02c07369e}
2026-10-07T04:06:02.5340551Z Region: eastus2
2026-10-07T04:06:02.5341867Z Cloud: Azure
2026-10-07T04:06:02.5343018Z ##[endgroup]
2026-10-07T04:06:02.5345280Z ##[group]Operating System
2026-10-07T04:06:02.5346452Z Ubuntu
2026-10-07T04:06:02.5347446Z 24.04.5
2026-10-07T04:06:02.5348341Z LTS
2026-10-07T04:06:02.5349209Z ##[endgroup]
2026-10-07T04:06:02.5350132Z ##[group]Runner Image
2026-10-07T04:06:02.5351486Z Image: ubuntu-24.04
2026-10-07T04:06:02.5352636Z Version: 20261004.327.1
2026-10-07T04:06:02.5354806Z Included Software: https://github.com/actions/runner-images/blob/ubuntu24/20261004.327/images/ubuntu/Ubuntu2404-Readme.md
2026-10-07T04:06:02.5358321Z Image Release: https://github.com/actions/runner-images/releases/tag/ubuntu24%2F20261004.327
2026-10-07T04:06:02.5360381Z ##[endgroup]
2026-10-07T04:06:02.5362455Z ##[group]GITHUB_TOKEN Permissions
2026-10-07T04:06:02.5365400Z Contents: read
2026-10-07T04:06:02.5366370Z Metadata: read
2026-10-07T04:06:02.5367336Z ##[endgroup]
2026-10-07T04:06:02.5370737Z Secret source: Actions
2026-10-07T04:06:02.5372445Z Cache mode: write
2026-10-07T04:06:02.5373731Z Prepare workflow directory
2026-10-07T04:06:02.5844811Z Prepare all required actions
2026-10-07T04:06:02.5914227Z Getting action download info
2026-10-07T04:06:02.7726553Z Download action repository 'actions/checkout@v4' (SHA:11d5960a326750d5838078e36cf38b85af677262)
2026-10-07T04:06:02.8820043Z Download action repository 'actions/setup-node@v4' (SHA:49933ea5288caeca8642d1e84afbd3f7d6820020)
2026-10-07T04:06:02.9653032Z Download action repository 'actions/upload-artifact@v4' (SHA:ea165f8d65b6e75b540449e92b4886f43607fa02)
2026-10-07T04:06:03.1971877Z Complete job name: browser
2026-10-07T04:06:03.2765116Z ##[group]Run actions/checkout@v4
2026-10-07T04:06:03.2765996Z with:
2026-10-07T04:06:03.2766429Z   repository: Hubujiu/arca-ui
2026-10-07T04:06:03.2770424Z   token: ***
2026-10-07T04:06:03.2770849Z   ssh-strict: true
2026-10-07T04:06:03.2771603Z   ssh-user: git
2026-10-07T04:06:03.2772044Z   persist-credentials: true
2026-10-07T04:06:03.2772559Z   clean: true
2026-10-07T04:06:03.2773001Z   sparse-checkout-cone-mode: true
2026-10-07T04:06:03.2773511Z   fetch-depth: 1
2026-10-07T04:06:03.2773934Z   fetch-tags: false
2026-10-07T04:06:03.2774380Z   show-progress: true
2026-10-07T04:06:03.2774820Z   lfs: false
2026-10-07T04:06:03.2775227Z   submodules: false
2026-10-07T04:06:03.2775663Z   set-safe-directory: true
2026-10-07T04:06:03.2776160Z   allow-unsafe-pr-checkout: false
2026-10-07T04:06:03.2776967Z ##[endgroup]
2026-10-07T04:06:03.3832104Z Syncing repository: Hubujiu/arca-ui
2026-10-07T04:06:03.3834738Z ##[group]Getting Git version info
2026-10-07T04:06:03.3835948Z Working directory is '/home/runner/work/arca-ui/arca-ui'
2026-10-07T04:06:03.3837596Z [command]/usr/bin/git version
2026-10-07T04:06:03.3942316Z git version 2.55.0
2026-10-07T04:06:03.3965551Z ##[endgroup]
2026-10-07T04:06:03.3980347Z Temporarily overriding HOME='/home/runner/work/_temp/c9289bfa-334c-460b-83d4-033a78f041f2' before making global git config changes
2026-10-07T04:06:03.3982833Z Adding repository directory to the temporary git global config as a safe directory
2026-10-07T04:06:03.3985824Z [command]/usr/bin/git config --global --add safe.directory /home/runner/work/arca-ui/arca-ui
2026-10-07T04:06:03.4041393Z Deleting the contents of '/home/runner/work/arca-ui/arca-ui'
2026-10-07T04:06:03.4046357Z ##[group]Initializing the repository
2026-10-07T04:06:03.4050021Z [command]/usr/bin/git init /home/runner/work/arca-ui/arca-ui
2026-10-07T04:06:03.4195531Z hint: Using 'master' as the name for the initial branch. This default branch name
2026-10-07T04:06:03.4197727Z hint: will change to "main" in Git 3.0. To configure the initial branch name
2026-10-07T04:06:03.4199697Z hint: to use in all of your new repositories, which will suppress this warning,
2026-10-07T04:06:03.4200910Z hint: call:
2026-10-07T04:06:03.4202071Z hint:
2026-10-07T04:06:03.4202901Z hint: 	git config --global init.defaultBranch <name>
2026-10-07T04:06:03.4203919Z hint:
2026-10-07T04:06:03.4204953Z hint: Names commonly chosen instead of 'master' are 'main', 'trunk' and
2026-10-07T04:06:03.4206486Z hint: 'development'. The just-created branch can be renamed via this command:
2026-10-07T04:06:03.4207688Z hint:
2026-10-07T04:06:03.4208334Z hint: 	git branch -m <name>
2026-10-07T04:06:03.4209179Z hint:
2026-10-07T04:06:03.4210252Z hint: Disable this message with "git config set advice.defaultBranchName false"
2026-10-07T04:06:03.4212169Z Initialized empty Git repository in /home/runner/work/arca-ui/arca-ui/.git/
2026-10-07T04:06:03.4214614Z [command]/usr/bin/git remote add origin https://github.com/Hubujiu/arca-ui
2026-10-07T04:06:03.4269273Z ##[endgroup]
2026-10-07T04:06:03.4270656Z ##[group]Disabling automatic garbage collection
2026-10-07T04:06:03.4274313Z [command]/usr/bin/git config --local gc.auto 0
2026-10-07T04:06:03.4309732Z ##[endgroup]
2026-10-07T04:06:03.4310538Z ##[group]Setting up auth
2026-10-07T04:06:03.4325865Z [command]/usr/bin/git config --local --name-only --get-regexp core\.sshCommand
2026-10-07T04:06:03.4358952Z [command]/usr/bin/git submodule foreach --recursive sh -c "git config --local --name-only --get-regexp 'core\.sshCommand' && git config --local --unset-all 'core.sshCommand' || :"
2026-10-07T04:06:03.4829726Z [command]/usr/bin/git config --local --name-only --get-regexp http\.https\:\/\/github\.com\/\.extraheader
2026-10-07T04:06:03.4870238Z [command]/usr/bin/git submodule foreach --recursive sh -c "git config --local --name-only --get-regexp 'http\.https\:\/\/github\.com\/\.extraheader' && git config --local --unset-all 'http.https://github.com/.extraheader' || :"
2026-10-07T04:06:03.5113475Z [command]/usr/bin/git config --local --name-only --get-regexp ^includeIf\.gitdir:
2026-10-07T04:06:03.5157035Z [command]/usr/bin/git submodule foreach --recursive git config --local --show-origin --name-only --get-regexp remote.origin.url
2026-10-07T04:06:03.5407970Z [command]/usr/bin/git config --local http.https://github.com/.extraheader AUTHORIZATION: basic ***
2026-10-07T04:06:03.5456770Z ##[endgroup]
2026-10-07T04:06:03.5457617Z ##[group]Fetching the repository
2026-10-07T04:06:03.5472135Z [command]/usr/bin/git -c protocol.version=2 fetch --no-tags --prune --no-recurse-submodules --depth=1 origin +e18e04ded59b68057624b5bb503346231070a8cc:refs/remotes/origin/task/V030-042-weaveos-components
2026-10-07T04:06:03.9353162Z From https://github.com/Hubujiu/arca-ui
2026-10-07T04:06:03.9355699Z  * [new ref]         e18e04ded59b68057624b5bb503346231070a8cc -> origin/task/V030-042-weaveos-components
2026-10-07T04:06:03.9360722Z ##[endgroup]
2026-10-07T04:06:03.9362983Z ##[group]Determining the checkout info
2026-10-07T04:06:03.9365305Z ##[endgroup]
2026-10-07T04:06:03.9366907Z [command]/usr/bin/git sparse-checkout disable
2026-10-07T04:06:03.9433293Z [command]/usr/bin/git config --local --unset-all extensions.worktreeConfig
2026-10-07T04:06:03.9469262Z ##[group]Checking out the ref
2026-10-07T04:06:03.9474122Z [command]/usr/bin/git checkout --progress --force -B task/V030-042-weaveos-components refs/remotes/origin/task/V030-042-weaveos-components
2026-10-07T04:06:04.0185146Z Switched to a new branch 'task/V030-042-weaveos-components'
2026-10-07T04:06:04.0190464Z branch 'task/V030-042-weaveos-components' set up to track 'origin/task/V030-042-weaveos-components'.
2026-10-07T04:06:04.0198673Z ##[endgroup]
2026-10-07T04:06:04.0245553Z [command]/usr/bin/git log -1 --format=%H
2026-10-07T04:06:04.0274086Z e18e04ded59b68057624b5bb503346231070a8cc
2026-10-07T04:06:04.0724706Z ##[group]Run actions/setup-node@v4
2026-10-07T04:06:04.0725993Z with:
2026-10-07T04:06:04.0726955Z   node-version: 24.19.0
2026-10-07T04:06:04.0728208Z   cache: npm
2026-10-07T04:06:04.0729159Z   always-auth: false
2026-10-07T04:06:04.0730201Z   check-latest: false
2026-10-07T04:06:04.0740258Z   token: ***
2026-10-07T04:06:04.0741341Z ##[endgroup]
2026-10-07T04:06:04.2197422Z Attempting to download 24.19.0...
2026-10-07T04:06:04.2305925Z (node:2202) [DEP0040] DeprecationWarning: The `punycode` module is deprecated. Please use a userland alternative instead.
2026-10-07T04:06:04.2308609Z (Use `node --trace-deprecation ...` to show where the warning was created)
2026-10-07T04:06:04.6536603Z Acquiring 24.19.0 - x64 from https://github.com/actions/node-versions/releases/download/24.19.0-30872449280/node-24.19.0-linux-x64.tar.gz
2026-10-07T04:06:05.1008645Z Extracting ...
2026-10-07T04:06:05.1142100Z [command]/usr/bin/tar xz --strip 1 --warning=no-unknown-keyword --overwrite -C /home/runner/work/_temp/f85c71a4-23e9-492f-b378-ab3470c966cf -f /home/runner/work/_temp/90ebfb0d-e27f-4931-a4da-a6fd276deb74
2026-10-07T04:06:06.3211740Z Adding to the cache ...
2026-10-07T04:06:08.2136018Z ##[group]Environment details
2026-10-07T04:06:08.4458099Z node: v24.19.0
2026-10-07T04:06:08.4458504Z npm: 11.17.0
2026-10-07T04:06:08.4458874Z yarn: 1.22.22
2026-10-07T04:06:08.4459623Z ##[endgroup]
2026-10-07T04:06:08.4481515Z [command]/opt/hostedtoolcache/node/24.19.0/x64/bin/npm config get cache
2026-10-07T04:06:08.5432414Z /home/runner/.npm
2026-10-07T04:06:08.6382281Z Cache hit for: node-cache-Linux-x64-npm-e49477bd2ac87adee467bcfea498780880a69ec42aeb10ad505d060aeecf5f10
2026-10-07T04:06:08.6479558Z (node:2202) [DEP0169] DeprecationWarning: `url.parse()` behavior is not standardized and prone to errors that have security implications. Use the WHATWG URL API instead. CVEs are not issued for `url.parse()` vulnerabilities.
2026-10-07T04:06:09.2597565Z Received 123576884 of 123576884 (100.0%), 208.6 MBs/sec
2026-10-07T04:06:09.2599117Z Cache Size: ~118 MB (123576884 B)
2026-10-07T04:06:09.2677400Z [command]/usr/bin/tar -xf /home/runner/work/_temp/f0e1cdce-9f1c-4cc0-a1f8-ae0b965233f0/cache.tzst -P -C /home/runner/work/arca-ui/arca-ui --use-compress-program unzstd
2026-10-07T04:06:09.5401453Z Cache restored successfully
2026-10-07T04:06:09.5465174Z Cache restored from key: node-cache-Linux-x64-npm-e49477bd2ac87adee467bcfea498780880a69ec42aeb10ad505d060aeecf5f10
2026-10-07T04:06:09.5693200Z ##[group]Run npm ci --ignore-scripts
2026-10-07T04:06:09.5693598Z [36;1mnpm ci --ignore-scripts[0m
2026-10-07T04:06:09.5995671Z shell: /usr/bin/bash -e {0}
2026-10-07T04:06:09.5995987Z ##[endgroup]
2026-10-07T04:06:23.8407271Z 
2026-10-07T04:06:23.8415684Z added 517 packages, and audited 518 packages in 14s
2026-10-07T04:06:23.8416136Z 
2026-10-07T04:06:23.8416385Z 163 packages are looking for funding
2026-10-07T04:06:23.8416769Z   run `npm fund` for details
2026-10-07T04:06:23.8472836Z 
2026-10-07T04:06:23.8473233Z 8 high severity vulnerabilities
2026-10-07T04:06:23.8473615Z 
2026-10-07T04:06:23.8474005Z To address issues that do not require attention, run:
2026-10-07T04:06:23.8474439Z   npm audit fix
2026-10-07T04:06:23.8474621Z 
2026-10-07T04:06:23.8474879Z To address all issues (including breaking changes), run:
2026-10-07T04:06:23.8475302Z   npm audit fix --force
2026-10-07T04:06:23.8475485Z 
2026-10-07T04:06:23.8475633Z Run `npm audit` for details.
2026-10-07T04:06:23.9571466Z ##[group]Run npx playwright install --with-deps chromium
2026-10-07T04:06:23.9571983Z [36;1mnpx playwright install --with-deps chromium[0m
2026-10-07T04:06:23.9637393Z shell: /usr/bin/bash -e {0}
2026-10-07T04:06:23.9637676Z ##[endgroup]
2026-10-07T04:06:24.6966687Z Installing dependencies...
2026-10-07T04:06:24.7049874Z Switching to root user to install dependencies...
2026-10-07T04:06:24.8035547Z Get:1 file:/etc/apt/apt-mirrors.txt Mirrorlist [144 B]
2026-10-07T04:06:24.8397532Z Hit:2 http://azure.archive.ubuntu.com/ubuntu noble InRelease
2026-10-07T04:06:24.8399087Z Get:6 https://packages.microsoft.com/ubuntu/24.04/prod noble InRelease [3600 B]
2026-10-07T04:06:24.8419204Z Get:3 http://azure.archive.ubuntu.com/ubuntu noble-updates InRelease [126 kB]
2026-10-07T04:06:24.8477617Z Get:4 http://azure.archive.ubuntu.com/ubuntu noble-backports InRelease [126 kB]
2026-10-07T04:06:24.8502352Z Get:5 http://azure.archive.ubuntu.com/ubuntu noble-security InRelease [126 kB]
2026-10-07T04:06:24.9638522Z Get:7 https://packages.microsoft.com/ubuntu/24.04/prod noble/main amd64 Packages [519 kB]
2026-10-07T04:06:24.9842793Z Get:8 https://packages.microsoft.com/ubuntu/24.04/prod noble/main arm64 Packages [463 kB]
2026-10-07T04:06:25.0117762Z Get:9 http://azure.archive.ubuntu.com/ubuntu noble-updates/main amd64 Packages [1375 kB]
2026-10-07T04:06:25.0187130Z Get:10 http://azure.archive.ubuntu.com/ubuntu noble-updates/main Translation-en [306 kB]
2026-10-07T04:06:25.0210792Z Get:11 http://azure.archive.ubuntu.com/ubuntu noble-updates/universe amd64 Packages [1701 kB]
2026-10-07T04:06:25.0284317Z Get:12 http://azure.archive.ubuntu.com/ubuntu noble-updates/universe Translation-en [341 kB]
2026-10-07T04:06:25.0309914Z Get:13 http://azure.archive.ubuntu.com/ubuntu noble-updates/restricted amd64 Packages [1730 kB]
2026-10-07T04:06:25.0426648Z Get:14 http://azure.archive.ubuntu.com/ubuntu noble-updates/restricted Translation-en [396 kB]
2026-10-07T04:06:25.0435824Z Get:15 http://azure.archive.ubuntu.com/ubuntu noble-updates/multiverse Translation-en [13.3 kB]
2026-10-07T04:06:25.1346809Z Get:16 http://azure.archive.ubuntu.com/ubuntu noble-security/main amd64 Packages [1073 kB]
2026-10-07T04:06:25.1424185Z Get:17 http://azure.archive.ubuntu.com/ubuntu noble-security/main Translation-en [223 kB]
2026-10-07T04:06:25.1451516Z Get:18 http://azure.archive.ubuntu.com/ubuntu noble-security/universe amd64 Packages [1218 kB]
2026-10-07T04:06:25.1968146Z Get:19 http://azure.archive.ubuntu.com/ubuntu noble-security/universe Translation-en [245 kB]
2026-10-07T04:06:25.2004884Z Get:20 http://azure.archive.ubuntu.com/ubuntu noble-security/multiverse Translation-en [11.6 kB]
2026-10-07T04:06:28.0402448Z Fetched 9996 kB in 1s (8896 kB/s)
2026-10-07T04:06:28.8681582Z Reading package lists...
2026-10-07T04:06:28.8917977Z Reading package lists...
2026-10-07T04:06:29.0896194Z Building dependency tree...
2026-10-07T04:06:29.0903466Z Reading state information...
2026-10-07T04:06:29.2528190Z libasound2t64 is already the newest version (1.2.11-1ubuntu0.3).
2026-10-07T04:06:29.2528930Z libasound2t64 set to manually installed.
2026-10-07T04:06:29.2530018Z libatk-bridge2.0-0t64 is already the newest version (2.52.0-1build1).
2026-10-07T04:06:29.2532213Z libatk-bridge2.0-0t64 set to manually installed.
2026-10-07T04:06:29.2533475Z libatk1.0-0t64 is already the newest version (2.52.0-1build1).
2026-10-07T04:06:29.2534648Z libatk1.0-0t64 set to manually installed.
2026-10-07T04:06:29.2535467Z libatspi2.0-0t64 is already the newest version (2.52.0-1build1).
2026-10-07T04:06:29.2536271Z libatspi2.0-0t64 set to manually installed.
2026-10-07T04:06:29.2537050Z libcairo2 is already the newest version (1.18.0-3build1).
2026-10-07T04:06:29.2537718Z libcairo2 set to manually installed.
2026-10-07T04:06:29.2538453Z libcups2t64 is already the newest version (2.4.7-1.2ubuntu7.14).
2026-10-07T04:06:29.2539234Z libcups2t64 set to manually installed.
2026-10-07T04:06:29.2540101Z libdbus-1-3 is already the newest version (1.14.10-4ubuntu4.1).
2026-10-07T04:06:29.2541760Z libdbus-1-3 set to manually installed.
2026-10-07T04:06:29.2542717Z libdrm2 is already the newest version (2.4.125-1ubuntu0.1~24.04.2).
2026-10-07T04:06:29.2543564Z libdrm2 set to manually installed.
2026-10-07T04:06:29.2544400Z libgbm1 is already the newest version (25.2.8-0ubuntu0.24.04.4).
2026-10-07T04:06:29.2545242Z libgbm1 set to manually installed.
2026-10-07T04:06:29.2546059Z libglib2.0-0t64 is already the newest version (2.80.0-6ubuntu3.9).
2026-10-07T04:06:29.2546816Z libglib2.0-0t64 set to manually installed.
2026-10-07T04:06:29.2547634Z libnspr4 is already the newest version (2:4.35-1.1build1).
2026-10-07T04:06:29.2548422Z libnspr4 set to manually installed.
2026-10-07T04:06:29.2549185Z libnss3 is already the newest version (2:3.98-1ubuntu0.2).
2026-10-07T04:06:29.2550248Z libnss3 set to manually installed.
2026-10-07T04:06:29.2551283Z libpango-1.0-0 is already the newest version (1.52.1+ds-1build1).
2026-10-07T04:06:29.2552115Z libpango-1.0-0 set to manually installed.
2026-10-07T04:06:29.2552892Z libx11-6 is already the newest version (2:1.8.7-1build1).
2026-10-07T04:06:29.2553581Z libx11-6 set to manually installed.
2026-10-07T04:06:29.2554275Z libxcb1 is already the newest version (1.15-1ubuntu2).
2026-10-07T04:06:29.2554974Z libxcb1 set to manually installed.
2026-10-07T04:06:29.2555748Z libxcomposite1 is already the newest version (1:0.4.5-1build3).
2026-10-07T04:06:29.2556536Z libxcomposite1 set to manually installed.
2026-10-07T04:06:29.2557332Z libxdamage1 is already the newest version (1:1.1.6-1build1).
2026-10-07T04:06:29.2558085Z libxdamage1 set to manually installed.
2026-10-07T04:06:29.2558903Z libxext6 is already the newest version (2:1.3.4-1build2).
2026-10-07T04:06:29.2559611Z libxext6 set to manually installed.
2026-10-07T04:06:29.2560392Z libxfixes3 is already the newest version (1:6.0.0-2build1).
2026-10-07T04:06:29.2561412Z libxfixes3 set to manually installed.
2026-10-07T04:06:29.2562189Z libxkbcommon0 is already the newest version (1.6.0-1build1).
2026-10-07T04:06:29.2562994Z libxkbcommon0 set to manually installed.
2026-10-07T04:06:29.2563806Z libxrandr2 is already the newest version (2:1.5.2-2build1).
2026-10-07T04:06:29.2564570Z libxrandr2 set to manually installed.
2026-10-07T04:06:29.2565362Z xvfb is already the newest version (2:21.1.12-1ubuntu1.8).
2026-10-07T04:06:29.2566451Z fonts-noto-color-emoji is already the newest version (2.047-0ubuntu0.24.04.1).
2026-10-07T04:06:29.2567593Z libfontconfig1 is already the newest version (2.15.0-1.1ubuntu2).
2026-10-07T04:06:29.2568422Z libfontconfig1 set to manually installed.
2026-10-07T04:06:29.2569257Z fonts-liberation is already the newest version (1:2.1.5-3).
2026-10-07T04:06:29.2570062Z fonts-liberation set to manually installed.
2026-10-07T04:06:29.2570853Z The following additional packages will be installed:
2026-10-07T04:06:29.2571827Z   xfonts-encodings xfonts-utils
2026-10-07T04:06:29.2572390Z Recommended packages:
2026-10-07T04:06:29.2572907Z   fonts-ipafont-mincho fonts-tlwg-loma
2026-10-07T04:06:29.2742109Z The following NEW packages will be installed:
2026-10-07T04:06:29.2742857Z   fonts-freefont-ttf fonts-ipafont-gothic fonts-tlwg-loma-otf fonts-unifont
2026-10-07T04:06:29.2748808Z   fonts-wqy-zenhei xfonts-cyrillic xfonts-encodings xfonts-scalable
2026-10-07T04:06:29.2749517Z   xfonts-utils
2026-10-07T04:06:29.2753404Z The following packages will be upgraded:
2026-10-07T04:06:29.2757577Z   libfreetype6
2026-10-07T04:06:29.2924673Z 1 upgraded, 9 newly installed, 0 to remove and 9 not upgraded.
2026-10-07T04:06:29.2925458Z Need to get 21.5 MB of archives.
2026-10-07T04:06:29.2926281Z After this operation, 79.5 MB of additional disk space will be used.
2026-10-07T04:06:29.2927181Z Get:1 file:/etc/apt/apt-mirrors.txt Mirrorlist [144 B]
2026-10-07T04:06:29.4240455Z Get:2 http://azure.archive.ubuntu.com/ubuntu noble/universe amd64 fonts-ipafont-gothic all 00303-21ubuntu1 [3513 kB]
2026-10-07T04:06:29.6724073Z Get:3 http://azure.archive.ubuntu.com/ubuntu noble/main amd64 fonts-freefont-ttf all 20211204+svn4273-2 [5641 kB]
2026-10-07T04:06:30.0352715Z Get:4 http://azure.archive.ubuntu.com/ubuntu noble/universe amd64 fonts-tlwg-loma-otf all 1:0.7.3-1 [107 kB]
2026-10-07T04:06:30.1542011Z Get:5 http://azure.archive.ubuntu.com/ubuntu noble/universe amd64 fonts-unifont all 1:15.1.01-1build1 [2993 kB]
2026-10-07T04:06:30.3802315Z Get:6 http://azure.archive.ubuntu.com/ubuntu noble/universe amd64 fonts-wqy-zenhei all 0.9.45-8 [7472 kB]
2026-10-07T04:06:30.7692417Z Get:7 http://azure.archive.ubuntu.com/ubuntu noble-updates/main amd64 libfreetype6 amd64 2.13.2+dfsg-1ubuntu0.2 [403 kB]
2026-10-07T04:06:30.8987669Z Get:8 http://azure.archive.ubuntu.com/ubuntu noble/main amd64 xfonts-encodings all 1:1.0.5-0ubuntu2 [578 kB]
2026-10-07T04:06:31.0344521Z Get:9 http://azure.archive.ubuntu.com/ubuntu noble/main amd64 xfonts-utils amd64 1:7.7+6build3 [94.4 kB]
2026-10-07T04:06:31.1528137Z Get:10 http://azure.archive.ubuntu.com/ubuntu noble/universe amd64 xfonts-cyrillic all 1:1.0.5+nmu1 [384 kB]
2026-10-07T04:06:31.2811229Z Get:11 http://azure.archive.ubuntu.com/ubuntu noble/main amd64 xfonts-scalable all 1:1.0.3-1.3 [304 kB]
2026-10-07T04:06:31.5456971Z Fetched 21.5 MB in 2s (10.7 MB/s)
2026-10-07T04:06:31.5690902Z Selecting previously unselected package fonts-ipafont-gothic.
2026-10-07T04:06:31.6052547Z (Reading database ... 
2026-10-07T04:06:31.6052877Z (Reading database ... 5%
2026-10-07T04:06:31.6053161Z (Reading database ... 10%
2026-10-07T04:06:31.6053435Z (Reading database ... 15%
2026-10-07T04:06:31.6053702Z (Reading database ... 20%
2026-10-07T04:06:31.6053963Z (Reading database ... 25%
2026-10-07T04:06:31.6054510Z (Reading database ... 30%
2026-10-07T04:06:31.6054924Z (Reading database ... 35%
2026-10-07T04:06:31.6055309Z (Reading database ... 40%
2026-10-07T04:06:31.6055740Z (Reading database ... 45%
2026-10-07T04:06:31.6056122Z (Reading database ... 50%
2026-10-07T04:06:31.6118988Z (Reading database ... 55%
2026-10-07T04:06:31.6997050Z (Reading database ... 60%
2026-10-07T04:06:31.8855347Z (Reading database ... 65%
2026-10-07T04:06:32.0958463Z (Reading database ... 70%
2026-10-07T04:06:32.2799729Z (Reading database ... 75%
2026-10-07T04:06:32.4338797Z (Reading database ... 80%
2026-10-07T04:06:32.5347798Z (Reading database ... 85%
2026-10-07T04:06:32.6409346Z (Reading database ... 90%
2026-10-07T04:06:32.7968606Z (Reading database ... 95%
2026-10-07T04:06:32.7968997Z (Reading database ... 100%
2026-10-07T04:06:32.7969482Z (Reading database ... 203191 files and directories currently installed.)
2026-10-07T04:06:32.8014665Z Preparing to unpack .../0-fonts-ipafont-gothic_00303-21ubuntu1_all.deb ...
2026-10-07T04:06:32.8240040Z Unpacking fonts-ipafont-gothic (00303-21ubuntu1) ...
2026-10-07T04:06:33.0498221Z Selecting previously unselected package fonts-freefont-ttf.
2026-10-07T04:06:33.0623402Z Preparing to unpack .../1-fonts-freefont-ttf_20211204+svn4273-2_all.deb ...
2026-10-07T04:06:33.0631946Z Unpacking fonts-freefont-ttf (20211204+svn4273-2) ...
2026-10-07T04:06:33.1388184Z Selecting previously unselected package fonts-tlwg-loma-otf.
2026-10-07T04:06:33.1513972Z Preparing to unpack .../2-fonts-tlwg-loma-otf_1%3a0.7.3-1_all.deb ...
2026-10-07T04:06:33.1522757Z Unpacking fonts-tlwg-loma-otf (1:0.7.3-1) ...
2026-10-07T04:06:33.1727740Z Selecting previously unselected package fonts-unifont.
2026-10-07T04:06:33.1852084Z Preparing to unpack .../3-fonts-unifont_1%3a15.1.01-1build1_all.deb ...
2026-10-07T04:06:33.1860617Z Unpacking fonts-unifont (1:15.1.01-1build1) ...
2026-10-07T04:06:33.2887526Z Selecting previously unselected package fonts-wqy-zenhei.
2026-10-07T04:06:33.3011912Z Preparing to unpack .../4-fonts-wqy-zenhei_0.9.45-8_all.deb ...
2026-10-07T04:06:33.3115375Z Unpacking fonts-wqy-zenhei (0.9.45-8) ...
2026-10-07T04:06:33.7901595Z Preparing to unpack .../5-libfreetype6_2.13.2+dfsg-1ubuntu0.2_amd64.deb ...
2026-10-07T04:06:33.7947222Z Unpacking libfreetype6:amd64 (2.13.2+dfsg-1ubuntu0.2) over (2.13.2+dfsg-1ubuntu0.1) ...
2026-10-07T04:06:33.8225658Z Selecting previously unselected package xfonts-encodings.
2026-10-07T04:06:33.8355387Z Preparing to unpack .../6-xfonts-encodings_1%3a1.0.5-0ubuntu2_all.deb ...
2026-10-07T04:06:33.8365245Z Unpacking xfonts-encodings (1:1.0.5-0ubuntu2) ...
2026-10-07T04:06:33.8651137Z Selecting previously unselected package xfonts-utils.
2026-10-07T04:06:33.8776115Z Preparing to unpack .../7-xfonts-utils_1%3a7.7+6build3_amd64.deb ...
2026-10-07T04:06:33.8784343Z Unpacking xfonts-utils (1:7.7+6build3) ...
2026-10-07T04:06:33.9171582Z Selecting previously unselected package xfonts-cyrillic.
2026-10-07T04:06:33.9295253Z Preparing to unpack .../8-xfonts-cyrillic_1%3a1.0.5+nmu1_all.deb ...
2026-10-07T04:06:33.9303855Z Unpacking xfonts-cyrillic (1:1.0.5+nmu1) ...
2026-10-07T04:06:33.9636406Z Selecting previously unselected package xfonts-scalable.
2026-10-07T04:06:33.9761629Z Preparing to unpack .../9-xfonts-scalable_1%3a1.0.3-1.3_all.deb ...
2026-10-07T04:06:33.9771764Z Unpacking xfonts-scalable (1:1.0.3-1.3) ...
2026-10-07T04:06:34.0235533Z Setting up fonts-wqy-zenhei (0.9.45-8) ...
2026-10-07T04:06:34.0393974Z Setting up fonts-freefont-ttf (20211204+svn4273-2) ...
2026-10-07T04:06:34.0417442Z Setting up fonts-tlwg-loma-otf (1:0.7.3-1) ...
2026-10-07T04:06:34.0441549Z Setting up libfreetype6:amd64 (2.13.2+dfsg-1ubuntu0.2) ...
2026-10-07T04:06:34.0465349Z Setting up xfonts-encodings (1:1.0.5-0ubuntu2) ...
2026-10-07T04:06:34.0486218Z Setting up fonts-ipafont-gothic (00303-21ubuntu1) ...
2026-10-07T04:06:34.0553772Z update-alternatives: using /usr/share/fonts/opentype/ipafont-gothic/ipag.ttf to provide /usr/share/fonts/truetype/fonts-japanese-gothic.ttf (fonts-japanese-gothic.ttf) in auto mode
2026-10-07T04:06:34.0578662Z Setting up fonts-unifont (1:15.1.01-1build1) ...
2026-10-07T04:06:34.0603313Z Setting up xfonts-utils (1:7.7+6build3) ...
2026-10-07T04:06:34.0648404Z Setting up xfonts-cyrillic (1:1.0.5+nmu1) ...
2026-10-07T04:06:34.0932932Z Setting up xfonts-scalable (1:1.0.3-1.3) ...
2026-10-07T04:06:34.1207275Z Processing triggers for libc-bin (2.39-0ubuntu8.9) ...
2026-10-07T04:06:34.1607657Z Processing triggers for man-db (2.12.0-4build2) ...
2026-10-07T04:06:34.1631907Z Not building database; man-db/auto-update is not 'true'.
2026-10-07T04:06:34.1644776Z Processing triggers for fontconfig (2.15.0-1.1ubuntu2) ...
2026-10-07T04:06:34.9185763Z 
2026-10-07T04:06:34.9186451Z Running kernel seems to be up-to-date.
2026-10-07T04:06:34.9186872Z 
2026-10-07T04:06:34.9187074Z Restarting services...
2026-10-07T04:06:34.9260857Z  systemctl restart php8.3-fpm.service
2026-10-07T04:06:35.0364025Z 
2026-10-07T04:06:35.0365571Z No containers need to be restarted.
2026-10-07T04:06:35.0365944Z 
2026-10-07T04:06:35.0371961Z No user sessions are running outdated binaries.
2026-10-07T04:06:35.0372370Z 
2026-10-07T04:06:35.0372934Z No VM guests are running outdated hypervisor (qemu) binaries on this host.
2026-10-07T04:06:35.9588633Z Downloading Chrome for Testing 153.0.8010.12 (playwright chromium v1243) from https://cdn.playwright.dev/builds/cft/153.0.8010.12/linux64/chrome-linux64.zip
2026-10-07T04:06:36.3379144Z |                                                                                |   0% of 186.8 MiB
2026-10-07T04:06:36.6715282Z |■■■■■■■■                                                                        |  10% of 186.8 MiB
2026-10-07T04:06:36.8583144Z |■■■■■■■■■■■■■■■■                                                                |  20% of 186.8 MiB
2026-10-07T04:06:36.9721896Z |■■■■■■■■■■■■■■■■■■■■■■■■                                                        |  30% of 186.8 MiB
2026-10-07T04:06:37.0465987Z |■■■■■■■■■■■■■■■■■■■■■■■■■■■■■■■■                                                |  40% of 186.8 MiB
2026-10-07T04:06:37.1315894Z |■■■■■■■■■■■■■■■■■■■■■■■■■■■■■■■■■■■■■■■■                                        |  50% of 186.8 MiB
2026-10-07T04:06:37.1944376Z |■■■■■■■■■■■■■■■■■■■■■■■■■■■■■■■■■■■■■■■■■■■■■■■■                                |  60% of 186.8 MiB
2026-10-07T04:06:37.3081221Z |■■■■■■■■■■■■■■■■■■■■■■■■■■■■■■■■■■■■■■■■■■■■■■■■■■■■■■■■                        |  70% of 186.8 MiB
2026-10-07T04:06:37.3725908Z |■■■■■■■■■■■■■■■■■■■■■■■■■■■■■■■■■■■■■■■■■■■■■■■■■■■■■■■■■■■■■■■■                |  80% of 186.8 MiB
2026-10-07T04:06:37.4488849Z |■■■■■■■■■■■■■■■■■■■■■■■■■■■■■■■■■■■■■■■■■■■■■■■■■■■■■■■■■■■■■■■■■■■■■■■■        |  90% of 186.8 MiB
2026-10-07T04:06:37.5324703Z |■■■■■■■■■■■■■■■■■■■■■■■■■■■■■■■■■■■■■■■■■■■■■■■■■■■■■■■■■■■■■■■■■■■■■■■■■■■■■■■■| 100% of 186.8 MiB
2026-10-07T04:06:40.4921399Z Chrome for Testing 153.0.8010.12 (playwright chromium v1243) downloaded to /home/runner/.cache/ms-playwright/chromium-1243
2026-10-07T04:06:40.4925391Z Downloading FFmpeg (playwright ffmpeg v1011) from https://cdn.playwright.dev/dbazure/download/playwright/builds/ffmpeg/1011/ffmpeg-linux.zip
2026-10-07T04:06:40.8495817Z |                                                                                |   0% of 2.3 MiB
2026-10-07T04:06:40.8606762Z |■■■■■■■■                                                                        |  10% of 2.3 MiB
2026-10-07T04:06:40.8691470Z |■■■■■■■■■■■■■■■■                                                                |  20% of 2.3 MiB
2026-10-07T04:06:40.8728696Z |■■■■■■■■■■■■■■■■■■■■■■■■                                                        |  30% of 2.3 MiB
2026-10-07T04:06:40.8780435Z |■■■■■■■■■■■■■■■■■■■■■■■■■■■■■■■■                                                |  40% of 2.3 MiB
2026-10-07T04:06:40.8801243Z |■■■■■■■■■■■■■■■■■■■■■■■■■■■■■■■■■■■■■■■■                                        |  50% of 2.3 MiB
2026-10-07T04:06:40.8833258Z |■■■■■■■■■■■■■■■■■■■■■■■■■■■■■■■■■■■■■■■■■■■■■■■■                                |  60% of 2.3 MiB
2026-10-07T04:06:40.8859519Z |■■■■■■■■■■■■■■■■■■■■■■■■■■■■■■■■■■■■■■■■■■■■■■■■■■■■■■■■                        |  70% of 2.3 MiB
2026-10-07T04:06:40.8879004Z |■■■■■■■■■■■■■■■■■■■■■■■■■■■■■■■■■■■■■■■■■■■■■■■■■■■■■■■■■■■■■■■■                |  80% of 2.3 MiB
2026-10-07T04:06:40.8913568Z |■■■■■■■■■■■■■■■■■■■■■■■■■■■■■■■■■■■■■■■■■■■■■■■■■■■■■■■■■■■■■■■■■■■■■■■■        |  90% of 2.3 MiB
2026-10-07T04:06:40.8925826Z |■■■■■■■■■■■■■■■■■■■■■■■■■■■■■■■■■■■■■■■■■■■■■■■■■■■■■■■■■■■■■■■■■■■■■■■■■■■■■■■■| 100% of 2.3 MiB
2026-10-07T04:06:40.9499745Z FFmpeg (playwright ffmpeg v1011) downloaded to /home/runner/.cache/ms-playwright/ffmpeg-1011
2026-10-07T04:06:40.9503277Z Downloading Chrome Headless Shell 153.0.8010.12 (playwright chromium-headless-shell v1243) from https://cdn.playwright.dev/builds/cft/153.0.8010.12/linux64/chrome-headless-shell-linux64.zip
2026-10-07T04:06:41.3284300Z |                                                                                |   0% of 114.3 MiB
2026-10-07T04:06:41.4559491Z |■■■■■■■■                                                                        |  10% of 114.3 MiB
2026-10-07T04:06:41.5329598Z |■■■■■■■■■■■■■■■■                                                                |  20% of 114.3 MiB
2026-10-07T04:06:41.5968426Z |■■■■■■■■■■■■■■■■■■■■■■■■                                                        |  30% of 114.3 MiB
2026-10-07T04:06:41.6555134Z |■■■■■■■■■■■■■■■■■■■■■■■■■■■■■■■■                                                |  40% of 114.3 MiB
2026-10-07T04:06:41.7132413Z |■■■■■■■■■■■■■■■■■■■■■■■■■■■■■■■■■■■■■■■■                                        |  50% of 114.3 MiB
2026-10-07T04:06:41.7591684Z |■■■■■■■■■■■■■■■■■■■■■■■■■■■■■■■■■■■■■■■■■■■■■■■■                                |  60% of 114.3 MiB
2026-10-07T04:06:41.8222537Z |■■■■■■■■■■■■■■■■■■■■■■■■■■■■■■■■■■■■■■■■■■■■■■■■■■■■■■■■                        |  70% of 114.3 MiB
2026-10-07T04:06:41.8627719Z |■■■■■■■■■■■■■■■■■■■■■■■■■■■■■■■■■■■■■■■■■■■■■■■■■■■■■■■■■■■■■■■■                |  80% of 114.3 MiB
2026-10-07T04:06:41.9087532Z |■■■■■■■■■■■■■■■■■■■■■■■■■■■■■■■■■■■■■■■■■■■■■■■■■■■■■■■■■■■■■■■■■■■■■■■■        |  90% of 114.3 MiB
2026-10-07T04:06:41.9696184Z |■■■■■■■■■■■■■■■■■■■■■■■■■■■■■■■■■■■■■■■■■■■■■■■■■■■■■■■■■■■■■■■■■■■■■■■■■■■■■■■■| 100% of 114.3 MiB
2026-10-07T04:06:44.0923597Z Chrome Headless Shell 153.0.8010.12 (playwright chromium-headless-shell v1243) downloaded to /home/runner/.cache/ms-playwright/chromium_headless_shell-1243
2026-10-07T04:06:44.1252982Z ##[group]Run sudo apt-get install -y fonts-noto-cjk
2026-10-07T04:06:44.1253460Z [36;1msudo apt-get install -y fonts-noto-cjk[0m
2026-10-07T04:06:44.1317085Z shell: /usr/bin/bash -e {0}
2026-10-07T04:06:44.1317365Z ##[endgroup]
2026-10-07T04:06:44.1596585Z Reading package lists...
2026-10-07T04:06:44.3578143Z Building dependency tree...
2026-10-07T04:06:44.3585308Z Reading state information...
2026-10-07T04:06:44.5081748Z Suggested packages:
2026-10-07T04:06:44.5082469Z   fonts-noto-cjk-extra
2026-10-07T04:06:44.5229691Z The following NEW packages will be installed:
2026-10-07T04:06:44.5236121Z   fonts-noto-cjk
2026-10-07T04:06:44.5409716Z 0 upgraded, 1 newly installed, 0 to remove and 9 not upgraded.
2026-10-07T04:06:44.5410785Z Need to get 61.2 MB of archives.
2026-10-07T04:06:44.5412134Z After this operation, 93.2 MB of additional disk space will be used.
2026-10-07T04:06:44.5413077Z Get:1 file:/etc/apt/apt-mirrors.txt Mirrorlist [144 B]
2026-10-07T04:06:44.6772448Z Get:2 http://azure.archive.ubuntu.com/ubuntu noble/main amd64 fonts-noto-cjk all 1:20230817+repack1-3 [61.2 MB]
2026-10-07T04:06:47.1978963Z Fetched 61.2 MB in 2s (25.5 MB/s)
2026-10-07T04:06:47.8761281Z Selecting previously unselected package fonts-noto-cjk.
2026-10-07T04:06:47.8816396Z (Reading database ... 
2026-10-07T04:06:47.8816922Z (Reading database ... 5%
2026-10-07T04:06:47.8817614Z (Reading database ... 10%
2026-10-07T04:06:47.8818294Z (Reading database ... 15%
2026-10-07T04:06:47.8818981Z (Reading database ... 20%
2026-10-07T04:06:47.8819648Z (Reading database ... 25%
2026-10-07T04:06:47.8820296Z (Reading database ... 30%
2026-10-07T04:06:47.8821144Z (Reading database ... 35%
2026-10-07T04:06:47.8821770Z (Reading database ... 40%
2026-10-07T04:06:47.8822411Z (Reading database ... 45%
2026-10-07T04:06:47.8823160Z (Reading database ... 50%
2026-10-07T04:06:47.8839539Z (Reading database ... 55%
2026-10-07T04:06:47.8945921Z (Reading database ... 60%
2026-10-07T04:06:47.8973041Z (Reading database ... 65%
2026-10-07T04:06:47.8992630Z (Reading database ... 70%
2026-10-07T04:06:47.9027663Z (Reading database ... 75%
2026-10-07T04:06:47.9052536Z (Reading database ... 80%
2026-10-07T04:06:47.9195000Z (Reading database ... 85%
2026-10-07T04:06:47.9265118Z (Reading database ... 90%
2026-10-07T04:06:47.9482537Z (Reading database ... 95%
2026-10-07T04:06:47.9483051Z (Reading database ... 100%
2026-10-07T04:06:47.9483828Z (Reading database ... 203458 files and directories currently installed.)
2026-10-07T04:06:47.9524333Z Preparing to unpack .../fonts-noto-cjk_1%3a20230817+repack1-3_all.deb ...
2026-10-07T04:06:47.9595795Z Unpacking fonts-noto-cjk (1:20230817+repack1-3) ...
2026-10-07T04:06:48.3578881Z Setting up fonts-noto-cjk (1:20230817+repack1-3) ...
2026-10-07T04:06:48.3646110Z Processing triggers for fontconfig (2.15.0-1.1ubuntu2) ...
2026-10-07T04:06:48.9432622Z 
2026-10-07T04:06:48.9433435Z Running kernel seems to be up-to-date.
2026-10-07T04:06:48.9433988Z 
2026-10-07T04:06:48.9434388Z No services need to be restarted.
2026-10-07T04:06:48.9434811Z 
2026-10-07T04:06:48.9435130Z No containers need to be restarted.
2026-10-07T04:06:48.9435537Z 
2026-10-07T04:06:48.9435933Z No user sessions are running outdated binaries.
2026-10-07T04:06:48.9436420Z 
2026-10-07T04:06:48.9437074Z No VM guests are running outdated hypervisor (qemu) binaries on this host.
2026-10-07T04:06:49.8213508Z ##[group]Run npm run test:weaveos:unit
2026-10-07T04:06:49.8213862Z [36;1mnpm run test:weaveos:unit[0m
2026-10-07T04:06:49.8276936Z shell: /usr/bin/bash -e {0}
2026-10-07T04:06:49.8277200Z ##[endgroup]
2026-10-07T04:06:49.9277694Z 
2026-10-07T04:06:49.9278298Z > arca-ui@0.0.1 test:weaveos:unit
2026-10-07T04:06:49.9279709Z > node --test tests/weaveos/geometry.test.mjs tests/weaveos/pagination.test.mjs tests/weaveos/filter-model.test.mjs
2026-10-07T04:06:49.9280672Z 
2026-10-07T04:06:50.0985626Z ✔ AND and OR compose without flattening or changing meaning (1.77331ms)
2026-10-07T04:06:50.1046888Z ✔ text supports only equal or not equal, numeric supports all six (0.712523ms)
2026-10-07T04:06:50.1073280Z ✔ depth three is valid and depth four is rejected (0.256005ms)
2026-10-07T04:06:50.1102111Z ✔ condition budget is twenty, independent of grouping (0.334791ms)
2026-10-07T04:06:50.1120214Z ✔ unknown fields, operators, empty groups and malformed leaves fail closed (0.576169ms)
2026-10-07T04:06:50.1134479Z ✔ empty text is an explicit valid equality, exact decimal strings remain unchanged (0.225809ms)
2026-10-07T04:06:50.1136183Z ✔ oversized and cyclic filters are rejected without throwing (0.470834ms)
2026-10-07T04:06:50.1215484Z ✔ opening starts at the source center with its size (2.233224ms)
2026-10-07T04:06:50.1217620Z ✔ each distinct source yields its own trajectory (0.219768ms)
2026-10-07T04:06:50.1218870Z ✔ absent source uses no displacement (0.225739ms)
2026-10-07T04:06:50.1220530Z ✔ invalid or zero rectangles fall back safely (0.294176ms)
2026-10-07T04:06:50.1222276Z ✔ no division by zero from an unmeasured panel (0.375608ms)
2026-10-07T04:06:50.1223857Z ✔ small pages list exact pages; large totals use bounded windows (2.294257ms)
2026-10-07T04:06:50.1225733Z ✔ first and last pages retain nearby navigation without enumerating total (0.531567ms)
2026-10-07T04:06:50.1227202Z ✔ page input accepts only in-range integers, not coercions or partial numbers (0.4146ms)
2026-10-07T04:06:50.1254266Z ✔ invalid page metadata cannot produce navigable links (0.597468ms)
2026-10-07T04:06:50.1255593Z ℹ tests 16
2026-10-07T04:06:50.1256392Z ℹ suites 0
2026-10-07T04:06:50.1257114Z ℹ pass 16
2026-10-07T04:06:50.1257764Z ℹ fail 0
2026-10-07T04:06:50.1258570Z ℹ cancelled 0
2026-10-07T04:06:50.1259415Z ℹ skipped 0
2026-10-07T04:06:50.1260628Z ℹ todo 0
2026-10-07T04:06:50.1261665Z ℹ duration_ms 162.807168
2026-10-07T04:06:50.1395723Z ##[group]Run npx eslint src/weaveos
2026-10-07T04:06:50.1396302Z [36;1mnpx eslint src/weaveos[0m
2026-10-07T04:06:50.1462440Z shell: /usr/bin/bash -e {0}
2026-10-07T04:06:50.1462708Z ##[endgroup]
2026-10-07T04:06:53.1995130Z ##[group]Run npx tsc -b
2026-10-07T04:06:53.1995435Z [36;1mnpx tsc -b[0m
2026-10-07T04:06:53.2058074Z shell: /usr/bin/bash -e {0}
2026-10-07T04:06:53.2058341Z ##[endgroup]
2026-10-07T04:07:01.4615743Z ##[group]Run npm run build:weaveos
2026-10-07T04:07:01.4616113Z [36;1mnpm run build:weaveos[0m
2026-10-07T04:07:01.4682756Z shell: /usr/bin/bash -e {0}
2026-10-07T04:07:01.4683030Z ##[endgroup]
2026-10-07T04:07:01.5717310Z 
2026-10-07T04:07:01.5717911Z > arca-ui@0.0.1 build:weaveos
2026-10-07T04:07:01.5718700Z > vite build --config vite.weaveos.config.ts
2026-10-07T04:07:01.5719138Z 
2026-10-07T04:07:01.8651678Z [36mvite v8.3.0 [32mbuilding client environment for production...[36m[39m
2026-10-07T04:07:01.8756898Z transforming...
2026-10-07T04:07:02.1301483Z ✓ 2558 modules transformed.
2026-10-07T04:07:02.1848335Z rendering chunks...
2026-10-07T04:07:02.2690775Z computing gzip size...
2026-10-07T04:07:02.2780461Z dist-weaveos/weaveos.html                                            0.37 kB │ gzip:   0.30 kB
2026-10-07T04:07:02.2782238Z dist-weaveos/assets/geist-cyrillic-ext-wght-normal-DjL33-gN.woff2    7.42 kB
2026-10-07T04:07:02.2783208Z dist-weaveos/assets/geist-vietnamese-wght-normal-6IgcOCM7.woff2      8.00 kB
2026-10-07T04:07:02.2784049Z dist-weaveos/assets/geist-cyrillic-wght-normal-BEAKL7Jp.woff2       15.08 kB
2026-10-07T04:07:02.2784864Z dist-weaveos/assets/geist-latin-ext-wght-normal-DC-KSUi6.woff2      16.51 kB
2026-10-07T04:07:02.2785679Z dist-weaveos/assets/geist-latin-wght-normal-BgDaEnEv.woff2          29.40 kB
2026-10-07T04:07:02.2786668Z dist-weaveos/assets/weaveos-B4OyuzNJ.css                            37.04 kB │ gzip:   8.62 kB
2026-10-07T04:07:02.2787645Z dist-weaveos/assets/weaveos-Cc5KWTan.js                            567.77 kB │ gzip: 185.49 kB
2026-10-07T04:07:02.2788104Z 
2026-10-07T04:07:02.2824424Z [33m[plugin builtin:vite-reporter] 
2026-10-07T04:07:02.2825530Z (!) Some chunks are larger than 500 kB after minification. Consider:
2026-10-07T04:07:02.2826633Z - Using dynamic import() to code-split the application
2026-10-07T04:07:02.2828349Z - Use build.rolldownOptions.output.codeSplitting to improve chunking: https://rolldown.rs/reference/OutputOptions.codeSplitting
2026-10-07T04:07:02.2830334Z - Adjust chunk size limit for this warning via build.chunkSizeWarningLimit.[39m
2026-10-07T04:07:02.2946961Z [32m✓ built in 428ms[39m
2026-10-07T04:07:02.3482154Z ##[group]Run npm run build:weaveos:library
2026-10-07T04:07:02.3482526Z [36;1mnpm run build:weaveos:library[0m
2026-10-07T04:07:02.3546783Z shell: /usr/bin/bash -e {0}
2026-10-07T04:07:02.3547081Z ##[endgroup]
2026-10-07T04:07:02.4571951Z 
2026-10-07T04:07:02.4572955Z > arca-ui@0.0.1 build:weaveos:library
2026-10-07T04:07:02.4574490Z > vite build --config vite.weaveos-library.config.ts && tsc -p tsconfig.weaveos-library.json && node scripts/weaveos/package.mjs
2026-10-07T04:07:02.4575544Z 
2026-10-07T04:07:02.6286764Z [36mvite v8.3.0 [32mbuilding client environment for production...[36m[39m
2026-10-07T04:07:02.6410130Z transforming...
2026-10-07T04:07:02.6473581Z ✓ 18 modules transformed.
2026-10-07T04:07:02.6519483Z rendering chunks...
2026-10-07T04:07:02.6570245Z computing gzip size...
2026-10-07T04:07:02.6580692Z dist-library/index.js  37.34 kB │ gzip: 10.08 kB
2026-10-07T04:07:02.6581336Z 
2026-10-07T04:07:02.6600447Z [32m✓ built in 29ms[39m
2026-10-07T04:07:04.7322397Z Prepared private/unpublished component artifact at dist-library
2026-10-07T04:07:04.7440668Z ##[group]Run npm run test:weaveos:package
2026-10-07T04:07:04.7441322Z [36;1mnpm run test:weaveos:package[0m
2026-10-07T04:07:04.7503412Z shell: /usr/bin/bash -e {0}
2026-10-07T04:07:04.7503677Z ##[endgroup]
2026-10-07T04:07:04.8522823Z 
2026-10-07T04:07:04.8523571Z > arca-ui@0.0.1 test:weaveos:package
2026-10-07T04:07:04.8524197Z > node --test tests/weaveos/package.test.mjs
2026-10-07T04:07:04.8524480Z 
2026-10-07T04:07:05.3861798Z ✔ consumer artifact exports controls, theme and source-aware dialog (1.013872ms)
2026-10-07T04:07:05.3872056Z ✔ package has typed exports, explicit React peers and safe unpublished metadata (0.275431ms)
2026-10-07T04:07:05.3902182Z ✔ artifact has no source aliases or demo app and CSS stays scoped (0.432402ms)
2026-10-07T04:07:05.3912282Z ✔ distributed license and source attribution accompany components (0.204559ms)
2026-10-07T04:07:05.4272810Z ℹ tests 4
2026-10-07T04:07:05.4273563Z ℹ suites 0
2026-10-07T04:07:05.4274370Z ℹ pass 4
2026-10-07T04:07:05.4275300Z ℹ fail 0
2026-10-07T04:07:05.4276046Z ℹ cancelled 0
2026-10-07T04:07:05.4276330Z ℹ skipped 0
2026-10-07T04:07:05.4276549Z ℹ todo 0
2026-10-07T04:07:05.4276808Z ℹ duration_ms 540.919017
2026-10-07T04:07:05.4404002Z ##[group]Run npm run test:weaveos
2026-10-07T04:07:05.4404349Z [36;1mnpm run test:weaveos[0m
2026-10-07T04:07:05.4466656Z shell: /usr/bin/bash -e {0}
2026-10-07T04:07:05.4467106Z ##[endgroup]
2026-10-07T04:07:05.5450467Z 
2026-10-07T04:07:05.5451206Z > arca-ui@0.0.1 test:weaveos
2026-10-07T04:07:05.5451822Z > playwright test -c playwright.weaveos.config.ts
2026-10-07T04:07:05.5452073Z 
2026-10-07T04:07:07.2994801Z ✔ AND and OR compose without flattening or changing meaning (1.746802ms)
2026-10-07T04:07:07.2996078Z ✔ text supports only equal or not equal, numeric supports all six (0.562744ms)
2026-10-07T04:07:07.2997168Z ✔ depth three is valid and depth four is rejected (0.281592ms)
2026-10-07T04:07:07.2998128Z ✔ condition budget is twenty, independent of grouping (0.348858ms)
2026-10-07T04:07:07.2998835Z ✔ unknown fields, operators, empty groups and malformed leaves fail closed (0.3342ms)
2026-10-07T04:07:07.2999701Z ✔ empty text is an explicit valid equality, exact decimal strings remain unchanged (0.248391ms)
2026-10-07T04:07:07.3000418Z ✔ oversized and cyclic filters are rejected without throwing (0.342095ms)
2026-10-07T04:07:07.3219028Z ✔ opening starts at the source center with its size (1.5093ms)
2026-10-07T04:07:07.3225819Z ✔ each distinct source yields its own trajectory (0.380145ms)
2026-10-07T04:07:07.3235291Z ✔ absent source uses no displacement (0.30159ms)
2026-10-07T04:07:07.3237053Z ✔ invalid or zero rectangles fall back safely (0.251747ms)
2026-10-07T04:07:07.3238637Z ✔ no division by zero from an unmeasured panel (0.152402ms)
2026-10-07T04:07:07.9037760Z ✔ consumer artifact exports controls, theme and source-aware dialog (0.358155ms)
2026-10-07T04:07:07.9040206Z ✔ package has typed exports, explicit React peers and safe unpublished metadata (0.300498ms)
2026-10-07T04:07:07.9045986Z ✔ artifact has no source aliases or demo app and CSS stays scoped (0.437632ms)
2026-10-07T04:07:07.9048388Z ✔ distributed license and source attribution accompany components (0.150419ms)
2026-10-07T04:07:07.9171346Z ✔ small pages list exact pages; large totals use bounded windows (0.518923ms)
2026-10-07T04:07:07.9173975Z ✔ first and last pages retain nearby navigation without enumerating total (0.223765ms)
2026-10-07T04:07:07.9177460Z ✔ page input accepts only in-range integers, not coercions or partial numbers (0.245476ms)
2026-10-07T04:07:07.9180540Z ✔ invalid page metadata cannot produce navigable links (0.211522ms)
2026-10-07T04:07:07.9576395Z 
2026-10-07T04:07:07.9578217Z Running 37 tests using 2 workers
2026-10-07T04:07:07.9578594Z 
2026-10-07T04:07:10.4888544Z   ✓   1 [chromium] › tests/weaveos/data-workspace.spec.ts:5:1 › table renders only the current supplied page despite a large server total (1.6s)
2026-10-07T04:07:11.5849723Z   ✓   2 [chromium] › tests/weaveos/data-workspace.spec.ts:11:1 › arbitrary page jump emits controlled request and waits for returned page (2.7s)
2026-10-07T04:07:12.3123293Z   ✓   3 [chromium] › tests/weaveos/data-workspace.spec.ts:19:1 › text has no normal sort while numerical sorting is server-controlled (1.8s)
2026-10-07T04:07:15.3003957Z   ✓   4 [chromium] › tests/weaveos/data-workspace.spec.ts:27:1 › hide a column changes display without clearing sort or issuing a query (3.7s)
2026-10-07T04:07:15.4503301Z   ✓   5 [chromium] › tests/weaveos/data-workspace.spec.ts:38:1 › related data change requires refresh and refresh requests page one (3.1s)
2026-10-07T04:07:17.2917259Z   ✓   6 [chromium] › tests/weaveos/data-workspace.spec.ts:46:1 › only current page selection is controlled and filtering does not happen locally (2.0s)
2026-10-07T04:07:19.4738857Z   ✓   7 [chromium] › tests/weaveos/data-workspace.spec.ts:51:1 › table workspace passes settled accessibility and captures actual desktop UI (4.0s)
2026-10-07T04:07:20.3536686Z   ✓   8 [chromium] › tests/weaveos/data-workspace.spec.ts:56:1 › page-size change is a controlled request that resets to first page (3.0s)
2026-10-07T04:07:21.5414158Z   ✓   9 [chromium] › tests/weaveos/data-workspace.spec.ts:63:1 › invalid arbitrary page never emits a coerced query (2.1s)
2026-10-07T04:07:23.3905398Z   ✓  10 [chromium] › tests/weaveos/data-workspace.spec.ts:69:1 › failed response keeps previous confirmed page and exposes an explicit retry (3.0s)
2026-10-07T04:07:41.7232227Z   ✘  11 [chromium] › tests/weaveos/field-basics.spec.ts:4:1 › decimal string retains every digit and trailing zero through edits and blur (20.1s)
2026-10-07T04:07:43.5878982Z   ✘  12 [chromium] › tests/weaveos/field-basics.spec.ts:10:1 › decimal zero remains a string while clearing produces explicit null (20.1s)
2026-10-07T04:07:48.4484344Z   ✘  13 [chromium] › tests/weaveos/field-basics.spec.ts:14:1 › nullable Boolean keeps null false and true separate (6.1s)
2026-10-07T04:08:04.3458563Z   ✘  14 [chromium] › tests/weaveos/field-basics.spec.ts:21:1 › readonly fields cannot emit edits, including Boolean pointer and keyboard (20.1s)
2026-10-07T04:08:09.1720326Z   ✘  15 [chromium] › tests/weaveos/field-basics.spec.ts:28:1 › multiline text preserves Unicode newlines and intentional empty text (20.1s)
2026-10-07T04:08:14.0127373Z   ✓  17 [chromium] › tests/weaveos/filter-manager.spec.ts:4:1 › opens saved-filter management first, with only one preset applied (4.3s)
2026-10-07T04:08:17.1931876Z   ✓  18 [chromium] › tests/weaveos/filter-manager.spec.ts:14:1 › constructs AND with an OR subgroup and persists exact conditions (3.2s)
2026-10-07T04:08:20.0932374Z   ✓  19 [chromium] › tests/weaveos/filter-manager.spec.ts:27:1 › failed persistence retains editor and never reports saved (2.9s)
2026-10-07T04:08:23.3865081Z   ✓  20 [chromium] › tests/weaveos/filter-manager.spec.ts:36:1 › dirty Escape asks before discarding and restores source focus (3.3s)
2026-10-07T04:08:25.1383027Z   ✘  16 [chromium] › tests/weaveos/field-basics.spec.ts:33:1 › field errors are associated with inputs and settled controls remain accessible (20.1s)
2026-10-07T04:08:26.8802395Z   ✓  21 [chromium] › tests/weaveos/filter-manager.spec.ts:44:1 › text comparisons exclude range operators and editor is accessible (3.5s)
2026-10-07T04:08:28.5170457Z   ✓  22 [chromium] › tests/weaveos/filter-manager.spec.ts:53:1 › applying a preset emits a page-one host query without client-side table filtering (2.6s)
2026-10-07T04:08:30.0244006Z   ✓  23 [chromium] › tests/weaveos/filter-manager.spec.ts:59:1 › editing a saved preset preserves identity, saving alone does not apply (3.1s)
2026-10-07T04:08:31.0713789Z   ✓  24 [chromium] › tests/weaveos/filter-manager.spec.ts:66:1 › deleting a preset requires confirmation and cancellation preserves it (2.5s)
2026-10-07T04:08:33.9770157Z V042_OPENING_GEOMETRY {"count":24,"widths":[440,99.237060546875,103.7552490234375,155.94189453125,199.7349853515625,242.9083251953125,376.26507568359375,426.14581298828125,438.59967041015625,440,440,440.0000305175781,440,440,440,440,440,440,440,440,440,440,440,440],"expanded":440}
2026-10-07T04:08:34.2133073Z   ✓  25 [chromium] › tests/weaveos/origin-motion.spec.ts:3:1 › window geometry really travels from and returns toward the trigger (4.2s)
2026-10-07T04:08:35.4610217Z   ✓  26 [chromium] › tests/weaveos/origin-motion.spec.ts:29:1 › successful save returns the window toward its source too (4.4s)
2026-10-07T04:08:37.4107528Z   ✓  28 [chromium] › tests/weaveos/studio.spec.ts:6:1 › shell uses collapsible icon rail and edge-to-edge content card (1.9s)
2026-10-07T04:08:38.5351644Z   ✓  27 [chromium] › tests/weaveos/preview.spec.ts:3:1 › capture component studio review images (4.3s)
2026-10-07T04:08:40.4061748Z   ✓  29 [chromium] › tests/weaveos/studio.spec.ts:19:1 › source dialog has accessible title, focus isolation and restores origin (3.0s)
2026-10-07T04:08:41.2095138Z   ✓  30 [chromium] › tests/weaveos/studio.spec.ts:34:1 › second source restores its own focus (2.7s)
2026-10-07T04:08:45.4705353Z   ✓  31 [chromium] › tests/weaveos/studio.spec.ts:41:1 › close during opening and repeat never leaves an overlay or locked page (5.0s)
2026-10-07T04:08:46.7815913Z   ✓  32 [chromium] › tests/weaveos/studio.spec.ts:49:1 › save feedback waits for result and errors retain editable input (5.6s)
2026-10-07T04:08:48.2749578Z   ✓  33 [chromium] › tests/weaveos/studio.spec.ts:65:1 › nested select Escape dismisses only the list, then dialog (2.8s)
2026-10-07T04:08:49.1638044Z   ✓  34 [chromium] › tests/weaveos/studio.spec.ts:74:1 › reduced motion preserves usable modal without scale displacement (2.4s)
2026-10-07T04:08:50.7436588Z   ✓  36 [chromium] › tests/weaveos/studio.spec.ts:92:1 › theme controls, basic controls and component navigation work (1.6s)
2026-10-07T04:08:51.3644011Z   ✓  35 [chromium] › tests/weaveos/studio.spec.ts:83:1 › mobile view fits viewport and dialog remains operable (3.1s)
2026-10-07T04:08:53.7147310Z   ✓  37 [chromium] › tests/weaveos/studio.spec.ts:102:1 › studio and open modal have no serious accessibility violations (3.0s)
2026-10-07T04:08:53.8151770Z 
2026-10-07T04:08:53.8158736Z 
2026-10-07T04:08:53.8169418Z   1) [chromium] › tests/weaveos/field-basics.spec.ts:4:1 › decimal string retains every digit and trailing zero through edits and blur 
2026-10-07T04:08:53.8170511Z 
2026-10-07T04:08:53.8170807Z     Test timeout of 20000ms exceeded.
2026-10-07T04:08:53.8171531Z 
2026-10-07T04:08:53.8171835Z     Error: locator.fill: Test timeout of 20000ms exceeded.
2026-10-07T04:08:53.8172236Z     Call log:
2026-10-07T04:08:53.8172801Z       - waiting for getByLabel('精确金额', { exact: true })
2026-10-07T04:08:53.8173213Z 
2026-10-07T04:08:53.8173270Z 
2026-10-07T04:08:53.8173822Z       4 | test('decimal string retains every digit and trailing zero through edits and blur',async({page})=>{
2026-10-07T04:08:53.8174776Z       5 |  const value='9007199254740993.123456789012345600'
2026-10-07T04:08:53.8175878Z     > 6 |  await page.getByLabel('精确金额',{exact:true}).fill(value);await page.getByLabel('精确金额',{exact:true}).press('Tab')
2026-10-07T04:08:53.8176683Z         |                                             ^
2026-10-07T04:08:53.8177513Z       7 |  await expect(page.getByLabel('精确金额',{exact:true})).toHaveValue(value)
2026-10-07T04:08:53.8178652Z       8 |  await expect(page.getByTestId('decimal-value')).toHaveText(JSON.stringify(value))
2026-10-07T04:08:53.8179476Z       9 | })
2026-10-07T04:08:53.8180170Z         at /home/runner/work/arca-ui/arca-ui/tests/weaveos/field-basics.spec.ts:6:45
2026-10-07T04:08:53.8180766Z 
2026-10-07T04:08:53.8181805Z     attachment #1: screenshot (image/png) ──────────────────────────────────────────────────────────
2026-10-07T04:08:53.8183191Z     test-results/field-basics-decimal-strin-40caf-zero-through-edits-and-blur-chromium/test-failed-1.png
2026-10-07T04:08:53.8184649Z     ────────────────────────────────────────────────────────────────────────────────────────────────
2026-10-07T04:08:53.8185177Z 
2026-10-07T04:08:53.8186052Z     Error Context: test-results/field-basics-decimal-strin-40caf-zero-through-edits-and-blur-chromium/error-context.md
2026-10-07T04:08:53.8186673Z 
2026-10-07T04:08:53.8187086Z     attachment #3: trace (application/zip) ─────────────────────────────────────────────────────────
2026-10-07T04:08:53.8187816Z     test-results/field-basics-decimal-strin-40caf-zero-through-edits-and-blur-chromium/trace.zip
2026-10-07T04:08:53.8188336Z     Usage:
2026-10-07T04:08:53.8188455Z 
2026-10-07T04:08:53.8188959Z         npx playwright show-trace test-results/field-basics-decimal-strin-40caf-zero-through-edits-and-blur-chromium/trace.zip
2026-10-07T04:08:53.8189490Z 
2026-10-07T04:08:53.8189853Z     ────────────────────────────────────────────────────────────────────────────────────────────────
2026-10-07T04:08:53.8190135Z 
2026-10-07T04:08:53.8190671Z   2) [chromium] › tests/weaveos/field-basics.spec.ts:10:1 › decimal zero remains a string while clearing produces explicit null 
2026-10-07T04:08:53.8192205Z 
2026-10-07T04:08:53.8192511Z     Test timeout of 20000ms exceeded.
2026-10-07T04:08:53.8192730Z 
2026-10-07T04:08:53.8192928Z     Error: locator.fill: Test timeout of 20000ms exceeded.
2026-10-07T04:08:53.8193262Z     Call log:
2026-10-07T04:08:53.8193647Z       - waiting for getByLabel('精确金额', { exact: true })
2026-10-07T04:08:53.8193874Z 
2026-10-07T04:08:53.8193880Z 
2026-10-07T04:08:53.8193966Z        9 | })
2026-10-07T04:08:53.8194443Z       10 | test('decimal zero remains a string while clearing produces explicit null',async({page})=>{
2026-10-07T04:08:53.8196011Z     > 11 |  const input=page.getByLabel('精确金额',{exact:true});await input.fill('0');await expect(page.getByTestId('decimal-value')).toHaveText('"0"')
2026-10-07T04:08:53.8196740Z          |                                                               ^
2026-10-07T04:08:53.8197289Z       12 |  await input.fill('');await expect(page.getByTestId('decimal-value')).toHaveText('null')
2026-10-07T04:08:53.8197751Z       13 | })
2026-10-07T04:08:53.8198133Z       14 | test('nullable Boolean keeps null false and true separate',async({page})=>{
2026-10-07T04:08:53.8198723Z         at /home/runner/work/arca-ui/arca-ui/tests/weaveos/field-basics.spec.ts:11:63
2026-10-07T04:08:53.8199046Z 
2026-10-07T04:08:53.8199467Z     attachment #1: screenshot (image/png) ──────────────────────────────────────────────────────────
2026-10-07T04:08:53.8200222Z     test-results/field-basics-decimal-zero--21f59-ring-produces-explicit-null-chromium/test-failed-1.png
2026-10-07T04:08:53.8202015Z     ────────────────────────────────────────────────────────────────────────────────────────────────
2026-10-07T04:08:53.8202330Z 
2026-10-07T04:08:53.8202842Z     Error Context: test-results/field-basics-decimal-zero--21f59-ring-produces-explicit-null-chromium/error-context.md
2026-10-07T04:08:53.8203355Z 
2026-10-07T04:08:53.8203791Z     attachment #3: trace (application/zip) ─────────────────────────────────────────────────────────
2026-10-07T04:08:53.8204529Z     test-results/field-basics-decimal-zero--21f59-ring-produces-explicit-null-chromium/trace.zip
2026-10-07T04:08:53.8205036Z     Usage:
2026-10-07T04:08:53.8205149Z 
2026-10-07T04:08:53.8205646Z         npx playwright show-trace test-results/field-basics-decimal-zero--21f59-ring-produces-explicit-null-chromium/trace.zip
2026-10-07T04:08:53.8206164Z 
2026-10-07T04:08:53.8206571Z     ────────────────────────────────────────────────────────────────────────────────────────────────
2026-10-07T04:08:53.8206857Z 
2026-10-07T04:08:53.8207370Z   3) [chromium] › tests/weaveos/field-basics.spec.ts:14:1 › nullable Boolean keeps null false and true separate 
2026-10-07T04:08:53.8207791Z 
2026-10-07T04:08:53.8207982Z     Error: expect(locator).toHaveText(expected) failed
2026-10-07T04:08:53.8208212Z 
2026-10-07T04:08:53.8208353Z     Locator: getByTestId('boolean-value')
2026-10-07T04:08:53.8208644Z     Expected: "null"
2026-10-07T04:08:53.8209063Z     Timeout: 5000ms
2026-10-07T04:08:53.8209313Z     Error: element(s) not found
2026-10-07T04:08:53.8209476Z 
2026-10-07T04:08:53.8209568Z     Call log:
2026-10-07T04:08:53.8209942Z       - Expect "toHaveText" getByTestId('boolean-value') with timeout 5000ms
2026-10-07T04:08:53.8210413Z       - waiting for getByTestId('boolean-value')
2026-10-07T04:08:53.8210631Z 
2026-10-07T04:08:53.8210648Z 
2026-10-07T04:08:53.8210919Z       14 | test('nullable Boolean keeps null false and true separate',async({page})=>{
2026-10-07T04:08:53.8211820Z       15 |  const group=page.getByRole('radiogroup',{name:'审批布尔'})
2026-10-07T04:08:53.8212328Z     > 16 |  await expect(page.getByTestId('boolean-value')).toHaveText('null')
2026-10-07T04:08:53.8212925Z          |                                                  ^
2026-10-07T04:08:53.8213716Z       17 |  await group.getByRole('radio',{name:'否',exact:true}).check();await expect(page.getByTestId('boolean-value')).toHaveText('false')
2026-10-07T04:08:53.8214766Z       18 |  await group.getByRole('radio',{name:'是',exact:true}).check();await expect(page.getByTestId('boolean-value')).toHaveText('true')
2026-10-07T04:08:53.8215810Z       19 |  await group.getByRole('radio',{name:'未填写',exact:true}).check();await expect(page.getByTestId('boolean-value')).toHaveText('null')
2026-10-07T04:08:53.8216597Z         at /home/runner/work/arca-ui/arca-ui/tests/weaveos/field-basics.spec.ts:16:50
2026-10-07T04:08:53.8216925Z 
2026-10-07T04:08:53.8217328Z     attachment #1: screenshot (image/png) ──────────────────────────────────────────────────────────
2026-10-07T04:08:53.8218090Z     test-results/field-basics-nullable-Bool-137d0-ull-false-and-true-separate-chromium/test-failed-1.png
2026-10-07T04:08:53.8218909Z     ────────────────────────────────────────────────────────────────────────────────────────────────
2026-10-07T04:08:53.8219284Z 
2026-10-07T04:08:53.8219755Z     Error Context: test-results/field-basics-nullable-Bool-137d0-ull-false-and-true-separate-chromium/error-context.md
2026-10-07T04:08:53.8220304Z 
2026-10-07T04:08:53.8220694Z     attachment #3: trace (application/zip) ─────────────────────────────────────────────────────────
2026-10-07T04:08:53.8221669Z     test-results/field-basics-nullable-Bool-137d0-ull-false-and-true-separate-chromium/trace.zip
2026-10-07T04:08:53.8222172Z     Usage:
2026-10-07T04:08:53.8222286Z 
2026-10-07T04:08:53.8222773Z         npx playwright show-trace test-results/field-basics-nullable-Bool-137d0-ull-false-and-true-separate-chromium/trace.zip
2026-10-07T04:08:53.8223295Z 
2026-10-07T04:08:53.8223646Z     ────────────────────────────────────────────────────────────────────────────────────────────────
2026-10-07T04:08:53.8223922Z 
2026-10-07T04:08:53.8224492Z   4) [chromium] › tests/weaveos/field-basics.spec.ts:21:1 › readonly fields cannot emit edits, including Boolean pointer and keyboard 
2026-10-07T04:08:53.8224988Z 
2026-10-07T04:08:53.8225117Z     Test timeout of 20000ms exceeded.
2026-10-07T04:08:53.8225296Z 
2026-10-07T04:08:53.8225496Z     Error: locator.check: Test timeout of 20000ms exceeded.
2026-10-07T04:08:53.8225816Z     Call log:
2026-10-07T04:08:53.8226174Z       - waiting for getByRole('checkbox', { name: '字段只读' })
2026-10-07T04:08:53.8226403Z 
2026-10-07T04:08:53.8226408Z 
2026-10-07T04:08:53.8226491Z       20 | })
2026-10-07T04:08:53.8226957Z       21 | test('readonly fields cannot emit edits, including Boolean pointer and keyboard',async({page})=>{
2026-10-07T04:08:53.8227606Z     > 22 |  await page.getByRole('checkbox',{name:'字段只读'}).check()
2026-10-07T04:08:53.8227997Z          |                                                 ^
2026-10-07T04:08:53.8230481Z       23 |  await expect(page.getByLabel('精确金额',{exact:true})).toHaveAttribute('readonly','')
2026-10-07T04:08:53.8232128Z       24 |  const group=page.getByRole('radiogroup',{name:'审批布尔'});await group.getByRole('radio',{name:'是',exact:true}).click();await page.keyboard.press('ArrowRight')
2026-10-07T04:08:53.8232990Z       25 |  await expect(page.getByTestId('boolean-value')).toHaveText('null')
2026-10-07T04:08:53.8233714Z         at /home/runner/work/arca-ui/arca-ui/tests/weaveos/field-basics.spec.ts:22:49
2026-10-07T04:08:53.8234038Z 
2026-10-07T04:08:53.8234460Z     attachment #1: screenshot (image/png) ──────────────────────────────────────────────────────────
2026-10-07T04:08:53.8235234Z     test-results/field-basics-readonly-fiel-f65fb-oolean-pointer-and-keyboard-chromium/test-failed-1.png
2026-10-07T04:08:53.8236039Z     ────────────────────────────────────────────────────────────────────────────────────────────────
2026-10-07T04:08:53.8236321Z 
2026-10-07T04:08:53.8236790Z     Error Context: test-results/field-basics-readonly-fiel-f65fb-oolean-pointer-and-keyboard-chromium/error-context.md
2026-10-07T04:08:53.8237299Z 
2026-10-07T04:08:53.8237703Z     attachment #3: trace (application/zip) ─────────────────────────────────────────────────────────
2026-10-07T04:08:53.8238420Z     test-results/field-basics-readonly-fiel-f65fb-oolean-pointer-and-keyboard-chromium/trace.zip
2026-10-07T04:08:53.8238941Z     Usage:
2026-10-07T04:08:53.8239055Z 
2026-10-07T04:08:53.8239554Z         npx playwright show-trace test-results/field-basics-readonly-fiel-f65fb-oolean-pointer-and-keyboard-chromium/trace.zip
2026-10-07T04:08:53.8240075Z 
2026-10-07T04:08:53.8240419Z     ────────────────────────────────────────────────────────────────────────────────────────────────
2026-10-07T04:08:53.8240708Z 
2026-10-07T04:08:53.8241535Z   5) [chromium] › tests/weaveos/field-basics.spec.ts:28:1 › multiline text preserves Unicode newlines and intentional empty text 
2026-10-07T04:08:53.8242016Z 
2026-10-07T04:08:53.8242149Z     Test timeout of 20000ms exceeded.
2026-10-07T04:08:53.8242332Z 
2026-10-07T04:08:53.8242513Z     Error: locator.fill: Test timeout of 20000ms exceeded.
2026-10-07T04:08:53.8242849Z     Call log:
2026-10-07T04:08:53.8243195Z       - waiting for getByLabel('补充说明', { exact: true })
2026-10-07T04:08:53.8243418Z 
2026-10-07T04:08:53.8243424Z 
2026-10-07T04:08:53.8243768Z       28 | test('multiline text preserves Unicode newlines and intentional empty text',async({page})=>{
2026-10-07T04:08:53.8244408Z       29 |  const value='第一行：费用说明\n第二行：🚀'
2026-10-07T04:08:53.8245218Z     > 30 |  await page.getByLabel('补充说明',{exact:true}).fill(value);await expect(page.getByTestId('textarea-value')).toHaveText(JSON.stringify(value))
2026-10-07T04:08:53.8245885Z          |                                             ^
2026-10-07T04:08:53.8246589Z       31 |  await page.getByLabel('补充说明',{exact:true}).fill('');await expect(page.getByTestId('textarea-value')).toHaveText('""')
2026-10-07T04:08:53.8247118Z       32 | })
2026-10-07T04:08:53.8247605Z       33 | test('field errors are associated with inputs and settled controls remain accessible',async({page})=>{
2026-10-07T04:08:53.8248558Z         at /home/runner/work/arca-ui/arca-ui/tests/weaveos/field-basics.spec.ts:30:45
2026-10-07T04:08:53.8249045Z 
2026-10-07T04:08:53.8249484Z     attachment #1: screenshot (image/png) ──────────────────────────────────────────────────────────
2026-10-07T04:08:53.8250439Z     test-results/field-basics-multiline-tex-cdcb6--and-intentional-empty-text-chromium/test-failed-1.png
2026-10-07T04:08:53.8251666Z     ────────────────────────────────────────────────────────────────────────────────────────────────
2026-10-07T04:08:53.8252213Z 
2026-10-07T04:08:53.8253087Z     Error Context: test-results/field-basics-multiline-tex-cdcb6--and-intentional-empty-text-chromium/error-context.md
2026-10-07T04:08:53.8253927Z 
2026-10-07T04:08:53.8254693Z     attachment #3: trace (application/zip) ─────────────────────────────────────────────────────────
2026-10-07T04:08:53.8255585Z     test-results/field-basics-multiline-tex-cdcb6--and-intentional-empty-text-chromium/trace.zip
2026-10-07T04:08:53.8256104Z     Usage:
2026-10-07T04:08:53.8256379Z 
2026-10-07T04:08:53.8256883Z         npx playwright show-trace test-results/field-basics-multiline-tex-cdcb6--and-intentional-empty-text-chromium/trace.zip
2026-10-07T04:08:53.8257412Z 
2026-10-07T04:08:53.8258120Z     ────────────────────────────────────────────────────────────────────────────────────────────────
2026-10-07T04:08:53.8258499Z 
2026-10-07T04:08:53.8259452Z   6) [chromium] › tests/weaveos/field-basics.spec.ts:33:1 › field errors are associated with inputs and settled controls remain accessible 
2026-10-07T04:08:53.8259991Z 
2026-10-07T04:08:53.8260128Z     Test timeout of 20000ms exceeded.
2026-10-07T04:08:53.8260405Z 
2026-10-07T04:08:53.8260705Z     Error: locator.check: Test timeout of 20000ms exceeded.
2026-10-07T04:08:53.8261246Z     Call log:
2026-10-07T04:08:53.8261655Z       - waiting for getByRole('checkbox', { name: '模拟字段错误' })
2026-10-07T04:08:53.8261893Z 
2026-10-07T04:08:53.8261898Z 
2026-10-07T04:08:53.8261982Z       32 | })
2026-10-07T04:08:53.8262495Z       33 | test('field errors are associated with inputs and settled controls remain accessible',async({page})=>{
2026-10-07T04:08:53.8263187Z     > 34 |  await page.getByRole('checkbox',{name:'模拟字段错误'}).check()
2026-10-07T04:08:53.8263602Z          |                                                   ^
2026-10-07T04:08:53.8264285Z       35 |  const input=page.getByLabel('精确金额',{exact:true});await expect(input).toHaveAttribute('aria-invalid','true')
2026-10-07T04:08:53.8265062Z       36 |  const described=await input.getAttribute('aria-describedby');expect(described).toBeTruthy()
2026-10-07T04:08:53.8266381Z       37 |  const error=page.getByText('金额不能为空',{exact:true});await expect(error).toBeVisible();expect(described?.split(' ')).toContain(await error.getAttribute('id'))
2026-10-07T04:08:53.8268058Z         at /home/runner/work/arca-ui/arca-ui/tests/weaveos/field-basics.spec.ts:34:51
2026-10-07T04:08:53.8268695Z 
2026-10-07T04:08:53.8269190Z     attachment #1: screenshot (image/png) ──────────────────────────────────────────────────────────
2026-10-07T04:08:53.8270839Z     test-results/field-basics-field-errors--cea9c--controls-remain-accessible-chromium/test-failed-1.png
2026-10-07T04:08:53.8272530Z     ────────────────────────────────────────────────────────────────────────────────────────────────
2026-10-07T04:08:53.8273249Z 
2026-10-07T04:08:53.8274057Z     Error Context: test-results/field-basics-field-errors--cea9c--controls-remain-accessible-chromium/error-context.md
2026-10-07T04:08:53.8274916Z 
2026-10-07T04:08:53.8275599Z     attachment #3: trace (application/zip) ─────────────────────────────────────────────────────────
2026-10-07T04:08:53.8276814Z     test-results/field-basics-field-errors--cea9c--controls-remain-accessible-chromium/trace.zip
2026-10-07T04:08:53.8277665Z     Usage:
2026-10-07T04:08:53.8277846Z 
2026-10-07T04:08:53.8278692Z         npx playwright show-trace test-results/field-basics-field-errors--cea9c--controls-remain-accessible-chromium/trace.zip
2026-10-07T04:08:53.8279583Z 
2026-10-07T04:08:53.8280350Z     ────────────────────────────────────────────────────────────────────────────────────────────────
2026-10-07T04:08:53.8280909Z 
2026-10-07T04:08:53.8281263Z   6 failed
2026-10-07T04:08:53.8282416Z     [chromium] › tests/weaveos/field-basics.spec.ts:4:1 › decimal string retains every digit and trailing zero through edits and blur 
2026-10-07T04:08:53.8284160Z     [chromium] › tests/weaveos/field-basics.spec.ts:10:1 › decimal zero remains a string while clearing produces explicit null 
2026-10-07T04:08:53.8285717Z     [chromium] › tests/weaveos/field-basics.spec.ts:14:1 › nullable Boolean keeps null false and true separate 
2026-10-07T04:08:53.8287354Z     [chromium] › tests/weaveos/field-basics.spec.ts:21:1 › readonly fields cannot emit edits, including Boolean pointer and keyboard 
2026-10-07T04:08:53.8289088Z     [chromium] › tests/weaveos/field-basics.spec.ts:28:1 › multiline text preserves Unicode newlines and intentional empty text 
2026-10-07T04:08:53.8290814Z     [chromium] › tests/weaveos/field-basics.spec.ts:33:1 › field errors are associated with inputs and settled controls remain accessible 
2026-10-07T04:08:53.8291947Z   31 passed (1.8m)
2026-10-07T04:08:53.8614330Z ##[error]Process completed with exit code 1.
2026-10-07T04:08:53.8699311Z ##[group]Run actions/upload-artifact@v4
2026-10-07T04:08:53.8699622Z with:
2026-10-07T04:08:53.8699835Z   name: weaveos-browser-evidence
2026-10-07T04:08:53.8700094Z   path: test-results/
2026-10-07T04:08:53.8700313Z   retention-days: 14
2026-10-07T04:08:53.8700539Z   if-no-files-found: warn
2026-10-07T04:08:53.8700768Z   compression-level: 6
2026-10-07T04:08:53.8701217Z   overwrite: false
2026-10-07T04:08:53.8701548Z   include-hidden-files: false
2026-10-07T04:08:53.8701803Z ##[endgroup]
2026-10-07T04:08:54.0336102Z (node:4393) [DEP0040] DeprecationWarning: The `punycode` module is deprecated. Please use a userland alternative instead.
2026-10-07T04:08:54.0336952Z (Use `node --trace-deprecation ...` to show where the warning was created)
2026-10-07T04:08:54.0453485Z With the provided path, there will be 23 files uploaded
2026-10-07T04:08:54.0459331Z Artifact name is valid!
2026-10-07T04:08:54.0459933Z Root directory input is valid!
2026-10-07T04:08:54.2415049Z Beginning upload of artifact content to blob storage
2026-10-07T04:08:54.3952707Z (node:4393) [DEP0169] DeprecationWarning: `url.parse()` behavior is not standardized and prone to errors that have security implications. Use the WHATWG URL API instead. CVEs are not issued for `url.parse()` vulnerabilities.
2026-10-07T04:08:54.5341254Z Uploaded bytes 2766389
2026-10-07T04:08:54.5493959Z Finished uploading artifact content to blob storage!
2026-10-07T04:08:54.5495309Z SHA256 digest of uploaded artifact zip is 1c05335bf9158e70ffacc05c9c0a92a3ab6ec9caf5af8de7f76d4095ffe55167
2026-10-07T04:08:54.5498064Z Finalizing artifact upload
2026-10-07T04:08:54.7809182Z Artifact weaveos-browser-evidence.zip successfully finalized. Artifact ID 11459494277
2026-10-07T04:08:54.7810644Z Artifact weaveos-browser-evidence has been successfully uploaded! Final size is 2766389 bytes. Artifact ID is 11459494277
2026-10-07T04:08:54.7816248Z Artifact download URL: https://github.com/Hubujiu/arca-ui/actions/runs/37569827010/artifacts/11459494277
2026-10-07T04:08:54.8028201Z Post job cleanup.
2026-10-07T04:08:54.8892693Z [command]/usr/bin/git version
2026-10-07T04:08:54.8934617Z git version 2.55.0
2026-10-07T04:08:54.8974640Z Temporarily overriding HOME='/home/runner/work/_temp/63306084-64f1-4851-b0f2-6a2ba87c66ee' before making global git config changes
2026-10-07T04:08:54.8976254Z Adding repository directory to the temporary git global config as a safe directory
2026-10-07T04:08:54.8981137Z [command]/usr/bin/git config --global --add safe.directory /home/runner/work/arca-ui/arca-ui
2026-10-07T04:08:54.9021243Z [command]/usr/bin/git config --local --name-only --get-regexp core\.sshCommand
2026-10-07T04:08:54.9057172Z [command]/usr/bin/git submodule foreach --recursive sh -c "git config --local --name-only --get-regexp 'core\.sshCommand' && git config --local --unset-all 'core.sshCommand' || :"
2026-10-07T04:08:54.9306010Z [command]/usr/bin/git config --local --name-only --get-regexp http\.https\:\/\/github\.com\/\.extraheader
2026-10-07T04:08:54.9335926Z http.https://github.com/.extraheader
2026-10-07T04:08:54.9350394Z [command]/usr/bin/git config --local --unset-all http.https://github.com/.extraheader
2026-10-07T04:08:54.9387894Z [command]/usr/bin/git submodule foreach --recursive sh -c "git config --local --name-only --get-regexp 'http\.https\:\/\/github\.com\/\.extraheader' && git config --local --unset-all 'http.https://github.com/.extraheader' || :"
2026-10-07T04:08:54.9651180Z [command]/usr/bin/git config --local --name-only --get-regexp ^includeIf\.gitdir:
2026-10-07T04:08:54.9691772Z [command]/usr/bin/git submodule foreach --recursive git config --local --show-origin --name-only --get-regexp remote.origin.url
2026-10-07T04:08:55.0115633Z Cleaning up orphan processes
2026-10-07T04:08:55.0569427Z ##[warning]Node.js 20 is deprecated. The following actions target Node.js 20 but are being forced to run on Node.js 24: actions/checkout@v4, actions/setup-node@v4, actions/upload-artifact@v4. For more information see: https://github.blog/changelog/2025-09-19-deprecation-of-node-20-on-github-actions-runners/
