
> arca-ui@0.0.1 test:weaveos
> playwright test -c playwright.weaveos.config.ts --grep constructs AND|text comparisons|applying a preset|hide a column|invalid arbitrary|window geometry|successful save returns|reduced motion preserves

[WebServer] (node:941) Warning: The 'NO_COLOR' env is ignored due to the 'FORCE_COLOR' env being set.
[WebServer] (Use `node --trace-warnings ...` to show where the warning was created)
[WebServer] (node:954) Warning: The 'NO_COLOR' env is ignored due to the 'FORCE_COLOR' env being set.
[WebServer] (Use `node --trace-warnings ...` to show where the warning was created)
✔ AND and OR compose without flattening or changing meaning (1.290301ms)
✔ text supports only equal or not equal, numeric supports all six (0.38507ms)
✔ depth three is valid and depth four is rejected (0.184714ms)
✔ condition budget is twenty, independent of grouping (0.192134ms)
✔ unknown fields, operators, empty groups and malformed leaves fail closed (0.15575ms)
✔ empty text is an explicit valid equality, exact decimal strings remain unchanged (0.10781ms)
✔ oversized and cyclic filters are rejected without throwing (0.35169ms)
✔ opening starts at the source center with its size (0.944308ms)
✔ each distinct source yields its own trajectory (0.212885ms)
✔ absent source uses no displacement (0.17611ms)
✔ invalid or zero rectangles fall back safely (0.204593ms)
✔ no division by zero from an unmeasured panel (0.096162ms)
✔ consumer artifact exports controls, theme and source-aware dialog (0.349788ms)
✔ package has typed exports, explicit React peers and safe unpublished metadata (0.226926ms)
✔ artifact has no source aliases or demo app and CSS stays scoped (0.335647ms)
✔ distributed license and source attribution accompany components (0.144984ms)
✔ small pages list exact pages; large totals use bounded windows (0.27013ms)
✔ first and last pages retain nearby navigation without enumerating total (0.111716ms)
✔ page input accepts only in-range integers, not coercions or partial numbers (0.332863ms)
✔ invalid page metadata cannot produce navigable links (0.164483ms)

Running 9 tests using 2 workers

(node:986) Warning: The 'NO_COLOR' env is ignored due to the 'FORCE_COLOR' env being set.
(Use `node --trace-warnings ...` to show where the warning was created)
(node:985) Warning: The 'NO_COLOR' env is ignored due to the 'FORCE_COLOR' env being set.
(Use `node --trace-warnings ...` to show where the warning was created)
  ✓  1 [chromium] › tests/weaveos/data-workspace.spec.ts:65:1 › invalid arbitrary page never emits a coerced query (2.1s)
  ✓  2 [chromium] › tests/weaveos/data-workspace.spec.ts:27:1 › hide a column changes display without clearing sort or issuing a query (3.7s)
  ✓  3 [chromium] › tests/weaveos/filter-manager.spec.ts:14:1 › constructs AND with an OR subgroup and persists exact conditions (3.8s)
  ✓  4 [chromium] › tests/weaveos/filter-manager.spec.ts:44:1 › text comparisons exclude range operators and editor is accessible (3.7s)
  ✓  5 [chromium] › tests/weaveos/filter-manager.spec.ts:52:1 › applying a preset emits a page-one host query without client-side table filtering (2.4s)
  ✓  6 [chromium] › tests/weaveos/origin-motion.spec.ts:4:36 › window geometry opens from and returns to its actual 新建应用 source (4.3s)
  ✓  7 [chromium] › tests/weaveos/origin-motion.spec.ts:4:36 › window geometry opens from and returns to its actual 从卡片打开 source (4.7s)
[WebServer] 12:42:04 PM [vite] (client) [console.warn] You have Reduced Motion enabled on your device. Animations may not appear as expected.. For more information and steps for solving, visit https://motion.dev/troubleshooting/reduced-motion-disabled
  ✓  9 [chromium] › tests/weaveos/studio.spec.ts:75:1 › reduced motion preserves usable modal without scale displacement (2.1s)
  ✓  8 [chromium] › tests/weaveos/origin-motion.spec.ts:26:1 › successful save returns the window to its source too (3.9s)

  9 passed (18.3s)
npm notice
npm notice New major version of npm available! 11.9.0 -> 12.2.0
npm notice Changelog: https://github.com/npm/cli/releases/tag/v12.2.0
npm notice To update run: npm install -g npm@12.2.0
npm notice
